[    0.000000] kernel: Linux version 5.11.0-16-generic (buildd@lgw01-amd64-035) (gcc (Ubuntu 10.3.0-1ubuntu1) 10.3.0, GNU ld (GNU Binutils for Ubuntu) 2.36.1) #17-Ubuntu SMP Wed Apr 14 20:12:43 UTC 2021 (Ubuntu 5.11.0-16.17-generic 5.11.12)
[    0.000000] kernel: Command line: BOOT_IMAGE=/boot/vmlinuz-5.11.0-16-generic root=UUID=1b63092c-1327-422f-a327-c8ddbfb3b056 ro
[    0.000000] kernel: KERNEL supported cpus:
[    0.000000] kernel:   Intel GenuineIntel
[    0.000000] kernel:   AMD AuthenticAMD
[    0.000000] kernel:   Hygon HygonGenuine
[    0.000000] kernel:   Centaur CentaurHauls
[    0.000000] kernel:   zhaoxin   Shanghai  
[    0.000000] kernel: x86/fpu: Supporting XSAVE feature 0x001: 'x87 floating point registers'
[    0.000000] kernel: x86/fpu: Supporting XSAVE feature 0x002: 'SSE registers'
[    0.000000] kernel: x86/fpu: Supporting XSAVE feature 0x004: 'AVX registers'
[    0.000000] kernel: x86/fpu: Supporting XSAVE feature 0x200: 'Protection Keys User registers'
[    0.000000] kernel: x86/fpu: xstate_offset[2]:  576, xstate_sizes[2]:  256
[    0.000000] kernel: x86/fpu: xstate_offset[9]:  832, xstate_sizes[9]:    8
[    0.000000] kernel: x86/fpu: Enabled xstate features 0x207, context size is 840 bytes, using 'compacted' format.
[    0.000000] kernel: BIOS-provided physical RAM map:
[    0.000000] kernel: BIOS-e820: [mem 0x0000000000000000-0x000000000009ffff] usable
[    0.000000] kernel: BIOS-e820: [mem 0x00000000000a0000-0x00000000000fffff] reserved
[    0.000000] kernel: BIOS-e820: [mem 0x0000000000100000-0x0000000009d1efff] usable
[    0.000000] kernel: BIOS-e820: [mem 0x0000000009d1f000-0x0000000009ffffff] reserved
[    0.000000] kernel: BIOS-e820: [mem 0x000000000a000000-0x000000000a1fffff] usable
[    0.000000] kernel: BIOS-e820: [mem 0x000000000a200000-0x000000000a20dfff] ACPI NVS
[    0.000000] kernel: BIOS-e820: [mem 0x000000000a20e000-0x000000000affffff] usable
[    0.000000] kernel: BIOS-e820: [mem 0x000000000b000000-0x000000000b01ffff] reserved
[    0.000000] kernel: BIOS-e820: [mem 0x000000000b020000-0x00000000ca2c5fff] usable
[    0.000000] kernel: BIOS-e820: [mem 0x00000000ca2c6000-0x00000000ca6bdfff] reserved
[    0.000000] kernel: BIOS-e820: [mem 0x00000000ca6be000-0x00000000ca816fff] ACPI data
[    0.000000] kernel: BIOS-e820: [mem 0x00000000ca817000-0x00000000caee4fff] ACPI NVS
[    0.000000] kernel: BIOS-e820: [mem 0x00000000caee5000-0x00000000cbbfefff] reserved
[    0.000000] kernel: BIOS-e820: [mem 0x00000000cbbff000-0x00000000ccffffff] usable
[    0.000000] kernel: BIOS-e820: [mem 0x00000000cd000000-0x00000000cfffffff] reserved
[    0.000000] kernel: BIOS-e820: [mem 0x00000000f0000000-0x00000000f7ffffff] reserved
[    0.000000] kernel: BIOS-e820: [mem 0x00000000fd200000-0x00000000fd2fffff] reserved
[    0.000000] kernel: BIOS-e820: [mem 0x00000000fd600000-0x00000000fd7fffff] reserved
[    0.000000] kernel: BIOS-e820: [mem 0x00000000fea00000-0x00000000fea0ffff] reserved
[    0.000000] kernel: BIOS-e820: [mem 0x00000000feb80000-0x00000000fec01fff] reserved
[    0.000000] kernel: BIOS-e820: [mem 0x00000000fec10000-0x00000000fec10fff] reserved
[    0.000000] kernel: BIOS-e820: [mem 0x00000000fec30000-0x00000000fec30fff] reserved
[    0.000000] kernel: BIOS-e820: [mem 0x00000000fed00000-0x00000000fed00fff] reserved
[    0.000000] kernel: BIOS-e820: [mem 0x00000000fed40000-0x00000000fed44fff] reserved
[    0.000000] kernel: BIOS-e820: [mem 0x00000000fed80000-0x00000000fed8ffff] reserved
[    0.000000] kernel: BIOS-e820: [mem 0x00000000fedc2000-0x00000000fedcffff] reserved
[    0.000000] kernel: BIOS-e820: [mem 0x00000000fedd4000-0x00000000fedd5fff] reserved
[    0.000000] kernel: BIOS-e820: [mem 0x00000000ff000000-0x00000000ffffffff] reserved
[    0.000000] kernel: BIOS-e820: [mem 0x0000000100000000-0x000000102f2fffff] usable
[    0.000000] kernel: BIOS-e820: [mem 0x000000102f300000-0x000000102fffffff] reserved
[    0.000000] kernel: NX (Execute Disable) protection: active
[    0.000000] kernel: e820: update [mem 0x8fb50018-0x8fb6ee57] usable ==> usable
[    0.000000] kernel: e820: update [mem 0x8fb50018-0x8fb6ee57] usable ==> usable
[    0.000000] kernel: e820: update [mem 0x8fb41018-0x8fb4f067] usable ==> usable
[    0.000000] kernel: e820: update [mem 0x8fb41018-0x8fb4f067] usable ==> usable
[    0.000000] kernel: extended physical RAM map:
[    0.000000] kernel: reserve setup_data: [mem 0x0000000000000000-0x000000000009ffff] usable
[    0.000000] kernel: reserve setup_data: [mem 0x00000000000a0000-0x00000000000fffff] reserved
[    0.000000] kernel: reserve setup_data: [mem 0x0000000000100000-0x0000000009d1efff] usable
[    0.000000] kernel: reserve setup_data: [mem 0x0000000009d1f000-0x0000000009ffffff] reserved
[    0.000000] kernel: reserve setup_data: [mem 0x000000000a000000-0x000000000a1fffff] usable
[    0.000000] kernel: reserve setup_data: [mem 0x000000000a200000-0x000000000a20dfff] ACPI NVS
[    0.000000] kernel: reserve setup_data: [mem 0x000000000a20e000-0x000000000affffff] usable
[    0.000000] kernel: reserve setup_data: [mem 0x000000000b000000-0x000000000b01ffff] reserved
[    0.000000] kernel: reserve setup_data: [mem 0x000000000b020000-0x000000008fb41017] usable
[    0.000000] kernel: reserve setup_data: [mem 0x000000008fb41018-0x000000008fb4f067] usable
[    0.000000] kernel: reserve setup_data: [mem 0x000000008fb4f068-0x000000008fb50017] usable
[    0.000000] kernel: reserve setup_data: [mem 0x000000008fb50018-0x000000008fb6ee57] usable
[    0.000000] kernel: reserve setup_data: [mem 0x000000008fb6ee58-0x00000000ca2c5fff] usable
[    0.000000] kernel: reserve setup_data: [mem 0x00000000ca2c6000-0x00000000ca6bdfff] reserved
[    0.000000] kernel: reserve setup_data: [mem 0x00000000ca6be000-0x00000000ca816fff] ACPI data
[    0.000000] kernel: reserve setup_data: [mem 0x00000000ca817000-0x00000000caee4fff] ACPI NVS
[    0.000000] kernel: reserve setup_data: [mem 0x00000000caee5000-0x00000000cbbfefff] reserved
[    0.000000] kernel: reserve setup_data: [mem 0x00000000cbbff000-0x00000000ccffffff] usable
[    0.000000] kernel: reserve setup_data: [mem 0x00000000cd000000-0x00000000cfffffff] reserved
[    0.000000] kernel: reserve setup_data: [mem 0x00000000f0000000-0x00000000f7ffffff] reserved
[    0.000000] kernel: reserve setup_data: [mem 0x00000000fd200000-0x00000000fd2fffff] reserved
[    0.000000] kernel: reserve setup_data: [mem 0x00000000fd600000-0x00000000fd7fffff] reserved
[    0.000000] kernel: reserve setup_data: [mem 0x00000000fea00000-0x00000000fea0ffff] reserved
[    0.000000] kernel: reserve setup_data: [mem 0x00000000feb80000-0x00000000fec01fff] reserved
[    0.000000] kernel: reserve setup_data: [mem 0x00000000fec10000-0x00000000fec10fff] reserved
[    0.000000] kernel: reserve setup_data: [mem 0x00000000fec30000-0x00000000fec30fff] reserved
[    0.000000] kernel: reserve setup_data: [mem 0x00000000fed00000-0x00000000fed00fff] reserved
[    0.000000] kernel: reserve setup_data: [mem 0x00000000fed40000-0x00000000fed44fff] reserved
[    0.000000] kernel: reserve setup_data: [mem 0x00000000fed80000-0x00000000fed8ffff] reserved
[    0.000000] kernel: reserve setup_data: [mem 0x00000000fedc2000-0x00000000fedcffff] reserved
[    0.000000] kernel: reserve setup_data: [mem 0x00000000fedd4000-0x00000000fedd5fff] reserved
[    0.000000] kernel: reserve setup_data: [mem 0x00000000ff000000-0x00000000ffffffff] reserved
[    0.000000] kernel: reserve setup_data: [mem 0x0000000100000000-0x000000102f2fffff] usable
[    0.000000] kernel: reserve setup_data: [mem 0x000000102f300000-0x000000102fffffff] reserved
[    0.000000] kernel: efi: EFI v2.70 by American Megatrends
[    0.000000] kernel: efi: ACPI=0xca816000 ACPI 2.0=0xca816014 SMBIOS=0xcba05000 SMBIOS 3.0=0xcba04000 MEMATTR=0xc5ad5018 ESRT=0xc8eb1f18 MOKvar=0xcba31000 RNG=0xcba37e98 
[    0.000000] kernel: efi: seeding entropy pool
[    0.000000] kernel: random: fast init done
[    0.000000] kernel: secureboot: Secure boot disabled
[    0.000000] kernel: SMBIOS 3.3.0 present.
[    0.000000] kernel: DMI: ASUS System Product Name/PRIME B550-PLUS, BIOS 2006 03/19/2021
[    0.000000] kernel: tsc: Fast TSC calibration using PIT
[    0.000000] kernel: tsc: Detected 3393.707 MHz processor
[    0.000123] kernel: e820: update [mem 0x00000000-0x00000fff] usable ==> reserved
[    0.000125] kernel: e820: remove [mem 0x000a0000-0x000fffff] usable
[    0.000129] kernel: last_pfn = 0x102f300 max_arch_pfn = 0x400000000
[    0.000132] kernel: MTRR default type: uncachable
[    0.000133] kernel: MTRR fixed ranges enabled:
[    0.000133] kernel:   00000-9FFFF write-back
[    0.000134] kernel:   A0000-BFFFF write-through
[    0.000135] kernel:   C0000-DFFFF uncachable
[    0.000135] kernel:   E0000-FFFFF write-protect
[    0.000135] kernel: MTRR variable ranges enabled:
[    0.000136] kernel:   0 base 000000000000 mask FFFF80000000 write-back
[    0.000137] kernel:   1 base 000080000000 mask FFFFC0000000 write-back
[    0.000138] kernel:   2 base 0000C0000000 mask FFFFF0000000 write-back
[    0.000138] kernel:   3 base 0000CB330000 mask FFFFFFFF0000 uncachable
[    0.000139] kernel:   4 disabled
[    0.000139] kernel:   5 disabled
[    0.000140] kernel:   6 disabled
[    0.000140] kernel:   7 disabled
[    0.000140] kernel: TOM2: 0000001030000000 aka 66304M
[    0.001079] kernel: x86/PAT: Configuration [0-7]: WB  WC  UC- UC  WB  WP  UC- WT  
[    0.001439] kernel: total RAM covered: 3327M
[    0.001525] kernel: Found optimal setting for mtrr clean up
[    0.001526] kernel:  gran_size: 64K         chunk_size: 128M         num_reg: 4          lose cover RAM: 0G
[    0.001630] kernel: e820: update [mem 0xcb330000-0xcb33ffff] usable ==> reserved
[    0.001634] kernel: e820: update [mem 0xd0000000-0xffffffff] usable ==> reserved
[    0.001637] kernel: last_pfn = 0xcd000 max_arch_pfn = 0x400000000
[    0.004246] kernel: ACPI: Early table checksum verification disabled
[    0.004249] kernel: ACPI: RSDP 0x00000000CA816014 000024 (v02 ALASKA)
[    0.004252] kernel: ACPI: XSDT 0x00000000CA815728 0000CC (v01 ALASKA A M I    01072009 AMI  01000013)
[    0.004256] kernel: ACPI: FACP 0x00000000CA806000 000114 (v06 ALASKA A M I    01072009 AMI  00010013)
[    0.004260] kernel: ACPI: DSDT 0x00000000CA7FA000 00B99A (v02 ALASKA A M I    01072009 INTL 20120913)
[    0.004262] kernel: ACPI: FACS 0x00000000CAECA000 000040
[    0.004264] kernel: ACPI: SSDT 0x00000000CA80C000 008C98 (v02 AMD    AmdTable 00000002 MSFT 04000000)
[    0.004266] kernel: ACPI: SSDT 0x00000000CA808000 003AAF (v01 AMD    AMD AOD  00000001 INTL 20120913)
[    0.004267] kernel: ACPI: SSDT 0x00000000CA807000 0003F1 (v02 ALASKA CPUSSDT  01072009 AMI  01072009)
[    0.004269] kernel: ACPI: FIDT 0x00000000CA7F9000 00009C (v01 ALASKA A M I    01072009 AMI  00010013)
[    0.004271] kernel: ACPI: FPDT 0x00000000CA703000 000044 (v01 ALASKA A M I    01072009 AMI  01000013)
[    0.004272] kernel: ACPI: MCFG 0x00000000CA7F7000 00003C (v01 ALASKA A M I    01072009 MSFT 00010013)
[    0.004274] kernel: ACPI: HPET 0x00000000CA7F6000 000038 (v01 ALASKA A M I    01072009 AMI  00000005)
[    0.004275] kernel: ACPI: IVRS 0x00000000CA7F4000 0000D0 (v02 AMD    AmdTable 00000001 AMD  00000001)
[    0.004277] kernel: ACPI: WPBT 0x00000000CA719000 00003C (v01 ALASKA A M I    00000001 ASUS 00000001)
[    0.004279] kernel: ACPI: PCCT 0x00000000CA718000 00006E (v02 AMD    AmdTable 00000001 AMD  00000001)
[    0.004280] kernel: ACPI: SSDT 0x00000000CA710000 007F29 (v02 AMD    AmdTable 00000001 AMD  00000001)
[    0.004282] kernel: ACPI: CRAT 0x00000000CA70E000 001698 (v01 AMD    AmdTable 00000001 AMD  00000001)
[    0.004283] kernel: ACPI: CDIT 0x00000000CA70D000 000029 (v01 AMD    AmdTable 00000001 AMD  00000001)
[    0.004285] kernel: ACPI: BGRT 0x00000000CA7F3000 000038 (v01 ALASKA A M I    01072009 AMI  00010013)
[    0.004286] kernel: ACPI: SSDT 0x00000000CA70C000 00052C (v01 AMD    ArticNOI 00000001 INTL 20120913)
[    0.004288] kernel: ACPI: SSDT 0x00000000CA708000 00381A (v01 AMD    ArticN   00000001 INTL 20120913)
[    0.004290] kernel: ACPI: WSMT 0x00000000CA707000 000028 (v01 ALASKA A M I    01072009 AMI  00010013)
[    0.004291] kernel: ACPI: APIC 0x00000000CA706000 00015E (v03 ALASKA A M I    01072009 AMI  00010013)
[    0.004293] kernel: ACPI: SSDT 0x00000000CA705000 00007D (v01 AMD    ArticDIS 00000001 INTL 20120913)
[    0.004294] kernel: ACPI: SSDT 0x00000000CA704000 0000BF (v01 AMD    AmdTable 00001000 INTL 20120913)
[    0.004296] kernel: ACPI: Reserving FACP table memory at [mem 0xca806000-0xca806113]
[    0.004297] kernel: ACPI: Reserving DSDT table memory at [mem 0xca7fa000-0xca805999]
[    0.004297] kernel: ACPI: Reserving FACS table memory at [mem 0xcaeca000-0xcaeca03f]
[    0.004298] kernel: ACPI: Reserving SSDT table memory at [mem 0xca80c000-0xca814c97]
[    0.004298] kernel: ACPI: Reserving SSDT table memory at [mem 0xca808000-0xca80baae]
[    0.004299] kernel: ACPI: Reserving SSDT table memory at [mem 0xca807000-0xca8073f0]
[    0.004299] kernel: ACPI: Reserving FIDT table memory at [mem 0xca7f9000-0xca7f909b]
[    0.004300] kernel: ACPI: Reserving FPDT table memory at [mem 0xca703000-0xca703043]
[    0.004301] kernel: ACPI: Reserving MCFG table memory at [mem 0xca7f7000-0xca7f703b]
[    0.004301] kernel: ACPI: Reserving HPET table memory at [mem 0xca7f6000-0xca7f6037]
[    0.004302] kernel: ACPI: Reserving IVRS table memory at [mem 0xca7f4000-0xca7f40cf]
[    0.004302] kernel: ACPI: Reserving WPBT table memory at [mem 0xca719000-0xca71903b]
[    0.004303] kernel: ACPI: Reserving PCCT table memory at [mem 0xca718000-0xca71806d]
[    0.004303] kernel: ACPI: Reserving SSDT table memory at [mem 0xca710000-0xca717f28]
[    0.004304] kernel: ACPI: Reserving CRAT table memory at [mem 0xca70e000-0xca70f697]
[    0.004304] kernel: ACPI: Reserving CDIT table memory at [mem 0xca70d000-0xca70d028]
[    0.004305] kernel: ACPI: Reserving BGRT table memory at [mem 0xca7f3000-0xca7f3037]
[    0.004305] kernel: ACPI: Reserving SSDT table memory at [mem 0xca70c000-0xca70c52b]
[    0.004306] kernel: ACPI: Reserving SSDT table memory at [mem 0xca708000-0xca70b819]
[    0.004307] kernel: ACPI: Reserving WSMT table memory at [mem 0xca707000-0xca707027]
[    0.004307] kernel: ACPI: Reserving APIC table memory at [mem 0xca706000-0xca70615d]
[    0.004308] kernel: ACPI: Reserving SSDT table memory at [mem 0xca705000-0xca70507c]
[    0.004308] kernel: ACPI: Reserving SSDT table memory at [mem 0xca704000-0xca7040be]
[    0.004312] kernel: esrt: Reserving ESRT space from 0x00000000c8eb1f18 to 0x00000000c8eb1f50.
[    0.004316] kernel: e820: update [mem 0xc8eb1000-0xc8eb1fff] usable ==> reserved
[    0.004323] kernel: efi: Failed to lookup EFI memory descriptor for 0x00000000cba31000
[    0.004334] kernel: check: Scanning 1 areas for low memory corruption
[    0.004337] kernel: Using GB pages for direct mapping
[    0.004730] kernel: secureboot: Secure boot disabled
[    0.004731] kernel: RAMDISK: [mem 0x36ac1000-0x3cc54fff]
[    0.004740] kernel: ACPI: Local APIC address 0xfee00000
[    0.004781] kernel: No NUMA configuration found
[    0.004782] kernel: Faking a node at [mem 0x0000000000000000-0x000000102f2fffff]
[    0.004786] kernel: NODE_DATA(0) allocated [mem 0x102f2d6000-0x102f2fffff]
[    0.004965] kernel: Zone ranges:
[    0.004965] kernel:   DMA      [mem 0x0000000000001000-0x0000000000ffffff]
[    0.004966] kernel:   DMA32    [mem 0x0000000001000000-0x00000000ffffffff]
[    0.004967] kernel:   Normal   [mem 0x0000000100000000-0x000000102f2fffff]
[    0.004968] kernel:   Device   empty
[    0.004969] kernel: Movable zone start for each node
[    0.004970] kernel: Early memory node ranges
[    0.004970] kernel:   node   0: [mem 0x0000000000001000-0x000000000009ffff]
[    0.004971] kernel:   node   0: [mem 0x0000000000100000-0x0000000009d1efff]
[    0.004972] kernel:   node   0: [mem 0x000000000a000000-0x000000000a1fffff]
[    0.004972] kernel:   node   0: [mem 0x000000000a20e000-0x000000000affffff]
[    0.004973] kernel:   node   0: [mem 0x000000000b020000-0x00000000ca2c5fff]
[    0.004974] kernel:   node   0: [mem 0x00000000cbbff000-0x00000000ccffffff]
[    0.004974] kernel:   node   0: [mem 0x0000000100000000-0x000000102f2fffff]
[    0.004977] kernel: Initmem setup node 0 [mem 0x0000000000001000-0x000000102f2fffff]
[    0.004978] kernel: On node 0 totalpages: 16754263
[    0.004979] kernel:   DMA zone: 64 pages used for memmap
[    0.004980] kernel:   DMA zone: 23 pages reserved
[    0.004980] kernel:   DMA zone: 3999 pages, LIFO batch:0
[    0.005095] kernel:   DMA zone: 28769 pages in unavailable ranges
[    0.005096] kernel:   DMA32 zone: 12943 pages used for memmap
[    0.005096] kernel:   DMA32 zone: 828344 pages, LIFO batch:63
[    0.007798] kernel:   DMA32 zone: 19528 pages in unavailable ranges
[    0.007800] kernel:   Normal zone: 248780 pages used for memmap
[    0.007800] kernel:   Normal zone: 15921920 pages, LIFO batch:63
[    0.074153] kernel:   Normal zone: 3328 pages in unavailable ranges
[    0.074596] kernel: ACPI: PM-Timer IO Port: 0x808
[    0.074597] kernel: ACPI: Local APIC address 0xfee00000
[    0.074604] kernel: ACPI: LAPIC_NMI (acpi_id[0xff] high edge lint[0x1])
[    0.074615] kernel: IOAPIC[0]: apic_id 33, version 33, address 0xfec00000, GSI 0-23
[    0.074620] kernel: IOAPIC[1]: apic_id 34, version 33, address 0xfec01000, GSI 24-55
[    0.074622] kernel: ACPI: INT_SRC_OVR (bus 0 bus_irq 0 global_irq 2 dfl dfl)
[    0.074623] kernel: ACPI: INT_SRC_OVR (bus 0 bus_irq 9 global_irq 9 low level)
[    0.074624] kernel: ACPI: IRQ0 used by override.
[    0.074625] kernel: ACPI: IRQ9 used by override.
[    0.074626] kernel: Using ACPI (MADT) for SMP configuration information
[    0.074627] kernel: ACPI: HPET id: 0x10228201 base: 0xfed00000
[    0.074634] kernel: e820: update [mem 0xc54b1000-0xc55a4fff] usable ==> reserved
[    0.074642] kernel: smpboot: Allowing 32 CPUs, 0 hotplug CPUs
[    0.074659] kernel: PM: hibernation: Registered nosave memory: [mem 0x00000000-0x00000fff]
[    0.074661] kernel: PM: hibernation: Registered nosave memory: [mem 0x000a0000-0x000fffff]
[    0.074662] kernel: PM: hibernation: Registered nosave memory: [mem 0x09d1f000-0x09ffffff]
[    0.074663] kernel: PM: hibernation: Registered nosave memory: [mem 0x0a200000-0x0a20dfff]
[    0.074664] kernel: PM: hibernation: Registered nosave memory: [mem 0x0b000000-0x0b01ffff]
[    0.074665] kernel: PM: hibernation: Registered nosave memory: [mem 0x8fb41000-0x8fb41fff]
[    0.074666] kernel: PM: hibernation: Registered nosave memory: [mem 0x8fb4f000-0x8fb4ffff]
[    0.074667] kernel: PM: hibernation: Registered nosave memory: [mem 0x8fb50000-0x8fb50fff]
[    0.074668] kernel: PM: hibernation: Registered nosave memory: [mem 0x8fb6e000-0x8fb6efff]
[    0.074669] kernel: PM: hibernation: Registered nosave memory: [mem 0xc54b1000-0xc55a4fff]
[    0.074670] kernel: PM: hibernation: Registered nosave memory: [mem 0xc8eb1000-0xc8eb1fff]
[    0.074671] kernel: PM: hibernation: Registered nosave memory: [mem 0xca2c6000-0xca6bdfff]
[    0.074671] kernel: PM: hibernation: Registered nosave memory: [mem 0xca6be000-0xca816fff]
[    0.074672] kernel: PM: hibernation: Registered nosave memory: [mem 0xca817000-0xcaee4fff]
[    0.074672] kernel: PM: hibernation: Registered nosave memory: [mem 0xcaee5000-0xcbbfefff]
[    0.074673] kernel: PM: hibernation: Registered nosave memory: [mem 0xcd000000-0xcfffffff]
[    0.074674] kernel: PM: hibernation: Registered nosave memory: [mem 0xd0000000-0xefffffff]
[    0.074674] kernel: PM: hibernation: Registered nosave memory: [mem 0xf0000000-0xf7ffffff]
[    0.074675] kernel: PM: hibernation: Registered nosave memory: [mem 0xf8000000-0xfd1fffff]
[    0.074675] kernel: PM: hibernation: Registered nosave memory: [mem 0xfd200000-0xfd2fffff]
[    0.074676] kernel: PM: hibernation: Registered nosave memory: [mem 0xfd300000-0xfd5fffff]
[    0.074676] kernel: PM: hibernation: Registered nosave memory: [mem 0xfd600000-0xfd7fffff]
[    0.074677] kernel: PM: hibernation: Registered nosave memory: [mem 0xfd800000-0xfe9fffff]
[    0.074677] kernel: PM: hibernation: Registered nosave memory: [mem 0xfea00000-0xfea0ffff]
[    0.074678] kernel: PM: hibernation: Registered nosave memory: [mem 0xfea10000-0xfeb7ffff]
[    0.074678] kernel: PM: hibernation: Registered nosave memory: [mem 0xfeb80000-0xfec01fff]
[    0.074679] kernel: PM: hibernation: Registered nosave memory: [mem 0xfec02000-0xfec0ffff]
[    0.074679] kernel: PM: hibernation: Registered nosave memory: [mem 0xfec10000-0xfec10fff]
[    0.074680] kernel: PM: hibernation: Registered nosave memory: [mem 0xfec11000-0xfec2ffff]
[    0.074680] kernel: PM: hibernation: Registered nosave memory: [mem 0xfec30000-0xfec30fff]
[    0.074680] kernel: PM: hibernation: Registered nosave memory: [mem 0xfec31000-0xfecfffff]
[    0.074681] kernel: PM: hibernation: Registered nosave memory: [mem 0xfed00000-0xfed00fff]
[    0.074681] kernel: PM: hibernation: Registered nosave memory: [mem 0xfed01000-0xfed3ffff]
[    0.074682] kernel: PM: hibernation: Registered nosave memory: [mem 0xfed40000-0xfed44fff]
[    0.074682] kernel: PM: hibernation: Registered nosave memory: [mem 0xfed45000-0xfed7ffff]
[    0.074683] kernel: PM: hibernation: Registered nosave memory: [mem 0xfed80000-0xfed8ffff]
[    0.074683] kernel: PM: hibernation: Registered nosave memory: [mem 0xfed90000-0xfedc1fff]
[    0.074684] kernel: PM: hibernation: Registered nosave memory: [mem 0xfedc2000-0xfedcffff]
[    0.074684] kernel: PM: hibernation: Registered nosave memory: [mem 0xfedd0000-0xfedd3fff]
[    0.074685] kernel: PM: hibernation: Registered nosave memory: [mem 0xfedd4000-0xfedd5fff]
[    0.074685] kernel: PM: hibernation: Registered nosave memory: [mem 0xfedd6000-0xfeffffff]
[    0.074686] kernel: PM: hibernation: Registered nosave memory: [mem 0xff000000-0xffffffff]
[    0.074687] kernel: [mem 0xd0000000-0xefffffff] available for PCI devices
[    0.074688] kernel: Booting paravirtualized kernel on bare hardware
[    0.074689] kernel: clocksource: refined-jiffies: mask: 0xffffffff max_cycles: 0xffffffff, max_idle_ns: 7645519600211568 ns
[    0.074695] kernel: setup_percpu: NR_CPUS:8192 nr_cpumask_bits:32 nr_cpu_ids:32 nr_node_ids:1
[    0.075508] kernel: percpu: Embedded 56 pages/cpu s192512 r8192 d28672 u262144
[    0.075514] kernel: pcpu-alloc: s192512 r8192 d28672 u262144 alloc=1*2097152
[    0.075515] kernel: pcpu-alloc: [0] 00 01 02 03 04 05 06 07 [0] 08 09 10 11 12 13 14 15 
[    0.075520] kernel: pcpu-alloc: [0] 16 17 18 19 20 21 22 23 [0] 24 25 26 27 28 29 30 31 
[    0.075544] kernel: Built 1 zonelists, mobility grouping on.  Total pages: 16492453
[    0.075545] kernel: Policy zone: Normal
[    0.075546] kernel: Kernel command line: BOOT_IMAGE=/boot/vmlinuz-5.11.0-16-generic root=UUID=1b63092c-1327-422f-a327-c8ddbfb3b056 ro
[    0.078727] kernel: Dentry cache hash table entries: 8388608 (order: 14, 67108864 bytes, linear)
[    0.080306] kernel: Inode-cache hash table entries: 4194304 (order: 13, 33554432 bytes, linear)
[    0.080368] kernel: mem auto-init: stack:off, heap alloc:on, heap free:off
[    0.160720] kernel: Memory: 65585452K/67017052K available (16393K kernel code, 3476K rwdata, 10148K rodata, 2688K init, 5976K bss, 1431340K reserved, 0K cma-reserved)
[    0.160727] kernel: random: get_random_u64 called from kmem_cache_open+0x27/0x230 with crng_init=1
[    0.160795] kernel: SLUB: HWalign=64, Order=0-3, MinObjects=0, CPUs=32, Nodes=1
[    0.160804] kernel: ftrace: allocating 51209 entries in 201 pages
[    0.173061] kernel: ftrace: allocated 201 pages with 4 groups
[    0.173153] kernel: rcu: Hierarchical RCU implementation.
[    0.173154] kernel: rcu:         RCU restricting CPUs from NR_CPUS=8192 to nr_cpu_ids=32.
[    0.173155] kernel:         Rude variant of Tasks RCU enabled.
[    0.173156] kernel:         Tracing variant of Tasks RCU enabled.
[    0.173156] kernel: rcu: RCU calculated value of scheduler-enlistment delay is 25 jiffies.
[    0.173157] kernel: rcu: Adjusting geometry for rcu_fanout_leaf=16, nr_cpu_ids=32
[    0.174920] kernel: NR_IRQS: 524544, nr_irqs: 1224, preallocated irqs: 16
[    0.175179] kernel: random: crng done (trusting CPU's manufacturer)
[    0.175198] kernel: Console: colour dummy device 80x25
[    0.175347] kernel: printk: console [tty0] enabled
[    0.175359] kernel: ACPI: Core revision 20201113
[    0.175461] kernel: clocksource: hpet: mask: 0xffffffff max_cycles: 0xffffffff, max_idle_ns: 133484873504 ns
[    0.175477] kernel: APIC: Switch to symmetric I/O mode setup
[    0.494701] kernel: Switched APIC routing to physical flat.
[    0.495307] kernel: ..TIMER: vector=0x30 apic1=0 pin1=2 apic2=-1 pin2=-1
[    0.511466] kernel: clocksource: tsc-early: mask: 0xffffffffffffffff max_cycles: 0x30eb1652c89, max_idle_ns: 440795337511 ns
[    0.511469] kernel: Calibrating delay loop (skipped), value calculated using timer frequency.. 6787.41 BogoMIPS (lpj=13574828)
[    0.511472] kernel: pid_max: default: 32768 minimum: 301
[    0.512814] kernel: LSM: Security Framework initializing
[    0.512821] kernel: Yama: becoming mindful.
[    0.512835] kernel: AppArmor: AppArmor initialized
[    0.512916] kernel: Mount-cache hash table entries: 131072 (order: 8, 1048576 bytes, linear)
[    0.512988] kernel: Mountpoint-cache hash table entries: 131072 (order: 8, 1048576 bytes, linear)
[    0.513135] kernel: x86/cpu: User Mode Instruction Prevention (UMIP) activated
[    0.513169] kernel: LVT offset 1 assigned for vector 0xf9
[    0.513317] kernel: LVT offset 2 assigned for vector 0xf4
[    0.513349] kernel: Last level iTLB entries: 4KB 512, 2MB 512, 4MB 256
[    0.513350] kernel: Last level dTLB entries: 4KB 2048, 2MB 2048, 4MB 1024, 1GB 0
[    0.513352] kernel: Spectre V1 : Mitigation: usercopy/swapgs barriers and __user pointer sanitization
[    0.513354] kernel: Spectre V2 : Mitigation: Full AMD retpoline
[    0.513355] kernel: Spectre V2 : Spectre v2 / SpectreRSB mitigation: Filling RSB on context switch
[    0.513357] kernel: Spectre V2 : Enabling Restricted Speculation for firmware calls
[    0.513358] kernel: Spectre V2 : mitigation: Enabling conditional Indirect Branch Prediction Barrier
[    0.513359] kernel: Spectre V2 : User space: Mitigation: STIBP always-on protection
[    0.513360] kernel: Speculative Store Bypass: Mitigation: Speculative Store Bypass disabled via prctl and seccomp
[    0.513548] kernel: Freeing SMP alternatives memory: 40K
[    0.625025] kernel: smpboot: CPU0: AMD Ryzen 9 5950X 16-Core Processor (family: 0x19, model: 0x21, stepping: 0x0)
[    0.625108] kernel: Performance Events: Fam17h+ core perfctr, AMD PMU driver.
[    0.625112] kernel: ... version:                0
[    0.625112] kernel: ... bit width:              48
[    0.625113] kernel: ... generic registers:      6
[    0.625114] kernel: ... value mask:             0000ffffffffffff
[    0.625115] kernel: ... max period:             00007fffffffffff
[    0.625116] kernel: ... fixed-purpose events:   0
[    0.625116] kernel: ... event mask:             000000000000003f
[    0.625149] kernel: rcu: Hierarchical SRCU implementation.
[    0.625356] kernel: NMI watchdog: Enabled. Permanently consumes one hw-PMU counter.
[    0.625479] kernel: smp: Bringing up secondary CPUs ...
[    0.625521] kernel: x86: Booting SMP configuration:
[    0.625522] kernel: .... node  #0, CPUs:        #1  #2  #3  #4  #5  #6  #7  #8  #9 #10 #11 #12 #13 #14 #15 #16
[    0.659520] kernel: Spectre V2 : Update user space SMT mitigation: STIBP always-on
[    0.659547] kernel:  #17 #18 #19 #20 #21 #22 #23 #24 #25 #26 #27 #28 #29 #30 #31
[    0.691493] kernel: smp: Brought up 1 node, 32 CPUs
[    0.691493] kernel: smpboot: Max logical packages: 1
[    0.691493] kernel: smpboot: Total of 32 processors activated (217197.24 BogoMIPS)
[    0.696362] kernel: devtmpfs: initialized
[    0.696362] kernel: x86/mm: Memory block size: 2048MB
[    0.696362] kernel: PM: Registering ACPI NVS region [mem 0x0a200000-0x0a20dfff] (57344 bytes)
[    0.696362] kernel: PM: Registering ACPI NVS region [mem 0xca817000-0xcaee4fff] (7135232 bytes)
[    0.696362] kernel: clocksource: jiffies: mask: 0xffffffff max_cycles: 0xffffffff, max_idle_ns: 7645041785100000 ns
[    0.696362] kernel: futex hash table entries: 8192 (order: 7, 524288 bytes, linear)
[    0.696362] kernel: pinctrl core: initialized pinctrl subsystem
[    0.696362] kernel: PM: RTC time: 23:38:28, date: 2021-05-08
[    0.696362] kernel: NET: Registered protocol family 16
[    0.696362] kernel: DMA: preallocated 4096 KiB GFP_KERNEL pool for atomic allocations
[    0.696362] kernel: DMA: preallocated 4096 KiB GFP_KERNEL|GFP_DMA pool for atomic allocations
[    0.696362] kernel: DMA: preallocated 4096 KiB GFP_KERNEL|GFP_DMA32 pool for atomic allocations
[    0.696362] kernel: audit: initializing netlink subsys (disabled)
[    0.696362] kernel: audit: type=2000 audit(1620517108.208:1): state=initialized audit_enabled=0 res=1
[    0.696362] kernel: thermal_sys: Registered thermal governor 'fair_share'
[    0.696362] kernel: thermal_sys: Registered thermal governor 'bang_bang'
[    0.696362] kernel: thermal_sys: Registered thermal governor 'step_wise'
[    0.696362] kernel: thermal_sys: Registered thermal governor 'user_space'
[    0.696362] kernel: thermal_sys: Registered thermal governor 'power_allocator'
[    0.696362] kernel: EISA bus registered
[    0.696362] kernel: cpuidle: using governor ladder
[    0.696362] kernel: cpuidle: using governor menu
[    0.696362] kernel: Detected 1 PCC Subspaces
[    0.696362] kernel: Registering PCC driver as Mailbox controller
[    0.696362] kernel: ACPI: bus type PCI registered
[    0.696362] kernel: acpiphp: ACPI Hot Plug PCI Controller Driver version: 0.5
[    0.696362] kernel: PCI: MMCONFIG for domain 0000 [bus 00-7f] at [mem 0xf0000000-0xf7ffffff] (base 0xf0000000)
[    0.696362] kernel: PCI: MMCONFIG at [mem 0xf0000000-0xf7ffffff] reserved in E820
[    0.696362] kernel: PCI: Using configuration type 1 for base access
[    0.696423] kernel: Kprobes globally optimized
[    0.696427] kernel: HugeTLB registered 1.00 GiB page size, pre-allocated 0 pages
[    0.696427] kernel: HugeTLB registered 2.00 MiB page size, pre-allocated 0 pages
[    0.699503] kernel: fbcon: Taking over console
[    0.699514] kernel: ACPI: Added _OSI(Module Device)
[    0.699515] kernel: ACPI: Added _OSI(Processor Device)
[    0.699516] kernel: ACPI: Added _OSI(3.0 _SCP Extensions)
[    0.699517] kernel: ACPI: Added _OSI(Processor Aggregator Device)
[    0.699518] kernel: ACPI: Added _OSI(Linux-Dell-Video)
[    0.699519] kernel: ACPI: Added _OSI(Linux-Lenovo-NV-HDMI-Audio)
[    0.699520] kernel: ACPI: Added _OSI(Linux-HPI-Hybrid-Graphics)
[    0.710058] kernel: ACPI: 9 ACPI AML tables successfully acquired and loaded
[    0.711215] kernel: ACPI: [Firmware Bug]: BIOS _OSI(Linux) query ignored
[    0.713435] kernel: ACPI: Interpreter enabled
[    0.713445] kernel: ACPI: (supports S0 S3 S4 S5)
[    0.713446] kernel: ACPI: Using IOAPIC for interrupt routing
[    0.713660] kernel: PCI: Using host bridge windows from ACPI; if necessary, use "pci=nocrs" and report a bug
[    0.713917] kernel: ACPI: Enabled 4 GPEs in block 00 to 1F
[    0.719342] kernel: ACPI: PCI Root Bridge [PCI0] (domain 0000 [bus 00-ff])
[    0.719348] kernel: acpi PNP0A08:00: _OSC: OS supports [ExtendedConfig ASPM ClockPM Segments MSI HPX-Type3]
[    0.719489] kernel: acpi PNP0A08:00: _OSC: platform does not support [PCIeHotplug SHPCHotplug PME LTR]
[    0.719622] kernel: acpi PNP0A08:00: _OSC: OS now controls [AER PCIeCapability]
[    0.719631] kernel: acpi PNP0A08:00: [Firmware Info]: MMCONFIG for domain 0000 [bus 00-7f] only partially covers this bridge
[    0.719867] kernel: PCI host bridge to bus 0000:00
[    0.719868] kernel: pci_bus 0000:00: root bus resource [io  0x0000-0x03af window]
[    0.719870] kernel: pci_bus 0000:00: root bus resource [io  0x03e0-0x0cf7 window]
[    0.719871] kernel: pci_bus 0000:00: root bus resource [io  0x03b0-0x03df window]
[    0.719872] kernel: pci_bus 0000:00: root bus resource [io  0x0d00-0xffff window]
[    0.719873] kernel: pci_bus 0000:00: root bus resource [mem 0x000a0000-0x000bffff window]
[    0.719874] kernel: pci_bus 0000:00: root bus resource [mem 0x000c0000-0x000dffff window]
[    0.719875] kernel: pci_bus 0000:00: root bus resource [mem 0xd0000000-0xfec2ffff window]
[    0.719876] kernel: pci_bus 0000:00: root bus resource [mem 0xfee00000-0xffffffff window]
[    0.719877] kernel: pci_bus 0000:00: root bus resource [bus 00-ff]
[    0.719886] kernel: pci 0000:00:00.0: [1022:1480] type 00 class 0x060000
[    0.719968] kernel: pci 0000:00:00.2: [1022:1481] type 00 class 0x080600
[    0.720055] kernel: pci 0000:00:01.0: [1022:1482] type 00 class 0x060000
[    0.720124] kernel: pci 0000:00:01.1: [1022:1483] type 01 class 0x060400
[    0.720206] kernel: pci 0000:00:01.1: PME# supported from D0 D3hot D3cold
[    0.720308] kernel: pci 0000:00:01.2: [1022:1483] type 01 class 0x060400
[    0.720337] kernel: pci 0000:00:01.2: enabling Extended Tags
[    0.720391] kernel: pci 0000:00:01.2: PME# supported from D0 D3hot D3cold
[    0.720489] kernel: pci 0000:00:02.0: [1022:1482] type 00 class 0x060000
[    0.720554] kernel: pci 0000:00:03.0: [1022:1482] type 00 class 0x060000
[    0.720618] kernel: pci 0000:00:04.0: [1022:1482] type 00 class 0x060000
[    0.720683] kernel: pci 0000:00:05.0: [1022:1482] type 00 class 0x060000
[    0.720749] kernel: pci 0000:00:07.0: [1022:1482] type 00 class 0x060000
[    0.720811] kernel: pci 0000:00:07.1: [1022:1484] type 01 class 0x060400
[    0.720835] kernel: pci 0000:00:07.1: enabling Extended Tags
[    0.720873] kernel: pci 0000:00:07.1: PME# supported from D0 D3hot D3cold
[    0.720957] kernel: pci 0000:00:08.0: [1022:1482] type 00 class 0x060000
[    0.721021] kernel: pci 0000:00:08.1: [1022:1484] type 01 class 0x060400
[    0.721046] kernel: pci 0000:00:08.1: enabling Extended Tags
[    0.721088] kernel: pci 0000:00:08.1: PME# supported from D0 D3hot D3cold
[    0.721188] kernel: pci 0000:00:14.0: [1022:790b] type 00 class 0x0c0500
[    0.721293] kernel: pci 0000:00:14.3: [1022:790e] type 00 class 0x060100
[    0.721406] kernel: pci 0000:00:18.0: [1022:1440] type 00 class 0x060000
[    0.721445] kernel: pci 0000:00:18.1: [1022:1441] type 00 class 0x060000
[    0.721482] kernel: pci 0000:00:18.2: [1022:1442] type 00 class 0x060000
[    0.721519] kernel: pci 0000:00:18.3: [1022:1443] type 00 class 0x060000
[    0.721556] kernel: pci 0000:00:18.4: [1022:1444] type 00 class 0x060000
[    0.721593] kernel: pci 0000:00:18.5: [1022:1445] type 00 class 0x060000
[    0.721629] kernel: pci 0000:00:18.6: [1022:1446] type 00 class 0x060000
[    0.721666] kernel: pci 0000:00:18.7: [1022:1447] type 00 class 0x060000
[    0.721757] kernel: pci 0000:01:00.0: [8086:0a54] type 00 class 0x010802
[    0.721774] kernel: pci 0000:01:00.0: reg 0x10: [mem 0xfc910000-0xfc913fff 64bit]
[    0.721807] kernel: pci 0000:01:00.0: reg 0x30: [mem 0xfc900000-0xfc90ffff pref]
[    0.721948] kernel: pci 0000:00:01.1: PCI bridge to [bus 01]
[    0.721953] kernel: pci 0000:00:01.1:   bridge window [mem 0xfc900000-0xfc9fffff]
[    0.722011] kernel: pci 0000:02:00.0: [1022:43ee] type 00 class 0x0c0330
[    0.722030] kernel: pci 0000:02:00.0: reg 0x10: [mem 0xfc4a0000-0xfc4a7fff 64bit]
[    0.722075] kernel: pci 0000:02:00.0: enabling Extended Tags
[    0.722134] kernel: pci 0000:02:00.0: PME# supported from D3hot D3cold
[    0.722219] kernel: pci 0000:02:00.1: [1022:43eb] type 00 class 0x010601
[    0.722272] kernel: pci 0000:02:00.1: reg 0x24: [mem 0xfc480000-0xfc49ffff]
[    0.722280] kernel: pci 0000:02:00.1: reg 0x30: [mem 0xfc400000-0xfc47ffff pref]
[    0.722287] kernel: pci 0000:02:00.1: enabling Extended Tags
[    0.722332] kernel: pci 0000:02:00.1: PME# supported from D3hot D3cold
[    0.722393] kernel: pci 0000:02:00.2: [1022:43e9] type 01 class 0x060400
[    0.722442] kernel: pci 0000:02:00.2: enabling Extended Tags
[    0.722492] kernel: pci 0000:02:00.2: PME# supported from D3hot D3cold
[    0.722570] kernel: pci 0000:00:01.2: PCI bridge to [bus 02-07]
[    0.722574] kernel: pci 0000:00:01.2:   bridge window [io  0xe000-0xffff]
[    0.722577] kernel: pci 0000:00:01.2:   bridge window [mem 0xfb000000-0xfc4fffff]
[    0.722581] kernel: pci 0000:00:01.2:   bridge window [mem 0xe0000000-0xe9ffffff 64bit pref]
[    0.722670] kernel: pci 0000:03:00.0: [1022:43ea] type 01 class 0x060400
[    0.722723] kernel: pci 0000:03:00.0: enabling Extended Tags
[    0.722781] kernel: pci 0000:03:00.0: PME# supported from D3hot D3cold
[    0.722865] kernel: pci 0000:03:04.0: [1022:43ea] type 01 class 0x060400
[    0.722917] kernel: pci 0000:03:04.0: enabling Extended Tags
[    0.722975] kernel: pci 0000:03:04.0: PME# supported from D3hot D3cold
[    0.723057] kernel: pci 0000:03:08.0: [1022:43ea] type 01 class 0x060400
[    0.723110] kernel: pci 0000:03:08.0: enabling Extended Tags
[    0.723168] kernel: pci 0000:03:08.0: PME# supported from D3hot D3cold
[    0.723248] kernel: pci 0000:03:09.0: [1022:43ea] type 01 class 0x060400
[    0.723301] kernel: pci 0000:03:09.0: enabling Extended Tags
[    0.723359] kernel: pci 0000:03:09.0: PME# supported from D3hot D3cold
[    0.723448] kernel: pci 0000:02:00.2: PCI bridge to [bus 03-07]
[    0.723454] kernel: pci 0000:02:00.2:   bridge window [io  0xe000-0xffff]
[    0.723457] kernel: pci 0000:02:00.2:   bridge window [mem 0xfb000000-0xfc3fffff]
[    0.723462] kernel: pci 0000:02:00.2:   bridge window [mem 0xe0000000-0xe9ffffff 64bit pref]
[    0.723536] kernel: pci 0000:04:00.0: [10de:1185] type 00 class 0x030000
[    0.723563] kernel: pci 0000:04:00.0: reg 0x10: [mem 0xfb000000-0xfbffffff]
[    0.723585] kernel: pci 0000:04:00.0: reg 0x14: [mem 0xe0000000-0xe7ffffff 64bit pref]
[    0.723608] kernel: pci 0000:04:00.0: reg 0x1c: [mem 0xe8000000-0xe9ffffff 64bit pref]
[    0.723623] kernel: pci 0000:04:00.0: reg 0x24: [io  0xf000-0xf07f]
[    0.723638] kernel: pci 0000:04:00.0: reg 0x30: [mem 0xfc000000-0xfc07ffff pref]
[    0.723649] kernel: pci 0000:04:00.0: enabling Extended Tags
[    0.723675] kernel: pci 0000:04:00.0: BAR 1: assigned to efifb
[    0.723843] kernel: pci 0000:04:00.0: 8.000 Gb/s available PCIe bandwidth, limited by 2.5 GT/s PCIe x4 link at 0000:03:00.0 (capable of 126.016 Gb/s with 8.0 GT/s PCIe x16 link)
[    0.723905] kernel: pci 0000:04:00.1: [10de:0e0a] type 00 class 0x040300
[    0.723928] kernel: pci 0000:04:00.1: reg 0x10: [mem 0xfc080000-0xfc083fff]
[    0.723999] kernel: pci 0000:04:00.1: enabling Extended Tags
[    0.724151] kernel: pci 0000:03:00.0: ASPM: current common clock configuration is inconsistent, reconfiguring
[    0.735497] kernel: pci 0000:03:00.0: PCI bridge to [bus 04]
[    0.735503] kernel: pci 0000:03:00.0:   bridge window [io  0xf000-0xffff]
[    0.735506] kernel: pci 0000:03:00.0:   bridge window [mem 0xfb000000-0xfc0fffff]
[    0.735512] kernel: pci 0000:03:00.0:   bridge window [mem 0xe0000000-0xe9ffffff 64bit pref]
[    0.735587] kernel: pci 0000:05:00.0: [8086:0a54] type 00 class 0x010802
[    0.735615] kernel: pci 0000:05:00.0: reg 0x10: [mem 0xfc310000-0xfc313fff 64bit]
[    0.735671] kernel: pci 0000:05:00.0: reg 0x30: [mem 0xfc300000-0xfc30ffff pref]
[    0.735681] kernel: pci 0000:05:00.0: enabling Extended Tags
[    0.735924] kernel: pci 0000:03:04.0: PCI bridge to [bus 05]
[    0.735932] kernel: pci 0000:03:04.0:   bridge window [mem 0xfc300000-0xfc3fffff]
[    0.735978] kernel: pci 0000:03:08.0: PCI bridge to [bus 06]
[    0.736069] kernel: pci 0000:07:00.0: [10ec:8168] type 00 class 0x020000
[    0.736099] kernel: pci 0000:07:00.0: reg 0x10: [io  0xe000-0xe0ff]
[    0.736140] kernel: pci 0000:07:00.0: reg 0x18: [mem 0xfc204000-0xfc204fff 64bit]
[    0.736165] kernel: pci 0000:07:00.0: reg 0x20: [mem 0xfc200000-0xfc203fff 64bit]
[    0.736328] kernel: pci 0000:07:00.0: supports D1 D2
[    0.736329] kernel: pci 0000:07:00.0: PME# supported from D0 D1 D2 D3hot D3cold
[    0.736497] kernel: pci 0000:03:09.0: PCI bridge to [bus 07]
[    0.736502] kernel: pci 0000:03:09.0:   bridge window [io  0xe000-0xefff]
[    0.736505] kernel: pci 0000:03:09.0:   bridge window [mem 0xfc200000-0xfc2fffff]
[    0.736572] kernel: pci 0000:08:00.0: [1022:148a] type 00 class 0x130000
[    0.736600] kernel: pci 0000:08:00.0: enabling Extended Tags
[    0.736692] kernel: pci 0000:00:07.1: PCI bridge to [bus 08]
[    0.736744] kernel: pci 0000:09:00.0: [1022:1485] type 00 class 0x130000
[    0.736777] kernel: pci 0000:09:00.0: enabling Extended Tags
[    0.736886] kernel: pci 0000:09:00.1: [1022:1486] type 00 class 0x108000
[    0.736902] kernel: pci 0000:09:00.1: reg 0x18: [mem 0xfc700000-0xfc7fffff]
[    0.736914] kernel: pci 0000:09:00.1: reg 0x24: [mem 0xfc808000-0xfc809fff]
[    0.736922] kernel: pci 0000:09:00.1: enabling Extended Tags
[    0.737017] kernel: pci 0000:09:00.3: [1022:149c] type 00 class 0x0c0330
[    0.737030] kernel: pci 0000:09:00.3: reg 0x10: [mem 0xfc600000-0xfc6fffff 64bit]
[    0.737060] kernel: pci 0000:09:00.3: enabling Extended Tags
[    0.737105] kernel: pci 0000:09:00.3: PME# supported from D0 D3hot D3cold
[    0.737168] kernel: pci 0000:09:00.4: [1022:1487] type 00 class 0x040300
[    0.737177] kernel: pci 0000:09:00.4: reg 0x10: [mem 0xfc800000-0xfc807fff]
[    0.737203] kernel: pci 0000:09:00.4: enabling Extended Tags
[    0.737245] kernel: pci 0000:09:00.4: PME# supported from D0 D3hot D3cold
[    0.737313] kernel: pci 0000:00:08.1: PCI bridge to [bus 09]
[    0.737317] kernel: pci 0000:00:08.1:   bridge window [mem 0xfc600000-0xfc8fffff]
[    0.737617] kernel: ACPI: PCI Interrupt Link [LNKA] (IRQs 4 5 7 10 11 14 15) *0
[    0.737656] kernel: ACPI: PCI Interrupt Link [LNKB] (IRQs 4 5 7 10 11 14 15) *0
[    0.737689] kernel: ACPI: PCI Interrupt Link [LNKC] (IRQs 4 5 7 10 11 14 15) *0
[    0.737729] kernel: ACPI: PCI Interrupt Link [LNKD] (IRQs 4 5 7 10 11 14 15) *0
[    0.737765] kernel: ACPI: PCI Interrupt Link [LNKE] (IRQs 4 5 7 10 11 14 15) *0
[    0.737796] kernel: ACPI: PCI Interrupt Link [LNKF] (IRQs 4 5 7 10 11 14 15) *0
[    0.737826] kernel: ACPI: PCI Interrupt Link [LNKG] (IRQs 4 5 7 10 11 14 15) *0
[    0.737857] kernel: ACPI: PCI Interrupt Link [LNKH] (IRQs 4 5 7 10 11 14 15) *0
[    0.738441] kernel: iommu: Default domain type: Translated 
[    0.738441] kernel: SCSI subsystem initialized
[    0.739474] kernel: libata version 3.00 loaded.
[    0.739484] kernel: pci 0000:04:00.0: vgaarb: setting as boot VGA device
[    0.739484] kernel: pci 0000:04:00.0: vgaarb: VGA device added: decodes=io+mem,owns=io+mem,locks=none
[    0.739484] kernel: pci 0000:04:00.0: vgaarb: bridge control possible
[    0.739484] kernel: vgaarb: loaded
[    0.739491] kernel: ACPI: bus type USB registered
[    0.739497] kernel: usbcore: registered new interface driver usbfs
[    0.739501] kernel: usbcore: registered new interface driver hub
[    0.739505] kernel: usbcore: registered new device driver usb
[    0.739516] kernel: pps_core: LinuxPPS API ver. 1 registered
[    0.739517] kernel: pps_core: Software ver. 5.3.6 - Copyright 2005-2007 Rodolfo Giometti <giometti@linux.it>
[    0.739519] kernel: PTP clock support registered
[    0.739527] kernel: EDAC MC: Ver: 3.0.0
[    0.739558] kernel: Registered efivars operations
[    0.739558] kernel: NetLabel: Initializing
[    0.739558] kernel: NetLabel:  domain hash size = 128
[    0.739558] kernel: NetLabel:  protocols = UNLABELED CIPSOv4 CALIPSO
[    0.739558] kernel: NetLabel:  unlabeled traffic allowed by default
[    0.739558] kernel: PCI: Using ACPI for IRQ routing
[    0.743469] kernel: PCI: pci_cache_line_size set to 64 bytes
[    0.743469] kernel: e820: reserve RAM buffer [mem 0x09d1f000-0x0bffffff]
[    0.743469] kernel: e820: reserve RAM buffer [mem 0x0a200000-0x0bffffff]
[    0.743469] kernel: e820: reserve RAM buffer [mem 0x0b000000-0x0bffffff]
[    0.743469] kernel: e820: reserve RAM buffer [mem 0x8fb41018-0x8fffffff]
[    0.743469] kernel: e820: reserve RAM buffer [mem 0x8fb50018-0x8fffffff]
[    0.743469] kernel: e820: reserve RAM buffer [mem 0xc54b1000-0xc7ffffff]
[    0.743469] kernel: e820: reserve RAM buffer [mem 0xc8eb1000-0xcbffffff]
[    0.743469] kernel: e820: reserve RAM buffer [mem 0xca2c6000-0xcbffffff]
[    0.743469] kernel: e820: reserve RAM buffer [mem 0xcd000000-0xcfffffff]
[    0.743469] kernel: e820: reserve RAM buffer [mem 0x102f300000-0x102fffffff]
[    0.743488] kernel: hpet0: at MMIO 0xfed00000, IRQs 2, 8, 0
[    0.743491] kernel: hpet0: 3 comparators, 32-bit 14.318180 MHz counter
[    0.744507] kernel: clocksource: Switched to clocksource tsc-early
[    0.748000] kernel: VFS: Disk quotas dquot_6.6.0
[    0.748013] kernel: VFS: Dquot-cache hash table entries: 512 (order 0, 4096 bytes)
[    0.748086] kernel: AppArmor: AppArmor Filesystem Enabled
[    0.748098] kernel: pnp: PnP ACPI init
[    0.748168] kernel: system 00:00: [mem 0xf0000000-0xf7ffffff] has been reserved
[    0.748173] kernel: system 00:00: Plug and Play ACPI device, IDs PNP0c01 (active)
[    0.748227] kernel: system 00:01: [mem 0xfd200000-0xfd2fffff] has been reserved
[    0.748231] kernel: system 00:01: Plug and Play ACPI device, IDs PNP0c02 (active)
[    0.748265] kernel: pnp 00:02: Plug and Play ACPI device, IDs PNP0b00 (active)
[    0.748388] kernel: system 00:03: [io  0x0290-0x029f] has been reserved
[    0.748391] kernel: system 00:03: [io  0x0200-0x021f] has been reserved
[    0.748394] kernel: system 00:03: Plug and Play ACPI device, IDs PNP0c02 (active)
[    0.748638] kernel: pnp 00:04: [dma 0 disabled]
[    0.748661] kernel: pnp 00:04: Plug and Play ACPI device, IDs PNP0501 (active)
[    0.748909] kernel: system 00:05: [io  0x04d0-0x04d1] has been reserved
[    0.748911] kernel: system 00:05: [io  0x040b] has been reserved
[    0.748913] kernel: system 00:05: [io  0x04d6] has been reserved
[    0.748916] kernel: system 00:05: [io  0x0c00-0x0c01] has been reserved
[    0.748918] kernel: system 00:05: [io  0x0c14] has been reserved
[    0.748920] kernel: system 00:05: [io  0x0c50-0x0c51] has been reserved
[    0.748922] kernel: system 00:05: [io  0x0c52] has been reserved
[    0.748924] kernel: system 00:05: [io  0x0c6c] has been reserved
[    0.748925] kernel: system 00:05: [io  0x0c6f] has been reserved
[    0.748927] kernel: system 00:05: [io  0x0cd8-0x0cdf] has been reserved
[    0.748929] kernel: system 00:05: [io  0x0800-0x089f] has been reserved
[    0.748931] kernel: system 00:05: [io  0x0b00-0x0b0f] has been reserved
[    0.748933] kernel: system 00:05: [io  0x0b20-0x0b3f] has been reserved
[    0.748935] kernel: system 00:05: [io  0x0900-0x090f] has been reserved
[    0.748937] kernel: system 00:05: [io  0x0910-0x091f] has been reserved
[    0.748939] kernel: system 00:05: [mem 0xfec00000-0xfec00fff] could not be reserved
[    0.748941] kernel: system 00:05: [mem 0xfec01000-0xfec01fff] could not be reserved
[    0.748943] kernel: system 00:05: [mem 0xfedc0000-0xfedc0fff] has been reserved
[    0.748945] kernel: system 00:05: [mem 0xfee00000-0xfee00fff] has been reserved
[    0.748947] kernel: system 00:05: [mem 0xfed80000-0xfed8ffff] could not be reserved
[    0.748949] kernel: system 00:05: [mem 0xfec10000-0xfec10fff] has been reserved
[    0.748951] kernel: system 00:05: [mem 0xff000000-0xffffffff] has been reserved
[    0.748955] kernel: system 00:05: Plug and Play ACPI device, IDs PNP0c02 (active)
[    0.749561] kernel: pnp: PnP ACPI: found 6 devices
[    0.755035] kernel: clocksource: acpi_pm: mask: 0xffffff max_cycles: 0xffffff, max_idle_ns: 2085701024 ns
[    0.755075] kernel: NET: Registered protocol family 2
[    0.755284] kernel: tcp_listen_portaddr_hash hash table entries: 32768 (order: 7, 524288 bytes, linear)
[    0.755583] kernel: TCP established hash table entries: 524288 (order: 10, 4194304 bytes, linear)
[    0.755942] kernel: TCP bind hash table entries: 65536 (order: 8, 1048576 bytes, linear)
[    0.755993] kernel: TCP: Hash tables configured (established 524288 bind 65536)
[    0.756149] kernel: MPTCP token hash table entries: 65536 (order: 8, 1572864 bytes, linear)
[    0.756255] kernel: UDP hash table entries: 32768 (order: 8, 1048576 bytes, linear)
[    0.756359] kernel: UDP-Lite hash table entries: 32768 (order: 8, 1048576 bytes, linear)
[    0.756445] kernel: NET: Registered protocol family 1
[    0.756448] kernel: NET: Registered protocol family 44
[    0.756455] kernel: pci 0000:00:01.1: PCI bridge to [bus 01]
[    0.756459] kernel: pci 0000:00:01.1:   bridge window [mem 0xfc900000-0xfc9fffff]
[    0.756465] kernel: pci 0000:03:00.0: PCI bridge to [bus 04]
[    0.756467] kernel: pci 0000:03:00.0:   bridge window [io  0xf000-0xffff]
[    0.756472] kernel: pci 0000:03:00.0:   bridge window [mem 0xfb000000-0xfc0fffff]
[    0.756475] kernel: pci 0000:03:00.0:   bridge window [mem 0xe0000000-0xe9ffffff 64bit pref]
[    0.756481] kernel: pci 0000:03:04.0: PCI bridge to [bus 05]
[    0.756485] kernel: pci 0000:03:04.0:   bridge window [mem 0xfc300000-0xfc3fffff]
[    0.756493] kernel: pci 0000:03:08.0: PCI bridge to [bus 06]
[    0.756504] kernel: pci 0000:03:09.0: PCI bridge to [bus 07]
[    0.756506] kernel: pci 0000:03:09.0:   bridge window [io  0xe000-0xefff]
[    0.756510] kernel: pci 0000:03:09.0:   bridge window [mem 0xfc200000-0xfc2fffff]
[    0.756518] kernel: pci 0000:02:00.2: PCI bridge to [bus 03-07]
[    0.756520] kernel: pci 0000:02:00.2:   bridge window [io  0xe000-0xffff]
[    0.756524] kernel: pci 0000:02:00.2:   bridge window [mem 0xfb000000-0xfc3fffff]
[    0.756527] kernel: pci 0000:02:00.2:   bridge window [mem 0xe0000000-0xe9ffffff 64bit pref]
[    0.756533] kernel: pci 0000:00:01.2: PCI bridge to [bus 02-07]
[    0.756534] kernel: pci 0000:00:01.2:   bridge window [io  0xe000-0xffff]
[    0.756537] kernel: pci 0000:00:01.2:   bridge window [mem 0xfb000000-0xfc4fffff]
[    0.756540] kernel: pci 0000:00:01.2:   bridge window [mem 0xe0000000-0xe9ffffff 64bit pref]
[    0.756543] kernel: pci 0000:00:07.1: PCI bridge to [bus 08]
[    0.756550] kernel: pci 0000:00:08.1: PCI bridge to [bus 09]
[    0.756552] kernel: pci 0000:00:08.1:   bridge window [mem 0xfc600000-0xfc8fffff]
[    0.756557] kernel: pci_bus 0000:00: resource 4 [io  0x0000-0x03af window]
[    0.756558] kernel: pci_bus 0000:00: resource 5 [io  0x03e0-0x0cf7 window]
[    0.756559] kernel: pci_bus 0000:00: resource 6 [io  0x03b0-0x03df window]
[    0.756560] kernel: pci_bus 0000:00: resource 7 [io  0x0d00-0xffff window]
[    0.756561] kernel: pci_bus 0000:00: resource 8 [mem 0x000a0000-0x000bffff window]
[    0.756562] kernel: pci_bus 0000:00: resource 9 [mem 0x000c0000-0x000dffff window]
[    0.756563] kernel: pci_bus 0000:00: resource 10 [mem 0xd0000000-0xfec2ffff window]
[    0.756564] kernel: pci_bus 0000:00: resource 11 [mem 0xfee00000-0xffffffff window]
[    0.756565] kernel: pci_bus 0000:01: resource 1 [mem 0xfc900000-0xfc9fffff]
[    0.756566] kernel: pci_bus 0000:02: resource 0 [io  0xe000-0xffff]
[    0.756567] kernel: pci_bus 0000:02: resource 1 [mem 0xfb000000-0xfc4fffff]
[    0.756568] kernel: pci_bus 0000:02: resource 2 [mem 0xe0000000-0xe9ffffff 64bit pref]
[    0.756569] kernel: pci_bus 0000:03: resource 0 [io  0xe000-0xffff]
[    0.756570] kernel: pci_bus 0000:03: resource 1 [mem 0xfb000000-0xfc3fffff]
[    0.756571] kernel: pci_bus 0000:03: resource 2 [mem 0xe0000000-0xe9ffffff 64bit pref]
[    0.756572] kernel: pci_bus 0000:04: resource 0 [io  0xf000-0xffff]
[    0.756573] kernel: pci_bus 0000:04: resource 1 [mem 0xfb000000-0xfc0fffff]
[    0.756574] kernel: pci_bus 0000:04: resource 2 [mem 0xe0000000-0xe9ffffff 64bit pref]
[    0.756575] kernel: pci_bus 0000:05: resource 1 [mem 0xfc300000-0xfc3fffff]
[    0.756576] kernel: pci_bus 0000:07: resource 0 [io  0xe000-0xefff]
[    0.756577] kernel: pci_bus 0000:07: resource 1 [mem 0xfc200000-0xfc2fffff]
[    0.756578] kernel: pci_bus 0000:09: resource 1 [mem 0xfc600000-0xfc8fffff]
[    0.756740] kernel: pci 0000:04:00.0: Video device with shadowed ROM at [mem 0x000c0000-0x000dffff]
[    0.756762] kernel: pci 0000:04:00.1: D0 power state depends on 0000:04:00.0
[    0.756915] kernel: PCI: CLS 64 bytes, default 64
[    0.756941] kernel: Trying to unpack rootfs image as initramfs...
[    0.859737] kernel: Freeing initrd memory: 99920K
[    0.859828] kernel: pci 0000:00:00.2: AMD-Vi: IOMMU performance counters supported
[    0.859871] kernel: pci 0000:00:01.0: Adding to iommu group 0
[    0.859878] kernel: pci 0000:00:01.1: Adding to iommu group 1
[    0.859885] kernel: pci 0000:00:01.2: Adding to iommu group 2
[    0.859892] kernel: pci 0000:00:02.0: Adding to iommu group 3
[    0.859898] kernel: pci 0000:00:03.0: Adding to iommu group 4
[    0.859905] kernel: pci 0000:00:04.0: Adding to iommu group 5
[    0.859911] kernel: pci 0000:00:05.0: Adding to iommu group 6
[    0.859919] kernel: pci 0000:00:07.0: Adding to iommu group 7
[    0.859925] kernel: pci 0000:00:07.1: Adding to iommu group 8
[    0.859933] kernel: pci 0000:00:08.0: Adding to iommu group 9
[    0.859939] kernel: pci 0000:00:08.1: Adding to iommu group 10
[    0.859948] kernel: pci 0000:00:14.0: Adding to iommu group 11
[    0.859953] kernel: pci 0000:00:14.3: Adding to iommu group 11
[    0.859970] kernel: pci 0000:00:18.0: Adding to iommu group 12
[    0.859974] kernel: pci 0000:00:18.1: Adding to iommu group 12
[    0.859979] kernel: pci 0000:00:18.2: Adding to iommu group 12
[    0.859984] kernel: pci 0000:00:18.3: Adding to iommu group 12
[    0.859989] kernel: pci 0000:00:18.4: Adding to iommu group 12
[    0.859994] kernel: pci 0000:00:18.5: Adding to iommu group 12
[    0.859999] kernel: pci 0000:00:18.6: Adding to iommu group 12
[    0.860003] kernel: pci 0000:00:18.7: Adding to iommu group 12
[    0.860010] kernel: pci 0000:01:00.0: Adding to iommu group 13
[    0.860020] kernel: pci 0000:02:00.0: Adding to iommu group 14
[    0.860027] kernel: pci 0000:02:00.1: Adding to iommu group 14
[    0.860033] kernel: pci 0000:02:00.2: Adding to iommu group 14
[    0.860036] kernel: pci 0000:03:00.0: Adding to iommu group 14
[    0.860040] kernel: pci 0000:03:04.0: Adding to iommu group 14
[    0.860044] kernel: pci 0000:03:08.0: Adding to iommu group 14
[    0.860047] kernel: pci 0000:03:09.0: Adding to iommu group 14
[    0.860050] kernel: pci 0000:04:00.0: Adding to iommu group 14
[    0.860053] kernel: pci 0000:04:00.1: Adding to iommu group 14
[    0.860057] kernel: pci 0000:05:00.0: Adding to iommu group 14
[    0.860060] kernel: pci 0000:07:00.0: Adding to iommu group 14
[    0.860066] kernel: pci 0000:08:00.0: Adding to iommu group 15
[    0.860074] kernel: pci 0000:09:00.0: Adding to iommu group 16
[    0.860081] kernel: pci 0000:09:00.1: Adding to iommu group 17
[    0.860089] kernel: pci 0000:09:00.3: Adding to iommu group 18
[    0.860097] kernel: pci 0000:09:00.4: Adding to iommu group 19
[    0.862698] kernel: pci 0000:00:00.2: AMD-Vi: Found IOMMU cap 0x40
[    0.862699] kernel: pci 0000:00:00.2: AMD-Vi: Extended features (0x58f77ef22294a5a):
[    0.862701] kernel:  PPR NX GT IA PC GA_vAPIC
[    0.862703] kernel: AMD-Vi: Interrupt remapping enabled
[    0.862766] kernel: AMD-Vi: Lazy IO/TLB flushing enabled
[    0.863148] kernel: amd_uncore: 4  amd_df counters detected
[    0.863152] kernel: amd_uncore: 6  amd_l3 counters detected
[    0.863653] kernel: LVT offset 0 assigned for vector 0x400
[    0.863839] kernel: perf: AMD IBS detected (0x000003ff)
[    0.863843] kernel: perf/amd_iommu: Detected AMD IOMMU #0 (2 banks, 4 counters/bank).
[    0.863870] kernel: check: Scanning for low memory corruption every 60 seconds
[    0.864203] kernel: Initialise system trusted keyrings
[    0.864211] kernel: Key type blacklist registered
[    0.864233] kernel: workingset: timestamp_bits=36 max_order=24 bucket_order=0
[    0.864666] kernel: zbud: loaded
[    0.864806] kernel: squashfs: version 4.0 (2009/01/31) Phillip Lougher
[    0.864870] kernel: fuse: init (API version 7.33)
[    0.864968] kernel: integrity: Platform Keyring initialized
[    0.867258] kernel: Key type asymmetric registered
[    0.867259] kernel: Asymmetric key parser 'x509' registered
[    0.867265] kernel: Block layer SCSI generic (bsg) driver version 0.4 loaded (major 243)
[    0.867291] kernel: io scheduler mq-deadline registered
[    0.867991] kernel: pcieport 0000:00:01.1: AER: enabled with IRQ 26
[    0.868126] kernel: pcieport 0000:00:01.2: AER: enabled with IRQ 27
[    0.868309] kernel: pcieport 0000:00:07.1: AER: enabled with IRQ 29
[    0.868408] kernel: pcieport 0000:00:08.1: AER: enabled with IRQ 30
[    0.869016] kernel: shpchp: Standard Hot Plug PCI Controller Driver version: 0.4
[    0.869044] kernel: efifb: probing for efifb
[    0.869062] kernel: efifb: framebuffer at 0xe0000000, using 8100k, total 8100k
[    0.869063] kernel: efifb: mode is 1920x1080x32, linelength=7680, pages=1
[    0.869065] kernel: efifb: scrolling: redraw
[    0.869065] kernel: efifb: Truecolor: size=8:8:8:8, shift=24:16:8:0
[    0.869115] kernel: Console: switching to colour frame buffer device 240x67
[    0.880191] kernel: fb0: EFI VGA frame buffer device
[    0.880316] kernel: input: Power Button as /devices/LNXSYSTM:00/LNXSYBUS:00/PNP0C0C:00/input/input0
[    0.880383] kernel: ACPI: Power Button [PWRB]
[    0.880418] kernel: input: Power Button as /devices/LNXSYSTM:00/LNXPWRBN:00/input/input1
[    0.880502] kernel: ACPI: Power Button [PWRF]
[    0.882408] kernel: smpboot: Estimated ratio of average max frequency by base frequency (times 1024): 1577
[    0.882480] kernel: Monitor-Mwait will be used to enter C-1 state
[    0.882485] kernel: ACPI: \_SB_.PLTF.C000: Found 2 idle states
[    0.882580] kernel: ACPI: \_SB_.PLTF.C002: Found 2 idle states
[    0.882662] kernel: ACPI: \_SB_.PLTF.C004: Found 2 idle states
[    0.882766] kernel: ACPI: \_SB_.PLTF.C006: Found 2 idle states
[    0.882869] kernel: ACPI: \_SB_.PLTF.C008: Found 2 idle states
[    0.882970] kernel: ACPI: \_SB_.PLTF.C00A: Found 2 idle states
[    0.883077] kernel: ACPI: \_SB_.PLTF.C00C: Found 2 idle states
[    0.883179] kernel: ACPI: \_SB_.PLTF.C00E: Found 2 idle states
[    0.883267] kernel: ACPI: \_SB_.PLTF.C010: Found 2 idle states
[    0.883382] kernel: ACPI: \_SB_.PLTF.C012: Found 2 idle states
[    0.883495] kernel: ACPI: \_SB_.PLTF.C014: Found 2 idle states
[    0.883595] kernel: ACPI: \_SB_.PLTF.C016: Found 2 idle states
[    0.883694] kernel: ACPI: \_SB_.PLTF.C018: Found 2 idle states
[    0.883793] kernel: ACPI: \_SB_.PLTF.C01A: Found 2 idle states
[    0.883893] kernel: ACPI: \_SB_.PLTF.C01C: Found 2 idle states
[    0.883996] kernel: ACPI: \_SB_.PLTF.C01E: Found 2 idle states
[    0.884066] kernel: ACPI: \_SB_.PLTF.C001: Found 2 idle states
[    0.884136] kernel: ACPI: \_SB_.PLTF.C003: Found 2 idle states
[    0.884201] kernel: ACPI: \_SB_.PLTF.C005: Found 2 idle states
[    0.884293] kernel: ACPI: \_SB_.PLTF.C007: Found 2 idle states
[    0.884379] kernel: ACPI: \_SB_.PLTF.C009: Found 2 idle states
[    0.884471] kernel: ACPI: \_SB_.PLTF.C00B: Found 2 idle states
[    0.884564] kernel: ACPI: \_SB_.PLTF.C00D: Found 2 idle states
[    0.884654] kernel: ACPI: \_SB_.PLTF.C00F: Found 2 idle states
[    0.884741] kernel: ACPI: \_SB_.PLTF.C011: Found 2 idle states
[    0.884838] kernel: ACPI: \_SB_.PLTF.C013: Found 2 idle states
[    0.884933] kernel: ACPI: \_SB_.PLTF.C015: Found 2 idle states
[    0.885028] kernel: ACPI: \_SB_.PLTF.C017: Found 2 idle states
[    0.885127] kernel: ACPI: \_SB_.PLTF.C019: Found 2 idle states
[    0.885222] kernel: ACPI: \_SB_.PLTF.C01B: Found 2 idle states
[    0.885315] kernel: ACPI: \_SB_.PLTF.C01D: Found 2 idle states
[    0.885403] kernel: ACPI: \_SB_.PLTF.C01F: Found 2 idle states
[    0.885563] kernel: Serial: 8250/16550 driver, 32 ports, IRQ sharing enabled
[    0.906149] kernel: 00:04: ttyS0 at I/O 0x3f8 (irq = 4, base_baud = 115200) is a 16550A
[    0.907486] kernel: Linux agpgart interface v0.103
[    0.910768] kernel: loop: module loaded
[    0.912427] kernel: libphy: Fixed MDIO Bus: probed
[    0.913939] kernel: tun: Universal TUN/TAP device driver, 1.6
[    0.915471] kernel: PPP generic driver version 2.4.2
[    0.917003] kernel: VFIO - User Level meta-driver version: 0.3
[    0.918541] kernel: ehci_hcd: USB 2.0 'Enhanced' Host Controller (EHCI) Driver
[    0.920059] kernel: ehci-pci: EHCI PCI platform driver
[    0.921579] kernel: ehci-platform: EHCI generic platform driver
[    0.923088] kernel: ohci_hcd: USB 1.1 'Open' Host Controller (OHCI) Driver
[    0.924614] kernel: ohci-pci: OHCI PCI platform driver
[    0.926140] kernel: ohci-platform: OHCI generic platform driver
[    0.927666] kernel: uhci_hcd: USB Universal Host Controller Interface driver
[    0.929213] kernel: i8042: PNP: No PS/2 controller found.
[    0.930741] kernel: mousedev: PS/2 mouse device common for all mice
[    0.932308] kernel: rtc_cmos 00:02: RTC can wake from S4
[    0.933960] kernel: rtc_cmos 00:02: registered as rtc0
[    0.935540] kernel: rtc_cmos 00:02: setting system clock to 2021-05-08T23:38:28 UTC (1620517108)
[    0.937132] kernel: rtc_cmos 00:02: alarms up to one month, y3k, 114 bytes nvram, hpet irqs
[    0.938755] kernel: i2c /dev entries driver
[    0.940369] kernel: device-mapper: uevent: version 1.0.3
[    0.941978] kernel: device-mapper: ioctl: 4.43.0-ioctl (2020-10-01) initialised: dm-devel@redhat.com
[    0.943617] kernel: platform eisa.0: Probing EISA bus 0
[    0.945242] kernel: platform eisa.0: EISA: Cannot allocate resource for mainboard
[    0.946887] kernel: platform eisa.0: Cannot allocate resource for EISA slot 1
[    0.948538] kernel: platform eisa.0: Cannot allocate resource for EISA slot 2
[    0.950155] kernel: platform eisa.0: Cannot allocate resource for EISA slot 3
[    0.951736] kernel: platform eisa.0: Cannot allocate resource for EISA slot 4
[    0.953268] kernel: platform eisa.0: Cannot allocate resource for EISA slot 5
[    0.954746] kernel: platform eisa.0: Cannot allocate resource for EISA slot 6
[    0.956181] kernel: platform eisa.0: Cannot allocate resource for EISA slot 7
[    0.957572] kernel: platform eisa.0: Cannot allocate resource for EISA slot 8
[    0.958910] kernel: platform eisa.0: EISA: Detected 0 cards
[    0.960400] kernel: ledtrig-cpu: registered to indicate activity on CPUs
[    0.961734] kernel: EFI Variables Facility v0.08 2004-May-17
[    0.965066] kernel: drop_monitor: Initializing network drop monitor service
[    0.966537] kernel: NET: Registered protocol family 10
[    0.970275] kernel: Segment Routing with IPv6
[    0.971727] kernel: NET: Registered protocol family 17
[    0.973227] kernel: Key type dns_resolver registered
[    0.975757] kernel: microcode: CPU0: patch_level=0x0a201009
[    0.977287] kernel: microcode: CPU1: patch_level=0x0a201009
[    0.978818] kernel: microcode: CPU2: patch_level=0x0a201009
[    0.980352] kernel: microcode: CPU3: patch_level=0x0a201009
[    0.981889] kernel: microcode: CPU4: patch_level=0x0a201009
[    0.983427] kernel: microcode: CPU5: patch_level=0x0a201009
[    0.984967] kernel: microcode: CPU6: patch_level=0x0a201009
[    0.986507] kernel: microcode: CPU7: patch_level=0x0a201009
[    0.988050] kernel: microcode: CPU8: patch_level=0x0a201009
[    0.989592] kernel: microcode: CPU9: patch_level=0x0a201009
[    0.991134] kernel: microcode: CPU10: patch_level=0x0a201009
[    0.992696] kernel: microcode: CPU11: patch_level=0x0a201009
[    0.994260] kernel: microcode: CPU12: patch_level=0x0a201009
[    0.995824] kernel: microcode: CPU13: patch_level=0x0a201009
[    0.997390] kernel: microcode: CPU14: patch_level=0x0a201009
[    0.998957] kernel: microcode: CPU15: patch_level=0x0a201009
[    1.000524] kernel: microcode: CPU16: patch_level=0x0a201009
[    1.002095] kernel: microcode: CPU17: patch_level=0x0a201009
[    1.003666] kernel: microcode: CPU18: patch_level=0x0a201009
[    1.005240] kernel: microcode: CPU19: patch_level=0x0a201009
[    1.006813] kernel: microcode: CPU20: patch_level=0x0a201009
[    1.008389] kernel: microcode: CPU21: patch_level=0x0a201009
[    1.009966] kernel: microcode: CPU22: patch_level=0x0a201009
[    1.011542] kernel: microcode: CPU23: patch_level=0x0a201009
[    1.013123] kernel: microcode: CPU24: patch_level=0x0a201009
[    1.014668] kernel: microcode: CPU25: patch_level=0x0a201009
[    1.016167] kernel: microcode: CPU26: patch_level=0x0a201009
[    1.017624] kernel: microcode: CPU27: patch_level=0x0a201009
[    1.019065] kernel: microcode: CPU28: patch_level=0x0a201009
[    1.020486] kernel: microcode: CPU29: patch_level=0x0a201009
[    1.021882] kernel: microcode: CPU30: patch_level=0x0a201009
[    1.023253] kernel: microcode: CPU31: patch_level=0x0a201009
[    1.024608] kernel: microcode: Microcode Update Driver: v2.2.
[    1.024829] kernel: resctrl: L3 allocation detected
[    1.027455] kernel: resctrl: L3DATA allocation detected
[    1.028760] kernel: resctrl: L3CODE allocation detected
[    1.030039] kernel: resctrl: MB allocation detected
[    1.031293] kernel: resctrl: L3 monitoring detected
[    1.032538] kernel: IPI shorthand broadcast: enabled
[    1.033777] kernel: sched_clock: Marking stable (721400770, 312367456)->(1141738252, -107970026)
[    1.035181] kernel: registered taskstats version 1
[    1.036435] kernel: Loading compiled-in X.509 certificates
[    1.038011] kernel: Loaded X.509 cert 'Build time autogenerated kernel key: e84fcfc1cd7b8ac76be251a8773c0d32e939b279'
[    1.039594] kernel: Loaded X.509 cert 'Canonical Ltd. Live Patch Signing: 14df34d1a87cf37625abec039ef2bf521249b969'
[    1.041184] kernel: Loaded X.509 cert 'Canonical Ltd. Kernel Module Signing: 88f752e560a1e0737e31163a466ad7b70a850c19'
[    1.043214] kernel: zswap: loaded using pool lzo/zbud
[    1.044716] kernel: Key type ._fscrypt registered
[    1.046043] kernel: Key type .fscrypt registered
[    1.047347] kernel: Key type fscrypt-provisioning registered
[    1.049710] kernel: Key type encrypted registered
[    1.050960] kernel: AppArmor: AppArmor sha1 policy hashing enabled
[    1.052289] kernel: integrity: Loading X.509 certificate: UEFI:db
[    1.053710] kernel: integrity: Loaded X.509 cert 'ASUSTeK MotherBoard SW Key Certificate: da83b990422ebc8c441f8d8b039a65a2'
[    1.055098] kernel: integrity: Loading X.509 certificate: UEFI:db
[    1.056588] kernel: integrity: Loaded X.509 cert 'ASUSTeK Notebook SW Key Certificate: b8e581e4df77a5bb4282d5ccfc00c071'
[    1.058085] kernel: integrity: Loading X.509 certificate: UEFI:db
[    1.059613] kernel: integrity: Loaded X.509 cert 'Microsoft Corporation UEFI CA 2011: 13adbf4309bd82709c8cd54f316ed522988a1bd4'
[    1.061228] kernel: integrity: Loading X.509 certificate: UEFI:db
[    1.062872] kernel: integrity: Loaded X.509 cert 'Microsoft Windows Production PCA 2011: a92902398e16c49778cd90f99e4f9ae17c55af53'
[    1.064584] kernel: integrity: Loading X.509 certificate: UEFI:db
[    1.066364] kernel: integrity: Loaded X.509 cert 'Canonical Ltd. Master Certificate Authority: ad91990bc22ab1f517048c23b6655a268e345a63'
[    1.068247] kernel: integrity: Loading X.509 certificate: UEFI:MokListRT (MOKvar table)
[    1.070096] kernel: integrity: Loaded X.509 cert 'Canonical Ltd. Master Certificate Authority: ad91990bc22ab1f517048c23b6655a268e345a63'
[    1.071933] kernel: ima: No TPM chip found, activating TPM-bypass!
[    1.073786] kernel: ima: Allocated hash algorithm: sha1
[    1.075636] kernel: ima: No architecture policies found
[    1.077484] kernel: evm: Initialising EVM extended attributes:
[    1.079330] kernel: evm: security.selinux
[    1.081193] kernel: evm: security.SMACK64
[    1.083058] kernel: evm: security.SMACK64EXEC
[    1.084929] kernel: evm: security.SMACK64TRANSMUTE
[    1.086809] kernel: evm: security.SMACK64MMAP
[    1.088689] kernel: evm: security.apparmor
[    1.090575] kernel: evm: security.ima
[    1.092462] kernel: evm: security.capability
[    1.094361] kernel: evm: HMAC attrs: 0x1
[    1.096457] kernel: PM:   Magic number: 5:616:655
[    1.225090] kernel: RAS: Correctable Errors collector initialized.
[    1.227730] kernel: Freeing unused decrypted memory: 2036K
[    1.229999] kernel: Freeing unused kernel image (initmem) memory: 2688K
[    1.237066] kernel: Write protecting the kernel read-only data: 28672k
[    1.239536] kernel: Freeing unused kernel image (text/rodata gap) memory: 2036K
[    1.241740] kernel: Freeing unused kernel image (rodata/data gap) memory: 92K
[    1.264262] kernel: x86/mm: Checked W+X mappings: passed, no W+X pages found.
[    1.266388] kernel: Run /init as init process
[    1.268521] kernel:   with arguments:
[    1.268521] kernel:     /init
[    1.268522] kernel:   with environment:
[    1.268522] kernel:     HOME=/
[    1.268522] kernel:     TERM=linux
[    1.268523] kernel:     BOOT_IMAGE=/boot/vmlinuz-5.11.0-16-generic
[    1.314141] kernel: acpi PNP0C14:01: duplicate WMI GUID 05901221-D566-11D1-B2F0-00A0C9062910 (first instance was on PNP0C14:00)
[    1.315186] kernel: xhci_hcd 0000:02:00.0: xHCI Host Controller
[    1.316694] kernel: acpi PNP0C14:02: duplicate WMI GUID 05901221-D566-11D1-B2F0-00A0C9062910 (first instance was on PNP0C14:00)
[    1.318789] kernel: xhci_hcd 0000:02:00.0: new USB bus registered, assigned bus number 1
[    1.321411] kernel: acpi PNP0C14:03: duplicate WMI GUID 05901221-D566-11D1-B2F0-00A0C9062910 (first instance was on PNP0C14:00)
[    1.326389] kernel: piix4_smbus 0000:00:14.0: SMBus Host Controller at 0xb00, revision 0
[    1.326441] kernel: acpi PNP0C14:04: duplicate WMI GUID 05901221-D566-11D1-B2F0-00A0C9062910 (first instance was on PNP0C14:00)
[    1.329014] kernel: piix4_smbus 0000:00:14.0: Using register 0x02 for SMBus port selection
[    1.334615] kernel: piix4_smbus 0000:00:14.0: Auxiliary SMBus Host Controller at 0xb20
[    1.337900] kernel: ahci 0000:02:00.1: version 3.0
[    1.338016] kernel: ahci 0000:02:00.1: SSS flag set, parallel bus scan disabled
[    1.340884] kernel: ahci 0000:02:00.1: AHCI 0001.0301 32 slots 6 ports 6 Gbps 0x3f impl SATA mode
[    1.343751] kernel: ahci 0000:02:00.1: flags: 64bit ncq sntf stag pm led clo only pmp pio slum part sxs deso sadm sds apst 
[    1.346791] kernel: cryptd: max_cpu_qlen set to 1000
[    1.347183] kernel: scsi host0: ahci
[    1.354126] kernel: nvme nvme0: pci function 0000:01:00.0
[    1.357285] kernel: nvme nvme1: pci function 0000:05:00.0
[    1.357286] kernel: AVX2 version of gcm_enc/dec engaged.
[    1.357288] kernel: AES CTR mode by8 optimization enabled
[    1.357335] kernel: scsi host1: ahci
[    1.358002] kernel: scsi host2: ahci
[    1.358139] kernel: scsi host3: ahci
[    1.358398] kernel: scsi host4: ahci
[    1.358585] kernel: scsi host5: ahci
[    1.358631] kernel: ata1: SATA max UDMA/133 abar m131072@0xfc480000 port 0xfc480100 irq 39
[    1.358643] kernel: ata2: SATA max UDMA/133 abar m131072@0xfc480000 port 0xfc480180 irq 39
[    1.358653] kernel: ata3: SATA max UDMA/133 abar m131072@0xfc480000 port 0xfc480200 irq 39
[    1.358662] kernel: ata4: SATA max UDMA/133 abar m131072@0xfc480000 port 0xfc480280 irq 39
[    1.358670] kernel: ata5: SATA max UDMA/133 abar m131072@0xfc480000 port 0xfc480300 irq 39
[    1.358691] kernel: ata6: SATA max UDMA/133 abar m131072@0xfc480000 port 0xfc480380 irq 39
[    1.370461] kernel: nvme nvme0: 32/0/0 default/read/poll queues
[    1.371486] kernel: libphy: r8169: probed
[    1.371998] kernel: r8169 0000:07:00.0 eth0: RTL8168h/8111h, f0:2f:74:33:d7:c4, XID 541, IRQ 75
[    1.379443] kernel: xhci_hcd 0000:02:00.0: hcc params 0x0200ef81 hci version 0x110 quirks 0x0000000000000410
[    1.380099] kernel: r8169 0000:07:00.0 eth0: jumbo features [frames: 9194 bytes, tx checksumming: ko]
[    1.380252] kernel: nvme nvme1: 32/0/0 default/read/poll queues
[    1.384044] kernel: usb usb1: New USB device found, idVendor=1d6b, idProduct=0002, bcdDevice= 5.11
[    1.390495] kernel: r8169 0000:07:00.0 enp7s0: renamed from eth0
[    1.390846] kernel: usb usb1: New USB device strings: Mfr=3, Product=2, SerialNumber=1
[    1.419536] kernel: usb usb1: Product: xHCI Host Controller
[    1.422069] kernel: usb usb1: Manufacturer: Linux 5.11.0-16-generic xhci-hcd
[    1.424581] kernel: usb usb1: SerialNumber: 0000:02:00.0
[    1.427128] kernel: hub 1-0:1.0: USB hub found
[    1.429555] kernel: hub 1-0:1.0: 10 ports detected
[    1.435092] kernel: xhci_hcd 0000:02:00.0: xHCI Host Controller
[    1.437467] kernel: xhci_hcd 0000:02:00.0: new USB bus registered, assigned bus number 2
[    1.439837] kernel: xhci_hcd 0000:02:00.0: Host supports USB 3.1 Enhanced SuperSpeed
[    1.442246] kernel: usb usb2: We don't know the algorithms for LPM for this host, disabling LPM.
[    1.444658] kernel: usb usb2: New USB device found, idVendor=1d6b, idProduct=0003, bcdDevice= 5.11
[    1.447101] kernel: usb usb2: New USB device strings: Mfr=3, Product=2, SerialNumber=1
[    1.449590] kernel: usb usb2: Product: xHCI Host Controller
[    1.452073] kernel: usb usb2: Manufacturer: Linux 5.11.0-16-generic xhci-hcd
[    1.454602] kernel: usb usb2: SerialNumber: 0000:02:00.0
[    1.457341] kernel: hub 2-0:1.0: USB hub found
[    1.459890] kernel: hub 2-0:1.0: 4 ports detected
[    1.464600] kernel: xhci_hcd 0000:09:00.3: xHCI Host Controller
[    1.467327] kernel: xhci_hcd 0000:09:00.3: new USB bus registered, assigned bus number 3
[    1.470082] kernel: xhci_hcd 0000:09:00.3: hcc params 0x0278ffe5 hci version 0x110 quirks 0x0000000000000410
[    1.473037] kernel: usb usb3: New USB device found, idVendor=1d6b, idProduct=0002, bcdDevice= 5.11
[    1.475679] kernel: usb usb3: New USB device strings: Mfr=3, Product=2, SerialNumber=1
[    1.478332] kernel: usb usb3: Product: xHCI Host Controller
[    1.480974] kernel: usb usb3: Manufacturer: Linux 5.11.0-16-generic xhci-hcd
[    1.483621] kernel: usb usb3: SerialNumber: 0000:09:00.3
[    1.486345] kernel: hub 3-0:1.0: USB hub found
[    1.489007] kernel: hub 3-0:1.0: 4 ports detected
[    1.491806] kernel: xhci_hcd 0000:09:00.3: xHCI Host Controller
[    1.494418] kernel: xhci_hcd 0000:09:00.3: new USB bus registered, assigned bus number 4
[    1.497070] kernel: xhci_hcd 0000:09:00.3: Host supports USB 3.1 Enhanced SuperSpeed
[    1.499706] kernel: usb usb4: We don't know the algorithms for LPM for this host, disabling LPM.
[    1.502295] kernel: usb usb4: New USB device found, idVendor=1d6b, idProduct=0003, bcdDevice= 5.11
[    1.504854] kernel: usb usb4: New USB device strings: Mfr=3, Product=2, SerialNumber=1
[    1.507380] kernel: usb usb4: Product: xHCI Host Controller
[    1.509856] kernel: usb usb4: Manufacturer: Linux 5.11.0-16-generic xhci-hcd
[    1.512306] kernel: usb usb4: SerialNumber: 0000:09:00.3
[    1.514762] kernel: hub 4-0:1.0: USB hub found
[    1.517098] kernel: hub 4-0:1.0: 4 ports detected
[    1.520335] kernel: checking generic (e0000000 7e9000) vs hw (fb000000 1000000)
[    1.520337] kernel: checking generic (e0000000 7e9000) vs hw (e0000000 8000000)
[    1.520338] kernel: fb0: switching to nouveaufb from EFI VGA
[    1.522688] kernel: Console: switching to colour dummy device 80x25
[    1.522709] kernel: nouveau 0000:04:00.0: vgaarb: deactivate vga console
[    1.522741] kernel: nouveau 0000:04:00.0: NVIDIA GK104 (0e4050a2)
[    1.647136] kernel: nouveau 0000:04:00.0: bios: version 80.04.27.00.2e
[    1.647998] kernel: nouveau 0000:04:00.0: fb: 1536 MiB GDDR5
[    1.758133] kernel: [TTM] Zone  kernel: Available graphics memory: 32913676 KiB
[    1.758136] kernel: [TTM] Zone   dma32: Available graphics memory: 2097152 KiB
[    1.758143] kernel: nouveau 0000:04:00.0: DRM: VRAM: 1536 MiB
[    1.758145] kernel: nouveau 0000:04:00.0: DRM: GART: 1048576 MiB
[    1.758147] kernel: nouveau 0000:04:00.0: DRM: TMDS table version 2.0
[    1.758149] kernel: nouveau 0000:04:00.0: DRM: DCB version 4.0
[    1.758150] kernel: nouveau 0000:04:00.0: DRM: DCB outp 00: 02000f00 00000000
[    1.758152] kernel: nouveau 0000:04:00.0: DRM: DCB outp 01: 01000f02 00020030
[    1.758153] kernel: nouveau 0000:04:00.0: DRM: DCB outp 02: 08011f82 00020030
[    1.758155] kernel: nouveau 0000:04:00.0: DRM: DCB outp 03: 02822f62 0f420010
[    1.758156] kernel: nouveau 0000:04:00.0: DRM: DCB conn 00: 00001030
[    1.758157] kernel: nouveau 0000:04:00.0: DRM: DCB conn 01: 00020131
[    1.758159] kernel: nouveau 0000:04:00.0: DRM: DCB conn 02: 00002261
[    1.758160] kernel: nouveau 0000:04:00.0: DRM: DCB conn 04: 00000460
[    1.763443] kernel: nouveau 0000:04:00.0: DRM: MM: using COPY for buffer copies
[    1.771787] kernel: usb 1-6: new full-speed USB device number 2 using xhci_hcd
[    1.839489] kernel: ata1: SATA link up 6.0 Gbps (SStatus 133 SControl 300)
[    1.840189] kernel: ata1.00: ATA-9: SanDisk SDSSDP128G, 3.2.0, max UDMA/133
[    1.840192] kernel: ata1.00: 246162672 sectors, multi 1: LBA48 NCQ (depth 32)
[    1.841205] kernel: ata1.00: configured for UDMA/133
[    1.841315] kernel: scsi 0:0:0:0: Direct-Access     ATA      SanDisk SDSSDP12 0    PQ: 0 ANSI: 5
[    1.841518] kernel: sd 0:0:0:0: Attached scsi generic sg0 type 0
[    1.841544] kernel: sd 0:0:0:0: [sda] 246162672 512-byte logical blocks: (126 GB/117 GiB)
[    1.841551] kernel: sd 0:0:0:0: [sda] Write Protect is off
[    1.841553] kernel: sd 0:0:0:0: [sda] Mode Sense: 00 3a 00 00
[    1.841559] kernel: sd 0:0:0:0: [sda] Write cache: enabled, read cache: enabled, doesn't support DPO or FUA
[    1.895495] kernel: tsc: Refined TSC clocksource calibration: 3393.582 MHz
[    1.895502] kernel: clocksource: tsc: mask: 0xffffffffffffffff max_cycles: 0x30eaa050421, max_idle_ns: 440795341116 ns
[    1.923889] kernel: clocksource: Switched to clocksource tsc
[    1.924438] kernel: nouveau 0000:04:00.0: DRM: allocated 1920x1080 fb: 0xa0000, bo 00000000a0cf8c9c
[    1.924981] kernel: fbcon: nouveaudrmfb (fb0) is primary device
[    1.989616] kernel:  sda: sda1 sda2
[    1.989856] kernel: sd 0:0:0:0: [sda] Attached SCSI disk
[    2.027262] kernel: Console: switching to colour frame buffer device 240x67
[    2.084878] kernel: nouveau 0000:04:00.0: [drm] fb0: nouveaudrmfb frame buffer device
[    2.087674] kernel: usb 1-6: config 1 has an invalid interface number: 2 but max is 1
[    2.087682] kernel: usb 1-6: config 1 has no interface number 1
[    2.099300] kernel: usb 1-6: New USB device found, idVendor=0b05, idProduct=1939, bcdDevice= 1.00
[    2.099306] kernel: usb 1-6: New USB device strings: Mfr=1, Product=2, SerialNumber=3
[    2.099311] kernel: usb 1-6: Product: AURA LED Controller
[    2.099315] kernel: usb 1-6: Manufacturer: AsusTek Computer Inc.
[    2.099338] kernel: usb 1-6: SerialNumber: 9876543210
[    2.111587] kernel: [drm] Initialized nouveau 1.3.1 20120801 for 0000:04:00.0 on minor 0
[    2.128243] kernel: usb 2-1: new SuperSpeed Gen 1 USB device number 2 using xhci_hcd
[    2.148208] kernel: usb 2-1: New USB device found, idVendor=1058, idProduct=25ed, bcdDevice=10.31
[    2.148214] kernel: usb 2-1: New USB device strings: Mfr=1, Product=2, SerialNumber=3
[    2.148219] kernel: usb 2-1: Product: My Book 25ED
[    2.148223] kernel: usb 2-1: Manufacturer: Western Digital
[    2.148226] kernel: usb 2-1: SerialNumber: 35504A5547445A46
[    2.155549] kernel: ata2: SATA link down (SStatus 0 SControl 300)
[    2.275485] kernel: usb 1-7: new high-speed USB device number 3 using xhci_hcd
[    2.450562] kernel: usb 1-7: New USB device found, idVendor=05e3, idProduct=0610, bcdDevice=60.60
[    2.450574] kernel: usb 1-7: New USB device strings: Mfr=0, Product=1, SerialNumber=0
[    2.450581] kernel: usb 1-7: Product: USB2.0 Hub
[    2.459554] kernel: hub 1-7:1.0: USB hub found
[    2.463527] kernel: hub 1-7:1.0: 4 ports detected
[    2.564253] kernel: usb 2-2: new SuperSpeed Gen 1 USB device number 3 using xhci_hcd
[    2.584254] kernel: usb 2-2: New USB device found, idVendor=1058, idProduct=25ed, bcdDevice=10.31
[    2.584266] kernel: usb 2-2: New USB device strings: Mfr=1, Product=2, SerialNumber=3
[    2.584273] kernel: usb 2-2: Product: My Book 25ED
[    2.584278] kernel: usb 2-2: Manufacturer: Western Digital
[    2.584282] kernel: usb 2-2: SerialNumber: 35504A56414B3546
[    2.612328] kernel: usb-storage 2-1:1.0: USB Mass Storage device detected
[    2.612475] kernel: scsi host6: usb-storage 2-1:1.0
[    2.612544] kernel: usb-storage 2-2:1.0: USB Mass Storage device detected
[    2.612680] kernel: scsi host7: usb-storage 2-2:1.0
[    2.612736] kernel: usbcore: registered new interface driver usb-storage
[    2.615737] kernel: usbcore: registered new interface driver uas
[    2.631496] kernel: ata3: SATA link up 6.0 Gbps (SStatus 133 SControl 300)
[    2.631939] kernel: ata3.00: ATA-9: SanDisk SSD PLUS 120GB, UE5100RL, max UDMA/133
[    2.631944] kernel: ata3.00: 234455040 sectors, multi 1: LBA48 NCQ (depth 32)
[    2.636869] kernel: ata3.00: configured for UDMA/133
[    2.636934] kernel: scsi 2:0:0:0: Direct-Access     ATA      SanDisk SSD PLUS 00RL PQ: 0 ANSI: 5
[    2.637372] kernel: sd 2:0:0:0: Attached scsi generic sg1 type 0
[    2.637395] kernel: sd 2:0:0:0: [sdb] 234455040 512-byte logical blocks: (120 GB/112 GiB)
[    2.637997] kernel: sd 2:0:0:0: [sdb] Write Protect is off
[    2.638292] kernel: sd 2:0:0:0: [sdb] Mode Sense: 00 3a 00 00
[    2.638298] kernel: sd 2:0:0:0: [sdb] Write cache: enabled, read cache: enabled, doesn't support DPO or FUA
[    2.663007] kernel:  sdb: sdb1 sdb2
[    2.663559] kernel: sd 2:0:0:0: [sdb] Attached SCSI disk
[    2.711812] kernel: usb 1-10: new high-speed USB device number 4 using xhci_hcd
[    2.889544] kernel: usb 1-10: New USB device found, idVendor=1058, idProduct=25ed, bcdDevice=10.31
[    2.889909] kernel: usb 1-10: New USB device strings: Mfr=1, Product=2, SerialNumber=3
[    2.890261] kernel: usb 1-10: Product: My Book 25ED
[    2.890614] kernel: usb 1-10: Manufacturer: Western Digital
[    2.890973] kernel: usb 1-10: SerialNumber: 35504A56324C3546
[    2.904570] kernel: usb-storage 1-10:1.0: USB Mass Storage device detected
[    2.905069] kernel: scsi host8: usb-storage 1-10:1.0
[    2.907558] kernel: hid: raw HID events driver (C) Jiri Kosina
[    2.915087] kernel: usbcore: registered new interface driver usbhid
[    2.915399] kernel: usbhid: USB HID core driver
[    2.917057] kernel: hid-generic 0003:0B05:1939.0001: hiddev0,hidraw0: USB HID v1.11 Device [AsusTek Computer Inc. AURA LED Controller] on usb-0000:02:00.0-6/input2
[    2.949805] kernel: ata4: SATA link down (SStatus 0 SControl 300)
[    3.623855] kernel: scsi 6:0:0:0: Direct-Access     WD       My Book 25ED     1031 PQ: 0 ANSI: 6
[    3.623923] kernel: scsi 7:0:0:0: Direct-Access     WD       My Book 25ED     1031 PQ: 0 ANSI: 6
[    3.624324] kernel: scsi 6:0:0:1: Enclosure         WD       SES Device       1031 PQ: 0 ANSI: 6
[    3.624670] kernel: scsi 7:0:0:1: Enclosure         WD       SES Device       1031 PQ: 0 ANSI: 6
[    3.627548] kernel: sd 6:0:0:0: Attached scsi generic sg2 type 0
[    3.627736] kernel: sd 6:0:0:0: [sdc] Very big device. Trying to use READ CAPACITY(16).
[    3.627938] kernel: scsi 6:0:0:1: Attached scsi generic sg3 type 13
[    3.628319] kernel: sd 6:0:0:0: [sdc] 23437770752 512-byte logical blocks: (12.0 TB/10.9 TiB)
[    3.628663] kernel: sd 7:0:0:0: Attached scsi generic sg4 type 0
[    3.628821] kernel: sd 7:0:0:0: [sdd] Very big device. Trying to use READ CAPACITY(16).
[    3.628861] kernel: sd 6:0:0:0: [sdc] 4096-byte physical blocks
[    3.628943] kernel: sd 7:0:0:0: [sdd] 23437770752 512-byte logical blocks: (12.0 TB/10.9 TiB)
[    3.628944] kernel: sd 7:0:0:0: [sdd] 4096-byte physical blocks
[    3.629285] kernel: scsi 7:0:0:1: Attached scsi generic sg5 type 13
[    3.629426] kernel: sd 7:0:0:0: [sdd] Write Protect is off
[    3.629427] kernel: sd 7:0:0:0: [sdd] Mode Sense: 47 00 10 08
[    3.630007] kernel: sd 7:0:0:0: [sdd] No Caching mode page found
[    3.630260] kernel: sd 6:0:0:0: [sdc] Write Protect is off
[    3.630521] kernel: sd 7:0:0:0: [sdd] Assuming drive cache: write through
[    3.630816] kernel: sd 6:0:0:0: [sdc] Mode Sense: 47 00 10 08
[    3.632515] kernel: sd 6:0:0:0: [sdc] No Caching mode page found
[    3.632815] kernel: sd 6:0:0:0: [sdc] Assuming drive cache: write through
[    3.633806] kernel: scsi 6:0:0:1: Wrong diagnostic page; asked for 1 got 8
[    3.634094] kernel: scsi 6:0:0:1: Failed to get diagnostic page 0x1
[    3.634391] kernel: scsi 6:0:0:1: Failed to bind enclosure -19
[    3.635103] kernel: scsi 7:0:0:1: Wrong diagnostic page; asked for 1 got 8
[    3.635386] kernel: scsi 7:0:0:1: Failed to get diagnostic page 0x1
[    3.635691] kernel: scsi 7:0:0:1: Failed to bind enclosure -19
[    3.674758] kernel: sd 6:0:0:0: [sdc] Attached SCSI disk
[    3.675149] kernel: ses 6:0:0:1: Attached Enclosure device
[    3.681232] kernel:  sdd: sdd1
[    3.682886] kernel: sd 7:0:0:0: [sdd] Attached SCSI disk
[    3.683178] kernel: ses 7:0:0:1: Attached Enclosure device
[    3.923792] kernel: scsi 8:0:0:0: Direct-Access     WD       My Book 25ED     1031 PQ: 0 ANSI: 6
[    3.924277] kernel: scsi 8:0:0:1: Enclosure         WD       SES Device       1031 PQ: 0 ANSI: 6
[    3.932773] kernel: sd 8:0:0:0: Attached scsi generic sg6 type 0
[    3.932975] kernel: sd 8:0:0:0: [sde] Very big device. Trying to use READ CAPACITY(16).
[    3.933135] kernel: ses 8:0:0:1: Attached Enclosure device
[    3.933570] kernel: sd 8:0:0:0: [sde] 23437770752 512-byte logical blocks: (12.0 TB/10.9 TiB)
[    3.933865] kernel: ses 8:0:0:1: Attached scsi generic sg7 type 13
[    3.934192] kernel: sd 8:0:0:0: [sde] 4096-byte physical blocks
[    3.935656] kernel: ses 8:0:0:1: Wrong diagnostic page; asked for 1 got 8
[    3.935964] kernel: ses 8:0:0:1: Failed to get diagnostic page 0x1
[    3.936291] kernel: ses 8:0:0:1: Failed to bind enclosure -19
[    3.937671] kernel: sd 8:0:0:0: [sde] Write Protect is off
[    3.937973] kernel: sd 8:0:0:0: [sde] Mode Sense: 47 00 10 08
[    3.939669] kernel: sd 8:0:0:0: [sde] No Caching mode page found
[    3.939996] kernel: sd 8:0:0:0: [sde] Assuming drive cache: write through
[    3.995711] kernel: ata5: failed to resume link (SControl 0)
[    3.996068] kernel: ata5: SATA link down (SStatus 0 SControl 0)
[    4.309952] kernel: ata6: SATA link down (SStatus 0 SControl 330)
[   20.081759] kernel:  sde: sde1
[   20.085973] kernel: sd 8:0:0:0: [sde] Attached SCSI disk
[   20.091926] kernel: md0: detected capacity change from 0 to 6250726656
[   20.479751] kernel: raid6: avx2x4   gen() 36263 MB/s
[   20.547764] kernel: raid6: avx2x4   xor()  5589 MB/s
[   20.615913] kernel: raid6: avx2x2   gen() 31672 MB/s
[   20.683768] kernel: raid6: avx2x2   xor() 40131 MB/s
[   20.751484] kernel: raid6: avx2x1   gen() 25437 MB/s
[   20.819484] kernel: raid6: avx2x1   xor() 37905 MB/s
[   20.887484] kernel: raid6: sse2x4   gen() 25568 MB/s
[   20.955486] kernel: raid6: sse2x4   xor()  3226 MB/s
[   21.023483] kernel: raid6: sse2x2   gen() 20519 MB/s
[   21.091811] kernel: raid6: sse2x2   xor() 22874 MB/s
[   21.159498] kernel: raid6: sse2x1   gen()  1135 MB/s
[   21.227483] kernel: raid6: sse2x1   xor() 19968 MB/s
[   21.227765] kernel: raid6: using algorithm avx2x4 gen() 36263 MB/s
[   21.228021] kernel: raid6: .... xor() 5589 MB/s, rmw enabled
[   21.228289] kernel: raid6: using avx2x2 recovery algorithm
[   21.229193] kernel: xor: automatically using best checksumming function   avx       
[   21.230045] kernel: async_tx: api initialized (async)
[   21.270596] kernel: Btrfs loaded, crc32c=crc32c-intel, zoned=yes
[   23.569970] kernel: EXT4-fs (sdb2): mounted filesystem with ordered data mode. Opts: (null). Quota mode: none.
[   23.738419] systemd[1]: Inserted module 'autofs4'
[   23.761366] systemd[1]: systemd 247.3-3ubuntu3 running in system mode. (+PAM +AUDIT +SELINUX +IMA +APPARMOR +SMACK +SYSVINIT +UTMP +LIBCRYPTSETUP +GCRYPT +GNUTLS +ACL +XZ +LZ4 +ZSTD +SECCOMP +BLKID +ELFUTILS +KMOD +IDN2 -IDN +PCRE2 default-hierarchy=hybrid)
[   23.779506] systemd[1]: Detected architecture x86-64.
[   23.805453] systemd[1]: Set hostname to <stephen>.
[   24.061824] systemd[1]: /lib/systemd/system/plymouth-start.service:17: Unit configured to use KillMode=none. This is unsafe, as it disables systemd's process lifecycle management for the service. Please update your service to use a safer KillMode=, such as 'mixed' or 'control-group'. Support for KillMode=none is deprecated and will eventually be removed.
[   24.090614] systemd[1]: Queued start job for default target Graphical Interface.
[   24.100942] systemd[1]: Created slice system-modprobe.slice.
[   24.101872] systemd[1]: Created slice system-systemd\x2dfsck.slice.
[   24.102749] systemd[1]: Created slice User and Session Slice.
[   24.103502] systemd[1]: Started Forward Password Requests to Wall Directory Watch.
[   24.104208] systemd[1]: Set up automount Arbitrary Executable File Formats File System Automount Point.
[   24.104951] systemd[1]: Reached target User and Group Name Lookups.
[   24.105674] systemd[1]: Reached target Slices.
[   24.106354] systemd[1]: Listening on Device-mapper event daemon FIFOs.
[   24.107094] systemd[1]: Listening on LVM2 poll daemon socket.
[   24.107845] systemd[1]: Listening on multipathd control socket.
[   24.110060] systemd[1]: Listening on Syslog Socket.
[   24.110793] systemd[1]: Listening on fsck to fsckd communication Socket.
[   24.111691] systemd[1]: Listening on initctl Compatibility Named Pipe.
[   24.112405] systemd[1]: Listening on Journal Audit Socket.
[   24.113137] systemd[1]: Listening on Journal Socket (/dev/log).
[   24.113891] systemd[1]: Listening on Journal Socket.
[   24.114654] systemd[1]: Listening on Network Service Netlink Socket.
[   24.115380] systemd[1]: Listening on udev Control Socket.
[   24.116107] systemd[1]: Listening on udev Kernel Socket.
[   24.117178] systemd[1]: Mounting Huge Pages File System...
[   24.118285] systemd[1]: Mounting POSIX Message Queue File System...
[   24.119390] systemd[1]: Mounting Kernel Debug File System...
[   24.120479] systemd[1]: Mounting Kernel Trace File System...
[   24.122681] systemd[1]: Starting Journal Service...
[   24.124053] systemd[1]: Starting Set the console keyboard layout...
[   24.125352] systemd[1]: Starting Create list of static device nodes for the current kernel...
[   24.126570] systemd[1]: Starting Monitoring of LVM2 mirrors, snapshots etc. using dmeventd or progress polling...
[   24.127587] systemd[1]: Starting Load Kernel Module configfs...
[   24.128692] systemd[1]: Starting Load Kernel Module drm...
[   24.129762] systemd[1]: Starting Load Kernel Module fuse...
[   24.130428] systemd[1]: Condition check resulted in OpenVSwitch configuration for cleanup being skipped.
[   24.132214] systemd[1]: Condition check resulted in Set Up Additional Binary Formats being skipped.
[   24.132588] systemd[1]: Condition check resulted in File System Check on Root Device being skipped.
[   24.136795] systemd[1]: Starting Load Kernel Modules...
[   24.137979] systemd[1]: Starting Remount Root and Kernel File Systems...
[   24.139143] systemd[1]: Starting Coldplug All udev Devices...
[   24.140170] systemd[1]: Starting Uncomplicated firewall...
[   24.141521] systemd[1]: Mounted Huge Pages File System.
[   24.142178] systemd[1]: Mounted POSIX Message Queue File System.
[   24.142807] systemd[1]: Mounted Kernel Debug File System.
[   24.143453] systemd[1]: Mounted Kernel Trace File System.
[   24.144171] systemd[1]: Finished Create list of static device nodes for the current kernel.
[   24.144850] systemd[1]: modprobe@configfs.service: Succeeded.
[   24.145210] systemd[1]: Finished Load Kernel Module configfs.
[   24.145842] systemd[1]: modprobe@drm.service: Succeeded.
[   24.146195] systemd[1]: Finished Load Kernel Module drm.
[   24.146469] kernel: EXT4-fs (sdb2): re-mounted. Opts: (null). Quota mode: none.
[   24.147373] systemd[1]: modprobe@fuse.service: Succeeded.
[   24.147765] systemd[1]: Finished Load Kernel Module fuse.
[   24.148553] systemd[1]: Finished Remount Root and Kernel File Systems.
[   24.149292] systemd[1]: Finished Uncomplicated firewall.
[   24.150315] systemd[1]: Activating swap /swap.img...
[   24.151270] systemd[1]: Mounting FUSE Control File System...
[   24.152305] systemd[1]: Mounting Kernel Configuration File System...
[   24.156995] systemd[1]: Condition check resulted in Rebuild Hardware Database being skipped.
[   24.157357] systemd[1]: Condition check resulted in Platform Persistent Storage Archival being skipped.
[   24.158321] systemd[1]: Starting Load/Save Random Seed...
[   24.159367] systemd[1]: Starting Create System Users...
[   24.160734] systemd[1]: Finished Load Kernel Modules.
[   24.161406] systemd[1]: Mounted FUSE Control File System.
[   24.162011] systemd[1]: Mounted Kernel Configuration File System.
[   24.163192] systemd[1]: Starting Apply Kernel Variables...
[   24.177492] systemd[1]: Finished Create System Users.
[   24.178393] systemd[1]: Finished Set the console keyboard layout.
[   24.179261] systemd[1]: Finished Load/Save Random Seed.
[   24.179940] systemd[1]: Condition check resulted in First Boot Complete being skipped.
[   24.180406] systemd[1]: Starting Create Static Device Nodes in /dev...
[   24.182200] systemd[1]: Started Journal Service.
[   24.215487] kernel: Adding 8388604k swap on /swap.img.  Priority:-2 extents:8 across:9166844k SSFS
[   24.386182] kernel: ccp 0000:09:00.1: enabling device (0000 -> 0002)
[   24.386469] kernel: ccp 0000:09:00.1: ccp: unable to access the device: you might be running a broken BIOS.
[   24.386908] kernel: pstore: Using crash dump compression: deflate
[   24.387823] kernel: RAPL PMU: API unit is 2^-32 Joules, 1 fixed counters, 163840 ms ovfl timer
[   24.387825] kernel: RAPL PMU: hw unit of domain package 2^-16 Joules
[   24.389362] kernel: asus_wmi: ASUS WMI generic driver loaded
[   24.391454] kernel: pstore: Registered efi as persistent store backend
[   24.392951] kernel: asus_wmi: Initialization: 0x0
[   24.392983] kernel: asus_wmi: BIOS WMI version: 0.9
[   24.393092] kernel: asus_wmi: SFUN value: 0x0
[   24.393093] kernel: eeepc-wmi eeepc-wmi: Detected ASUSWMI, use DCTS
[   24.395066] kernel: input: Eee PC WMI hotkeys as /devices/platform/eeepc-wmi/input/input2
[   24.469927] kernel: kvm: disabled by bios
[   24.578864] kernel: kvm: disabled by bios
[   24.580135] kernel: MCE: In-kernel MCE decoding enabled.
[   24.583211] kernel: EDAC amd64: F19h_M20h detected (node 0).
[   24.583254] kernel: EDAC amd64: Node 0: DRAM ECC disabled.
[   24.587202] kernel: snd_hda_intel 0000:04:00.1: enabling device (0000 -> 0002)
[   24.587271] kernel: snd_hda_intel 0000:04:00.1: Disabling MSI
[   24.587277] kernel: snd_hda_intel 0000:04:00.1: Handle vga_switcheroo audio client
[   24.587355] kernel: snd_hda_intel 0000:09:00.4: enabling device (0000 -> 0002)
[   24.604349] kernel: snd_hda_intel 0000:04:00.1: bound 0000:04:00.0 (ops nv50_audio_component_bind_ops [nouveau])
[   24.604719] kernel: snd_hda_codec_realtek hdaudioC1D0: autoconfig for ALC887-VD: line_outs=3 (0x14/0x15/0x16/0x0/0x0) type:line
[   24.604721] kernel: snd_hda_codec_realtek hdaudioC1D0:    speaker_outs=0 (0x0/0x0/0x0/0x0/0x0)
[   24.604722] kernel: snd_hda_codec_realtek hdaudioC1D0:    hp_outs=1 (0x1b/0x0/0x0/0x0/0x0)
[   24.604723] kernel: snd_hda_codec_realtek hdaudioC1D0:    mono: mono_out=0x0
[   24.604724] kernel: snd_hda_codec_realtek hdaudioC1D0:    dig-out=0x1e/0x0
[   24.604724] kernel: snd_hda_codec_realtek hdaudioC1D0:    inputs:
[   24.604725] kernel: snd_hda_codec_realtek hdaudioC1D0:      Front Mic=0x19
[   24.604725] kernel: snd_hda_codec_realtek hdaudioC1D0:      Rear Mic=0x18
[   24.604726] kernel: snd_hda_codec_realtek hdaudioC1D0:      Line=0x1a
[   24.632106] kernel: input: HDA NVidia HDMI/DP,pcm=3 as /devices/pci0000:00/0000:00:01.2/0000:02:00.2/0000:03:00.0/0000:04:00.1/sound/card0/input3
[   24.632132] kernel: input: HDA NVidia HDMI/DP,pcm=7 as /devices/pci0000:00/0000:00:01.2/0000:02:00.2/0000:03:00.0/0000:04:00.1/sound/card0/input4
[   24.632153] kernel: input: HDA NVidia HDMI/DP,pcm=8 as /devices/pci0000:00/0000:00:01.2/0000:02:00.2/0000:03:00.0/0000:04:00.1/sound/card0/input5
[   24.632173] kernel: input: HDA NVidia HDMI/DP,pcm=9 as /devices/pci0000:00/0000:00:01.2/0000:02:00.2/0000:03:00.0/0000:04:00.1/sound/card0/input6
[   24.632192] kernel: input: HDA NVidia HDMI/DP,pcm=10 as /devices/pci0000:00/0000:00:01.2/0000:02:00.2/0000:03:00.0/0000:04:00.1/sound/card0/input7
[   24.632211] kernel: input: HDA NVidia HDMI/DP,pcm=11 as /devices/pci0000:00/0000:00:01.2/0000:02:00.2/0000:03:00.0/0000:04:00.1/sound/card0/input8
[   24.632232] kernel: input: HDA NVidia HDMI/DP,pcm=12 as /devices/pci0000:00/0000:00:01.2/0000:02:00.2/0000:03:00.0/0000:04:00.1/sound/card0/input9
[   24.660316] kernel: input: HD-Audio Generic Front Mic as /devices/pci0000:00/0000:00:08.1/0000:09:00.4/sound/card1/input10
[   24.660416] kernel: input: HD-Audio Generic Rear Mic as /devices/pci0000:00/0000:00:08.1/0000:09:00.4/sound/card1/input11
[   24.660466] kernel: input: HD-Audio Generic Line as /devices/pci0000:00/0000:00:08.1/0000:09:00.4/sound/card1/input12
[   24.660532] kernel: input: HD-Audio Generic Line Out Front as /devices/pci0000:00/0000:00:08.1/0000:09:00.4/sound/card1/input13
[   24.660576] kernel: input: HD-Audio Generic Line Out Surround as /devices/pci0000:00/0000:00:08.1/0000:09:00.4/sound/card1/input14
[   24.660594] kernel: input: HD-Audio Generic Line Out CLFE as /devices/pci0000:00/0000:00:08.1/0000:09:00.4/sound/card1/input15
[   24.660615] kernel: input: HD-Audio Generic Front Headphone as /devices/pci0000:00/0000:00:08.1/0000:09:00.4/sound/card1/input16
[   24.684930] kernel: EDAC amd64: F19h_M20h detected (node 0).
[   24.685123] kernel: EDAC amd64: Node 0: DRAM ECC disabled.
[   24.685750] kernel: kvm: disabled by bios
[   24.688380] kernel: intel_rapl_common: Found RAPL domain package
[   24.688382] kernel: intel_rapl_common: Found RAPL domain core
[   24.781301] kernel: EDAC amd64: F19h_M20h detected (node 0).
[   24.781697] kernel: EDAC amd64: Node 0: DRAM ECC disabled.
[   24.786328] kernel: kvm: disabled by bios
[   24.857208] kernel: EDAC amd64: F19h_M20h detected (node 0).
[   24.857290] kernel: EDAC amd64: Node 0: DRAM ECC disabled.
[   24.858215] kernel: kvm: disabled by bios
[   24.938071] kernel: EDAC amd64: F19h_M20h detected (node 0).
[   24.938139] kernel: EDAC amd64: Node 0: DRAM ECC disabled.
[   24.938860] kernel: kvm: disabled by bios
[   25.016709] kernel: EDAC amd64: F19h_M20h detected (node 0).
[   25.017111] kernel: EDAC amd64: Node 0: DRAM ECC disabled.
[   25.019583] kernel: kvm: disabled by bios
[   25.093864] kernel: EDAC amd64: F19h_M20h detected (node 0).
[   25.093917] kernel: EDAC amd64: Node 0: DRAM ECC disabled.
[   25.095028] kernel: kvm: disabled by bios
[   25.172403] kernel: EDAC amd64: F19h_M20h detected (node 0).
[   25.172772] kernel: EDAC amd64: Node 0: DRAM ECC disabled.
[   25.175291] kernel: kvm: disabled by bios
[   25.271157] kernel: EDAC amd64: F19h_M20h detected (node 0).
[   25.271208] kernel: EDAC amd64: Node 0: DRAM ECC disabled.
[   25.271272] kernel: kvm: disabled by bios
[   25.347420] kernel: EDAC amd64: F19h_M20h detected (node 0).
[   25.347471] kernel: EDAC amd64: Node 0: DRAM ECC disabled.
[   25.431279] kernel: EDAC amd64: F19h_M20h detected (node 0).
[   25.431330] kernel: EDAC amd64: Node 0: DRAM ECC disabled.
[   25.511404] kernel: EDAC amd64: F19h_M20h detected (node 0).
[   25.511813] kernel: EDAC amd64: Node 0: DRAM ECC disabled.
[   25.587095] kernel: EDAC amd64: F19h_M20h detected (node 0).
[   25.587147] kernel: EDAC amd64: Node 0: DRAM ECC disabled.
[   25.667133] kernel: EDAC amd64: F19h_M20h detected (node 0).
[   25.667187] kernel: EDAC amd64: Node 0: DRAM ECC disabled.
[   25.751041] kernel: EDAC amd64: F19h_M20h detected (node 0).
