[    0.000000] kernel: Linux version 5.11.0-16-generic (buildd@lgw01-amd64-035) (gcc (Ubuntu 10.3.0-1ubuntu1) 10.3.0, GNU ld (GNU Binutils for Ubuntu) 2.36.1) #17-Ubuntu SMP Wed Apr 14 20:12:43 UTC 2021 (Ubuntu 5.11.0-16.17-generic 5.11.12)
[    0.000000] kernel: Command line: BOOT_IMAGE=/boot/vmlinuz-5.11.0-16-generic root=UUID=1b63092c-1327-422f-a327-c8ddbfb3b056 ro
[    0.000000] kernel: KERNEL supported cpus:
[    0.000000] kernel:   Intel GenuineIntel
[    0.000000] kernel:   AMD AuthenticAMD
[    0.000000] kernel:   Hygon HygonGenuine
[    0.000000] kernel:   Centaur CentaurHauls
[    0.000000] kernel:   zhaoxin   Shanghai  
[    0.000000] kernel: x86/fpu: Supporting XSAVE feature 0x001: 'x87 floating point registers'
[    0.000000] kernel: x86/fpu: Supporting XSAVE feature 0x002: 'SSE registers'
[    0.000000] kernel: x86/fpu: Supporting XSAVE feature 0x004: 'AVX registers'
[    0.000000] kernel: x86/fpu: Supporting XSAVE feature 0x200: 'Protection Keys User registers'
[    0.000000] kernel: x86/fpu: xstate_offset[2]:  576, xstate_sizes[2]:  256
[    0.000000] kernel: x86/fpu: xstate_offset[9]:  832, xstate_sizes[9]:    8
[    0.000000] kernel: x86/fpu: Enabled xstate features 0x207, context size is 840 bytes, using 'compacted' format.
[    0.000000] kernel: BIOS-provided physical RAM map:
[    0.000000] kernel: BIOS-e820: [mem 0x0000000000000000-0x000000000009ffff] usable
[    0.000000] kernel: BIOS-e820: [mem 0x00000000000a0000-0x00000000000fffff] reserved
[    0.000000] kernel: BIOS-e820: [mem 0x0000000000100000-0x0000000009d1efff] usable
[    0.000000] kernel: BIOS-e820: [mem 0x0000000009d1f000-0x0000000009ffffff] reserved
[    0.000000] kernel: BIOS-e820: [mem 0x000000000a000000-0x000000000a1fffff] usable
[    0.000000] kernel: BIOS-e820: [mem 0x000000000a200000-0x000000000a20dfff] ACPI NVS
[    0.000000] kernel: BIOS-e820: [mem 0x000000000a20e000-0x000000000affffff] usable
[    0.000000] kernel: BIOS-e820: [mem 0x000000000b000000-0x000000000b01ffff] reserved
[    0.000000] kernel: BIOS-e820: [mem 0x000000000b020000-0x00000000ca2c5fff] usable
[    0.000000] kernel: BIOS-e820: [mem 0x00000000ca2c6000-0x00000000ca6bdfff] reserved
[    0.000000] kernel: BIOS-e820: [mem 0x00000000ca6be000-0x00000000ca816fff] ACPI data
[    0.000000] kernel: BIOS-e820: [mem 0x00000000ca817000-0x00000000caee4fff] ACPI NVS
[    0.000000] kernel: BIOS-e820: [mem 0x00000000caee5000-0x00000000cbbfefff] reserved
[    0.000000] kernel: BIOS-e820: [mem 0x00000000cbbff000-0x00000000ccffffff] usable
[    0.000000] kernel: BIOS-e820: [mem 0x00000000cd000000-0x00000000cfffffff] reserved
[    0.000000] kernel: BIOS-e820: [mem 0x00000000f0000000-0x00000000f7ffffff] reserved
[    0.000000] kernel: BIOS-e820: [mem 0x00000000fd200000-0x00000000fd2fffff] reserved
[    0.000000] kernel: BIOS-e820: [mem 0x00000000fd600000-0x00000000fd7fffff] reserved
[    0.000000] kernel: BIOS-e820: [mem 0x00000000fea00000-0x00000000fea0ffff] reserved
[    0.000000] kernel: BIOS-e820: [mem 0x00000000feb80000-0x00000000fec01fff] reserved
[    0.000000] kernel: BIOS-e820: [mem 0x00000000fec10000-0x00000000fec10fff] reserved
[    0.000000] kernel: BIOS-e820: [mem 0x00000000fec30000-0x00000000fec30fff] reserved
[    0.000000] kernel: BIOS-e820: [mem 0x00000000fed00000-0x00000000fed00fff] reserved
[    0.000000] kernel: BIOS-e820: [mem 0x00000000fed40000-0x00000000fed44fff] reserved
[    0.000000] kernel: BIOS-e820: [mem 0x00000000fed80000-0x00000000fed8ffff] reserved
[    0.000000] kernel: BIOS-e820: [mem 0x00000000fedc2000-0x00000000fedcffff] reserved
[    0.000000] kernel: BIOS-e820: [mem 0x00000000fedd4000-0x00000000fedd5fff] reserved
[    0.000000] kernel: BIOS-e820: [mem 0x00000000ff000000-0x00000000ffffffff] reserved
[    0.000000] kernel: BIOS-e820: [mem 0x0000000100000000-0x000000102f2fffff] usable
[    0.000000] kernel: BIOS-e820: [mem 0x000000102f300000-0x000000102fffffff] reserved
[    0.000000] kernel: NX (Execute Disable) protection: active
[    0.000000] kernel: e820: update [mem 0x8fb4f018-0x8fb6de57] usable ==> usable
[    0.000000] kernel: e820: update [mem 0x8fb4f018-0x8fb6de57] usable ==> usable
[    0.000000] kernel: e820: update [mem 0x8fb40018-0x8fb4e067] usable ==> usable
[    0.000000] kernel: e820: update [mem 0x8fb40018-0x8fb4e067] usable ==> usable
[    0.000000] kernel: extended physical RAM map:
[    0.000000] kernel: reserve setup_data: [mem 0x0000000000000000-0x000000000009ffff] usable
[    0.000000] kernel: reserve setup_data: [mem 0x00000000000a0000-0x00000000000fffff] reserved
[    0.000000] kernel: reserve setup_data: [mem 0x0000000000100000-0x0000000009d1efff] usable
[    0.000000] kernel: reserve setup_data: [mem 0x0000000009d1f000-0x0000000009ffffff] reserved
[    0.000000] kernel: reserve setup_data: [mem 0x000000000a000000-0x000000000a1fffff] usable
[    0.000000] kernel: reserve setup_data: [mem 0x000000000a200000-0x000000000a20dfff] ACPI NVS
[    0.000000] kernel: reserve setup_data: [mem 0x000000000a20e000-0x000000000affffff] usable
[    0.000000] kernel: reserve setup_data: [mem 0x000000000b000000-0x000000000b01ffff] reserved
[    0.000000] kernel: reserve setup_data: [mem 0x000000000b020000-0x000000008fb40017] usable
[    0.000000] kernel: reserve setup_data: [mem 0x000000008fb40018-0x000000008fb4e067] usable
[    0.000000] kernel: reserve setup_data: [mem 0x000000008fb4e068-0x000000008fb4f017] usable
[    0.000000] kernel: reserve setup_data: [mem 0x000000008fb4f018-0x000000008fb6de57] usable
[    0.000000] kernel: reserve setup_data: [mem 0x000000008fb6de58-0x00000000ca2c5fff] usable
[    0.000000] kernel: reserve setup_data: [mem 0x00000000ca2c6000-0x00000000ca6bdfff] reserved
[    0.000000] kernel: reserve setup_data: [mem 0x00000000ca6be000-0x00000000ca816fff] ACPI data
[    0.000000] kernel: reserve setup_data: [mem 0x00000000ca817000-0x00000000caee4fff] ACPI NVS
[    0.000000] kernel: reserve setup_data: [mem 0x00000000caee5000-0x00000000cbbfefff] reserved
[    0.000000] kernel: reserve setup_data: [mem 0x00000000cbbff000-0x00000000ccffffff] usable
[    0.000000] kernel: reserve setup_data: [mem 0x00000000cd000000-0x00000000cfffffff] reserved
[    0.000000] kernel: reserve setup_data: [mem 0x00000000f0000000-0x00000000f7ffffff] reserved
[    0.000000] kernel: reserve setup_data: [mem 0x00000000fd200000-0x00000000fd2fffff] reserved
[    0.000000] kernel: reserve setup_data: [mem 0x00000000fd600000-0x00000000fd7fffff] reserved
[    0.000000] kernel: reserve setup_data: [mem 0x00000000fea00000-0x00000000fea0ffff] reserved
[    0.000000] kernel: reserve setup_data: [mem 0x00000000feb80000-0x00000000fec01fff] reserved
[    0.000000] kernel: reserve setup_data: [mem 0x00000000fec10000-0x00000000fec10fff] reserved
[    0.000000] kernel: reserve setup_data: [mem 0x00000000fec30000-0x00000000fec30fff] reserved
[    0.000000] kernel: reserve setup_data: [mem 0x00000000fed00000-0x00000000fed00fff] reserved
[    0.000000] kernel: reserve setup_data: [mem 0x00000000fed40000-0x00000000fed44fff] reserved
[    0.000000] kernel: reserve setup_data: [mem 0x00000000fed80000-0x00000000fed8ffff] reserved
[    0.000000] kernel: reserve setup_data: [mem 0x00000000fedc2000-0x00000000fedcffff] reserved
[    0.000000] kernel: reserve setup_data: [mem 0x00000000fedd4000-0x00000000fedd5fff] reserved
[    0.000000] kernel: reserve setup_data: [mem 0x00000000ff000000-0x00000000ffffffff] reserved
[    0.000000] kernel: reserve setup_data: [mem 0x0000000100000000-0x000000102f2fffff] usable
[    0.000000] kernel: reserve setup_data: [mem 0x000000102f300000-0x000000102fffffff] reserved
[    0.000000] kernel: efi: EFI v2.70 by American Megatrends
[    0.000000] kernel: efi: ACPI=0xca816000 ACPI 2.0=0xca816014 SMBIOS=0xcba05000 SMBIOS 3.0=0xcba04000 MEMATTR=0xc8919118 ESRT=0xc8e51698 MOKvar=0xcba31000 RNG=0xcba37e98 
[    0.000000] kernel: efi: seeding entropy pool
[    0.000000] kernel: random: fast init done
[    0.000000] kernel: secureboot: Secure boot disabled
[    0.000000] kernel: SMBIOS 3.3.0 present.
[    0.000000] kernel: DMI: ASUS System Product Name/PRIME B550-PLUS, BIOS 2006 03/19/2021
[    0.000000] kernel: tsc: Fast TSC calibration using PIT
[    0.000000] kernel: tsc: Detected 3393.754 MHz processor
[    0.000123] kernel: e820: update [mem 0x00000000-0x00000fff] usable ==> reserved
[    0.000125] kernel: e820: remove [mem 0x000a0000-0x000fffff] usable
[    0.000129] kernel: last_pfn = 0x102f300 max_arch_pfn = 0x400000000
[    0.000133] kernel: MTRR default type: uncachable
[    0.000133] kernel: MTRR fixed ranges enabled:
[    0.000134] kernel:   00000-9FFFF write-back
[    0.000135] kernel:   A0000-BFFFF write-through
[    0.000135] kernel:   C0000-DFFFF uncachable
[    0.000136] kernel:   E0000-FFFFF write-protect
[    0.000136] kernel: MTRR variable ranges enabled:
[    0.000137] kernel:   0 base 000000000000 mask FFFF80000000 write-back
[    0.000138] kernel:   1 base 000080000000 mask FFFFC0000000 write-back
[    0.000139] kernel:   2 base 0000C0000000 mask FFFFF0000000 write-back
[    0.000139] kernel:   3 base 0000CB330000 mask FFFFFFFF0000 uncachable
[    0.000140] kernel:   4 disabled
[    0.000140] kernel:   5 disabled
[    0.000141] kernel:   6 disabled
[    0.000141] kernel:   7 disabled
[    0.000141] kernel: TOM2: 0000001030000000 aka 66304M
[    0.000955] kernel: x86/PAT: Configuration [0-7]: WB  WC  UC- UC  WB  WP  UC- WT  
[    0.001314] kernel: total RAM covered: 3327M
[    0.001401] kernel: Found optimal setting for mtrr clean up
[    0.001402] kernel:  gran_size: 64K         chunk_size: 128M         num_reg: 4          lose cover RAM: 0G
[    0.001505] kernel: e820: update [mem 0xcb330000-0xcb33ffff] usable ==> reserved
[    0.001510] kernel: e820: update [mem 0xd0000000-0xffffffff] usable ==> reserved
[    0.001513] kernel: last_pfn = 0xcd000 max_arch_pfn = 0x400000000
[    0.004215] kernel: ACPI: Early table checksum verification disabled
[    0.004218] kernel: ACPI: RSDP 0x00000000CA816014 000024 (v02 ALASKA)
[    0.004221] kernel: ACPI: XSDT 0x00000000CA815728 0000CC (v01 ALASKA A M I    01072009 AMI  01000013)
[    0.004225] kernel: ACPI: FACP 0x00000000CA806000 000114 (v06 ALASKA A M I    01072009 AMI  00010013)
[    0.004229] kernel: ACPI: DSDT 0x00000000CA7FA000 00B99A (v02 ALASKA A M I    01072009 INTL 20120913)
[    0.004231] kernel: ACPI: FACS 0x00000000CAECA000 000040
[    0.004233] kernel: ACPI: SSDT 0x00000000CA80C000 008C98 (v02 AMD    AmdTable 00000002 MSFT 04000000)
[    0.004234] kernel: ACPI: SSDT 0x00000000CA808000 003AAF (v01 AMD    AMD AOD  00000001 INTL 20120913)
[    0.004236] kernel: ACPI: SSDT 0x00000000CA807000 0003F1 (v02 ALASKA CPUSSDT  01072009 AMI  01072009)
[    0.004238] kernel: ACPI: FIDT 0x00000000CA7F9000 00009C (v01 ALASKA A M I    01072009 AMI  00010013)
[    0.004239] kernel: ACPI: FPDT 0x00000000CA703000 000044 (v01 ALASKA A M I    01072009 AMI  01000013)
[    0.004241] kernel: ACPI: MCFG 0x00000000CA7F7000 00003C (v01 ALASKA A M I    01072009 MSFT 00010013)
[    0.004243] kernel: ACPI: HPET 0x00000000CA7F6000 000038 (v01 ALASKA A M I    01072009 AMI  00000005)
[    0.004244] kernel: ACPI: IVRS 0x00000000CA7F4000 0000D0 (v02 AMD    AmdTable 00000001 AMD  00000001)
[    0.004246] kernel: ACPI: BGRT 0x00000000CA7F3000 000038 (v01 ALASKA A M I    01072009 AMI  00010013)
[    0.004248] kernel: ACPI: WPBT 0x00000000CA719000 00003C (v01 ALASKA A M I    00000001 ASUS 00000001)
[    0.004249] kernel: ACPI: PCCT 0x00000000CA718000 00006E (v02 AMD    AmdTable 00000001 AMD  00000001)
[    0.004251] kernel: ACPI: SSDT 0x00000000CA710000 007F29 (v02 AMD    AmdTable 00000001 AMD  00000001)
[    0.004253] kernel: ACPI: CRAT 0x00000000CA70E000 001698 (v01 AMD    AmdTable 00000001 AMD  00000001)
[    0.004254] kernel: ACPI: CDIT 0x00000000CA70D000 000029 (v01 AMD    AmdTable 00000001 AMD  00000001)
[    0.004256] kernel: ACPI: SSDT 0x00000000CA70C000 00052C (v01 AMD    ArticNOI 00000001 INTL 20120913)
[    0.004257] kernel: ACPI: SSDT 0x00000000CA708000 00381A (v01 AMD    ArticN   00000001 INTL 20120913)
[    0.004259] kernel: ACPI: WSMT 0x00000000CA707000 000028 (v01 ALASKA A M I    01072009 AMI  00010013)
[    0.004261] kernel: ACPI: APIC 0x00000000CA706000 00015E (v03 ALASKA A M I    01072009 AMI  00010013)
[    0.004262] kernel: ACPI: SSDT 0x00000000CA705000 00007D (v01 AMD    ArticDIS 00000001 INTL 20120913)
[    0.004264] kernel: ACPI: SSDT 0x00000000CA704000 0000BF (v01 AMD    AmdTable 00001000 INTL 20120913)
[    0.004266] kernel: ACPI: Reserving FACP table memory at [mem 0xca806000-0xca806113]
[    0.004267] kernel: ACPI: Reserving DSDT table memory at [mem 0xca7fa000-0xca805999]
[    0.004267] kernel: ACPI: Reserving FACS table memory at [mem 0xcaeca000-0xcaeca03f]
[    0.004268] kernel: ACPI: Reserving SSDT table memory at [mem 0xca80c000-0xca814c97]
[    0.004268] kernel: ACPI: Reserving SSDT table memory at [mem 0xca808000-0xca80baae]
[    0.004269] kernel: ACPI: Reserving SSDT table memory at [mem 0xca807000-0xca8073f0]
[    0.004270] kernel: ACPI: Reserving FIDT table memory at [mem 0xca7f9000-0xca7f909b]
[    0.004270] kernel: ACPI: Reserving FPDT table memory at [mem 0xca703000-0xca703043]
[    0.004271] kernel: ACPI: Reserving MCFG table memory at [mem 0xca7f7000-0xca7f703b]
[    0.004271] kernel: ACPI: Reserving HPET table memory at [mem 0xca7f6000-0xca7f6037]
[    0.004272] kernel: ACPI: Reserving IVRS table memory at [mem 0xca7f4000-0xca7f40cf]
[    0.004272] kernel: ACPI: Reserving BGRT table memory at [mem 0xca7f3000-0xca7f3037]
[    0.004273] kernel: ACPI: Reserving WPBT table memory at [mem 0xca719000-0xca71903b]
[    0.004273] kernel: ACPI: Reserving PCCT table memory at [mem 0xca718000-0xca71806d]
[    0.004274] kernel: ACPI: Reserving SSDT table memory at [mem 0xca710000-0xca717f28]
[    0.004275] kernel: ACPI: Reserving CRAT table memory at [mem 0xca70e000-0xca70f697]
[    0.004275] kernel: ACPI: Reserving CDIT table memory at [mem 0xca70d000-0xca70d028]
[    0.004276] kernel: ACPI: Reserving SSDT table memory at [mem 0xca70c000-0xca70c52b]
[    0.004276] kernel: ACPI: Reserving SSDT table memory at [mem 0xca708000-0xca70b819]
[    0.004277] kernel: ACPI: Reserving WSMT table memory at [mem 0xca707000-0xca707027]
[    0.004277] kernel: ACPI: Reserving APIC table memory at [mem 0xca706000-0xca70615d]
[    0.004278] kernel: ACPI: Reserving SSDT table memory at [mem 0xca705000-0xca70507c]
[    0.004279] kernel: ACPI: Reserving SSDT table memory at [mem 0xca704000-0xca7040be]
[    0.004282] kernel: esrt: Reserving ESRT space from 0x00000000c8e51698 to 0x00000000c8e516d0.
[    0.004286] kernel: e820: update [mem 0xc8e51000-0xc8e51fff] usable ==> reserved
[    0.004294] kernel: efi: Failed to lookup EFI memory descriptor for 0x00000000cba31000
[    0.004304] kernel: check: Scanning 1 areas for low memory corruption
[    0.004308] kernel: Using GB pages for direct mapping
[    0.004691] kernel: secureboot: Secure boot disabled
[    0.004691] kernel: RAMDISK: [mem 0x36ac1000-0x3cc54fff]
[    0.004700] kernel: ACPI: Local APIC address 0xfee00000
[    0.004741] kernel: No NUMA configuration found
[    0.004741] kernel: Faking a node at [mem 0x0000000000000000-0x000000102f2fffff]
[    0.004746] kernel: NODE_DATA(0) allocated [mem 0x102f2d6000-0x102f2fffff]
[    0.004931] kernel: Zone ranges:
[    0.004931] kernel:   DMA      [mem 0x0000000000001000-0x0000000000ffffff]
[    0.004933] kernel:   DMA32    [mem 0x0000000001000000-0x00000000ffffffff]
[    0.004934] kernel:   Normal   [mem 0x0000000100000000-0x000000102f2fffff]
[    0.004935] kernel:   Device   empty
[    0.004935] kernel: Movable zone start for each node
[    0.004936] kernel: Early memory node ranges
[    0.004937] kernel:   node   0: [mem 0x0000000000001000-0x000000000009ffff]
[    0.004938] kernel:   node   0: [mem 0x0000000000100000-0x0000000009d1efff]
[    0.004938] kernel:   node   0: [mem 0x000000000a000000-0x000000000a1fffff]
[    0.004939] kernel:   node   0: [mem 0x000000000a20e000-0x000000000affffff]
[    0.004939] kernel:   node   0: [mem 0x000000000b020000-0x00000000ca2c5fff]
[    0.004940] kernel:   node   0: [mem 0x00000000cbbff000-0x00000000ccffffff]
[    0.004941] kernel:   node   0: [mem 0x0000000100000000-0x000000102f2fffff]
[    0.004944] kernel: Initmem setup node 0 [mem 0x0000000000001000-0x000000102f2fffff]
[    0.004945] kernel: On node 0 totalpages: 16754263
[    0.004946] kernel:   DMA zone: 64 pages used for memmap
[    0.004946] kernel:   DMA zone: 23 pages reserved
[    0.004947] kernel:   DMA zone: 3999 pages, LIFO batch:0
[    0.005066] kernel:   DMA zone: 28769 pages in unavailable ranges
[    0.005067] kernel:   DMA32 zone: 12943 pages used for memmap
[    0.005068] kernel:   DMA32 zone: 828344 pages, LIFO batch:63
[    0.007933] kernel:   DMA32 zone: 19528 pages in unavailable ranges
[    0.007934] kernel:   Normal zone: 248780 pages used for memmap
[    0.007934] kernel:   Normal zone: 15921920 pages, LIFO batch:63
[    0.074514] kernel:   Normal zone: 3328 pages in unavailable ranges
[    0.074958] kernel: ACPI: PM-Timer IO Port: 0x808
[    0.074959] kernel: ACPI: Local APIC address 0xfee00000
[    0.074966] kernel: ACPI: LAPIC_NMI (acpi_id[0xff] high edge lint[0x1])
[    0.074977] kernel: IOAPIC[0]: apic_id 33, version 33, address 0xfec00000, GSI 0-23
[    0.074982] kernel: IOAPIC[1]: apic_id 34, version 33, address 0xfec01000, GSI 24-55
[    0.074984] kernel: ACPI: INT_SRC_OVR (bus 0 bus_irq 0 global_irq 2 dfl dfl)
[    0.074985] kernel: ACPI: INT_SRC_OVR (bus 0 bus_irq 9 global_irq 9 low level)
[    0.074986] kernel: ACPI: IRQ0 used by override.
[    0.074987] kernel: ACPI: IRQ9 used by override.
[    0.074988] kernel: Using ACPI (MADT) for SMP configuration information
[    0.074989] kernel: ACPI: HPET id: 0x10228201 base: 0xfed00000
[    0.074996] kernel: e820: update [mem 0xc5bb8000-0xc5cabfff] usable ==> reserved
[    0.075005] kernel: smpboot: Allowing 32 CPUs, 0 hotplug CPUs
[    0.075022] kernel: PM: hibernation: Registered nosave memory: [mem 0x00000000-0x00000fff]
[    0.075024] kernel: PM: hibernation: Registered nosave memory: [mem 0x000a0000-0x000fffff]
[    0.075025] kernel: PM: hibernation: Registered nosave memory: [mem 0x09d1f000-0x09ffffff]
[    0.075026] kernel: PM: hibernation: Registered nosave memory: [mem 0x0a200000-0x0a20dfff]
[    0.075027] kernel: PM: hibernation: Registered nosave memory: [mem 0x0b000000-0x0b01ffff]
[    0.075028] kernel: PM: hibernation: Registered nosave memory: [mem 0x8fb40000-0x8fb40fff]
[    0.075029] kernel: PM: hibernation: Registered nosave memory: [mem 0x8fb4e000-0x8fb4efff]
[    0.075030] kernel: PM: hibernation: Registered nosave memory: [mem 0x8fb4f000-0x8fb4ffff]
[    0.075031] kernel: PM: hibernation: Registered nosave memory: [mem 0x8fb6d000-0x8fb6dfff]
[    0.075032] kernel: PM: hibernation: Registered nosave memory: [mem 0xc5bb8000-0xc5cabfff]
[    0.075033] kernel: PM: hibernation: Registered nosave memory: [mem 0xc8e51000-0xc8e51fff]
[    0.075034] kernel: PM: hibernation: Registered nosave memory: [mem 0xca2c6000-0xca6bdfff]
[    0.075034] kernel: PM: hibernation: Registered nosave memory: [mem 0xca6be000-0xca816fff]
[    0.075035] kernel: PM: hibernation: Registered nosave memory: [mem 0xca817000-0xcaee4fff]
[    0.075035] kernel: PM: hibernation: Registered nosave memory: [mem 0xcaee5000-0xcbbfefff]
[    0.075036] kernel: PM: hibernation: Registered nosave memory: [mem 0xcd000000-0xcfffffff]
[    0.075037] kernel: PM: hibernation: Registered nosave memory: [mem 0xd0000000-0xefffffff]
[    0.075037] kernel: PM: hibernation: Registered nosave memory: [mem 0xf0000000-0xf7ffffff]
[    0.075038] kernel: PM: hibernation: Registered nosave memory: [mem 0xf8000000-0xfd1fffff]
[    0.075038] kernel: PM: hibernation: Registered nosave memory: [mem 0xfd200000-0xfd2fffff]
[    0.075039] kernel: PM: hibernation: Registered nosave memory: [mem 0xfd300000-0xfd5fffff]
[    0.075039] kernel: PM: hibernation: Registered nosave memory: [mem 0xfd600000-0xfd7fffff]
[    0.075040] kernel: PM: hibernation: Registered nosave memory: [mem 0xfd800000-0xfe9fffff]
[    0.075040] kernel: PM: hibernation: Registered nosave memory: [mem 0xfea00000-0xfea0ffff]
[    0.075041] kernel: PM: hibernation: Registered nosave memory: [mem 0xfea10000-0xfeb7ffff]
[    0.075041] kernel: PM: hibernation: Registered nosave memory: [mem 0xfeb80000-0xfec01fff]
[    0.075042] kernel: PM: hibernation: Registered nosave memory: [mem 0xfec02000-0xfec0ffff]
[    0.075042] kernel: PM: hibernation: Registered nosave memory: [mem 0xfec10000-0xfec10fff]
[    0.075042] kernel: PM: hibernation: Registered nosave memory: [mem 0xfec11000-0xfec2ffff]
[    0.075043] kernel: PM: hibernation: Registered nosave memory: [mem 0xfec30000-0xfec30fff]
[    0.075043] kernel: PM: hibernation: Registered nosave memory: [mem 0xfec31000-0xfecfffff]
[    0.075044] kernel: PM: hibernation: Registered nosave memory: [mem 0xfed00000-0xfed00fff]
[    0.075044] kernel: PM: hibernation: Registered nosave memory: [mem 0xfed01000-0xfed3ffff]
[    0.075045] kernel: PM: hibernation: Registered nosave memory: [mem 0xfed40000-0xfed44fff]
[    0.075045] kernel: PM: hibernation: Registered nosave memory: [mem 0xfed45000-0xfed7ffff]
[    0.075046] kernel: PM: hibernation: Registered nosave memory: [mem 0xfed80000-0xfed8ffff]
[    0.075046] kernel: PM: hibernation: Registered nosave memory: [mem 0xfed90000-0xfedc1fff]
[    0.075047] kernel: PM: hibernation: Registered nosave memory: [mem 0xfedc2000-0xfedcffff]
[    0.075047] kernel: PM: hibernation: Registered nosave memory: [mem 0xfedd0000-0xfedd3fff]
[    0.075048] kernel: PM: hibernation: Registered nosave memory: [mem 0xfedd4000-0xfedd5fff]
[    0.075048] kernel: PM: hibernation: Registered nosave memory: [mem 0xfedd6000-0xfeffffff]
[    0.075048] kernel: PM: hibernation: Registered nosave memory: [mem 0xff000000-0xffffffff]
[    0.075050] kernel: [mem 0xd0000000-0xefffffff] available for PCI devices
[    0.075050] kernel: Booting paravirtualized kernel on bare hardware
[    0.075052] kernel: clocksource: refined-jiffies: mask: 0xffffffff max_cycles: 0xffffffff, max_idle_ns: 7645519600211568 ns
[    0.075057] kernel: setup_percpu: NR_CPUS:8192 nr_cpumask_bits:32 nr_cpu_ids:32 nr_node_ids:1
[    0.075874] kernel: percpu: Embedded 56 pages/cpu s192512 r8192 d28672 u262144
[    0.075881] kernel: pcpu-alloc: s192512 r8192 d28672 u262144 alloc=1*2097152
[    0.075882] kernel: pcpu-alloc: [0] 00 01 02 03 04 05 06 07 [0] 08 09 10 11 12 13 14 15 
[    0.075887] kernel: pcpu-alloc: [0] 16 17 18 19 20 21 22 23 [0] 24 25 26 27 28 29 30 31 
[    0.075911] kernel: Built 1 zonelists, mobility grouping on.  Total pages: 16492453
[    0.075912] kernel: Policy zone: Normal
[    0.075913] kernel: Kernel command line: BOOT_IMAGE=/boot/vmlinuz-5.11.0-16-generic root=UUID=1b63092c-1327-422f-a327-c8ddbfb3b056 ro
[    0.079093] kernel: Dentry cache hash table entries: 8388608 (order: 14, 67108864 bytes, linear)
[    0.080672] kernel: Inode-cache hash table entries: 4194304 (order: 13, 33554432 bytes, linear)
[    0.080734] kernel: mem auto-init: stack:off, heap alloc:on, heap free:off
[    0.160715] kernel: Memory: 65536948K/67017052K available (16393K kernel code, 3476K rwdata, 10148K rodata, 2688K init, 5976K bss, 1479844K reserved, 0K cma-reserved)
[    0.160722] kernel: random: get_random_u64 called from kmem_cache_open+0x27/0x230 with crng_init=1
[    0.160792] kernel: SLUB: HWalign=64, Order=0-3, MinObjects=0, CPUs=32, Nodes=1
[    0.160801] kernel: ftrace: allocating 51209 entries in 201 pages
[    0.173044] kernel: ftrace: allocated 201 pages with 4 groups
[    0.173134] kernel: rcu: Hierarchical RCU implementation.
[    0.173135] kernel: rcu:         RCU restricting CPUs from NR_CPUS=8192 to nr_cpu_ids=32.
[    0.173137] kernel:         Rude variant of Tasks RCU enabled.
[    0.173137] kernel:         Tracing variant of Tasks RCU enabled.
[    0.173138] kernel: rcu: RCU calculated value of scheduler-enlistment delay is 25 jiffies.
[    0.173139] kernel: rcu: Adjusting geometry for rcu_fanout_leaf=16, nr_cpu_ids=32
[    0.174896] kernel: NR_IRQS: 524544, nr_irqs: 1224, preallocated irqs: 16
[    0.175156] kernel: random: crng done (trusting CPU's manufacturer)
[    0.175175] kernel: Console: colour dummy device 80x25
[    0.175324] kernel: printk: console [tty0] enabled
[    0.175336] kernel: ACPI: Core revision 20201113
[    0.175436] kernel: clocksource: hpet: mask: 0xffffffff max_cycles: 0xffffffff, max_idle_ns: 133484873504 ns
[    0.175452] kernel: APIC: Switch to symmetric I/O mode setup
[    0.494547] kernel: Switched APIC routing to physical flat.
[    0.495153] kernel: ..TIMER: vector=0x30 apic1=0 pin1=2 apic2=-1 pin2=-1
[    0.511436] kernel: clocksource: tsc-early: mask: 0xffffffffffffffff max_cycles: 0x30eb4224210, max_idle_ns: 440795250865 ns
[    0.511440] kernel: Calibrating delay loop (skipped), value calculated using timer frequency.. 6787.50 BogoMIPS (lpj=13575016)
[    0.511442] kernel: pid_max: default: 32768 minimum: 301
[    0.513236] kernel: LSM: Security Framework initializing
[    0.513243] kernel: Yama: becoming mindful.
[    0.513257] kernel: AppArmor: AppArmor initialized
[    0.513339] kernel: Mount-cache hash table entries: 131072 (order: 8, 1048576 bytes, linear)
[    0.513411] kernel: Mountpoint-cache hash table entries: 131072 (order: 8, 1048576 bytes, linear)
[    0.513562] kernel: x86/cpu: User Mode Instruction Prevention (UMIP) activated
[    0.513595] kernel: LVT offset 1 assigned for vector 0xf9
[    0.513713] kernel: LVT offset 2 assigned for vector 0xf4
[    0.513744] kernel: Last level iTLB entries: 4KB 512, 2MB 512, 4MB 256
[    0.513745] kernel: Last level dTLB entries: 4KB 2048, 2MB 2048, 4MB 1024, 1GB 0
[    0.513747] kernel: Spectre V1 : Mitigation: usercopy/swapgs barriers and __user pointer sanitization
[    0.513749] kernel: Spectre V2 : Mitigation: Full AMD retpoline
[    0.513750] kernel: Spectre V2 : Spectre v2 / SpectreRSB mitigation: Filling RSB on context switch
[    0.513751] kernel: Spectre V2 : Enabling Restricted Speculation for firmware calls
[    0.513752] kernel: Spectre V2 : mitigation: Enabling conditional Indirect Branch Prediction Barrier
[    0.513754] kernel: Spectre V2 : User space: Mitigation: STIBP always-on protection
[    0.513755] kernel: Speculative Store Bypass: Mitigation: Speculative Store Bypass disabled via prctl and seccomp
[    0.513943] kernel: Freeing SMP alternatives memory: 40K
[    0.625393] kernel: smpboot: CPU0: AMD Ryzen 9 5950X 16-Core Processor (family: 0x19, model: 0x21, stepping: 0x0)
[    0.625476] kernel: Performance Events: Fam17h+ core perfctr, AMD PMU driver.
[    0.625479] kernel: ... version:                0
[    0.625480] kernel: ... bit width:              48
[    0.625480] kernel: ... generic registers:      6
[    0.625481] kernel: ... value mask:             0000ffffffffffff
[    0.625482] kernel: ... max period:             00007fffffffffff
[    0.625483] kernel: ... fixed-purpose events:   0
[    0.625483] kernel: ... event mask:             000000000000003f
[    0.625516] kernel: rcu: Hierarchical SRCU implementation.
[    0.625721] kernel: NMI watchdog: Enabled. Permanently consumes one hw-PMU counter.
[    0.625844] kernel: smp: Bringing up secondary CPUs ...
[    0.625886] kernel: x86: Booting SMP configuration:
[    0.625887] kernel: .... node  #0, CPUs:        #1  #2  #3  #4  #5  #6  #7  #8  #9 #10 #11 #12 #13 #14 #15 #16
[    0.659491] kernel: Spectre V2 : Update user space SMT mitigation: STIBP always-on
[    0.659517] kernel:  #17 #18 #19 #20 #21 #22 #23 #24 #25 #26 #27 #28 #29 #30 #31
[    0.691464] kernel: smp: Brought up 1 node, 32 CPUs
[    0.691464] kernel: smpboot: Max logical packages: 1
[    0.691464] kernel: smpboot: Total of 32 processors activated (217200.25 BogoMIPS)
[    0.696440] kernel: devtmpfs: initialized
[    0.696440] kernel: x86/mm: Memory block size: 2048MB
[    0.696440] kernel: PM: Registering ACPI NVS region [mem 0x0a200000-0x0a20dfff] (57344 bytes)
[    0.696440] kernel: PM: Registering ACPI NVS region [mem 0xca817000-0xcaee4fff] (7135232 bytes)
[    0.696440] kernel: clocksource: jiffies: mask: 0xffffffff max_cycles: 0xffffffff, max_idle_ns: 7645041785100000 ns
[    0.696440] kernel: futex hash table entries: 8192 (order: 7, 524288 bytes, linear)
[    0.696440] kernel: pinctrl core: initialized pinctrl subsystem
[    0.696440] kernel: PM: RTC time: 04:23:04, date: 2021-05-08
[    0.696440] kernel: NET: Registered protocol family 16
[    0.696440] kernel: DMA: preallocated 4096 KiB GFP_KERNEL pool for atomic allocations
[    0.696440] kernel: DMA: preallocated 4096 KiB GFP_KERNEL|GFP_DMA pool for atomic allocations
[    0.696440] kernel: DMA: preallocated 4096 KiB GFP_KERNEL|GFP_DMA32 pool for atomic allocations
[    0.696440] kernel: audit: initializing netlink subsys (disabled)
[    0.696440] kernel: audit: type=2000 audit(1620447784.208:1): state=initialized audit_enabled=0 res=1
[    0.696440] kernel: thermal_sys: Registered thermal governor 'fair_share'
[    0.696440] kernel: thermal_sys: Registered thermal governor 'bang_bang'
[    0.696440] kernel: thermal_sys: Registered thermal governor 'step_wise'
[    0.696440] kernel: thermal_sys: Registered thermal governor 'user_space'
[    0.696440] kernel: thermal_sys: Registered thermal governor 'power_allocator'
[    0.696440] kernel: EISA bus registered
[    0.696440] kernel: cpuidle: using governor ladder
[    0.696440] kernel: cpuidle: using governor menu
[    0.696440] kernel: Detected 1 PCC Subspaces
[    0.696440] kernel: Registering PCC driver as Mailbox controller
[    0.696440] kernel: ACPI: bus type PCI registered
[    0.696440] kernel: acpiphp: ACPI Hot Plug PCI Controller Driver version: 0.5
[    0.696440] kernel: PCI: MMCONFIG for domain 0000 [bus 00-7f] at [mem 0xf0000000-0xf7ffffff] (base 0xf0000000)
[    0.696440] kernel: PCI: MMCONFIG at [mem 0xf0000000-0xf7ffffff] reserved in E820
[    0.696440] kernel: PCI: Using configuration type 1 for base access
[    0.696440] kernel: Kprobes globally optimized
[    0.696440] kernel: HugeTLB registered 1.00 GiB page size, pre-allocated 0 pages
[    0.696440] kernel: HugeTLB registered 2.00 MiB page size, pre-allocated 0 pages
[    0.699472] kernel: fbcon: Taking over console
[    0.699482] kernel: ACPI: Added _OSI(Module Device)
[    0.699483] kernel: ACPI: Added _OSI(Processor Device)
[    0.699484] kernel: ACPI: Added _OSI(3.0 _SCP Extensions)
[    0.699485] kernel: ACPI: Added _OSI(Processor Aggregator Device)
[    0.699486] kernel: ACPI: Added _OSI(Linux-Dell-Video)
[    0.699487] kernel: ACPI: Added _OSI(Linux-Lenovo-NV-HDMI-Audio)
[    0.699488] kernel: ACPI: Added _OSI(Linux-HPI-Hybrid-Graphics)
[    0.711005] kernel: ACPI: 9 ACPI AML tables successfully acquired and loaded
[    0.712151] kernel: ACPI: [Firmware Bug]: BIOS _OSI(Linux) query ignored
[    0.713566] kernel: ACPI: Interpreter enabled
[    0.713576] kernel: ACPI: (supports S0 S3 S4 S5)
[    0.713578] kernel: ACPI: Using IOAPIC for interrupt routing
[    0.713789] kernel: PCI: Using host bridge windows from ACPI; if necessary, use "pci=nocrs" and report a bug
[    0.714037] kernel: ACPI: Enabled 4 GPEs in block 00 to 1F
[    0.719334] kernel: ACPI: PCI Root Bridge [PCI0] (domain 0000 [bus 00-ff])
[    0.719340] kernel: acpi PNP0A08:00: _OSC: OS supports [ExtendedConfig ASPM ClockPM Segments MSI HPX-Type3]
[    0.719479] kernel: acpi PNP0A08:00: _OSC: platform does not support [PCIeHotplug SHPCHotplug PME LTR]
[    0.719610] kernel: acpi PNP0A08:00: _OSC: OS now controls [AER PCIeCapability]
[    0.719618] kernel: acpi PNP0A08:00: [Firmware Info]: MMCONFIG for domain 0000 [bus 00-7f] only partially covers this bridge
[    0.719850] kernel: PCI host bridge to bus 0000:00
[    0.719852] kernel: pci_bus 0000:00: root bus resource [io  0x0000-0x03af window]
[    0.719854] kernel: pci_bus 0000:00: root bus resource [io  0x03e0-0x0cf7 window]
[    0.719855] kernel: pci_bus 0000:00: root bus resource [io  0x03b0-0x03df window]
[    0.719856] kernel: pci_bus 0000:00: root bus resource [io  0x0d00-0xffff window]
[    0.719857] kernel: pci_bus 0000:00: root bus resource [mem 0x000a0000-0x000bffff window]
[    0.719858] kernel: pci_bus 0000:00: root bus resource [mem 0x000c0000-0x000dffff window]
[    0.719859] kernel: pci_bus 0000:00: root bus resource [mem 0xd0000000-0xfec2ffff window]
[    0.719860] kernel: pci_bus 0000:00: root bus resource [mem 0xfee00000-0xffffffff window]
[    0.719861] kernel: pci_bus 0000:00: root bus resource [bus 00-ff]
[    0.719870] kernel: pci 0000:00:00.0: [1022:1480] type 00 class 0x060000
[    0.719952] kernel: pci 0000:00:00.2: [1022:1481] type 00 class 0x080600
[    0.720040] kernel: pci 0000:00:01.0: [1022:1482] type 00 class 0x060000
[    0.720108] kernel: pci 0000:00:01.1: [1022:1483] type 01 class 0x060400
[    0.720190] kernel: pci 0000:00:01.1: PME# supported from D0 D3hot D3cold
[    0.720292] kernel: pci 0000:00:01.2: [1022:1483] type 01 class 0x060400
[    0.720322] kernel: pci 0000:00:01.2: enabling Extended Tags
[    0.720376] kernel: pci 0000:00:01.2: PME# supported from D0 D3hot D3cold
[    0.720474] kernel: pci 0000:00:02.0: [1022:1482] type 00 class 0x060000
[    0.720539] kernel: pci 0000:00:03.0: [1022:1482] type 00 class 0x060000
[    0.720603] kernel: pci 0000:00:04.0: [1022:1482] type 00 class 0x060000
[    0.720668] kernel: pci 0000:00:05.0: [1022:1482] type 00 class 0x060000
[    0.720733] kernel: pci 0000:00:07.0: [1022:1482] type 00 class 0x060000
[    0.720795] kernel: pci 0000:00:07.1: [1022:1484] type 01 class 0x060400
[    0.720820] kernel: pci 0000:00:07.1: enabling Extended Tags
[    0.720859] kernel: pci 0000:00:07.1: PME# supported from D0 D3hot D3cold
[    0.720941] kernel: pci 0000:00:08.0: [1022:1482] type 00 class 0x060000
[    0.721004] kernel: pci 0000:00:08.1: [1022:1484] type 01 class 0x060400
[    0.721030] kernel: pci 0000:00:08.1: enabling Extended Tags
[    0.721072] kernel: pci 0000:00:08.1: PME# supported from D0 D3hot D3cold
[    0.721171] kernel: pci 0000:00:14.0: [1022:790b] type 00 class 0x0c0500
[    0.721279] kernel: pci 0000:00:14.3: [1022:790e] type 00 class 0x060100
[    0.721390] kernel: pci 0000:00:18.0: [1022:1440] type 00 class 0x060000
[    0.721431] kernel: pci 0000:00:18.1: [1022:1441] type 00 class 0x060000
[    0.721467] kernel: pci 0000:00:18.2: [1022:1442] type 00 class 0x060000
[    0.721504] kernel: pci 0000:00:18.3: [1022:1443] type 00 class 0x060000
[    0.721541] kernel: pci 0000:00:18.4: [1022:1444] type 00 class 0x060000
[    0.721578] kernel: pci 0000:00:18.5: [1022:1445] type 00 class 0x060000
[    0.721615] kernel: pci 0000:00:18.6: [1022:1446] type 00 class 0x060000
[    0.721652] kernel: pci 0000:00:18.7: [1022:1447] type 00 class 0x060000
[    0.721743] kernel: pci 0000:01:00.0: [8086:0a54] type 00 class 0x010802
[    0.721759] kernel: pci 0000:01:00.0: reg 0x10: [mem 0xfc910000-0xfc913fff 64bit]
[    0.721793] kernel: pci 0000:01:00.0: reg 0x30: [mem 0xfc900000-0xfc90ffff pref]
[    0.721933] kernel: pci 0000:00:01.1: PCI bridge to [bus 01]
[    0.721938] kernel: pci 0000:00:01.1:   bridge window [mem 0xfc900000-0xfc9fffff]
[    0.721996] kernel: pci 0000:02:00.0: [1022:43ee] type 00 class 0x0c0330
[    0.722016] kernel: pci 0000:02:00.0: reg 0x10: [mem 0xfc4a0000-0xfc4a7fff 64bit]
[    0.722060] kernel: pci 0000:02:00.0: enabling Extended Tags
[    0.722120] kernel: pci 0000:02:00.0: PME# supported from D3hot D3cold
[    0.722203] kernel: pci 0000:02:00.1: [1022:43eb] type 00 class 0x010601
[    0.722257] kernel: pci 0000:02:00.1: reg 0x24: [mem 0xfc480000-0xfc49ffff]
[    0.722265] kernel: pci 0000:02:00.1: reg 0x30: [mem 0xfc400000-0xfc47ffff pref]
[    0.722272] kernel: pci 0000:02:00.1: enabling Extended Tags
[    0.722317] kernel: pci 0000:02:00.1: PME# supported from D3hot D3cold
[    0.722377] kernel: pci 0000:02:00.2: [1022:43e9] type 01 class 0x060400
[    0.722426] kernel: pci 0000:02:00.2: enabling Extended Tags
[    0.722477] kernel: pci 0000:02:00.2: PME# supported from D3hot D3cold
[    0.722552] kernel: pci 0000:00:01.2: PCI bridge to [bus 02-07]
[    0.722556] kernel: pci 0000:00:01.2:   bridge window [io  0xe000-0xffff]
[    0.722558] kernel: pci 0000:00:01.2:   bridge window [mem 0xfb000000-0xfc4fffff]
[    0.722562] kernel: pci 0000:00:01.2:   bridge window [mem 0xe0000000-0xe9ffffff 64bit pref]
[    0.722651] kernel: pci 0000:03:00.0: [1022:43ea] type 01 class 0x060400
[    0.722704] kernel: pci 0000:03:00.0: enabling Extended Tags
[    0.722762] kernel: pci 0000:03:00.0: PME# supported from D3hot D3cold
[    0.722845] kernel: pci 0000:03:04.0: [1022:43ea] type 01 class 0x060400
[    0.722898] kernel: pci 0000:03:04.0: enabling Extended Tags
[    0.722956] kernel: pci 0000:03:04.0: PME# supported from D3hot D3cold
[    0.723038] kernel: pci 0000:03:08.0: [1022:43ea] type 01 class 0x060400
[    0.723091] kernel: pci 0000:03:08.0: enabling Extended Tags
[    0.723149] kernel: pci 0000:03:08.0: PME# supported from D3hot D3cold
[    0.723229] kernel: pci 0000:03:09.0: [1022:43ea] type 01 class 0x060400
[    0.723281] kernel: pci 0000:03:09.0: enabling Extended Tags
[    0.723339] kernel: pci 0000:03:09.0: PME# supported from D3hot D3cold
[    0.723426] kernel: pci 0000:02:00.2: PCI bridge to [bus 03-07]
[    0.723432] kernel: pci 0000:02:00.2:   bridge window [io  0xe000-0xffff]
[    0.723435] kernel: pci 0000:02:00.2:   bridge window [mem 0xfb000000-0xfc3fffff]
[    0.723441] kernel: pci 0000:02:00.2:   bridge window [mem 0xe0000000-0xe9ffffff 64bit pref]
[    0.723515] kernel: pci 0000:04:00.0: [10de:1185] type 00 class 0x030000
[    0.723541] kernel: pci 0000:04:00.0: reg 0x10: [mem 0xfb000000-0xfbffffff]
[    0.723564] kernel: pci 0000:04:00.0: reg 0x14: [mem 0xe0000000-0xe7ffffff 64bit pref]
[    0.723587] kernel: pci 0000:04:00.0: reg 0x1c: [mem 0xe8000000-0xe9ffffff 64bit pref]
[    0.723601] kernel: pci 0000:04:00.0: reg 0x24: [io  0xf000-0xf07f]
[    0.723616] kernel: pci 0000:04:00.0: reg 0x30: [mem 0xfc000000-0xfc07ffff pref]
[    0.723628] kernel: pci 0000:04:00.0: enabling Extended Tags
[    0.723653] kernel: pci 0000:04:00.0: BAR 1: assigned to efifb
[    0.723820] kernel: pci 0000:04:00.0: 8.000 Gb/s available PCIe bandwidth, limited by 2.5 GT/s PCIe x4 link at 0000:03:00.0 (capable of 126.016 Gb/s with 8.0 GT/s PCIe x16 link)
[    0.723881] kernel: pci 0000:04:00.1: [10de:0e0a] type 00 class 0x040300
[    0.723904] kernel: pci 0000:04:00.1: reg 0x10: [mem 0xfc080000-0xfc083fff]
[    0.723974] kernel: pci 0000:04:00.1: enabling Extended Tags
[    0.724126] kernel: pci 0000:03:00.0: ASPM: current common clock configuration is inconsistent, reconfiguring
[    0.735480] kernel: pci 0000:03:00.0: PCI bridge to [bus 04]
[    0.735487] kernel: pci 0000:03:00.0:   bridge window [io  0xf000-0xffff]
[    0.735490] kernel: pci 0000:03:00.0:   bridge window [mem 0xfb000000-0xfc0fffff]
[    0.735496] kernel: pci 0000:03:00.0:   bridge window [mem 0xe0000000-0xe9ffffff 64bit pref]
[    0.735572] kernel: pci 0000:05:00.0: [8086:0a54] type 00 class 0x010802
[    0.735601] kernel: pci 0000:05:00.0: reg 0x10: [mem 0xfc310000-0xfc313fff 64bit]
[    0.735657] kernel: pci 0000:05:00.0: reg 0x30: [mem 0xfc300000-0xfc30ffff pref]
[    0.735667] kernel: pci 0000:05:00.0: enabling Extended Tags
[    0.735914] kernel: pci 0000:03:04.0: PCI bridge to [bus 05]
[    0.735922] kernel: pci 0000:03:04.0:   bridge window [mem 0xfc300000-0xfc3fffff]
[    0.735969] kernel: pci 0000:03:08.0: PCI bridge to [bus 06]
[    0.736061] kernel: pci 0000:07:00.0: [10ec:8168] type 00 class 0x020000
[    0.736091] kernel: pci 0000:07:00.0: reg 0x10: [io  0xe000-0xe0ff]
[    0.736132] kernel: pci 0000:07:00.0: reg 0x18: [mem 0xfc204000-0xfc204fff 64bit]
[    0.736157] kernel: pci 0000:07:00.0: reg 0x20: [mem 0xfc200000-0xfc203fff 64bit]
[    0.736319] kernel: pci 0000:07:00.0: supports D1 D2
[    0.736320] kernel: pci 0000:07:00.0: PME# supported from D0 D1 D2 D3hot D3cold
[    0.736494] kernel: pci 0000:03:09.0: PCI bridge to [bus 07]
[    0.736500] kernel: pci 0000:03:09.0:   bridge window [io  0xe000-0xefff]
[    0.736504] kernel: pci 0000:03:09.0:   bridge window [mem 0xfc200000-0xfc2fffff]
[    0.736571] kernel: pci 0000:08:00.0: [1022:148a] type 00 class 0x130000
[    0.736599] kernel: pci 0000:08:00.0: enabling Extended Tags
[    0.736693] kernel: pci 0000:00:07.1: PCI bridge to [bus 08]
[    0.736744] kernel: pci 0000:09:00.0: [1022:1485] type 00 class 0x130000
[    0.736778] kernel: pci 0000:09:00.0: enabling Extended Tags
[    0.736887] kernel: pci 0000:09:00.1: [1022:1486] type 00 class 0x108000
[    0.736903] kernel: pci 0000:09:00.1: reg 0x18: [mem 0xfc700000-0xfc7fffff]
[    0.736915] kernel: pci 0000:09:00.1: reg 0x24: [mem 0xfc808000-0xfc809fff]
[    0.736924] kernel: pci 0000:09:00.1: enabling Extended Tags
[    0.737018] kernel: pci 0000:09:00.3: [1022:149c] type 00 class 0x0c0330
[    0.737031] kernel: pci 0000:09:00.3: reg 0x10: [mem 0xfc600000-0xfc6fffff 64bit]
[    0.737061] kernel: pci 0000:09:00.3: enabling Extended Tags
[    0.737107] kernel: pci 0000:09:00.3: PME# supported from D0 D3hot D3cold
[    0.737170] kernel: pci 0000:09:00.4: [1022:1487] type 00 class 0x040300
[    0.737179] kernel: pci 0000:09:00.4: reg 0x10: [mem 0xfc800000-0xfc807fff]
[    0.737205] kernel: pci 0000:09:00.4: enabling Extended Tags
[    0.737248] kernel: pci 0000:09:00.4: PME# supported from D0 D3hot D3cold
[    0.737317] kernel: pci 0000:00:08.1: PCI bridge to [bus 09]
[    0.737321] kernel: pci 0000:00:08.1:   bridge window [mem 0xfc600000-0xfc8fffff]
[    0.737613] kernel: ACPI: PCI Interrupt Link [LNKA] (IRQs 4 5 7 10 11 14 15) *0
[    0.737652] kernel: ACPI: PCI Interrupt Link [LNKB] (IRQs 4 5 7 10 11 14 15) *0
[    0.737685] kernel: ACPI: PCI Interrupt Link [LNKC] (IRQs 4 5 7 10 11 14 15) *0
[    0.737724] kernel: ACPI: PCI Interrupt Link [LNKD] (IRQs 4 5 7 10 11 14 15) *0
[    0.737760] kernel: ACPI: PCI Interrupt Link [LNKE] (IRQs 4 5 7 10 11 14 15) *0
[    0.737790] kernel: ACPI: PCI Interrupt Link [LNKF] (IRQs 4 5 7 10 11 14 15) *0
[    0.737820] kernel: ACPI: PCI Interrupt Link [LNKG] (IRQs 4 5 7 10 11 14 15) *0
[    0.737850] kernel: ACPI: PCI Interrupt Link [LNKH] (IRQs 4 5 7 10 11 14 15) *0
[    0.738427] kernel: iommu: Default domain type: Translated 
[    0.738427] kernel: SCSI subsystem initialized
[    0.739446] kernel: libata version 3.00 loaded.
[    0.739454] kernel: pci 0000:04:00.0: vgaarb: setting as boot VGA device
[    0.739454] kernel: pci 0000:04:00.0: vgaarb: VGA device added: decodes=io+mem,owns=io+mem,locks=none
[    0.739454] kernel: pci 0000:04:00.0: vgaarb: bridge control possible
[    0.739454] kernel: vgaarb: loaded
[    0.739463] kernel: ACPI: bus type USB registered
[    0.739469] kernel: usbcore: registered new interface driver usbfs
[    0.739472] kernel: usbcore: registered new interface driver hub
[    0.739477] kernel: usbcore: registered new device driver usb
[    0.739487] kernel: pps_core: LinuxPPS API ver. 1 registered
[    0.739488] kernel: pps_core: Software ver. 5.3.6 - Copyright 2005-2007 Rodolfo Giometti <giometti@linux.it>
[    0.739490] kernel: PTP clock support registered
[    0.739499] kernel: EDAC MC: Ver: 3.0.0
[    0.739527] kernel: Registered efivars operations
[    0.739527] kernel: NetLabel: Initializing
[    0.739527] kernel: NetLabel:  domain hash size = 128
[    0.739527] kernel: NetLabel:  protocols = UNLABELED CIPSOv4 CALIPSO
[    0.739527] kernel: NetLabel:  unlabeled traffic allowed by default
[    0.739527] kernel: PCI: Using ACPI for IRQ routing
[    0.743439] kernel: PCI: pci_cache_line_size set to 64 bytes
[    0.743439] kernel: e820: reserve RAM buffer [mem 0x09d1f000-0x0bffffff]
[    0.743439] kernel: e820: reserve RAM buffer [mem 0x0a200000-0x0bffffff]
[    0.743439] kernel: e820: reserve RAM buffer [mem 0x0b000000-0x0bffffff]
[    0.743439] kernel: e820: reserve RAM buffer [mem 0x8fb40018-0x8fffffff]
[    0.743439] kernel: e820: reserve RAM buffer [mem 0x8fb4f018-0x8fffffff]
[    0.743439] kernel: e820: reserve RAM buffer [mem 0xc5bb8000-0xc7ffffff]
[    0.743439] kernel: e820: reserve RAM buffer [mem 0xc8e51000-0xcbffffff]
[    0.743439] kernel: e820: reserve RAM buffer [mem 0xca2c6000-0xcbffffff]
[    0.743439] kernel: e820: reserve RAM buffer [mem 0xcd000000-0xcfffffff]
[    0.743439] kernel: e820: reserve RAM buffer [mem 0x102f300000-0x102fffffff]
[    0.743457] kernel: hpet0: at MMIO 0xfed00000, IRQs 2, 8, 0
[    0.743459] kernel: hpet0: 3 comparators, 32-bit 14.318180 MHz counter
[    0.744480] kernel: clocksource: Switched to clocksource tsc-early
[    0.747947] kernel: VFS: Disk quotas dquot_6.6.0
[    0.747957] kernel: VFS: Dquot-cache hash table entries: 512 (order 0, 4096 bytes)
[    0.748013] kernel: AppArmor: AppArmor Filesystem Enabled
[    0.748022] kernel: pnp: PnP ACPI init
[    0.748075] kernel: system 00:00: [mem 0xf0000000-0xf7ffffff] has been reserved
[    0.748079] kernel: system 00:00: Plug and Play ACPI device, IDs PNP0c01 (active)
[    0.748113] kernel: system 00:01: [mem 0xfd200000-0xfd2fffff] has been reserved
[    0.748115] kernel: system 00:01: Plug and Play ACPI device, IDs PNP0c02 (active)
[    0.748138] kernel: pnp 00:02: Plug and Play ACPI device, IDs PNP0b00 (active)
[    0.748222] kernel: system 00:03: [io  0x0290-0x029f] has been reserved
[    0.748224] kernel: system 00:03: [io  0x0200-0x021f] has been reserved
[    0.748226] kernel: system 00:03: Plug and Play ACPI device, IDs PNP0c02 (active)
[    0.748397] kernel: pnp 00:04: [dma 0 disabled]
[    0.748412] kernel: pnp 00:04: Plug and Play ACPI device, IDs PNP0501 (active)
[    0.748569] kernel: system 00:05: [io  0x04d0-0x04d1] has been reserved
[    0.748571] kernel: system 00:05: [io  0x040b] has been reserved
[    0.748572] kernel: system 00:05: [io  0x04d6] has been reserved
[    0.748573] kernel: system 00:05: [io  0x0c00-0x0c01] has been reserved
[    0.748574] kernel: system 00:05: [io  0x0c14] has been reserved
[    0.748575] kernel: system 00:05: [io  0x0c50-0x0c51] has been reserved
[    0.748576] kernel: system 00:05: [io  0x0c52] has been reserved
[    0.748577] kernel: system 00:05: [io  0x0c6c] has been reserved
[    0.748578] kernel: system 00:05: [io  0x0c6f] has been reserved
[    0.748579] kernel: system 00:05: [io  0x0cd8-0x0cdf] has been reserved
[    0.748580] kernel: system 00:05: [io  0x0800-0x089f] has been reserved
[    0.748581] kernel: system 00:05: [io  0x0b00-0x0b0f] has been reserved
[    0.748582] kernel: system 00:05: [io  0x0b20-0x0b3f] has been reserved
[    0.748583] kernel: system 00:05: [io  0x0900-0x090f] has been reserved
[    0.748584] kernel: system 00:05: [io  0x0910-0x091f] has been reserved
[    0.748585] kernel: system 00:05: [mem 0xfec00000-0xfec00fff] could not be reserved
[    0.748586] kernel: system 00:05: [mem 0xfec01000-0xfec01fff] could not be reserved
[    0.748587] kernel: system 00:05: [mem 0xfedc0000-0xfedc0fff] has been reserved
[    0.748588] kernel: system 00:05: [mem 0xfee00000-0xfee00fff] has been reserved
[    0.748590] kernel: system 00:05: [mem 0xfed80000-0xfed8ffff] could not be reserved
[    0.748591] kernel: system 00:05: [mem 0xfec10000-0xfec10fff] has been reserved
[    0.748592] kernel: system 00:05: [mem 0xff000000-0xffffffff] has been reserved
[    0.748594] kernel: system 00:05: Plug and Play ACPI device, IDs PNP0c02 (active)
[    0.748964] kernel: pnp: PnP ACPI: found 6 devices
[    0.754285] kernel: clocksource: acpi_pm: mask: 0xffffff max_cycles: 0xffffff, max_idle_ns: 2085701024 ns
[    0.754326] kernel: NET: Registered protocol family 2
[    0.754540] kernel: tcp_listen_portaddr_hash hash table entries: 32768 (order: 7, 524288 bytes, linear)
[    0.754845] kernel: TCP established hash table entries: 524288 (order: 10, 4194304 bytes, linear)
[    0.755194] kernel: TCP bind hash table entries: 65536 (order: 8, 1048576 bytes, linear)
[    0.755242] kernel: TCP: Hash tables configured (established 524288 bind 65536)
[    0.755403] kernel: MPTCP token hash table entries: 65536 (order: 8, 1572864 bytes, linear)
[    0.755516] kernel: UDP hash table entries: 32768 (order: 8, 1048576 bytes, linear)
[    0.755633] kernel: UDP-Lite hash table entries: 32768 (order: 8, 1048576 bytes, linear)
[    0.755735] kernel: NET: Registered protocol family 1
[    0.755739] kernel: NET: Registered protocol family 44
[    0.755746] kernel: pci 0000:00:01.1: PCI bridge to [bus 01]
[    0.755751] kernel: pci 0000:00:01.1:   bridge window [mem 0xfc900000-0xfc9fffff]
[    0.755757] kernel: pci 0000:03:00.0: PCI bridge to [bus 04]
[    0.755760] kernel: pci 0000:03:00.0:   bridge window [io  0xf000-0xffff]
[    0.755765] kernel: pci 0000:03:00.0:   bridge window [mem 0xfb000000-0xfc0fffff]
[    0.755768] kernel: pci 0000:03:00.0:   bridge window [mem 0xe0000000-0xe9ffffff 64bit pref]
[    0.755774] kernel: pci 0000:03:04.0: PCI bridge to [bus 05]
[    0.755779] kernel: pci 0000:03:04.0:   bridge window [mem 0xfc300000-0xfc3fffff]
[    0.755787] kernel: pci 0000:03:08.0: PCI bridge to [bus 06]
[    0.755799] kernel: pci 0000:03:09.0: PCI bridge to [bus 07]
[    0.755801] kernel: pci 0000:03:09.0:   bridge window [io  0xe000-0xefff]
[    0.755805] kernel: pci 0000:03:09.0:   bridge window [mem 0xfc200000-0xfc2fffff]
[    0.755813] kernel: pci 0000:02:00.2: PCI bridge to [bus 03-07]
[    0.755816] kernel: pci 0000:02:00.2:   bridge window [io  0xe000-0xffff]
[    0.755820] kernel: pci 0000:02:00.2:   bridge window [mem 0xfb000000-0xfc3fffff]
[    0.755823] kernel: pci 0000:02:00.2:   bridge window [mem 0xe0000000-0xe9ffffff 64bit pref]
[    0.755829] kernel: pci 0000:00:01.2: PCI bridge to [bus 02-07]
[    0.755831] kernel: pci 0000:00:01.2:   bridge window [io  0xe000-0xffff]
[    0.755834] kernel: pci 0000:00:01.2:   bridge window [mem 0xfb000000-0xfc4fffff]
[    0.755836] kernel: pci 0000:00:01.2:   bridge window [mem 0xe0000000-0xe9ffffff 64bit pref]
[    0.755841] kernel: pci 0000:00:07.1: PCI bridge to [bus 08]
[    0.755847] kernel: pci 0000:00:08.1: PCI bridge to [bus 09]
[    0.755850] kernel: pci 0000:00:08.1:   bridge window [mem 0xfc600000-0xfc8fffff]
[    0.755855] kernel: pci_bus 0000:00: resource 4 [io  0x0000-0x03af window]
[    0.755856] kernel: pci_bus 0000:00: resource 5 [io  0x03e0-0x0cf7 window]
[    0.755858] kernel: pci_bus 0000:00: resource 6 [io  0x03b0-0x03df window]
[    0.755859] kernel: pci_bus 0000:00: resource 7 [io  0x0d00-0xffff window]
[    0.755860] kernel: pci_bus 0000:00: resource 8 [mem 0x000a0000-0x000bffff window]
[    0.755861] kernel: pci_bus 0000:00: resource 9 [mem 0x000c0000-0x000dffff window]
[    0.755862] kernel: pci_bus 0000:00: resource 10 [mem 0xd0000000-0xfec2ffff window]
[    0.755864] kernel: pci_bus 0000:00: resource 11 [mem 0xfee00000-0xffffffff window]
[    0.755865] kernel: pci_bus 0000:01: resource 1 [mem 0xfc900000-0xfc9fffff]
[    0.755866] kernel: pci_bus 0000:02: resource 0 [io  0xe000-0xffff]
[    0.755867] kernel: pci_bus 0000:02: resource 1 [mem 0xfb000000-0xfc4fffff]
[    0.755869] kernel: pci_bus 0000:02: resource 2 [mem 0xe0000000-0xe9ffffff 64bit pref]
[    0.755870] kernel: pci_bus 0000:03: resource 0 [io  0xe000-0xffff]
[    0.755871] kernel: pci_bus 0000:03: resource 1 [mem 0xfb000000-0xfc3fffff]
[    0.755872] kernel: pci_bus 0000:03: resource 2 [mem 0xe0000000-0xe9ffffff 64bit pref]
[    0.755874] kernel: pci_bus 0000:04: resource 0 [io  0xf000-0xffff]
[    0.755875] kernel: pci_bus 0000:04: resource 1 [mem 0xfb000000-0xfc0fffff]
[    0.755876] kernel: pci_bus 0000:04: resource 2 [mem 0xe0000000-0xe9ffffff 64bit pref]
[    0.755877] kernel: pci_bus 0000:05: resource 1 [mem 0xfc300000-0xfc3fffff]
[    0.755879] kernel: pci_bus 0000:07: resource 0 [io  0xe000-0xefff]
[    0.755880] kernel: pci_bus 0000:07: resource 1 [mem 0xfc200000-0xfc2fffff]
[    0.755881] kernel: pci_bus 0000:09: resource 1 [mem 0xfc600000-0xfc8fffff]
[    0.756053] kernel: pci 0000:04:00.0: Video device with shadowed ROM at [mem 0x000c0000-0x000dffff]
[    0.756075] kernel: pci 0000:04:00.1: D0 power state depends on 0000:04:00.0
[    0.756162] kernel: PCI: CLS 64 bytes, default 64
[    0.756187] kernel: Trying to unpack rootfs image as initramfs...
[    0.857646] kernel: Freeing initrd memory: 99920K
[    0.857669] kernel: pci 0000:00:00.2: AMD-Vi: IOMMU performance counters supported
[    0.857715] kernel: pci 0000:00:01.0: Adding to iommu group 0
[    0.857722] kernel: pci 0000:00:01.1: Adding to iommu group 1
[    0.857728] kernel: pci 0000:00:01.2: Adding to iommu group 2
[    0.857736] kernel: pci 0000:00:02.0: Adding to iommu group 3
[    0.857742] kernel: pci 0000:00:03.0: Adding to iommu group 4
[    0.857748] kernel: pci 0000:00:04.0: Adding to iommu group 5
[    0.857755] kernel: pci 0000:00:05.0: Adding to iommu group 6
[    0.857763] kernel: pci 0000:00:07.0: Adding to iommu group 7
[    0.857769] kernel: pci 0000:00:07.1: Adding to iommu group 8
[    0.857777] kernel: pci 0000:00:08.0: Adding to iommu group 9
[    0.857782] kernel: pci 0000:00:08.1: Adding to iommu group 10
[    0.857791] kernel: pci 0000:00:14.0: Adding to iommu group 11
[    0.857796] kernel: pci 0000:00:14.3: Adding to iommu group 11
[    0.857875] kernel: pci 0000:00:18.0: Adding to iommu group 12
[    0.857880] kernel: pci 0000:00:18.1: Adding to iommu group 12
[    0.857885] kernel: pci 0000:00:18.2: Adding to iommu group 12
[    0.857890] kernel: pci 0000:00:18.3: Adding to iommu group 12
[    0.857895] kernel: pci 0000:00:18.4: Adding to iommu group 12
[    0.857900] kernel: pci 0000:00:18.5: Adding to iommu group 12
[    0.857905] kernel: pci 0000:00:18.6: Adding to iommu group 12
[    0.857910] kernel: pci 0000:00:18.7: Adding to iommu group 12
[    0.857916] kernel: pci 0000:01:00.0: Adding to iommu group 13
[    0.857927] kernel: pci 0000:02:00.0: Adding to iommu group 14
[    0.857935] kernel: pci 0000:02:00.1: Adding to iommu group 14
[    0.857941] kernel: pci 0000:02:00.2: Adding to iommu group 14
[    0.857944] kernel: pci 0000:03:00.0: Adding to iommu group 14
[    0.857947] kernel: pci 0000:03:04.0: Adding to iommu group 14
[    0.857951] kernel: pci 0000:03:08.0: Adding to iommu group 14
[    0.857954] kernel: pci 0000:03:09.0: Adding to iommu group 14
[    0.857958] kernel: pci 0000:04:00.0: Adding to iommu group 14
[    0.857961] kernel: pci 0000:04:00.1: Adding to iommu group 14
[    0.857964] kernel: pci 0000:05:00.0: Adding to iommu group 14
[    0.857967] kernel: pci 0000:07:00.0: Adding to iommu group 14
[    0.857974] kernel: pci 0000:08:00.0: Adding to iommu group 15
[    0.857981] kernel: pci 0000:09:00.0: Adding to iommu group 16
[    0.857989] kernel: pci 0000:09:00.1: Adding to iommu group 17
[    0.857997] kernel: pci 0000:09:00.3: Adding to iommu group 18
[    0.858004] kernel: pci 0000:09:00.4: Adding to iommu group 19
[    0.860568] kernel: pci 0000:00:00.2: AMD-Vi: Found IOMMU cap 0x40
[    0.860570] kernel: pci 0000:00:00.2: AMD-Vi: Extended features (0x58f77ef22294a5a):
[    0.860571] kernel:  PPR NX GT IA PC GA_vAPIC
[    0.860574] kernel: AMD-Vi: Interrupt remapping enabled
[    0.860668] kernel: AMD-Vi: Lazy IO/TLB flushing enabled
[    0.861046] kernel: amd_uncore: 4  amd_df counters detected
[    0.861050] kernel: amd_uncore: 6  amd_l3 counters detected
[    0.861544] kernel: LVT offset 0 assigned for vector 0x400
[    0.861750] kernel: perf: AMD IBS detected (0x000003ff)
[    0.861754] kernel: perf/amd_iommu: Detected AMD IOMMU #0 (2 banks, 4 counters/bank).
[    0.861783] kernel: check: Scanning for low memory corruption every 60 seconds
[    0.862126] kernel: Initialise system trusted keyrings
[    0.862134] kernel: Key type blacklist registered
[    0.862158] kernel: workingset: timestamp_bits=36 max_order=24 bucket_order=0
[    0.862596] kernel: zbud: loaded
[    0.862736] kernel: squashfs: version 4.0 (2009/01/31) Phillip Lougher
[    0.862802] kernel: fuse: init (API version 7.33)
[    0.862898] kernel: integrity: Platform Keyring initialized
[    0.865089] kernel: Key type asymmetric registered
[    0.865090] kernel: Asymmetric key parser 'x509' registered
[    0.865095] kernel: Block layer SCSI generic (bsg) driver version 0.4 loaded (major 243)
[    0.865123] kernel: io scheduler mq-deadline registered
[    0.865842] kernel: pcieport 0000:00:01.1: AER: enabled with IRQ 26
[    0.865980] kernel: pcieport 0000:00:01.2: AER: enabled with IRQ 27
[    0.866165] kernel: pcieport 0000:00:07.1: AER: enabled with IRQ 29
[    0.866264] kernel: pcieport 0000:00:08.1: AER: enabled with IRQ 30
[    0.866867] kernel: shpchp: Standard Hot Plug PCI Controller Driver version: 0.4
[    0.866895] kernel: efifb: probing for efifb
[    0.866914] kernel: efifb: framebuffer at 0xe0000000, using 8100k, total 8100k
[    0.866915] kernel: efifb: mode is 1920x1080x32, linelength=7680, pages=1
[    0.866916] kernel: efifb: scrolling: redraw
[    0.866917] kernel: efifb: Truecolor: size=8:8:8:8, shift=24:16:8:0
[    0.866966] kernel: Console: switching to colour frame buffer device 240x67
[    0.878040] kernel: fb0: EFI VGA frame buffer device
[    0.878159] kernel: input: Power Button as /devices/LNXSYSTM:00/LNXSYBUS:00/PNP0C0C:00/input/input0
[    0.878223] kernel: ACPI: Power Button [PWRB]
[    0.878259] kernel: input: Power Button as /devices/LNXSYSTM:00/LNXPWRBN:00/input/input1
[    0.878321] kernel: ACPI: Power Button [PWRF]
[    0.881825] kernel: smpboot: Estimated ratio of average max frequency by base frequency (times 1024): 1577
[    0.881898] kernel: Monitor-Mwait will be used to enter C-1 state
[    0.881901] kernel: ACPI: \_SB_.PLTF.C000: Found 2 idle states
[    0.881999] kernel: ACPI: \_SB_.PLTF.C002: Found 2 idle states
[    0.882102] kernel: ACPI: \_SB_.PLTF.C004: Found 2 idle states
[    0.882207] kernel: ACPI: \_SB_.PLTF.C006: Found 2 idle states
[    0.882311] kernel: ACPI: \_SB_.PLTF.C008: Found 2 idle states
[    0.882413] kernel: ACPI: \_SB_.PLTF.C00A: Found 2 idle states
[    0.882518] kernel: ACPI: \_SB_.PLTF.C00C: Found 2 idle states
[    0.882608] kernel: ACPI: \_SB_.PLTF.C00E: Found 2 idle states
[    0.882693] kernel: ACPI: \_SB_.PLTF.C010: Found 2 idle states
[    0.882807] kernel: ACPI: \_SB_.PLTF.C012: Found 2 idle states
[    0.882918] kernel: ACPI: \_SB_.PLTF.C014: Found 2 idle states
[    0.883026] kernel: ACPI: \_SB_.PLTF.C016: Found 2 idle states
[    0.883137] kernel: ACPI: \_SB_.PLTF.C018: Found 2 idle states
[    0.883245] kernel: ACPI: \_SB_.PLTF.C01A: Found 2 idle states
[    0.883344] kernel: ACPI: \_SB_.PLTF.C01C: Found 2 idle states
[    0.883442] kernel: ACPI: \_SB_.PLTF.C01E: Found 2 idle states
[    0.883510] kernel: ACPI: \_SB_.PLTF.C001: Found 2 idle states
[    0.883600] kernel: ACPI: \_SB_.PLTF.C003: Found 2 idle states
[    0.883688] kernel: ACPI: \_SB_.PLTF.C005: Found 2 idle states
[    0.883776] kernel: ACPI: \_SB_.PLTF.C007: Found 2 idle states
[    0.883865] kernel: ACPI: \_SB_.PLTF.C009: Found 2 idle states
[    0.883956] kernel: ACPI: \_SB_.PLTF.C00B: Found 2 idle states
[    0.884047] kernel: ACPI: \_SB_.PLTF.C00D: Found 2 idle states
[    0.884150] kernel: ACPI: \_SB_.PLTF.C00F: Found 2 idle states
[    0.884248] kernel: ACPI: \_SB_.PLTF.C011: Found 2 idle states
[    0.884344] kernel: ACPI: \_SB_.PLTF.C013: Found 2 idle states
[    0.884438] kernel: ACPI: \_SB_.PLTF.C015: Found 2 idle states
[    0.884529] kernel: ACPI: \_SB_.PLTF.C017: Found 2 idle states
[    0.884624] kernel: ACPI: \_SB_.PLTF.C019: Found 2 idle states
[    0.884717] kernel: ACPI: \_SB_.PLTF.C01B: Found 2 idle states
[    0.884808] kernel: ACPI: \_SB_.PLTF.C01D: Found 2 idle states
[    0.884899] kernel: ACPI: \_SB_.PLTF.C01F: Found 2 idle states
[    0.885075] kernel: Serial: 8250/16550 driver, 32 ports, IRQ sharing enabled
[    0.905655] kernel: 00:04: ttyS0 at I/O 0x3f8 (irq = 4, base_baud = 115200) is a 16550A
[    0.906907] kernel: Linux agpgart interface v0.103
[    0.910324] kernel: loop: module loaded
[    0.911991] kernel: libphy: Fixed MDIO Bus: probed
[    0.913512] kernel: tun: Universal TUN/TAP device driver, 1.6
[    0.915052] kernel: PPP generic driver version 2.4.2
[    0.916598] kernel: VFIO - User Level meta-driver version: 0.3
[    0.918143] kernel: ehci_hcd: USB 2.0 'Enhanced' Host Controller (EHCI) Driver
[    0.919668] kernel: ehci-pci: EHCI PCI platform driver
[    0.921197] kernel: ehci-platform: EHCI generic platform driver
[    0.922714] kernel: ohci_hcd: USB 1.1 'Open' Host Controller (OHCI) Driver
[    0.924249] kernel: ohci-pci: OHCI PCI platform driver
[    0.925783] kernel: ohci-platform: OHCI generic platform driver
[    0.927317] kernel: uhci_hcd: USB Universal Host Controller Interface driver
[    0.928871] kernel: i8042: PNP: No PS/2 controller found.
[    0.930410] kernel: mousedev: PS/2 mouse device common for all mice
[    0.931984] kernel: rtc_cmos 00:02: RTC can wake from S4
[    0.933641] kernel: rtc_cmos 00:02: registered as rtc0
[    0.935229] kernel: rtc_cmos 00:02: setting system clock to 2021-05-08T04:23:04 UTC (1620447784)
[    0.936826] kernel: rtc_cmos 00:02: alarms up to one month, y3k, 114 bytes nvram, hpet irqs
[    0.938460] kernel: i2c /dev entries driver
[    0.940082] kernel: device-mapper: uevent: version 1.0.3
[    0.941700] kernel: device-mapper: ioctl: 4.43.0-ioctl (2020-10-01) initialised: dm-devel@redhat.com
[    0.943345] kernel: platform eisa.0: Probing EISA bus 0
[    0.944979] kernel: platform eisa.0: EISA: Cannot allocate resource for mainboard
[    0.946632] kernel: platform eisa.0: Cannot allocate resource for EISA slot 1
[    0.948290] kernel: platform eisa.0: Cannot allocate resource for EISA slot 2
[    0.949914] kernel: platform eisa.0: Cannot allocate resource for EISA slot 3
[    0.951500] kernel: platform eisa.0: Cannot allocate resource for EISA slot 4
[    0.953038] kernel: platform eisa.0: Cannot allocate resource for EISA slot 5
[    0.954522] kernel: platform eisa.0: Cannot allocate resource for EISA slot 6
[    0.955963] kernel: platform eisa.0: Cannot allocate resource for EISA slot 7
[    0.957361] kernel: platform eisa.0: Cannot allocate resource for EISA slot 8
[    0.958704] kernel: platform eisa.0: EISA: Detected 0 cards
[    0.960197] kernel: ledtrig-cpu: registered to indicate activity on CPUs
[    0.961536] kernel: EFI Variables Facility v0.08 2004-May-17
[    0.964369] kernel: drop_monitor: Initializing network drop monitor service
[    0.965850] kernel: NET: Registered protocol family 10
[    0.969540] kernel: Segment Routing with IPv6
[    0.970995] kernel: NET: Registered protocol family 17
[    0.972498] kernel: Key type dns_resolver registered
[    0.975038] kernel: microcode: CPU0: patch_level=0x0a201009
[    0.976572] kernel: microcode: CPU1: patch_level=0x0a201009
[    0.978112] kernel: microcode: CPU2: patch_level=0x0a201009
[    0.979652] kernel: microcode: CPU3: patch_level=0x0a201009
[    0.981192] kernel: microcode: CPU4: patch_level=0x0a201009
[    0.982732] kernel: microcode: CPU5: patch_level=0x0a201009
[    0.984272] kernel: microcode: CPU6: patch_level=0x0a201009
[    0.985813] kernel: microcode: CPU7: patch_level=0x0a201009
[    0.987357] kernel: microcode: CPU8: patch_level=0x0a201009
[    0.988902] kernel: microcode: CPU9: patch_level=0x0a201009
[    0.990443] kernel: microcode: CPU10: patch_level=0x0a201009
[    0.992006] kernel: microcode: CPU11: patch_level=0x0a201009
[    0.993570] kernel: microcode: CPU12: patch_level=0x0a201009
[    0.995135] kernel: microcode: CPU13: patch_level=0x0a201009
[    0.996701] kernel: microcode: CPU14: patch_level=0x0a201009
[    0.998267] kernel: microcode: CPU15: patch_level=0x0a201009
[    0.999833] kernel: microcode: CPU16: patch_level=0x0a201009
[    1.001401] kernel: microcode: CPU17: patch_level=0x0a201009
[    1.002971] kernel: microcode: CPU18: patch_level=0x0a201009
[    1.004542] kernel: microcode: CPU19: patch_level=0x0a201009
[    1.006114] kernel: microcode: CPU20: patch_level=0x0a201009
[    1.007687] kernel: microcode: CPU21: patch_level=0x0a201009
[    1.009261] kernel: microcode: CPU22: patch_level=0x0a201009
[    1.010836] kernel: microcode: CPU23: patch_level=0x0a201009
[    1.012415] kernel: microcode: CPU24: patch_level=0x0a201009
[    1.013956] kernel: microcode: CPU25: patch_level=0x0a201009
[    1.015454] kernel: microcode: CPU26: patch_level=0x0a201009
[    1.016910] kernel: microcode: CPU27: patch_level=0x0a201009
[    1.018347] kernel: microcode: CPU28: patch_level=0x0a201009
[    1.019767] kernel: microcode: CPU29: patch_level=0x0a201009
[    1.021160] kernel: microcode: CPU30: patch_level=0x0a201009
[    1.022528] kernel: microcode: CPU31: patch_level=0x0a201009
[    1.023880] kernel: microcode: Microcode Update Driver: v2.2.
[    1.024102] kernel: resctrl: L3 allocation detected
[    1.026726] kernel: resctrl: L3DATA allocation detected
[    1.028029] kernel: resctrl: L3CODE allocation detected
[    1.029305] kernel: resctrl: MB allocation detected
[    1.030557] kernel: resctrl: L3 monitoring detected
[    1.031798] kernel: IPI shorthand broadcast: enabled
[    1.033033] kernel: sched_clock: Marking stable (720665372, 312361115)->(1141516463, -108489976)
[    1.034441] kernel: registered taskstats version 1
[    1.035694] kernel: Loading compiled-in X.509 certificates
[    1.037267] kernel: Loaded X.509 cert 'Build time autogenerated kernel key: e84fcfc1cd7b8ac76be251a8773c0d32e939b279'
[    1.038848] kernel: Loaded X.509 cert 'Canonical Ltd. Live Patch Signing: 14df34d1a87cf37625abec039ef2bf521249b969'
[    1.040435] kernel: Loaded X.509 cert 'Canonical Ltd. Kernel Module Signing: 88f752e560a1e0737e31163a466ad7b70a850c19'
[    1.042470] kernel: zswap: loaded using pool lzo/zbud
[    1.043974] kernel: Key type ._fscrypt registered
[    1.045299] kernel: Key type .fscrypt registered
[    1.046600] kernel: Key type fscrypt-provisioning registered
[    1.048909] kernel: Key type encrypted registered
[    1.050158] kernel: AppArmor: AppArmor sha1 policy hashing enabled
[    1.051477] kernel: integrity: Loading X.509 certificate: UEFI:db
[    1.052893] kernel: integrity: Loaded X.509 cert 'ASUSTeK MotherBoard SW Key Certificate: da83b990422ebc8c441f8d8b039a65a2'
[    1.054282] kernel: integrity: Loading X.509 certificate: UEFI:db
[    1.055770] kernel: integrity: Loaded X.509 cert 'ASUSTeK Notebook SW Key Certificate: b8e581e4df77a5bb4282d5ccfc00c071'
[    1.057266] kernel: integrity: Loading X.509 certificate: UEFI:db
[    1.058795] kernel: integrity: Loaded X.509 cert 'Microsoft Corporation UEFI CA 2011: 13adbf4309bd82709c8cd54f316ed522988a1bd4'
[    1.060409] kernel: integrity: Loading X.509 certificate: UEFI:db
[    1.062057] kernel: integrity: Loaded X.509 cert 'Microsoft Windows Production PCA 2011: a92902398e16c49778cd90f99e4f9ae17c55af53'
[    1.063769] kernel: integrity: Loading X.509 certificate: UEFI:db
[    1.065548] kernel: integrity: Loaded X.509 cert 'Canonical Ltd. Master Certificate Authority: ad91990bc22ab1f517048c23b6655a268e345a63'
[    1.067435] kernel: integrity: Loading X.509 certificate: UEFI:MokListRT (MOKvar table)
[    1.069286] kernel: integrity: Loaded X.509 cert 'Canonical Ltd. Master Certificate Authority: ad91990bc22ab1f517048c23b6655a268e345a63'
[    1.071122] kernel: ima: No TPM chip found, activating TPM-bypass!
[    1.072977] kernel: ima: Allocated hash algorithm: sha1
[    1.074829] kernel: ima: No architecture policies found
[    1.076676] kernel: evm: Initialising EVM extended attributes:
[    1.078528] kernel: evm: security.selinux
[    1.080389] kernel: evm: security.SMACK64
[    1.082259] kernel: evm: security.SMACK64EXEC
[    1.084131] kernel: evm: security.SMACK64TRANSMUTE
[    1.086013] kernel: evm: security.SMACK64MMAP
[    1.087897] kernel: evm: security.apparmor
[    1.089788] kernel: evm: security.ima
[    1.091679] kernel: evm: security.capability
[    1.093583] kernel: evm: HMAC attrs: 0x1
[    1.095685] kernel: PM:   Magic number: 5:837:362
[    1.097599] kernel: machinecheck machinecheck18: hash matches
[    1.224950] kernel: RAS: Correctable Errors collector initialized.
[    1.227624] kernel: Freeing unused decrypted memory: 2036K
[    1.229929] kernel: Freeing unused kernel image (initmem) memory: 2688K
[    1.236926] kernel: Write protecting the kernel read-only data: 28672k
[    1.239402] kernel: Freeing unused kernel image (text/rodata gap) memory: 2036K
[    1.241640] kernel: Freeing unused kernel image (rodata/data gap) memory: 92K
[    1.264138] kernel: x86/mm: Checked W+X mappings: passed, no W+X pages found.
[    1.266295] kernel: Run /init as init process
[    1.268458] kernel:   with arguments:
[    1.268458] kernel:     /init
[    1.268459] kernel:   with environment:
[    1.268459] kernel:     HOME=/
[    1.268459] kernel:     TERM=linux
[    1.268460] kernel:     BOOT_IMAGE=/boot/vmlinuz-5.11.0-16-generic
[    1.314496] kernel: piix4_smbus 0000:00:14.0: SMBus Host Controller at 0xb00, revision 0
[    1.314587] kernel: acpi PNP0C14:01: duplicate WMI GUID 05901221-D566-11D1-B2F0-00A0C9062910 (first instance was on PNP0C14:00)
[    1.316784] kernel: piix4_smbus 0000:00:14.0: Using register 0x02 for SMBus port selection
[    1.316881] kernel: piix4_smbus 0000:00:14.0: Auxiliary SMBus Host Controller at 0xb20
[    1.319264] kernel: acpi PNP0C14:02: duplicate WMI GUID 05901221-D566-11D1-B2F0-00A0C9062910 (first instance was on PNP0C14:00)
[    1.327021] kernel: ahci 0000:02:00.1: version 3.0
[    1.327025] kernel: xhci_hcd 0000:02:00.0: xHCI Host Controller
[    1.327373] kernel: ahci 0000:02:00.1: SSS flag set, parallel bus scan disabled
[    1.329603] kernel: xhci_hcd 0000:02:00.0: new USB bus registered, assigned bus number 1
[    1.332680] kernel: ahci 0000:02:00.1: AHCI 0001.0301 32 slots 6 ports 6 Gbps 0x3f impl SATA mode
[    1.336892] kernel: acpi PNP0C14:03: duplicate WMI GUID 05901221-D566-11D1-B2F0-00A0C9062910 (first instance was on PNP0C14:00)
[    1.337584] kernel: ahci 0000:02:00.1: flags: 64bit ncq sntf stag pm led clo only pmp pio slum part sxs deso sadm sds apst 
[    1.340472] kernel: acpi PNP0C14:04: duplicate WMI GUID 05901221-D566-11D1-B2F0-00A0C9062910 (first instance was on PNP0C14:00)
[    1.346589] kernel: scsi host0: ahci
[    1.349601] kernel: scsi host1: ahci
[    1.349607] kernel: cryptd: max_cpu_qlen set to 1000
[    1.353104] kernel: scsi host2: ahci
[    1.358378] kernel: scsi host3: ahci
[    1.361332] kernel: scsi host4: ahci
[    1.364210] kernel: scsi host5: ahci
[    1.366990] kernel: ata1: SATA max UDMA/133 abar m131072@0xfc480000 port 0xfc480100 irq 39
[    1.369805] kernel: ata2: SATA max UDMA/133 abar m131072@0xfc480000 port 0xfc480180 irq 39
[    1.372566] kernel: ata3: SATA max UDMA/133 abar m131072@0xfc480000 port 0xfc480200 irq 39
[    1.375281] kernel: ata4: SATA max UDMA/133 abar m131072@0xfc480000 port 0xfc480280 irq 39
[    1.377954] kernel: ata5: SATA max UDMA/133 abar m131072@0xfc480000 port 0xfc480300 irq 39
[    1.380567] kernel: ata6: SATA max UDMA/133 abar m131072@0xfc480000 port 0xfc480380 irq 39
[    1.382246] kernel: libphy: r8169: probed
[    1.385860] kernel: r8169 0000:07:00.0 eth0: RTL8168h/8111h, f0:2f:74:33:d7:c4, XID 541, IRQ 40
[    1.388506] kernel: r8169 0000:07:00.0 eth0: jumbo features [frames: 9194 bytes, tx checksumming: ko]
[    1.391988] kernel: xhci_hcd 0000:02:00.0: hcc params 0x0200ef81 hci version 0x110 quirks 0x0000000000000410
[    1.394967] kernel: usb usb1: New USB device found, idVendor=1d6b, idProduct=0002, bcdDevice= 5.11
[    1.397691] kernel: usb usb1: New USB device strings: Mfr=3, Product=2, SerialNumber=1
[    1.400389] kernel: usb usb1: Product: xHCI Host Controller
[    1.403057] kernel: usb usb1: Manufacturer: Linux 5.11.0-16-generic xhci-hcd
[    1.405706] kernel: usb usb1: SerialNumber: 0000:02:00.0
[    1.408382] kernel: hub 1-0:1.0: USB hub found
[    1.410954] kernel: hub 1-0:1.0: 10 ports detected
[    1.414144] kernel: nvme nvme0: pci function 0000:01:00.0
[    1.416676] kernel: r8169 0000:07:00.0 enp7s0: renamed from eth0
[    1.419233] kernel: nvme nvme1: pci function 0000:05:00.0
[    1.421831] kernel: AVX2 version of gcm_enc/dec engaged.
[    1.424036] kernel: xhci_hcd 0000:02:00.0: xHCI Host Controller
[    1.424202] kernel: AES CTR mode by8 optimization enabled
[    1.426544] kernel: xhci_hcd 0000:02:00.0: new USB bus registered, assigned bus number 2
[    1.431161] kernel: xhci_hcd 0000:02:00.0: Host supports USB 3.1 Enhanced SuperSpeed
[    1.433582] kernel: usb usb2: We don't know the algorithms for LPM for this host, disabling LPM.
[    1.435034] kernel: nvme nvme0: 32/0/0 default/read/poll queues
[    1.435984] kernel: usb usb2: New USB device found, idVendor=1d6b, idProduct=0003, bcdDevice= 5.11
[    1.440749] kernel: usb usb2: New USB device strings: Mfr=3, Product=2, SerialNumber=1
[    1.443226] kernel: usb usb2: Product: xHCI Host Controller
[    1.445699] kernel: usb usb2: Manufacturer: Linux 5.11.0-16-generic xhci-hcd
[    1.445924] kernel: nvme nvme1: 32/0/0 default/read/poll queues
[    1.448209] kernel: usb usb2: SerialNumber: 0000:02:00.0
[    1.453428] kernel: hub 2-0:1.0: USB hub found
[    1.455999] kernel: hub 2-0:1.0: 4 ports detected
[    1.460752] kernel: xhci_hcd 0000:09:00.3: xHCI Host Controller
[    1.463329] kernel: xhci_hcd 0000:09:00.3: new USB bus registered, assigned bus number 3
[    1.466017] kernel: xhci_hcd 0000:09:00.3: hcc params 0x0278ffe5 hci version 0x110 quirks 0x0000000000000410
[    1.468856] kernel: usb usb3: New USB device found, idVendor=1d6b, idProduct=0002, bcdDevice= 5.11
[    1.471491] kernel: usb usb3: New USB device strings: Mfr=3, Product=2, SerialNumber=1
[    1.474146] kernel: usb usb3: Product: xHCI Host Controller
[    1.476775] kernel: usb usb3: Manufacturer: Linux 5.11.0-16-generic xhci-hcd
[    1.479416] kernel: usb usb3: SerialNumber: 0000:09:00.3
[    1.482111] kernel: hub 3-0:1.0: USB hub found
[    1.484730] kernel: hub 3-0:1.0: 4 ports detected
[    1.487454] kernel: xhci_hcd 0000:09:00.3: xHCI Host Controller
[    1.490063] kernel: xhci_hcd 0000:09:00.3: new USB bus registered, assigned bus number 4
[    1.492704] kernel: xhci_hcd 0000:09:00.3: Host supports USB 3.1 Enhanced SuperSpeed
[    1.495362] kernel: usb usb4: We don't know the algorithms for LPM for this host, disabling LPM.
[    1.497976] kernel: usb usb4: New USB device found, idVendor=1d6b, idProduct=0003, bcdDevice= 5.11
[    1.500557] kernel: usb usb4: New USB device strings: Mfr=3, Product=2, SerialNumber=1
[    1.503147] kernel: usb usb4: Product: xHCI Host Controller
[    1.505686] kernel: usb usb4: Manufacturer: Linux 5.11.0-16-generic xhci-hcd
[    1.508197] kernel: usb usb4: SerialNumber: 0000:09:00.3
[    1.510731] kernel: hub 4-0:1.0: USB hub found
[    1.513230] kernel: hub 4-0:1.0: 4 ports detected
[    1.531682] kernel: checking generic (e0000000 7e9000) vs hw (fb000000 1000000)
[    1.531684] kernel: checking generic (e0000000 7e9000) vs hw (e0000000 8000000)
[    1.531684] kernel: fb0: switching to nouveaufb from EFI VGA
[    1.534116] kernel: Console: switching to colour dummy device 80x25
[    1.534138] kernel: nouveau 0000:04:00.0: vgaarb: deactivate vga console
[    1.534173] kernel: nouveau 0000:04:00.0: NVIDIA GK104 (0e4050a2)
[    1.657738] kernel: nouveau 0000:04:00.0: bios: version 80.04.27.00.2e
[    1.658619] kernel: nouveau 0000:04:00.0: fb: 1536 MiB GDDR5
[    1.759458] kernel: usb 1-3: new full-speed USB device number 2 using xhci_hcd
[    1.768375] kernel: [TTM] Zone  kernel: Available graphics memory: 32913676 KiB
[    1.768380] kernel: [TTM] Zone   dma32: Available graphics memory: 2097152 KiB
[    1.768390] kernel: nouveau 0000:04:00.0: DRM: VRAM: 1536 MiB
[    1.768392] kernel: nouveau 0000:04:00.0: DRM: GART: 1048576 MiB
[    1.768394] kernel: nouveau 0000:04:00.0: DRM: TMDS table version 2.0
[    1.768396] kernel: nouveau 0000:04:00.0: DRM: DCB version 4.0
[    1.768398] kernel: nouveau 0000:04:00.0: DRM: DCB outp 00: 02000f00 00000000
[    1.768399] kernel: nouveau 0000:04:00.0: DRM: DCB outp 01: 01000f02 00020030
[    1.768401] kernel: nouveau 0000:04:00.0: DRM: DCB outp 02: 08011f82 00020030
[    1.768402] kernel: nouveau 0000:04:00.0: DRM: DCB outp 03: 02822f62 0f420010
[    1.768404] kernel: nouveau 0000:04:00.0: DRM: DCB conn 00: 00001030
[    1.768405] kernel: nouveau 0000:04:00.0: DRM: DCB conn 01: 00020131
[    1.768406] kernel: nouveau 0000:04:00.0: DRM: DCB conn 02: 00002261
[    1.768407] kernel: nouveau 0000:04:00.0: DRM: DCB conn 04: 00000460
[    1.773705] kernel: nouveau 0000:04:00.0: DRM: MM: using COPY for buffer copies
[    1.863459] kernel: ata1: SATA link up 6.0 Gbps (SStatus 133 SControl 300)
[    1.863874] kernel: ata1.00: ATA-9: SanDisk SDSSDP128G, 3.2.0, max UDMA/133
[    1.863876] kernel: ata1.00: 246162672 sectors, multi 1: LBA48 NCQ (depth 32)
[    1.864871] kernel: ata1.00: configured for UDMA/133
[    1.865472] kernel: scsi 0:0:0:0: Direct-Access     ATA      SanDisk SDSSDP12 0    PQ: 0 ANSI: 5
[    1.865572] kernel: sd 0:0:0:0: Attached scsi generic sg0 type 0
[    1.865601] kernel: sd 0:0:0:0: [sda] 246162672 512-byte logical blocks: (126 GB/117 GiB)
[    1.865608] kernel: sd 0:0:0:0: [sda] Write Protect is off
[    1.865611] kernel: sd 0:0:0:0: [sda] Mode Sense: 00 3a 00 00
[    1.865617] kernel: sd 0:0:0:0: [sda] Write cache: enabled, read cache: enabled, doesn't support DPO or FUA
[    1.895449] kernel: tsc: Refined TSC clocksource calibration: 3393.620 MHz
[    1.895458] kernel: clocksource: tsc: mask: 0xffffffffffffffff max_cycles: 0x30eac3f3011, max_idle_ns: 440795332092 ns
[    1.933621] kernel: clocksource: Switched to clocksource tsc
[    1.934171] kernel: nouveau 0000:04:00.0: DRM: allocated 1920x1080 fb: 0xa0000, bo 0000000068e63754
[    1.934714] kernel: fbcon: nouveaudrmfb (fb0) is primary device
[    2.017589] kernel:  sda: sda1 sda2
[    2.017832] kernel: sd 0:0:0:0: [sda] Attached SCSI disk
[    2.029021] kernel: Console: switching to colour frame buffer device 240x67
[    2.086622] kernel: nouveau 0000:04:00.0: [drm] fb0: nouveaudrmfb frame buffer device
[    2.103576] kernel: [drm] Initialized nouveau 1.3.1 20120801 for 0000:04:00.0 on minor 0
[    2.106730] kernel: usb 1-3: New USB device found, idVendor=413c, idProduct=8505, bcdDevice=11.19
[    2.106738] kernel: usb 1-3: New USB device strings: Mfr=1, Product=2, SerialNumber=0
[    2.106742] kernel: usb 1-3: Product: Dell Universal Receiver
[    2.106745] kernel: usb 1-3: Manufacturer: Dell
[    2.140195] kernel: usb 2-1: new SuperSpeed Gen 1 USB device number 2 using xhci_hcd
[    2.160614] kernel: usb 2-1: New USB device found, idVendor=1058, idProduct=25ed, bcdDevice=10.31
[    2.160622] kernel: usb 2-1: New USB device strings: Mfr=1, Product=2, SerialNumber=3
[    2.160626] kernel: usb 2-1: Product: My Book 25ED
[    2.160629] kernel: usb 2-1: Manufacturer: Western Digital
[    2.160633] kernel: usb 2-1: SerialNumber: 35504A5547445A46
[    2.177718] kernel: ata2: SATA link down (SStatus 0 SControl 300)
[    2.287842] kernel: usb 1-6: new full-speed USB device number 3 using xhci_hcd
[    2.606463] kernel: usb 1-6: config 1 has an invalid interface number: 2 but max is 1
[    2.606474] kernel: usb 1-6: config 1 has no interface number 1
[    2.618728] kernel: usb 1-6: New USB device found, idVendor=0b05, idProduct=1939, bcdDevice= 1.00
[    2.618740] kernel: usb 1-6: New USB device strings: Mfr=1, Product=2, SerialNumber=3
[    2.618747] kernel: usb 1-6: Product: AURA LED Controller
[    2.618752] kernel: usb 1-6: Manufacturer: AsusTek Computer Inc.
[    2.618756] kernel: usb 1-6: SerialNumber: 9876543210
[    2.648214] kernel: usb 2-2: new SuperSpeed Gen 1 USB device number 3 using xhci_hcd
[    2.651473] kernel: ata3: SATA link up 6.0 Gbps (SStatus 133 SControl 300)
[    2.651914] kernel: ata3.00: ATA-9: SanDisk SSD PLUS 120GB, UE5100RL, max UDMA/133
[    2.651921] kernel: ata3.00: 234455040 sectors, multi 1: LBA48 NCQ (depth 32)
[    2.656888] kernel: ata3.00: configured for UDMA/133
[    2.656991] kernel: scsi 2:0:0:0: Direct-Access     ATA      SanDisk SSD PLUS 00RL PQ: 0 ANSI: 5
[    2.657149] kernel: sd 2:0:0:0: Attached scsi generic sg1 type 0
[    2.657169] kernel: sd 2:0:0:0: [sdb] 234455040 512-byte logical blocks: (120 GB/112 GiB)
[    2.657185] kernel: sd 2:0:0:0: [sdb] Write Protect is off
[    2.657191] kernel: sd 2:0:0:0: [sdb] Mode Sense: 00 3a 00 00
[    2.657201] kernel: sd 2:0:0:0: [sdb] Write cache: enabled, read cache: enabled, doesn't support DPO or FUA
[    2.668692] kernel: usb 2-2: New USB device found, idVendor=1058, idProduct=25ed, bcdDevice=10.31
[    2.668701] kernel: usb 2-2: New USB device strings: Mfr=1, Product=2, SerialNumber=3
[    2.668707] kernel: usb 2-2: Product: My Book 25ED
[    2.668711] kernel: usb 2-2: Manufacturer: Western Digital
[    2.668715] kernel: usb 2-2: SerialNumber: 35504A56414B3546
[    2.675087] kernel:  sdb: sdb1 sdb2
[    2.675326] kernel: sd 2:0:0:0: [sdb] Attached SCSI disk
[    2.682239] kernel: usb-storage 2-1:1.0: USB Mass Storage device detected
[    2.682752] kernel: scsi host6: usb-storage 2-1:1.0
[    2.683224] kernel: usb-storage 2-2:1.0: USB Mass Storage device detected
[    2.683748] kernel: scsi host7: usb-storage 2-2:1.0
[    2.684215] kernel: usbcore: registered new interface driver usb-storage
[    2.685532] kernel: usbcore: registered new interface driver uas
[    2.795465] kernel: usb 1-7: new high-speed USB device number 4 using xhci_hcd
[    2.966983] kernel: usb 1-7: New USB device found, idVendor=05e3, idProduct=0610, bcdDevice=60.60
[    2.967346] kernel: usb 1-7: New USB device strings: Mfr=0, Product=1, SerialNumber=0
[    2.967688] kernel: usb 1-7: Product: USB2.0 Hub
[    2.969935] kernel: ata4: SATA link down (SStatus 0 SControl 300)
[    2.976999] kernel: hub 1-7:1.0: USB hub found
[    2.980972] kernel: hub 1-7:1.0: 4 ports detected
[    3.139464] kernel: usb 1-10: new high-speed USB device number 5 using xhci_hcd
[    3.381974] kernel: usb 1-10: New USB device found, idVendor=1058, idProduct=25ed, bcdDevice=10.31
[    3.382337] kernel: usb 1-10: New USB device strings: Mfr=1, Product=2, SerialNumber=3
[    3.382663] kernel: usb 1-10: Product: My Book 25ED
[    3.383013] kernel: usb 1-10: Manufacturer: Western Digital
[    3.383332] kernel: usb 1-10: SerialNumber: 35504A56324C3546
[    3.398000] kernel: usb-storage 1-10:1.0: USB Mass Storage device detected
[    3.398533] kernel: scsi host8: usb-storage 1-10:1.0
[    3.401862] kernel: hid: raw HID events driver (C) Jiri Kosina
[    3.430496] kernel: usbcore: registered new interface driver usbhid
[    3.430818] kernel: usbhid: USB HID core driver
[    3.432690] kernel: input: Dell Dell Universal Receiver as /devices/pci0000:00/0000:00:01.2/0000:02:00.0/usb1/1-3/1-3:1.0/0003:413C:8505.0001/input/input2
[    3.491539] kernel: hid-generic 0003:413C:8505.0001: input,hidraw0: USB HID v1.11 Keyboard [Dell Dell Universal Receiver] on usb-0000:02:00.0-3/input0
[    3.491972] kernel: input: Dell Dell Universal Receiver Mouse as /devices/pci0000:00/0000:00:01.2/0000:02:00.0/usb1/1-3/1-3:1.1/0003:413C:8505.0002/input/input3
[    3.492426] kernel: input: Dell Dell Universal Receiver Consumer Control as /devices/pci0000:00/0000:00:01.2/0000:02:00.0/usb1/1-3/1-3:1.1/0003:413C:8505.0002/input/input4
[    3.551529] kernel: input: Dell Dell Universal Receiver System Control as /devices/pci0000:00/0000:00:01.2/0000:02:00.0/usb1/1-3/1-3:1.1/0003:413C:8505.0002/input/input5
[    3.551937] kernel: hid-generic 0003:413C:8505.0002: input,hidraw1: USB HID v1.11 Mouse [Dell Dell Universal Receiver] on usb-0000:02:00.0-3/input1
[    3.552361] kernel: hid-generic 0003:413C:8505.0003: hiddev0,hidraw2: USB HID v1.11 Device [Dell Dell Universal Receiver] on usb-0000:02:00.0-3/input2
[    3.552804] kernel: hid-generic 0003:0B05:1939.0004: hiddev1,hidraw3: USB HID v1.11 Device [AsusTek Computer Inc. AURA LED Controller] on usb-0000:02:00.0-6/input2
[    3.687893] kernel: scsi 6:0:0:0: Direct-Access     WD       My Book 25ED     1031 PQ: 0 ANSI: 6
[    3.687936] kernel: scsi 7:0:0:0: Direct-Access     WD       My Book 25ED     1031 PQ: 0 ANSI: 6
[    3.688446] kernel: scsi 6:0:0:1: Enclosure         WD       SES Device       1031 PQ: 0 ANSI: 6
[    3.688801] kernel: scsi 7:0:0:1: Enclosure         WD       SES Device       1031 PQ: 0 ANSI: 6
[    3.692087] kernel: sd 7:0:0:0: Attached scsi generic sg2 type 0
[    3.692273] kernel: sd 7:0:0:0: [sdc] Very big device. Trying to use READ CAPACITY(16).
[    3.692585] kernel: scsi 7:0:0:1: Attached scsi generic sg3 type 13
[    3.692921] kernel: sd 7:0:0:0: [sdc] 23437770752 512-byte logical blocks: (12.0 TB/10.9 TiB)
[    3.693390] kernel: sd 6:0:0:0: Attached scsi generic sg4 type 0
[    3.693493] kernel: sd 7:0:0:0: [sdc] 4096-byte physical blocks
[    3.693562] kernel: sd 6:0:0:0: [sdd] Very big device. Trying to use READ CAPACITY(16).
[    3.693697] kernel: sd 6:0:0:0: [sdd] 23437770752 512-byte logical blocks: (12.0 TB/10.9 TiB)
[    3.693698] kernel: sd 6:0:0:0: [sdd] 4096-byte physical blocks
[    3.693892] kernel: scsi 6:0:0:1: Attached scsi generic sg5 type 13
[    3.694211] kernel: sd 6:0:0:0: [sdd] Write Protect is off
[    3.694648] kernel: sd 7:0:0:0: [sdc] Write Protect is off
[    3.694806] kernel: sd 6:0:0:0: [sdd] Mode Sense: 47 00 10 08
[    3.695115] kernel: sd 7:0:0:0: [sdc] Mode Sense: 47 00 10 08
[    3.695903] kernel: sd 6:0:0:0: [sdd] No Caching mode page found
[    3.696404] kernel: sd 6:0:0:0: [sdd] Assuming drive cache: write through
[    3.696585] kernel: sd 7:0:0:0: [sdc] No Caching mode page found
[    3.697060] kernel: sd 7:0:0:0: [sdc] Assuming drive cache: write through
[    3.698662] kernel: scsi 7:0:0:1: Wrong diagnostic page; asked for 1 got 8
[    3.698942] kernel: scsi 7:0:0:1: Failed to get diagnostic page 0x1
[    3.699206] kernel: scsi 7:0:0:1: Failed to bind enclosure -19
[    3.699945] kernel: scsi 6:0:0:1: Wrong diagnostic page; asked for 1 got 8
[    3.700275] kernel: scsi 6:0:0:1: Failed to get diagnostic page 0x1
[    3.700535] kernel: scsi 6:0:0:1: Failed to bind enclosure -19
[    3.725806] kernel: sd 6:0:0:0: [sdd] Attached SCSI disk
[    3.757018] kernel:  sdc: sdc1
[    3.758717] kernel: sd 7:0:0:0: [sdc] Attached SCSI disk
[    3.759094] kernel: ses 7:0:0:1: Attached Enclosure device
[    3.759610] kernel: ses 6:0:0:1: Attached Enclosure device
[    4.011688] kernel: ata5: failed to resume link (SControl 0)
[    4.012061] kernel: ata5: SATA link down (SStatus 0 SControl 0)
[    4.325946] kernel: ata6: SATA link down (SStatus 0 SControl 330)
[    4.332135] kernel: md0: detected capacity change from 0 to 6250726656
[    4.436150] kernel: scsi 8:0:0:0: Direct-Access     WD       My Book 25ED     1031 PQ: 0 ANSI: 6
[    4.436647] kernel: scsi 8:0:0:1: Enclosure         WD       SES Device       1031 PQ: 0 ANSI: 6
[    4.445177] kernel: sd 8:0:0:0: Attached scsi generic sg6 type 0
[    4.445358] kernel: sd 8:0:0:0: [sde] Very big device. Trying to use READ CAPACITY(16).
[    4.445544] kernel: ses 8:0:0:1: Attached Enclosure device
[    4.445949] kernel: sd 8:0:0:0: [sde] 23437770752 512-byte logical blocks: (12.0 TB/10.9 TiB)
[    4.446227] kernel: ses 8:0:0:1: Attached scsi generic sg7 type 13
[    4.446496] kernel: sd 8:0:0:0: [sde] 4096-byte physical blocks
[    4.448063] kernel: sd 8:0:0:0: [sde] Write Protect is off
[    4.448391] kernel: sd 8:0:0:0: [sde] Mode Sense: 47 00 10 08
[    4.450065] kernel: ses 8:0:0:1: Wrong diagnostic page; asked for 1 got 8
[    4.450430] kernel: ses 8:0:0:1: Failed to get diagnostic page 0x1
[    4.450762] kernel: ses 8:0:0:1: Failed to bind enclosure -19
[    4.452063] kernel: sd 8:0:0:0: [sde] No Caching mode page found
[    4.452358] kernel: sd 8:0:0:0: [sde] Assuming drive cache: write through
[    4.503863] kernel: raid6: avx2x4   gen() 36390 MB/s
[    4.571799] kernel: raid6: avx2x4   xor()  5531 MB/s
[    4.639793] kernel: raid6: avx2x2   gen() 31693 MB/s
[    4.707790] kernel: raid6: avx2x2   xor() 39429 MB/s
[    4.775881] kernel: raid6: avx2x1   gen() 25539 MB/s
[    4.843986] kernel: raid6: avx2x1   xor() 37666 MB/s
[    4.911815] kernel: raid6: sse2x4   gen() 25366 MB/s
[    4.979868] kernel: raid6: sse2x4   xor()  3248 MB/s
[    5.047454] kernel: raid6: sse2x2   gen() 19824 MB/s
[    5.115790] kernel: raid6: sse2x2   xor() 22306 MB/s
[    5.183784] kernel: raid6: sse2x1   gen()  1124 MB/s
[    5.251730] kernel: raid6: sse2x1   xor() 19878 MB/s
[    5.252020] kernel: raid6: using algorithm avx2x4 gen() 36390 MB/s
[    5.252278] kernel: raid6: .... xor() 5531 MB/s, rmw enabled
[    5.252545] kernel: raid6: using avx2x2 recovery algorithm
[    5.253472] kernel: xor: automatically using best checksumming function   avx       
[    5.254296] kernel: async_tx: api initialized (async)
[    5.291159] kernel: Btrfs loaded, crc32c=crc32c-intel, zoned=yes
[   21.372727] kernel:  sde: sde1
[   21.383204] kernel: sd 8:0:0:0: [sde] Attached SCSI disk
[   23.982953] kernel: EXT4-fs (sdb2): mounted filesystem with ordered data mode. Opts: (null). Quota mode: none.
[   24.156351] systemd[1]: Inserted module 'autofs4'
[   24.179017] systemd[1]: systemd 247.3-3ubuntu3 running in system mode. (+PAM +AUDIT +SELINUX +IMA +APPARMOR +SMACK +SYSVINIT +UTMP +LIBCRYPTSETUP +GCRYPT +GNUTLS +ACL +XZ +LZ4 +ZSTD +SECCOMP +BLKID +ELFUTILS +KMOD +IDN2 -IDN +PCRE2 default-hierarchy=hybrid)
[   24.199475] systemd[1]: Detected architecture x86-64.
[   24.232748] systemd[1]: Set hostname to <stephen>.
[   24.500345] systemd[1]: /lib/systemd/system/plymouth-start.service:17: Unit configured to use KillMode=none. This is unsafe, as it disables systemd's process lifecycle management for the service. Please update your service to use a safer KillMode=, such as 'mixed' or 'control-group'. Support for KillMode=none is deprecated and will eventually be removed.
[   24.525662] systemd[1]: Queued start job for default target Graphical Interface.
[   24.536279] systemd[1]: Created slice system-modprobe.slice.
[   24.537217] systemd[1]: Created slice system-systemd\x2dfsck.slice.
[   24.538113] systemd[1]: Created slice User and Session Slice.
[   24.538874] systemd[1]: Started Forward Password Requests to Wall Directory Watch.
[   24.539606] systemd[1]: Set up automount Arbitrary Executable File Formats File System Automount Point.
[   24.540356] systemd[1]: Reached target User and Group Name Lookups.
[   24.541069] systemd[1]: Reached target Slices.
[   24.541771] systemd[1]: Listening on Device-mapper event daemon FIFOs.
[   24.542522] systemd[1]: Listening on LVM2 poll daemon socket.
[   24.543200] systemd[1]: Listening on multipathd control socket.
[   24.545437] systemd[1]: Listening on Syslog Socket.
[   24.546237] systemd[1]: Listening on fsck to fsckd communication Socket.
[   24.547007] systemd[1]: Listening on initctl Compatibility Named Pipe.
[   24.547800] systemd[1]: Listening on Journal Audit Socket.
[   24.548499] systemd[1]: Listening on Journal Socket (/dev/log).
[   24.549193] systemd[1]: Listening on Journal Socket.
[   24.549904] systemd[1]: Listening on Network Service Netlink Socket.
[   24.550586] systemd[1]: Listening on udev Control Socket.
[   24.551270] systemd[1]: Listening on udev Kernel Socket.
[   24.552432] systemd[1]: Mounting Huge Pages File System...
[   24.553565] systemd[1]: Mounting POSIX Message Queue File System...
[   24.554725] systemd[1]: Mounting Kernel Debug File System...
[   24.555885] systemd[1]: Mounting Kernel Trace File System...
[   24.557944] systemd[1]: Starting Journal Service...
[   24.559233] systemd[1]: Starting Set the console keyboard layout...
[   24.560568] systemd[1]: Starting Create list of static device nodes for the current kernel...
[   24.561865] systemd[1]: Starting Monitoring of LVM2 mirrors, snapshots etc. using dmeventd or progress polling...
[   24.562902] systemd[1]: Starting Load Kernel Module configfs...
[   24.564026] systemd[1]: Starting Load Kernel Module drm...
[   24.565198] systemd[1]: Starting Load Kernel Module fuse...
[   24.565889] systemd[1]: Condition check resulted in OpenVSwitch configuration for cleanup being skipped.
[   24.567619] systemd[1]: Condition check resulted in Set Up Additional Binary Formats being skipped.
[   24.567964] systemd[1]: Condition check resulted in File System Check on Root Device being skipped.
[   24.572214] systemd[1]: Starting Load Kernel Modules...
[   24.573539] systemd[1]: Starting Remount Root and Kernel File Systems...
[   24.574590] systemd[1]: Starting Coldplug All udev Devices...
[   24.575722] systemd[1]: Starting Uncomplicated firewall...
[   24.577024] systemd[1]: Mounted Huge Pages File System.
[   24.577650] systemd[1]: Mounted POSIX Message Queue File System.
[   24.578306] systemd[1]: Mounted Kernel Debug File System.
[   24.578913] systemd[1]: Mounted Kernel Trace File System.
[   24.579813] systemd[1]: Finished Create list of static device nodes for the current kernel.
[   24.580461] systemd[1]: modprobe@configfs.service: Succeeded.
[   24.580865] systemd[1]: Finished Load Kernel Module configfs.
[   24.581483] systemd[1]: modprobe@drm.service: Succeeded.
[   24.581876] systemd[1]: Finished Load Kernel Module drm.
[   24.582312] kernel: EXT4-fs (sdb2): re-mounted. Opts: (null). Quota mode: none.
[   24.583067] systemd[1]: modprobe@fuse.service: Succeeded.
[   24.583454] systemd[1]: Finished Load Kernel Module fuse.
[   24.584186] systemd[1]: Finished Remount Root and Kernel File Systems.
[   24.585283] systemd[1]: Activating swap /swap.img...
[   24.586254] systemd[1]: Mounting FUSE Control File System...
[   24.587347] systemd[1]: Mounting Kernel Configuration File System...
[   24.592036] systemd[1]: Condition check resulted in Rebuild Hardware Database being skipped.
[   24.592397] systemd[1]: Condition check resulted in Platform Persistent Storage Archival being skipped.
[   24.593278] systemd[1]: Starting Load/Save Random Seed...
[   24.594369] systemd[1]: Starting Create System Users...
[   24.595699] systemd[1]: Finished Load Kernel Modules.
[   24.596624] systemd[1]: Finished Uncomplicated firewall.
[   24.597234] systemd[1]: Mounted FUSE Control File System.
[   24.597916] systemd[1]: Mounted Kernel Configuration File System.
[   24.598955] systemd[1]: Starting Apply Kernel Variables...
[   24.606315] systemd[1]: Finished Load/Save Random Seed.
[   24.607024] systemd[1]: Condition check resulted in First Boot Complete being skipped.
[   24.609313] systemd[1]: Finished Create System Users.
[   24.610470] systemd[1]: Starting Create Static Device Nodes in /dev...
[   24.613219] systemd[1]: Finished Set the console keyboard layout.
[   24.614686] systemd[1]: Started Journal Service.
[   24.639465] kernel: Adding 8388604k swap on /swap.img.  Priority:-2 extents:8 across:9166844k SSFS
[   24.769001] kernel: ccp 0000:09:00.1: enabling device (0000 -> 0002)
[   24.769315] kernel: ccp 0000:09:00.1: ccp: unable to access the device: you might be running a broken BIOS.
[   24.784416] kernel: pstore: Using crash dump compression: deflate
[   24.789560] kernel: pstore: Registered efi as persistent store backend
[   24.822304] kernel: RAPL PMU: API unit is 2^-32 Joules, 1 fixed counters, 163840 ms ovfl timer
[   24.822308] kernel: RAPL PMU: hw unit of domain package 2^-16 Joules
[   24.825314] kernel: asus_wmi: ASUS WMI generic driver loaded
[   24.830770] kernel: asus_wmi: Initialization: 0x0
[   24.830813] kernel: asus_wmi: BIOS WMI version: 0.9
[   24.830976] kernel: asus_wmi: SFUN value: 0x0
[   24.830979] kernel: eeepc-wmi eeepc-wmi: Detected ASUSWMI, use DCTS
[   24.831723] kernel: input: Eee PC WMI hotkeys as /devices/platform/eeepc-wmi/input/input6
[   24.857105] kernel: kvm: disabled by bios
[   24.950096] kernel: kvm: disabled by bios
[   24.952074] kernel: MCE: In-kernel MCE decoding enabled.
[   24.957774] kernel: EDAC amd64: F19h_M20h detected (node 0).
[   24.957816] kernel: EDAC amd64: Node 0: DRAM ECC disabled.
[   25.072864] kernel: EDAC amd64: F19h_M20h detected (node 0).
[   25.072927] kernel: EDAC amd64: Node 0: DRAM ECC disabled.
[   25.073533] kernel: kvm: disabled by bios
[   25.077411] kernel: snd_hda_intel 0000:04:00.1: enabling device (0000 -> 0002)
[   25.077488] kernel: snd_hda_intel 0000:04:00.1: Disabling MSI
[   25.077494] kernel: snd_hda_intel 0000:04:00.1: Handle vga_switcheroo audio client
[   25.077510] kernel: intel_rapl_common: Found RAPL domain package
[   25.077511] kernel: intel_rapl_common: Found RAPL domain core
[   25.077576] kernel: snd_hda_intel 0000:09:00.4: enabling device (0000 -> 0002)
[   25.093499] kernel: snd_hda_intel 0000:04:00.1: bound 0000:04:00.0 (ops nv50_audio_component_bind_ops [nouveau])
[   25.094133] kernel: snd_hda_codec_realtek hdaudioC1D0: autoconfig for ALC887-VD: line_outs=3 (0x14/0x15/0x16/0x0/0x0) type:line
[   25.094136] kernel: snd_hda_codec_realtek hdaudioC1D0:    speaker_outs=0 (0x0/0x0/0x0/0x0/0x0)
[   25.094137] kernel: snd_hda_codec_realtek hdaudioC1D0:    hp_outs=1 (0x1b/0x0/0x0/0x0/0x0)
[   25.094138] kernel: snd_hda_codec_realtek hdaudioC1D0:    mono: mono_out=0x0
[   25.094138] kernel: snd_hda_codec_realtek hdaudioC1D0:    dig-out=0x1e/0x0
[   25.094139] kernel: snd_hda_codec_realtek hdaudioC1D0:    inputs:
[   25.094139] kernel: snd_hda_codec_realtek hdaudioC1D0:      Front Mic=0x19
[   25.094140] kernel: snd_hda_codec_realtek hdaudioC1D0:      Rear Mic=0x18
[   25.094141] kernel: snd_hda_codec_realtek hdaudioC1D0:      Line=0x1a
[   25.097042] kernel: input: HDA NVidia HDMI/DP,pcm=3 as /devices/pci0000:00/0000:00:01.2/0000:02:00.2/0000:03:00.0/0000:04:00.1/sound/card0/input7
[   25.097067] kernel: input: HDA NVidia HDMI/DP,pcm=7 as /devices/pci0000:00/0000:00:01.2/0000:02:00.2/0000:03:00.0/0000:04:00.1/sound/card0/input8
[   25.097089] kernel: input: HDA NVidia HDMI/DP,pcm=8 as /devices/pci0000:00/0000:00:01.2/0000:02:00.2/0000:03:00.0/0000:04:00.1/sound/card0/input9
[   25.097109] kernel: input: HDA NVidia HDMI/DP,pcm=9 as /devices/pci0000:00/0000:00:01.2/0000:02:00.2/0000:03:00.0/0000:04:00.1/sound/card0/input10
[   25.097129] kernel: input: HDA NVidia HDMI/DP,pcm=10 as /devices/pci0000:00/0000:00:01.2/0000:02:00.2/0000:03:00.0/0000:04:00.1/sound/card0/input11
[   25.097150] kernel: input: HDA NVidia HDMI/DP,pcm=11 as /devices/pci0000:00/0000:00:01.2/0000:02:00.2/0000:03:00.0/0000:04:00.1/sound/card0/input12
[   25.097173] kernel: input: HDA NVidia HDMI/DP,pcm=12 as /devices/pci0000:00/0000:00:01.2/0000:02:00.2/0000:03:00.0/0000:04:00.1/sound/card0/input13
[   25.187905] kernel: input: HD-Audio Generic Front Mic as /devices/pci0000:00/0000:00:08.1/0000:09:00.4/sound/card1/input14
[   25.187940] kernel: input: HD-Audio Generic Rear Mic as /devices/pci0000:00/0000:00:08.1/0000:09:00.4/sound/card1/input15
[   25.187968] kernel: input: HD-Audio Generic Line as /devices/pci0000:00/0000:00:08.1/0000:09:00.4/sound/card1/input16
[   25.188003] kernel: input: HD-Audio Generic Line Out Front as /devices/pci0000:00/0000:00:08.1/0000:09:00.4/sound/card1/input17
[   25.188031] kernel: input: HD-Audio Generic Line Out Surround as /devices/pci0000:00/0000:00:08.1/0000:09:00.4/sound/card1/input18
[   25.188065] kernel: input: HD-Audio Generic Line Out CLFE as /devices/pci0000:00/0000:00:08.1/0000:09:00.4/sound/card1/input19
[   25.188094] kernel: input: HD-Audio Generic Front Headphone as /devices/pci0000:00/0000:00:08.1/0000:09:00.4/sound/card1/input20
[   25.188932] kernel: EDAC amd64: F19h_M20h detected (node 0).
[   25.189190] kernel: EDAC amd64: Node 0: DRAM ECC disabled.
[   25.190213] kernel: kvm: disabled by bios
[   25.325433] kernel: EDAC amd64: F19h_M20h detected (node 0).
[   25.325888] kernel: EDAC amd64: Node 0: DRAM ECC disabled.
[   25.329544] kernel: kvm: disabled by bios
