May  9 01:39:01 stephen kernel: [    0.000000] Linux version 5.11.0-16-generic (buildd@lgw01-amd64-035) (gcc (Ubuntu 10.3.0-1ubuntu1) 10.3.0, GNU ld (GNU Binutils for Ubuntu) 2.36.1) #17-Ubuntu SMP Wed Apr 14 20:12:43 UTC 2021 (Ubuntu 5.11.0-16.17-generic 5.11.12)
May  9 01:39:01 stephen kernel: [    0.000000] Command line: BOOT_IMAGE=/boot/vmlinuz-5.11.0-16-generic root=UUID=1b63092c-1327-422f-a327-c8ddbfb3b056 ro
May  9 01:39:01 stephen kernel: [    0.000000] KERNEL supported cpus:
May  9 01:39:01 stephen kernel: [    0.000000]   Intel GenuineIntel
May  9 01:39:01 stephen kernel: [    0.000000]   AMD AuthenticAMD
May  9 01:39:01 stephen kernel: [    0.000000]   Hygon HygonGenuine
May  9 01:39:01 stephen kernel: [    0.000000]   Centaur CentaurHauls
May  9 01:39:01 stephen kernel: [    0.000000]   zhaoxin   Shanghai  
May  9 01:39:01 stephen kernel: [    0.000000] x86/fpu: Supporting XSAVE feature 0x001: 'x87 floating point registers'
May  9 01:39:01 stephen kernel: [    0.000000] x86/fpu: Supporting XSAVE feature 0x002: 'SSE registers'
May  9 01:39:01 stephen kernel: [    0.000000] x86/fpu: Supporting XSAVE feature 0x004: 'AVX registers'
May  9 01:39:01 stephen kernel: [    0.000000] x86/fpu: Supporting XSAVE feature 0x200: 'Protection Keys User registers'
May  9 01:39:01 stephen kernel: [    0.000000] x86/fpu: xstate_offset[2]:  576, xstate_sizes[2]:  256
May  9 01:39:01 stephen kernel: [    0.000000] x86/fpu: xstate_offset[9]:  832, xstate_sizes[9]:    8
May  9 01:39:01 stephen kernel: [    0.000000] x86/fpu: Enabled xstate features 0x207, context size is 840 bytes, using 'compacted' format.
May  9 01:39:01 stephen kernel: [    0.000000] BIOS-provided physical RAM map:
May  9 01:39:01 stephen kernel: [    0.000000] BIOS-e820: [mem 0x0000000000000000-0x000000000009ffff] usable
May  9 01:39:01 stephen kernel: [    0.000000] BIOS-e820: [mem 0x00000000000a0000-0x00000000000fffff] reserved
May  9 01:39:01 stephen kernel: [    0.000000] BIOS-e820: [mem 0x0000000000100000-0x0000000009d1efff] usable
May  9 01:39:01 stephen kernel: [    0.000000] BIOS-e820: [mem 0x0000000009d1f000-0x0000000009ffffff] reserved
May  9 01:39:01 stephen kernel: [    0.000000] BIOS-e820: [mem 0x000000000a000000-0x000000000a1fffff] usable
May  9 01:39:01 stephen kernel: [    0.000000] BIOS-e820: [mem 0x000000000a200000-0x000000000a20dfff] ACPI NVS
May  9 01:39:01 stephen kernel: [    0.000000] BIOS-e820: [mem 0x000000000a20e000-0x000000000affffff] usable
May  9 01:39:01 stephen kernel: [    0.000000] BIOS-e820: [mem 0x000000000b000000-0x000000000b01ffff] reserved
May  9 01:39:01 stephen kernel: [    0.000000] BIOS-e820: [mem 0x000000000b020000-0x00000000ca2c5fff] usable
May  9 01:39:01 stephen kernel: [    0.000000] BIOS-e820: [mem 0x00000000ca2c6000-0x00000000ca6bdfff] reserved
May  9 01:39:01 stephen kernel: [    0.000000] BIOS-e820: [mem 0x00000000ca6be000-0x00000000ca816fff] ACPI data
May  9 01:39:01 stephen kernel: [    0.000000] BIOS-e820: [mem 0x00000000ca817000-0x00000000caee4fff] ACPI NVS
May  9 01:39:01 stephen kernel: [    0.000000] BIOS-e820: [mem 0x00000000caee5000-0x00000000cbbfefff] reserved
May  9 01:39:01 stephen kernel: [    0.000000] BIOS-e820: [mem 0x00000000cbbff000-0x00000000ccffffff] usable
May  9 01:39:01 stephen kernel: [    0.000000] BIOS-e820: [mem 0x00000000cd000000-0x00000000cfffffff] reserved
May  9 01:39:01 stephen kernel: [    0.000000] BIOS-e820: [mem 0x00000000f0000000-0x00000000f7ffffff] reserved
May  9 01:39:01 stephen kernel: [    0.000000] BIOS-e820: [mem 0x00000000fd200000-0x00000000fd2fffff] reserved
May  9 01:39:01 stephen kernel: [    0.000000] BIOS-e820: [mem 0x00000000fd600000-0x00000000fd7fffff] reserved
May  9 01:39:01 stephen kernel: [    0.000000] BIOS-e820: [mem 0x00000000fea00000-0x00000000fea0ffff] reserved
May  9 01:39:01 stephen kernel: [    0.000000] BIOS-e820: [mem 0x00000000feb80000-0x00000000fec01fff] reserved
May  9 01:39:01 stephen kernel: [    0.000000] BIOS-e820: [mem 0x00000000fec10000-0x00000000fec10fff] reserved
May  9 01:39:01 stephen kernel: [    0.000000] BIOS-e820: [mem 0x00000000fec30000-0x00000000fec30fff] reserved
May  9 01:39:01 stephen kernel: [    0.000000] BIOS-e820: [mem 0x00000000fed00000-0x00000000fed00fff] reserved
May  9 01:39:01 stephen kernel: [    0.000000] BIOS-e820: [mem 0x00000000fed40000-0x00000000fed44fff] reserved
May  9 01:39:01 stephen kernel: [    0.000000] BIOS-e820: [mem 0x00000000fed80000-0x00000000fed8ffff] reserved
May  9 01:39:01 stephen kernel: [    0.000000] BIOS-e820: [mem 0x00000000fedc2000-0x00000000fedcffff] reserved
May  9 01:39:01 stephen kernel: [    0.000000] BIOS-e820: [mem 0x00000000fedd4000-0x00000000fedd5fff] reserved
May  9 01:39:01 stephen kernel: [    0.000000] BIOS-e820: [mem 0x00000000ff000000-0x00000000ffffffff] reserved
May  9 01:39:01 stephen kernel: [    0.000000] BIOS-e820: [mem 0x0000000100000000-0x000000102f2fffff] usable
May  9 01:39:01 stephen kernel: [    0.000000] BIOS-e820: [mem 0x000000102f300000-0x000000102fffffff] reserved
May  9 01:39:01 stephen kernel: [    0.000000] NX (Execute Disable) protection: active
May  9 01:39:01 stephen kernel: [    0.000000] e820: update [mem 0x8fb50018-0x8fb6ee57] usable ==> usable
May  9 01:39:01 stephen kernel: [    0.000000] e820: update [mem 0x8fb50018-0x8fb6ee57] usable ==> usable
May  9 01:39:01 stephen kernel: [    0.000000] e820: update [mem 0x8fb41018-0x8fb4f067] usable ==> usable
May  9 01:39:01 stephen kernel: [    0.000000] e820: update [mem 0x8fb41018-0x8fb4f067] usable ==> usable
May  9 01:39:01 stephen kernel: [    0.000000] extended physical RAM map:
May  9 01:39:01 stephen kernel: [    0.000000] reserve setup_data: [mem 0x0000000000000000-0x000000000009ffff] usable
May  9 01:39:01 stephen kernel: [    0.000000] reserve setup_data: [mem 0x00000000000a0000-0x00000000000fffff] reserved
May  9 01:39:01 stephen kernel: [    0.000000] reserve setup_data: [mem 0x0000000000100000-0x0000000009d1efff] usable
May  9 01:39:01 stephen kernel: [    0.000000] reserve setup_data: [mem 0x0000000009d1f000-0x0000000009ffffff] reserved
May  9 01:39:01 stephen kernel: [    0.000000] reserve setup_data: [mem 0x000000000a000000-0x000000000a1fffff] usable
May  9 01:39:01 stephen kernel: [    0.000000] reserve setup_data: [mem 0x000000000a200000-0x000000000a20dfff] ACPI NVS
May  9 01:39:01 stephen kernel: [    0.000000] reserve setup_data: [mem 0x000000000a20e000-0x000000000affffff] usable
May  9 01:39:01 stephen kernel: [    0.000000] reserve setup_data: [mem 0x000000000b000000-0x000000000b01ffff] reserved
May  9 01:39:01 stephen kernel: [    0.000000] reserve setup_data: [mem 0x000000000b020000-0x000000008fb41017] usable
May  9 01:39:01 stephen kernel: [    0.000000] reserve setup_data: [mem 0x000000008fb41018-0x000000008fb4f067] usable
May  9 01:39:01 stephen kernel: [    0.000000] reserve setup_data: [mem 0x000000008fb4f068-0x000000008fb50017] usable
May  9 01:39:01 stephen kernel: [    0.000000] reserve setup_data: [mem 0x000000008fb50018-0x000000008fb6ee57] usable
May  9 01:39:01 stephen kernel: [    0.000000] reserve setup_data: [mem 0x000000008fb6ee58-0x00000000ca2c5fff] usable
May  9 01:39:01 stephen kernel: [    0.000000] reserve setup_data: [mem 0x00000000ca2c6000-0x00000000ca6bdfff] reserved
May  9 01:39:01 stephen kernel: [    0.000000] reserve setup_data: [mem 0x00000000ca6be000-0x00000000ca816fff] ACPI data
May  9 01:39:01 stephen kernel: [    0.000000] reserve setup_data: [mem 0x00000000ca817000-0x00000000caee4fff] ACPI NVS
May  9 01:39:01 stephen kernel: [    0.000000] reserve setup_data: [mem 0x00000000caee5000-0x00000000cbbfefff] reserved
May  9 01:39:01 stephen kernel: [    0.000000] reserve setup_data: [mem 0x00000000cbbff000-0x00000000ccffffff] usable
May  9 01:39:01 stephen kernel: [    0.000000] reserve setup_data: [mem 0x00000000cd000000-0x00000000cfffffff] reserved
May  9 01:39:01 stephen kernel: [    0.000000] reserve setup_data: [mem 0x00000000f0000000-0x00000000f7ffffff] reserved
May  9 01:39:01 stephen kernel: [    0.000000] reserve setup_data: [mem 0x00000000fd200000-0x00000000fd2fffff] reserved
May  9 01:39:01 stephen kernel: [    0.000000] reserve setup_data: [mem 0x00000000fd600000-0x00000000fd7fffff] reserved
May  9 01:39:01 stephen kernel: [    0.000000] reserve setup_data: [mem 0x00000000fea00000-0x00000000fea0ffff] reserved
May  9 01:39:01 stephen kernel: [    0.000000] reserve setup_data: [mem 0x00000000feb80000-0x00000000fec01fff] reserved
May  9 01:39:01 stephen kernel: [    0.000000] reserve setup_data: [mem 0x00000000fec10000-0x00000000fec10fff] reserved
May  9 01:39:01 stephen kernel: [    0.000000] reserve setup_data: [mem 0x00000000fec30000-0x00000000fec30fff] reserved
May  9 01:39:01 stephen kernel: [    0.000000] reserve setup_data: [mem 0x00000000fed00000-0x00000000fed00fff] reserved
May  9 01:39:01 stephen kernel: [    0.000000] reserve setup_data: [mem 0x00000000fed40000-0x00000000fed44fff] reserved
May  9 01:39:01 stephen kernel: [    0.000000] reserve setup_data: [mem 0x00000000fed80000-0x00000000fed8ffff] reserved
May  9 01:39:01 stephen kernel: [    0.000000] reserve setup_data: [mem 0x00000000fedc2000-0x00000000fedcffff] reserved
May  9 01:39:01 stephen kernel: [    0.000000] reserve setup_data: [mem 0x00000000fedd4000-0x00000000fedd5fff] reserved
May  9 01:39:01 stephen kernel: [    0.000000] reserve setup_data: [mem 0x00000000ff000000-0x00000000ffffffff] reserved
May  9 01:39:01 stephen kernel: [    0.000000] reserve setup_data: [mem 0x0000000100000000-0x000000102f2fffff] usable
May  9 01:39:01 stephen kernel: [    0.000000] reserve setup_data: [mem 0x000000102f300000-0x000000102fffffff] reserved
May  9 01:39:01 stephen kernel: [    0.000000] efi: EFI v2.70 by American Megatrends
May  9 01:39:01 stephen kernel: [    0.000000] efi: ACPI=0xca816000 ACPI 2.0=0xca816014 SMBIOS=0xcba05000 SMBIOS 3.0=0xcba04000 MEMATTR=0xc5ad5018 ESRT=0xc8eb1f18 MOKvar=0xcba31000 RNG=0xcba37e98 
May  9 01:39:01 stephen kernel: [    0.000000] efi: seeding entropy pool
May  9 01:39:01 stephen kernel: [    0.000000] random: fast init done
May  9 01:39:01 stephen kernel: [    0.000000] secureboot: Secure boot disabled
May  9 01:39:01 stephen kernel: [    0.000000] SMBIOS 3.3.0 present.
May  9 01:39:01 stephen kernel: [    0.000000] DMI: ASUS System Product Name/PRIME B550-PLUS, BIOS 2006 03/19/2021
May  9 01:39:01 stephen kernel: [    0.000000] tsc: Fast TSC calibration using PIT
May  9 01:39:01 stephen kernel: [    0.000000] tsc: Detected 3393.707 MHz processor
May  9 01:39:01 stephen kernel: [    0.000123] e820: update [mem 0x00000000-0x00000fff] usable ==> reserved
May  9 01:39:01 stephen kernel: [    0.000125] e820: remove [mem 0x000a0000-0x000fffff] usable
May  9 01:39:01 stephen kernel: [    0.000129] last_pfn = 0x102f300 max_arch_pfn = 0x400000000
May  9 01:39:01 stephen kernel: [    0.000132] MTRR default type: uncachable
May  9 01:39:01 stephen kernel: [    0.000133] MTRR fixed ranges enabled:
May  9 01:39:01 stephen kernel: [    0.000133]   00000-9FFFF write-back
May  9 01:39:01 stephen kernel: [    0.000134]   A0000-BFFFF write-through
May  9 01:39:01 stephen kernel: [    0.000135]   C0000-DFFFF uncachable
May  9 01:39:01 stephen kernel: [    0.000135]   E0000-FFFFF write-protect
May  9 01:39:01 stephen kernel: [    0.000135] MTRR variable ranges enabled:
May  9 01:39:01 stephen kernel: [    0.000136]   0 base 000000000000 mask FFFF80000000 write-back
May  9 01:39:01 stephen kernel: [    0.000137]   1 base 000080000000 mask FFFFC0000000 write-back
May  9 01:39:01 stephen kernel: [    0.000138]   2 base 0000C0000000 mask FFFFF0000000 write-back
May  9 01:39:01 stephen kernel: [    0.000138]   3 base 0000CB330000 mask FFFFFFFF0000 uncachable
May  9 01:39:01 stephen kernel: [    0.000139]   4 disabled
May  9 01:39:01 stephen kernel: [    0.000139]   5 disabled
May  9 01:39:01 stephen kernel: [    0.000140]   6 disabled
May  9 01:39:01 stephen kernel: [    0.000140]   7 disabled
May  9 01:39:01 stephen kernel: [    0.000140] TOM2: 0000001030000000 aka 66304M
May  9 01:39:01 stephen kernel: [    0.001079] x86/PAT: Configuration [0-7]: WB  WC  UC- UC  WB  WP  UC- WT  
May  9 01:39:01 stephen kernel: [    0.001439] total RAM covered: 3327M
May  9 01:39:01 stephen kernel: [    0.001525] Found optimal setting for mtrr clean up
May  9 01:39:01 stephen kernel: [    0.001526]  gran_size: 64K 	chunk_size: 128M 	num_reg: 4  	lose cover RAM: 0G
May  9 01:39:01 stephen kernel: [    0.001630] e820: update [mem 0xcb330000-0xcb33ffff] usable ==> reserved
May  9 01:39:01 stephen kernel: [    0.001634] e820: update [mem 0xd0000000-0xffffffff] usable ==> reserved
May  9 01:39:01 stephen kernel: [    0.001637] last_pfn = 0xcd000 max_arch_pfn = 0x400000000
May  9 01:39:01 stephen kernel: [    0.004246] ACPI: Early table checksum verification disabled
May  9 01:39:01 stephen kernel: [    0.004249] ACPI: RSDP 0x00000000CA816014 000024 (v02 ALASKA)
May  9 01:39:01 stephen kernel: [    0.004252] ACPI: XSDT 0x00000000CA815728 0000CC (v01 ALASKA A M I    01072009 AMI  01000013)
May  9 01:39:01 stephen kernel: [    0.004256] ACPI: FACP 0x00000000CA806000 000114 (v06 ALASKA A M I    01072009 AMI  00010013)
May  9 01:39:01 stephen kernel: [    0.004260] ACPI: DSDT 0x00000000CA7FA000 00B99A (v02 ALASKA A M I    01072009 INTL 20120913)
May  9 01:39:01 stephen kernel: [    0.004262] ACPI: FACS 0x00000000CAECA000 000040
May  9 01:39:01 stephen kernel: [    0.004264] ACPI: SSDT 0x00000000CA80C000 008C98 (v02 AMD    AmdTable 00000002 MSFT 04000000)
May  9 01:39:01 stephen kernel: [    0.004266] ACPI: SSDT 0x00000000CA808000 003AAF (v01 AMD    AMD AOD  00000001 INTL 20120913)
May  9 01:39:01 stephen kernel: [    0.004267] ACPI: SSDT 0x00000000CA807000 0003F1 (v02 ALASKA CPUSSDT  01072009 AMI  01072009)
May  9 01:39:01 stephen kernel: [    0.004269] ACPI: FIDT 0x00000000CA7F9000 00009C (v01 ALASKA A M I    01072009 AMI  00010013)
May  9 01:39:01 stephen kernel: [    0.004271] ACPI: FPDT 0x00000000CA703000 000044 (v01 ALASKA A M I    01072009 AMI  01000013)
May  9 01:39:01 stephen kernel: [    0.004272] ACPI: MCFG 0x00000000CA7F7000 00003C (v01 ALASKA A M I    01072009 MSFT 00010013)
May  9 01:39:01 stephen kernel: [    0.004274] ACPI: HPET 0x00000000CA7F6000 000038 (v01 ALASKA A M I    01072009 AMI  00000005)
May  9 01:39:01 stephen kernel: [    0.004275] ACPI: IVRS 0x00000000CA7F4000 0000D0 (v02 AMD    AmdTable 00000001 AMD  00000001)
May  9 01:39:01 stephen kernel: [    0.004277] ACPI: WPBT 0x00000000CA719000 00003C (v01 ALASKA A M I    00000001 ASUS 00000001)
May  9 01:39:01 stephen kernel: [    0.004279] ACPI: PCCT 0x00000000CA718000 00006E (v02 AMD    AmdTable 00000001 AMD  00000001)
May  9 01:39:01 stephen kernel: [    0.004280] ACPI: SSDT 0x00000000CA710000 007F29 (v02 AMD    AmdTable 00000001 AMD  00000001)
May  9 01:39:01 stephen kernel: [    0.004282] ACPI: CRAT 0x00000000CA70E000 001698 (v01 AMD    AmdTable 00000001 AMD  00000001)
May  9 01:39:01 stephen kernel: [    0.004283] ACPI: CDIT 0x00000000CA70D000 000029 (v01 AMD    AmdTable 00000001 AMD  00000001)
May  9 01:39:01 stephen kernel: [    0.004285] ACPI: BGRT 0x00000000CA7F3000 000038 (v01 ALASKA A M I    01072009 AMI  00010013)
May  9 01:39:01 stephen kernel: [    0.004286] ACPI: SSDT 0x00000000CA70C000 00052C (v01 AMD    ArticNOI 00000001 INTL 20120913)
May  9 01:39:01 stephen kernel: [    0.004288] ACPI: SSDT 0x00000000CA708000 00381A (v01 AMD    ArticN   00000001 INTL 20120913)
May  9 01:39:01 stephen kernel: [    0.004290] ACPI: WSMT 0x00000000CA707000 000028 (v01 ALASKA A M I    01072009 AMI  00010013)
May  9 01:39:01 stephen kernel: [    0.004291] ACPI: APIC 0x00000000CA706000 00015E (v03 ALASKA A M I    01072009 AMI  00010013)
May  9 01:39:01 stephen kernel: [    0.004293] ACPI: SSDT 0x00000000CA705000 00007D (v01 AMD    ArticDIS 00000001 INTL 20120913)
May  9 01:39:01 stephen kernel: [    0.004294] ACPI: SSDT 0x00000000CA704000 0000BF (v01 AMD    AmdTable 00001000 INTL 20120913)
May  9 01:39:01 stephen kernel: [    0.004296] ACPI: Reserving FACP table memory at [mem 0xca806000-0xca806113]
May  9 01:39:01 stephen kernel: [    0.004297] ACPI: Reserving DSDT table memory at [mem 0xca7fa000-0xca805999]
May  9 01:39:01 stephen kernel: [    0.004297] ACPI: Reserving FACS table memory at [mem 0xcaeca000-0xcaeca03f]
May  9 01:39:01 stephen kernel: [    0.004298] ACPI: Reserving SSDT table memory at [mem 0xca80c000-0xca814c97]
May  9 01:39:01 stephen kernel: [    0.004298] ACPI: Reserving SSDT table memory at [mem 0xca808000-0xca80baae]
May  9 01:39:01 stephen kernel: [    0.004299] ACPI: Reserving SSDT table memory at [mem 0xca807000-0xca8073f0]
May  9 01:39:01 stephen kernel: [    0.004299] ACPI: Reserving FIDT table memory at [mem 0xca7f9000-0xca7f909b]
May  9 01:39:01 stephen kernel: [    0.004300] ACPI: Reserving FPDT table memory at [mem 0xca703000-0xca703043]
May  9 01:39:01 stephen kernel: [    0.004301] ACPI: Reserving MCFG table memory at [mem 0xca7f7000-0xca7f703b]
May  9 01:39:01 stephen kernel: [    0.004301] ACPI: Reserving HPET table memory at [mem 0xca7f6000-0xca7f6037]
May  9 01:39:01 stephen kernel: [    0.004302] ACPI: Reserving IVRS table memory at [mem 0xca7f4000-0xca7f40cf]
May  9 01:39:01 stephen kernel: [    0.004302] ACPI: Reserving WPBT table memory at [mem 0xca719000-0xca71903b]
May  9 01:39:01 stephen kernel: [    0.004303] ACPI: Reserving PCCT table memory at [mem 0xca718000-0xca71806d]
May  9 01:39:01 stephen kernel: [    0.004303] ACPI: Reserving SSDT table memory at [mem 0xca710000-0xca717f28]
May  9 01:39:01 stephen kernel: [    0.004304] ACPI: Reserving CRAT table memory at [mem 0xca70e000-0xca70f697]
May  9 01:39:01 stephen kernel: [    0.004304] ACPI: Reserving CDIT table memory at [mem 0xca70d000-0xca70d028]
May  9 01:39:01 stephen kernel: [    0.004305] ACPI: Reserving BGRT table memory at [mem 0xca7f3000-0xca7f3037]
May  9 01:39:01 stephen kernel: [    0.004305] ACPI: Reserving SSDT table memory at [mem 0xca70c000-0xca70c52b]
May  9 01:39:01 stephen kernel: [    0.004306] ACPI: Reserving SSDT table memory at [mem 0xca708000-0xca70b819]
May  9 01:39:01 stephen kernel: [    0.004307] ACPI: Reserving WSMT table memory at [mem 0xca707000-0xca707027]
May  9 01:39:01 stephen kernel: [    0.004307] ACPI: Reserving APIC table memory at [mem 0xca706000-0xca70615d]
May  9 01:39:01 stephen kernel: [    0.004308] ACPI: Reserving SSDT table memory at [mem 0xca705000-0xca70507c]
May  9 01:39:01 stephen kernel: [    0.004308] ACPI: Reserving SSDT table memory at [mem 0xca704000-0xca7040be]
May  9 01:39:01 stephen kernel: [    0.004312] esrt: Reserving ESRT space from 0x00000000c8eb1f18 to 0x00000000c8eb1f50.
May  9 01:39:01 stephen kernel: [    0.004316] e820: update [mem 0xc8eb1000-0xc8eb1fff] usable ==> reserved
May  9 01:39:01 stephen kernel: [    0.004323] efi: Failed to lookup EFI memory descriptor for 0x00000000cba31000
May  9 01:39:01 stephen kernel: [    0.004334] check: Scanning 1 areas for low memory corruption
May  9 01:39:01 stephen kernel: [    0.004337] Using GB pages for direct mapping
May  9 01:39:01 stephen kernel: [    0.004730] secureboot: Secure boot disabled
May  9 01:39:01 stephen kernel: [    0.004731] RAMDISK: [mem 0x36ac1000-0x3cc54fff]
May  9 01:39:01 stephen kernel: [    0.004740] ACPI: Local APIC address 0xfee00000
May  9 01:39:01 stephen kernel: [    0.004781] No NUMA configuration found
May  9 01:39:01 stephen kernel: [    0.004782] Faking a node at [mem 0x0000000000000000-0x000000102f2fffff]
May  9 01:39:01 stephen kernel: [    0.004786] NODE_DATA(0) allocated [mem 0x102f2d6000-0x102f2fffff]
May  9 01:39:01 stephen kernel: [    0.004965] Zone ranges:
May  9 01:39:01 stephen kernel: [    0.004965]   DMA      [mem 0x0000000000001000-0x0000000000ffffff]
May  9 01:39:01 stephen kernel: [    0.004966]   DMA32    [mem 0x0000000001000000-0x00000000ffffffff]
May  9 01:39:01 stephen kernel: [    0.004967]   Normal   [mem 0x0000000100000000-0x000000102f2fffff]
May  9 01:39:01 stephen kernel: [    0.004968]   Device   empty
May  9 01:39:01 stephen kernel: [    0.004969] Movable zone start for each node
May  9 01:39:01 stephen kernel: [    0.004970] Early memory node ranges
May  9 01:39:01 stephen kernel: [    0.004970]   node   0: [mem 0x0000000000001000-0x000000000009ffff]
May  9 01:39:01 stephen kernel: [    0.004971]   node   0: [mem 0x0000000000100000-0x0000000009d1efff]
May  9 01:39:01 stephen kernel: [    0.004972]   node   0: [mem 0x000000000a000000-0x000000000a1fffff]
May  9 01:39:01 stephen kernel: [    0.004972]   node   0: [mem 0x000000000a20e000-0x000000000affffff]
May  9 01:39:01 stephen kernel: [    0.004973]   node   0: [mem 0x000000000b020000-0x00000000ca2c5fff]
May  9 01:39:01 stephen kernel: [    0.004974]   node   0: [mem 0x00000000cbbff000-0x00000000ccffffff]
May  9 01:39:01 stephen kernel: [    0.004974]   node   0: [mem 0x0000000100000000-0x000000102f2fffff]
May  9 01:39:01 stephen kernel: [    0.004977] Initmem setup node 0 [mem 0x0000000000001000-0x000000102f2fffff]
May  9 01:39:01 stephen kernel: [    0.004978] On node 0 totalpages: 16754263
May  9 01:39:01 stephen kernel: [    0.004979]   DMA zone: 64 pages used for memmap
May  9 01:39:01 stephen kernel: [    0.004980]   DMA zone: 23 pages reserved
May  9 01:39:01 stephen kernel: [    0.004980]   DMA zone: 3999 pages, LIFO batch:0
May  9 01:39:01 stephen kernel: [    0.005095]   DMA zone: 28769 pages in unavailable ranges
May  9 01:39:01 stephen kernel: [    0.005096]   DMA32 zone: 12943 pages used for memmap
May  9 01:39:01 stephen kernel: [    0.005096]   DMA32 zone: 828344 pages, LIFO batch:63
May  9 01:39:01 stephen kernel: [    0.007798]   DMA32 zone: 19528 pages in unavailable ranges
May  9 01:39:01 stephen kernel: [    0.007800]   Normal zone: 248780 pages used for memmap
May  9 01:39:01 stephen kernel: [    0.007800]   Normal zone: 15921920 pages, LIFO batch:63
May  9 01:39:01 stephen kernel: [    0.074153]   Normal zone: 3328 pages in unavailable ranges
May  9 01:39:01 stephen kernel: [    0.074596] ACPI: PM-Timer IO Port: 0x808
May  9 01:39:01 stephen kernel: [    0.074597] ACPI: Local APIC address 0xfee00000
May  9 01:39:01 stephen kernel: [    0.074604] ACPI: LAPIC_NMI (acpi_id[0xff] high edge lint[0x1])
May  9 01:39:01 stephen kernel: [    0.074615] IOAPIC[0]: apic_id 33, version 33, address 0xfec00000, GSI 0-23
May  9 01:39:01 stephen kernel: [    0.074620] IOAPIC[1]: apic_id 34, version 33, address 0xfec01000, GSI 24-55
May  9 01:39:01 stephen kernel: [    0.074622] ACPI: INT_SRC_OVR (bus 0 bus_irq 0 global_irq 2 dfl dfl)
May  9 01:39:01 stephen kernel: [    0.074623] ACPI: INT_SRC_OVR (bus 0 bus_irq 9 global_irq 9 low level)
May  9 01:39:01 stephen kernel: [    0.074624] ACPI: IRQ0 used by override.
May  9 01:39:01 stephen kernel: [    0.074625] ACPI: IRQ9 used by override.
May  9 01:39:01 stephen kernel: [    0.074626] Using ACPI (MADT) for SMP configuration information
May  9 01:39:01 stephen kernel: [    0.074627] ACPI: HPET id: 0x10228201 base: 0xfed00000
May  9 01:39:01 stephen kernel: [    0.074634] e820: update [mem 0xc54b1000-0xc55a4fff] usable ==> reserved
May  9 01:39:01 stephen kernel: [    0.074642] smpboot: Allowing 32 CPUs, 0 hotplug CPUs
May  9 01:39:01 stephen kernel: [    0.074659] PM: hibernation: Registered nosave memory: [mem 0x00000000-0x00000fff]
May  9 01:39:01 stephen kernel: [    0.074661] PM: hibernation: Registered nosave memory: [mem 0x000a0000-0x000fffff]
May  9 01:39:01 stephen kernel: [    0.074662] PM: hibernation: Registered nosave memory: [mem 0x09d1f000-0x09ffffff]
May  9 01:39:01 stephen kernel: [    0.074663] PM: hibernation: Registered nosave memory: [mem 0x0a200000-0x0a20dfff]
May  9 01:39:01 stephen kernel: [    0.074664] PM: hibernation: Registered nosave memory: [mem 0x0b000000-0x0b01ffff]
May  9 01:39:01 stephen kernel: [    0.074665] PM: hibernation: Registered nosave memory: [mem 0x8fb41000-0x8fb41fff]
May  9 01:39:01 stephen kernel: [    0.074666] PM: hibernation: Registered nosave memory: [mem 0x8fb4f000-0x8fb4ffff]
May  9 01:39:01 stephen kernel: [    0.074667] PM: hibernation: Registered nosave memory: [mem 0x8fb50000-0x8fb50fff]
May  9 01:39:01 stephen kernel: [    0.074668] PM: hibernation: Registered nosave memory: [mem 0x8fb6e000-0x8fb6efff]
May  9 01:39:01 stephen kernel: [    0.074669] PM: hibernation: Registered nosave memory: [mem 0xc54b1000-0xc55a4fff]
May  9 01:39:01 stephen kernel: [    0.074670] PM: hibernation: Registered nosave memory: [mem 0xc8eb1000-0xc8eb1fff]
May  9 01:39:01 stephen kernel: [    0.074671] PM: hibernation: Registered nosave memory: [mem 0xca2c6000-0xca6bdfff]
May  9 01:39:01 stephen kernel: [    0.074671] PM: hibernation: Registered nosave memory: [mem 0xca6be000-0xca816fff]
May  9 01:39:01 stephen kernel: [    0.074672] PM: hibernation: Registered nosave memory: [mem 0xca817000-0xcaee4fff]
May  9 01:39:01 stephen kernel: [    0.074672] PM: hibernation: Registered nosave memory: [mem 0xcaee5000-0xcbbfefff]
May  9 01:39:01 stephen kernel: [    0.074673] PM: hibernation: Registered nosave memory: [mem 0xcd000000-0xcfffffff]
May  9 01:39:01 stephen kernel: [    0.074674] PM: hibernation: Registered nosave memory: [mem 0xd0000000-0xefffffff]
May  9 01:39:01 stephen kernel: [    0.074674] PM: hibernation: Registered nosave memory: [mem 0xf0000000-0xf7ffffff]
May  9 01:39:01 stephen kernel: [    0.074675] PM: hibernation: Registered nosave memory: [mem 0xf8000000-0xfd1fffff]
May  9 01:39:01 stephen kernel: [    0.074675] PM: hibernation: Registered nosave memory: [mem 0xfd200000-0xfd2fffff]
May  9 01:39:01 stephen kernel: [    0.074676] PM: hibernation: Registered nosave memory: [mem 0xfd300000-0xfd5fffff]
May  9 01:39:01 stephen kernel: [    0.074676] PM: hibernation: Registered nosave memory: [mem 0xfd600000-0xfd7fffff]
May  9 01:39:01 stephen kernel: [    0.074677] PM: hibernation: Registered nosave memory: [mem 0xfd800000-0xfe9fffff]
May  9 01:39:01 stephen kernel: [    0.074677] PM: hibernation: Registered nosave memory: [mem 0xfea00000-0xfea0ffff]
May  9 01:39:01 stephen kernel: [    0.074678] PM: hibernation: Registered nosave memory: [mem 0xfea10000-0xfeb7ffff]
May  9 01:39:01 stephen kernel: [    0.074678] PM: hibernation: Registered nosave memory: [mem 0xfeb80000-0xfec01fff]
May  9 01:39:01 stephen kernel: [    0.074679] PM: hibernation: Registered nosave memory: [mem 0xfec02000-0xfec0ffff]
May  9 01:39:01 stephen kernel: [    0.074679] PM: hibernation: Registered nosave memory: [mem 0xfec10000-0xfec10fff]
May  9 01:39:01 stephen kernel: [    0.074680] PM: hibernation: Registered nosave memory: [mem 0xfec11000-0xfec2ffff]
May  9 01:39:01 stephen kernel: [    0.074680] PM: hibernation: Registered nosave memory: [mem 0xfec30000-0xfec30fff]
May  9 01:39:01 stephen kernel: [    0.074680] PM: hibernation: Registered nosave memory: [mem 0xfec31000-0xfecfffff]
May  9 01:39:01 stephen kernel: [    0.074681] PM: hibernation: Registered nosave memory: [mem 0xfed00000-0xfed00fff]
May  9 01:39:01 stephen kernel: [    0.074681] PM: hibernation: Registered nosave memory: [mem 0xfed01000-0xfed3ffff]
May  9 01:39:01 stephen kernel: [    0.074682] PM: hibernation: Registered nosave memory: [mem 0xfed40000-0xfed44fff]
May  9 01:39:01 stephen kernel: [    0.074682] PM: hibernation: Registered nosave memory: [mem 0xfed45000-0xfed7ffff]
May  9 01:39:01 stephen kernel: [    0.074683] PM: hibernation: Registered nosave memory: [mem 0xfed80000-0xfed8ffff]
May  9 01:39:01 stephen kernel: [    0.074683] PM: hibernation: Registered nosave memory: [mem 0xfed90000-0xfedc1fff]
May  9 01:39:01 stephen kernel: [    0.074684] PM: hibernation: Registered nosave memory: [mem 0xfedc2000-0xfedcffff]
May  9 01:39:01 stephen kernel: [    0.074684] PM: hibernation: Registered nosave memory: [mem 0xfedd0000-0xfedd3fff]
May  9 01:39:01 stephen kernel: [    0.074685] PM: hibernation: Registered nosave memory: [mem 0xfedd4000-0xfedd5fff]
May  9 01:39:01 stephen kernel: [    0.074685] PM: hibernation: Registered nosave memory: [mem 0xfedd6000-0xfeffffff]
May  9 01:39:01 stephen kernel: [    0.074686] PM: hibernation: Registered nosave memory: [mem 0xff000000-0xffffffff]
May  9 01:39:01 stephen kernel: [    0.074687] [mem 0xd0000000-0xefffffff] available for PCI devices
May  9 01:39:01 stephen kernel: [    0.074688] Booting paravirtualized kernel on bare hardware
May  9 01:39:01 stephen kernel: [    0.074689] clocksource: refined-jiffies: mask: 0xffffffff max_cycles: 0xffffffff, max_idle_ns: 7645519600211568 ns
May  9 01:39:01 stephen kernel: [    0.074695] setup_percpu: NR_CPUS:8192 nr_cpumask_bits:32 nr_cpu_ids:32 nr_node_ids:1
May  9 01:39:01 stephen kernel: [    0.075508] percpu: Embedded 56 pages/cpu s192512 r8192 d28672 u262144
May  9 01:39:01 stephen kernel: [    0.075514] pcpu-alloc: s192512 r8192 d28672 u262144 alloc=1*2097152
May  9 01:39:01 stephen kernel: [    0.075515] pcpu-alloc: [0] 00 01 02 03 04 05 06 07 [0] 08 09 10 11 12 13 14 15 
May  9 01:39:01 stephen kernel: [    0.075520] pcpu-alloc: [0] 16 17 18 19 20 21 22 23 [0] 24 25 26 27 28 29 30 31 
May  9 01:39:01 stephen kernel: [    0.075544] Built 1 zonelists, mobility grouping on.  Total pages: 16492453
May  9 01:39:01 stephen kernel: [    0.075545] Policy zone: Normal
May  9 01:39:01 stephen kernel: [    0.075546] Kernel command line: BOOT_IMAGE=/boot/vmlinuz-5.11.0-16-generic root=UUID=1b63092c-1327-422f-a327-c8ddbfb3b056 ro
May  9 01:39:01 stephen kernel: [    0.078727] Dentry cache hash table entries: 8388608 (order: 14, 67108864 bytes, linear)
May  9 01:39:01 stephen kernel: [    0.080306] Inode-cache hash table entries: 4194304 (order: 13, 33554432 bytes, linear)
May  9 01:39:01 stephen kernel: [    0.080368] mem auto-init: stack:off, heap alloc:on, heap free:off
May  9 01:39:01 stephen kernel: [    0.160720] Memory: 65585452K/67017052K available (16393K kernel code, 3476K rwdata, 10148K rodata, 2688K init, 5976K bss, 1431340K reserved, 0K cma-reserved)
May  9 01:39:01 stephen kernel: [    0.160727] random: get_random_u64 called from kmem_cache_open+0x27/0x230 with crng_init=1
May  9 01:39:01 stephen kernel: [    0.160795] SLUB: HWalign=64, Order=0-3, MinObjects=0, CPUs=32, Nodes=1
May  9 01:39:01 stephen kernel: [    0.160804] ftrace: allocating 51209 entries in 201 pages
May  9 01:39:01 stephen kernel: [    0.173061] ftrace: allocated 201 pages with 4 groups
May  9 01:39:01 stephen kernel: [    0.173153] rcu: Hierarchical RCU implementation.
May  9 01:39:01 stephen kernel: [    0.173154] rcu: 	RCU restricting CPUs from NR_CPUS=8192 to nr_cpu_ids=32.
May  9 01:39:01 stephen kernel: [    0.173155] 	Rude variant of Tasks RCU enabled.
May  9 01:39:01 stephen kernel: [    0.173156] 	Tracing variant of Tasks RCU enabled.
May  9 01:39:01 stephen kernel: [    0.173156] rcu: RCU calculated value of scheduler-enlistment delay is 25 jiffies.
May  9 01:39:01 stephen kernel: [    0.173157] rcu: Adjusting geometry for rcu_fanout_leaf=16, nr_cpu_ids=32
May  9 01:39:01 stephen kernel: [    0.174920] NR_IRQS: 524544, nr_irqs: 1224, preallocated irqs: 16
May  9 01:39:01 stephen kernel: [    0.175179] random: crng done (trusting CPU's manufacturer)
May  9 01:39:01 stephen kernel: [    0.175198] Console: colour dummy device 80x25
May  9 01:39:01 stephen kernel: [    0.175347] printk: console [tty0] enabled
May  9 01:39:01 stephen kernel: [    0.175359] ACPI: Core revision 20201113
May  9 01:39:01 stephen kernel: [    0.175461] clocksource: hpet: mask: 0xffffffff max_cycles: 0xffffffff, max_idle_ns: 133484873504 ns
May  9 01:39:01 stephen kernel: [    0.175477] APIC: Switch to symmetric I/O mode setup
May  9 01:39:01 stephen kernel: [    0.494701] Switched APIC routing to physical flat.
May  9 01:39:01 stephen kernel: [    0.495307] ..TIMER: vector=0x30 apic1=0 pin1=2 apic2=-1 pin2=-1
May  9 01:39:01 stephen kernel: [    0.511466] clocksource: tsc-early: mask: 0xffffffffffffffff max_cycles: 0x30eb1652c89, max_idle_ns: 440795337511 ns
May  9 01:39:01 stephen kernel: [    0.511469] Calibrating delay loop (skipped), value calculated using timer frequency.. 6787.41 BogoMIPS (lpj=13574828)
May  9 01:39:01 stephen kernel: [    0.511472] pid_max: default: 32768 minimum: 301
May  9 01:39:01 stephen kernel: [    0.512814] LSM: Security Framework initializing
May  9 01:39:01 stephen kernel: [    0.512821] Yama: becoming mindful.
May  9 01:39:01 stephen kernel: [    0.512835] AppArmor: AppArmor initialized
May  9 01:39:01 stephen kernel: [    0.512916] Mount-cache hash table entries: 131072 (order: 8, 1048576 bytes, linear)
May  9 01:39:01 stephen kernel: [    0.512988] Mountpoint-cache hash table entries: 131072 (order: 8, 1048576 bytes, linear)
May  9 01:39:01 stephen kernel: [    0.513135] x86/cpu: User Mode Instruction Prevention (UMIP) activated
May  9 01:39:01 stephen kernel: [    0.513169] LVT offset 1 assigned for vector 0xf9
May  9 01:39:01 stephen kernel: [    0.513317] LVT offset 2 assigned for vector 0xf4
May  9 01:39:01 stephen kernel: [    0.513349] Last level iTLB entries: 4KB 512, 2MB 512, 4MB 256
May  9 01:39:01 stephen kernel: [    0.513350] Last level dTLB entries: 4KB 2048, 2MB 2048, 4MB 1024, 1GB 0
May  9 01:39:01 stephen kernel: [    0.513352] Spectre V1 : Mitigation: usercopy/swapgs barriers and __user pointer sanitization
May  9 01:39:01 stephen kernel: [    0.513354] Spectre V2 : Mitigation: Full AMD retpoline
May  9 01:39:01 stephen kernel: [    0.513355] Spectre V2 : Spectre v2 / SpectreRSB mitigation: Filling RSB on context switch
May  9 01:39:01 stephen kernel: [    0.513357] Spectre V2 : Enabling Restricted Speculation for firmware calls
May  9 01:39:01 stephen kernel: [    0.513358] Spectre V2 : mitigation: Enabling conditional Indirect Branch Prediction Barrier
May  9 01:39:01 stephen kernel: [    0.513359] Spectre V2 : User space: Mitigation: STIBP always-on protection
May  9 01:39:01 stephen kernel: [    0.513360] Speculative Store Bypass: Mitigation: Speculative Store Bypass disabled via prctl and seccomp
May  9 01:39:01 stephen kernel: [    0.513548] Freeing SMP alternatives memory: 40K
May  9 01:39:01 stephen kernel: [    0.625025] smpboot: CPU0: AMD Ryzen 9 5950X 16-Core Processor (family: 0x19, model: 0x21, stepping: 0x0)
May  9 01:39:01 stephen kernel: [    0.625108] Performance Events: Fam17h+ core perfctr, AMD PMU driver.
May  9 01:39:01 stephen kernel: [    0.625112] ... version:                0
May  9 01:39:01 stephen kernel: [    0.625112] ... bit width:              48
May  9 01:39:01 stephen kernel: [    0.625113] ... generic registers:      6
May  9 01:39:01 stephen kernel: [    0.625114] ... value mask:             0000ffffffffffff
May  9 01:39:01 stephen kernel: [    0.625115] ... max period:             00007fffffffffff
May  9 01:39:01 stephen kernel: [    0.625116] ... fixed-purpose events:   0
May  9 01:39:01 stephen kernel: [    0.625116] ... event mask:             000000000000003f
May  9 01:39:01 stephen kernel: [    0.625149] rcu: Hierarchical SRCU implementation.
May  9 01:39:01 stephen kernel: [    0.625356] NMI watchdog: Enabled. Permanently consumes one hw-PMU counter.
May  9 01:39:01 stephen kernel: [    0.625479] smp: Bringing up secondary CPUs ...
May  9 01:39:01 stephen kernel: [    0.625521] x86: Booting SMP configuration:
May  9 01:39:01 stephen kernel: [    0.625522] .... node  #0, CPUs:        #1  #2  #3  #4  #5  #6  #7  #8  #9 #10 #11 #12 #13 #14 #15 #16
May  9 01:39:01 stephen kernel: [    0.659520] Spectre V2 : Update user space SMT mitigation: STIBP always-on
May  9 01:39:01 stephen kernel: [    0.659547]  #17 #18 #19 #20 #21 #22 #23 #24 #25 #26 #27 #28 #29 #30 #31
May  9 01:39:01 stephen kernel: [    0.691493] smp: Brought up 1 node, 32 CPUs
May  9 01:39:01 stephen kernel: [    0.691493] smpboot: Max logical packages: 1
May  9 01:39:01 stephen kernel: [    0.691493] smpboot: Total of 32 processors activated (217197.24 BogoMIPS)
May  9 01:39:01 stephen kernel: [    0.696362] devtmpfs: initialized
May  9 01:39:01 stephen kernel: [    0.696362] x86/mm: Memory block size: 2048MB
May  9 01:39:01 stephen kernel: [    0.696362] PM: Registering ACPI NVS region [mem 0x0a200000-0x0a20dfff] (57344 bytes)
May  9 01:39:01 stephen kernel: [    0.696362] PM: Registering ACPI NVS region [mem 0xca817000-0xcaee4fff] (7135232 bytes)
May  9 01:39:01 stephen kernel: [    0.696362] clocksource: jiffies: mask: 0xffffffff max_cycles: 0xffffffff, max_idle_ns: 7645041785100000 ns
May  9 01:39:01 stephen kernel: [    0.696362] futex hash table entries: 8192 (order: 7, 524288 bytes, linear)
May  9 01:39:01 stephen kernel: [    0.696362] pinctrl core: initialized pinctrl subsystem
May  9 01:39:01 stephen kernel: [    0.696362] PM: RTC time: 23:38:28, date: 2021-05-08
May  9 01:39:01 stephen kernel: [    0.696362] NET: Registered protocol family 16
May  9 01:39:01 stephen kernel: [    0.696362] DMA: preallocated 4096 KiB GFP_KERNEL pool for atomic allocations
May  9 01:39:01 stephen kernel: [    0.696362] DMA: preallocated 4096 KiB GFP_KERNEL|GFP_DMA pool for atomic allocations
May  9 01:39:01 stephen kernel: [    0.696362] DMA: preallocated 4096 KiB GFP_KERNEL|GFP_DMA32 pool for atomic allocations
May  9 01:39:01 stephen kernel: [    0.696362] audit: initializing netlink subsys (disabled)
May  9 01:39:01 stephen kernel: [    0.696362] audit: type=2000 audit(1620517108.208:1): state=initialized audit_enabled=0 res=1
May  9 01:39:01 stephen kernel: [    0.696362] thermal_sys: Registered thermal governor 'fair_share'
May  9 01:39:01 stephen kernel: [    0.696362] thermal_sys: Registered thermal governor 'bang_bang'
May  9 01:39:01 stephen kernel: [    0.696362] thermal_sys: Registered thermal governor 'step_wise'
May  9 01:39:01 stephen kernel: [    0.696362] thermal_sys: Registered thermal governor 'user_space'
May  9 01:39:01 stephen kernel: [    0.696362] thermal_sys: Registered thermal governor 'power_allocator'
May  9 01:39:01 stephen kernel: [    0.696362] EISA bus registered
May  9 01:39:01 stephen kernel: [    0.696362] cpuidle: using governor ladder
May  9 01:39:01 stephen kernel: [    0.696362] cpuidle: using governor menu
May  9 01:39:01 stephen kernel: [    0.696362] Detected 1 PCC Subspaces
May  9 01:39:01 stephen kernel: [    0.696362] Registering PCC driver as Mailbox controller
May  9 01:39:01 stephen kernel: [    0.696362] ACPI: bus type PCI registered
May  9 01:39:01 stephen kernel: [    0.696362] acpiphp: ACPI Hot Plug PCI Controller Driver version: 0.5
May  9 01:39:01 stephen kernel: [    0.696362] PCI: MMCONFIG for domain 0000 [bus 00-7f] at [mem 0xf0000000-0xf7ffffff] (base 0xf0000000)
May  9 01:39:01 stephen kernel: [    0.696362] PCI: MMCONFIG at [mem 0xf0000000-0xf7ffffff] reserved in E820
May  9 01:39:01 stephen kernel: [    0.696362] PCI: Using configuration type 1 for base access
May  9 01:39:01 stephen kernel: [    0.696423] Kprobes globally optimized
May  9 01:39:01 stephen kernel: [    0.696427] HugeTLB registered 1.00 GiB page size, pre-allocated 0 pages
May  9 01:39:01 stephen kernel: [    0.696427] HugeTLB registered 2.00 MiB page size, pre-allocated 0 pages
May  9 01:39:01 stephen kernel: [    0.699503] fbcon: Taking over console
May  9 01:39:01 stephen kernel: [    0.699514] ACPI: Added _OSI(Module Device)
May  9 01:39:01 stephen kernel: [    0.699515] ACPI: Added _OSI(Processor Device)
May  9 01:39:01 stephen kernel: [    0.699516] ACPI: Added _OSI(3.0 _SCP Extensions)
May  9 01:39:01 stephen kernel: [    0.699517] ACPI: Added _OSI(Processor Aggregator Device)
May  9 01:39:01 stephen kernel: [    0.699518] ACPI: Added _OSI(Linux-Dell-Video)
May  9 01:39:01 stephen kernel: [    0.699519] ACPI: Added _OSI(Linux-Lenovo-NV-HDMI-Audio)
May  9 01:39:01 stephen kernel: [    0.699520] ACPI: Added _OSI(Linux-HPI-Hybrid-Graphics)
May  9 01:39:01 stephen kernel: [    0.710058] ACPI: 9 ACPI AML tables successfully acquired and loaded
May  9 01:39:01 stephen kernel: [    0.711215] ACPI: [Firmware Bug]: BIOS _OSI(Linux) query ignored
May  9 01:39:01 stephen kernel: [    0.713435] ACPI: Interpreter enabled
May  9 01:39:01 stephen kernel: [    0.713445] ACPI: (supports S0 S3 S4 S5)
May  9 01:39:01 stephen kernel: [    0.713446] ACPI: Using IOAPIC for interrupt routing
May  9 01:39:01 stephen kernel: [    0.713660] PCI: Using host bridge windows from ACPI; if necessary, use "pci=nocrs" and report a bug
May  9 01:39:01 stephen kernel: [    0.713917] ACPI: Enabled 4 GPEs in block 00 to 1F
May  9 01:39:01 stephen kernel: [    0.719342] ACPI: PCI Root Bridge [PCI0] (domain 0000 [bus 00-ff])
May  9 01:39:01 stephen kernel: [    0.719348] acpi PNP0A08:00: _OSC: OS supports [ExtendedConfig ASPM ClockPM Segments MSI HPX-Type3]
May  9 01:39:01 stephen kernel: [    0.719489] acpi PNP0A08:00: _OSC: platform does not support [PCIeHotplug SHPCHotplug PME LTR]
May  9 01:39:01 stephen kernel: [    0.719622] acpi PNP0A08:00: _OSC: OS now controls [AER PCIeCapability]
May  9 01:39:01 stephen kernel: [    0.719631] acpi PNP0A08:00: [Firmware Info]: MMCONFIG for domain 0000 [bus 00-7f] only partially covers this bridge
May  9 01:39:01 stephen kernel: [    0.719867] PCI host bridge to bus 0000:00
May  9 01:39:01 stephen kernel: [    0.719868] pci_bus 0000:00: root bus resource [io  0x0000-0x03af window]
May  9 01:39:01 stephen kernel: [    0.719870] pci_bus 0000:00: root bus resource [io  0x03e0-0x0cf7 window]
May  9 01:39:01 stephen kernel: [    0.719871] pci_bus 0000:00: root bus resource [io  0x03b0-0x03df window]
May  9 01:39:01 stephen kernel: [    0.719872] pci_bus 0000:00: root bus resource [io  0x0d00-0xffff window]
May  9 01:39:01 stephen kernel: [    0.719873] pci_bus 0000:00: root bus resource [mem 0x000a0000-0x000bffff window]
May  9 01:39:01 stephen kernel: [    0.719874] pci_bus 0000:00: root bus resource [mem 0x000c0000-0x000dffff window]
May  9 01:39:01 stephen kernel: [    0.719875] pci_bus 0000:00: root bus resource [mem 0xd0000000-0xfec2ffff window]
May  9 01:39:01 stephen kernel: [    0.719876] pci_bus 0000:00: root bus resource [mem 0xfee00000-0xffffffff window]
May  9 01:39:01 stephen kernel: [    0.719877] pci_bus 0000:00: root bus resource [bus 00-ff]
May  9 01:39:01 stephen kernel: [    0.719886] pci 0000:00:00.0: [1022:1480] type 00 class 0x060000
May  9 01:39:01 stephen kernel: [    0.719968] pci 0000:00:00.2: [1022:1481] type 00 class 0x080600
May  9 01:39:01 stephen kernel: [    0.720055] pci 0000:00:01.0: [1022:1482] type 00 class 0x060000
May  9 01:39:01 stephen kernel: [    0.720124] pci 0000:00:01.1: [1022:1483] type 01 class 0x060400
May  9 01:39:01 stephen kernel: [    0.720206] pci 0000:00:01.1: PME# supported from D0 D3hot D3cold
May  9 01:39:01 stephen kernel: [    0.720308] pci 0000:00:01.2: [1022:1483] type 01 class 0x060400
May  9 01:39:01 stephen kernel: [    0.720337] pci 0000:00:01.2: enabling Extended Tags
May  9 01:39:01 stephen kernel: [    0.720391] pci 0000:00:01.2: PME# supported from D0 D3hot D3cold
May  9 01:39:01 stephen kernel: [    0.720489] pci 0000:00:02.0: [1022:1482] type 00 class 0x060000
May  9 01:39:01 stephen kernel: [    0.720554] pci 0000:00:03.0: [1022:1482] type 00 class 0x060000
May  9 01:39:01 stephen kernel: [    0.720618] pci 0000:00:04.0: [1022:1482] type 00 class 0x060000
May  9 01:39:01 stephen kernel: [    0.720683] pci 0000:00:05.0: [1022:1482] type 00 class 0x060000
May  9 01:39:01 stephen kernel: [    0.720749] pci 0000:00:07.0: [1022:1482] type 00 class 0x060000
May  9 01:39:01 stephen kernel: [    0.720811] pci 0000:00:07.1: [1022:1484] type 01 class 0x060400
May  9 01:39:01 stephen kernel: [    0.720835] pci 0000:00:07.1: enabling Extended Tags
May  9 01:39:01 stephen kernel: [    0.720873] pci 0000:00:07.1: PME# supported from D0 D3hot D3cold
May  9 01:39:01 stephen kernel: [    0.720957] pci 0000:00:08.0: [1022:1482] type 00 class 0x060000
May  9 01:39:01 stephen kernel: [    0.721021] pci 0000:00:08.1: [1022:1484] type 01 class 0x060400
May  9 01:39:01 stephen kernel: [    0.721046] pci 0000:00:08.1: enabling Extended Tags
May  9 01:39:01 stephen kernel: [    0.721088] pci 0000:00:08.1: PME# supported from D0 D3hot D3cold
May  9 01:39:01 stephen kernel: [    0.721188] pci 0000:00:14.0: [1022:790b] type 00 class 0x0c0500
May  9 01:39:01 stephen kernel: [    0.721293] pci 0000:00:14.3: [1022:790e] type 00 class 0x060100
May  9 01:39:01 stephen kernel: [    0.721406] pci 0000:00:18.0: [1022:1440] type 00 class 0x060000
May  9 01:39:01 stephen kernel: [    0.721445] pci 0000:00:18.1: [1022:1441] type 00 class 0x060000
May  9 01:39:01 stephen kernel: [    0.721482] pci 0000:00:18.2: [1022:1442] type 00 class 0x060000
May  9 01:39:01 stephen kernel: [    0.721519] pci 0000:00:18.3: [1022:1443] type 00 class 0x060000
May  9 01:39:01 stephen kernel: [    0.721556] pci 0000:00:18.4: [1022:1444] type 00 class 0x060000
May  9 01:39:01 stephen kernel: [    0.721593] pci 0000:00:18.5: [1022:1445] type 00 class 0x060000
May  9 01:39:01 stephen kernel: [    0.721629] pci 0000:00:18.6: [1022:1446] type 00 class 0x060000
May  9 01:39:01 stephen kernel: [    0.721666] pci 0000:00:18.7: [1022:1447] type 00 class 0x060000
May  9 01:39:01 stephen kernel: [    0.721757] pci 0000:01:00.0: [8086:0a54] type 00 class 0x010802
May  9 01:39:01 stephen kernel: [    0.721774] pci 0000:01:00.0: reg 0x10: [mem 0xfc910000-0xfc913fff 64bit]
May  9 01:39:01 stephen kernel: [    0.721807] pci 0000:01:00.0: reg 0x30: [mem 0xfc900000-0xfc90ffff pref]
May  9 01:39:01 stephen kernel: [    0.721948] pci 0000:00:01.1: PCI bridge to [bus 01]
May  9 01:39:01 stephen kernel: [    0.721953] pci 0000:00:01.1:   bridge window [mem 0xfc900000-0xfc9fffff]
May  9 01:39:01 stephen kernel: [    0.722011] pci 0000:02:00.0: [1022:43ee] type 00 class 0x0c0330
May  9 01:39:01 stephen kernel: [    0.722030] pci 0000:02:00.0: reg 0x10: [mem 0xfc4a0000-0xfc4a7fff 64bit]
May  9 01:39:01 stephen kernel: [    0.722075] pci 0000:02:00.0: enabling Extended Tags
May  9 01:39:01 stephen kernel: [    0.722134] pci 0000:02:00.0: PME# supported from D3hot D3cold
May  9 01:39:01 stephen kernel: [    0.722219] pci 0000:02:00.1: [1022:43eb] type 00 class 0x010601
May  9 01:39:01 stephen kernel: [    0.722272] pci 0000:02:00.1: reg 0x24: [mem 0xfc480000-0xfc49ffff]
May  9 01:39:01 stephen kernel: [    0.722280] pci 0000:02:00.1: reg 0x30: [mem 0xfc400000-0xfc47ffff pref]
May  9 01:39:01 stephen kernel: [    0.722287] pci 0000:02:00.1: enabling Extended Tags
May  9 01:39:01 stephen kernel: [    0.722332] pci 0000:02:00.1: PME# supported from D3hot D3cold
May  9 01:39:01 stephen kernel: [    0.722393] pci 0000:02:00.2: [1022:43e9] type 01 class 0x060400
May  9 01:39:01 stephen kernel: [    0.722442] pci 0000:02:00.2: enabling Extended Tags
May  9 01:39:01 stephen kernel: [    0.722492] pci 0000:02:00.2: PME# supported from D3hot D3cold
May  9 01:39:01 stephen kernel: [    0.722570] pci 0000:00:01.2: PCI bridge to [bus 02-07]
May  9 01:39:01 stephen kernel: [    0.722574] pci 0000:00:01.2:   bridge window [io  0xe000-0xffff]
May  9 01:39:01 stephen kernel: [    0.722577] pci 0000:00:01.2:   bridge window [mem 0xfb000000-0xfc4fffff]
May  9 01:39:01 stephen kernel: [    0.722581] pci 0000:00:01.2:   bridge window [mem 0xe0000000-0xe9ffffff 64bit pref]
May  9 01:39:01 stephen kernel: [    0.722670] pci 0000:03:00.0: [1022:43ea] type 01 class 0x060400
May  9 01:39:01 stephen kernel: [    0.722723] pci 0000:03:00.0: enabling Extended Tags
May  9 01:39:01 stephen kernel: [    0.722781] pci 0000:03:00.0: PME# supported from D3hot D3cold
May  9 01:39:01 stephen kernel: [    0.722865] pci 0000:03:04.0: [1022:43ea] type 01 class 0x060400
May  9 01:39:01 stephen kernel: [    0.722917] pci 0000:03:04.0: enabling Extended Tags
May  9 01:39:01 stephen kernel: [    0.722975] pci 0000:03:04.0: PME# supported from D3hot D3cold
May  9 01:39:01 stephen kernel: [    0.723057] pci 0000:03:08.0: [1022:43ea] type 01 class 0x060400
May  9 01:39:01 stephen kernel: [    0.723110] pci 0000:03:08.0: enabling Extended Tags
May  9 01:39:01 stephen kernel: [    0.723168] pci 0000:03:08.0: PME# supported from D3hot D3cold
May  9 01:39:01 stephen kernel: [    0.723248] pci 0000:03:09.0: [1022:43ea] type 01 class 0x060400
May  9 01:39:01 stephen kernel: [    0.723301] pci 0000:03:09.0: enabling Extended Tags
May  9 01:39:01 stephen kernel: [    0.723359] pci 0000:03:09.0: PME# supported from D3hot D3cold
May  9 01:39:01 stephen kernel: [    0.723448] pci 0000:02:00.2: PCI bridge to [bus 03-07]
May  9 01:39:01 stephen kernel: [    0.723454] pci 0000:02:00.2:   bridge window [io  0xe000-0xffff]
May  9 01:39:01 stephen kernel: [    0.723457] pci 0000:02:00.2:   bridge window [mem 0xfb000000-0xfc3fffff]
May  9 01:39:01 stephen kernel: [    0.723462] pci 0000:02:00.2:   bridge window [mem 0xe0000000-0xe9ffffff 64bit pref]
May  9 01:39:01 stephen kernel: [    0.723536] pci 0000:04:00.0: [10de:1185] type 00 class 0x030000
May  9 01:39:01 stephen kernel: [    0.723563] pci 0000:04:00.0: reg 0x10: [mem 0xfb000000-0xfbffffff]
May  9 01:39:01 stephen kernel: [    0.723585] pci 0000:04:00.0: reg 0x14: [mem 0xe0000000-0xe7ffffff 64bit pref]
May  9 01:39:01 stephen kernel: [    0.723608] pci 0000:04:00.0: reg 0x1c: [mem 0xe8000000-0xe9ffffff 64bit pref]
May  9 01:39:01 stephen kernel: [    0.723623] pci 0000:04:00.0: reg 0x24: [io  0xf000-0xf07f]
May  9 01:39:01 stephen kernel: [    0.723638] pci 0000:04:00.0: reg 0x30: [mem 0xfc000000-0xfc07ffff pref]
May  9 01:39:01 stephen kernel: [    0.723649] pci 0000:04:00.0: enabling Extended Tags
May  9 01:39:01 stephen kernel: [    0.723675] pci 0000:04:00.0: BAR 1: assigned to efifb
May  9 01:39:01 stephen kernel: [    0.723843] pci 0000:04:00.0: 8.000 Gb/s available PCIe bandwidth, limited by 2.5 GT/s PCIe x4 link at 0000:03:00.0 (capable of 126.016 Gb/s with 8.0 GT/s PCIe x16 link)
May  9 01:39:01 stephen kernel: [    0.723905] pci 0000:04:00.1: [10de:0e0a] type 00 class 0x040300
May  9 01:39:01 stephen kernel: [    0.723928] pci 0000:04:00.1: reg 0x10: [mem 0xfc080000-0xfc083fff]
May  9 01:39:01 stephen kernel: [    0.723999] pci 0000:04:00.1: enabling Extended Tags
May  9 01:39:01 stephen kernel: [    0.724151] pci 0000:03:00.0: ASPM: current common clock configuration is inconsistent, reconfiguring
May  9 01:39:01 stephen kernel: [    0.735497] pci 0000:03:00.0: PCI bridge to [bus 04]
May  9 01:39:01 stephen kernel: [    0.735503] pci 0000:03:00.0:   bridge window [io  0xf000-0xffff]
May  9 01:39:01 stephen kernel: [    0.735506] pci 0000:03:00.0:   bridge window [mem 0xfb000000-0xfc0fffff]
May  9 01:39:01 stephen kernel: [    0.735512] pci 0000:03:00.0:   bridge window [mem 0xe0000000-0xe9ffffff 64bit pref]
May  9 01:39:01 stephen kernel: [    0.735587] pci 0000:05:00.0: [8086:0a54] type 00 class 0x010802
May  9 01:39:01 stephen kernel: [    0.735615] pci 0000:05:00.0: reg 0x10: [mem 0xfc310000-0xfc313fff 64bit]
May  9 01:39:01 stephen kernel: [    0.735671] pci 0000:05:00.0: reg 0x30: [mem 0xfc300000-0xfc30ffff pref]
May  9 01:39:01 stephen kernel: [    0.735681] pci 0000:05:00.0: enabling Extended Tags
May  9 01:39:01 stephen kernel: [    0.735924] pci 0000:03:04.0: PCI bridge to [bus 05]
May  9 01:39:01 stephen kernel: [    0.735932] pci 0000:03:04.0:   bridge window [mem 0xfc300000-0xfc3fffff]
May  9 01:39:01 stephen kernel: [    0.735978] pci 0000:03:08.0: PCI bridge to [bus 06]
May  9 01:39:01 stephen kernel: [    0.736069] pci 0000:07:00.0: [10ec:8168] type 00 class 0x020000
May  9 01:39:01 stephen kernel: [    0.736099] pci 0000:07:00.0: reg 0x10: [io  0xe000-0xe0ff]
May  9 01:39:01 stephen kernel: [    0.736140] pci 0000:07:00.0: reg 0x18: [mem 0xfc204000-0xfc204fff 64bit]
May  9 01:39:01 stephen kernel: [    0.736165] pci 0000:07:00.0: reg 0x20: [mem 0xfc200000-0xfc203fff 64bit]
May  9 01:39:01 stephen kernel: [    0.736328] pci 0000:07:00.0: supports D1 D2
May  9 01:39:01 stephen kernel: [    0.736329] pci 0000:07:00.0: PME# supported from D0 D1 D2 D3hot D3cold
May  9 01:39:01 stephen kernel: [    0.736497] pci 0000:03:09.0: PCI bridge to [bus 07]
May  9 01:39:01 stephen kernel: [    0.736502] pci 0000:03:09.0:   bridge window [io  0xe000-0xefff]
May  9 01:39:01 stephen kernel: [    0.736505] pci 0000:03:09.0:   bridge window [mem 0xfc200000-0xfc2fffff]
May  9 01:39:01 stephen kernel: [    0.736572] pci 0000:08:00.0: [1022:148a] type 00 class 0x130000
May  9 01:39:01 stephen kernel: [    0.736600] pci 0000:08:00.0: enabling Extended Tags
May  9 01:39:01 stephen kernel: [    0.736692] pci 0000:00:07.1: PCI bridge to [bus 08]
May  9 01:39:01 stephen kernel: [    0.736744] pci 0000:09:00.0: [1022:1485] type 00 class 0x130000
May  9 01:39:01 stephen kernel: [    0.736777] pci 0000:09:00.0: enabling Extended Tags
May  9 01:39:01 stephen kernel: [    0.736886] pci 0000:09:00.1: [1022:1486] type 00 class 0x108000
May  9 01:39:01 stephen kernel: [    0.736902] pci 0000:09:00.1: reg 0x18: [mem 0xfc700000-0xfc7fffff]
May  9 01:39:01 stephen kernel: [    0.736914] pci 0000:09:00.1: reg 0x24: [mem 0xfc808000-0xfc809fff]
May  9 01:39:01 stephen kernel: [    0.736922] pci 0000:09:00.1: enabling Extended Tags
May  9 01:39:01 stephen kernel: [    0.737017] pci 0000:09:00.3: [1022:149c] type 00 class 0x0c0330
May  9 01:39:01 stephen kernel: [    0.737030] pci 0000:09:00.3: reg 0x10: [mem 0xfc600000-0xfc6fffff 64bit]
May  9 01:39:01 stephen kernel: [    0.737060] pci 0000:09:00.3: enabling Extended Tags
May  9 01:39:01 stephen kernel: [    0.737105] pci 0000:09:00.3: PME# supported from D0 D3hot D3cold
May  9 01:39:01 stephen kernel: [    0.737168] pci 0000:09:00.4: [1022:1487] type 00 class 0x040300
May  9 01:39:01 stephen kernel: [    0.737177] pci 0000:09:00.4: reg 0x10: [mem 0xfc800000-0xfc807fff]
May  9 01:39:01 stephen kernel: [    0.737203] pci 0000:09:00.4: enabling Extended Tags
May  9 01:39:01 stephen kernel: [    0.737245] pci 0000:09:00.4: PME# supported from D0 D3hot D3cold
May  9 01:39:01 stephen kernel: [    0.737313] pci 0000:00:08.1: PCI bridge to [bus 09]
May  9 01:39:01 stephen kernel: [    0.737317] pci 0000:00:08.1:   bridge window [mem 0xfc600000-0xfc8fffff]
May  9 01:39:01 stephen kernel: [    0.737617] ACPI: PCI Interrupt Link [LNKA] (IRQs 4 5 7 10 11 14 15) *0
May  9 01:39:01 stephen kernel: [    0.737656] ACPI: PCI Interrupt Link [LNKB] (IRQs 4 5 7 10 11 14 15) *0
May  9 01:39:01 stephen kernel: [    0.737689] ACPI: PCI Interrupt Link [LNKC] (IRQs 4 5 7 10 11 14 15) *0
May  9 01:39:01 stephen kernel: [    0.737729] ACPI: PCI Interrupt Link [LNKD] (IRQs 4 5 7 10 11 14 15) *0
May  9 01:39:01 stephen kernel: [    0.737765] ACPI: PCI Interrupt Link [LNKE] (IRQs 4 5 7 10 11 14 15) *0
May  9 01:39:01 stephen kernel: [    0.737796] ACPI: PCI Interrupt Link [LNKF] (IRQs 4 5 7 10 11 14 15) *0
May  9 01:39:01 stephen kernel: [    0.737826] ACPI: PCI Interrupt Link [LNKG] (IRQs 4 5 7 10 11 14 15) *0
May  9 01:39:01 stephen kernel: [    0.737857] ACPI: PCI Interrupt Link [LNKH] (IRQs 4 5 7 10 11 14 15) *0
May  9 01:39:01 stephen kernel: [    0.738441] iommu: Default domain type: Translated 
May  9 01:39:01 stephen kernel: [    0.738441] SCSI subsystem initialized
May  9 01:39:01 stephen kernel: [    0.739474] libata version 3.00 loaded.
May  9 01:39:01 stephen kernel: [    0.739484] pci 0000:04:00.0: vgaarb: setting as boot VGA device
May  9 01:39:01 stephen kernel: [    0.739484] pci 0000:04:00.0: vgaarb: VGA device added: decodes=io+mem,owns=io+mem,locks=none
May  9 01:39:01 stephen kernel: [    0.739484] pci 0000:04:00.0: vgaarb: bridge control possible
May  9 01:39:01 stephen kernel: [    0.739484] vgaarb: loaded
May  9 01:39:01 stephen kernel: [    0.739491] ACPI: bus type USB registered
May  9 01:39:01 stephen kernel: [    0.739497] usbcore: registered new interface driver usbfs
May  9 01:39:01 stephen kernel: [    0.739501] usbcore: registered new interface driver hub
May  9 01:39:01 stephen kernel: [    0.739505] usbcore: registered new device driver usb
May  9 01:39:01 stephen kernel: [    0.739516] pps_core: LinuxPPS API ver. 1 registered
May  9 01:39:01 stephen kernel: [    0.739517] pps_core: Software ver. 5.3.6 - Copyright 2005-2007 Rodolfo Giometti <giometti@linux.it>
May  9 01:39:01 stephen kernel: [    0.739519] PTP clock support registered
May  9 01:39:01 stephen kernel: [    0.739527] EDAC MC: Ver: 3.0.0
May  9 01:39:01 stephen kernel: [    0.739558] Registered efivars operations
May  9 01:39:01 stephen kernel: [    0.739558] NetLabel: Initializing
May  9 01:39:01 stephen kernel: [    0.739558] NetLabel:  domain hash size = 128
May  9 01:39:01 stephen kernel: [    0.739558] NetLabel:  protocols = UNLABELED CIPSOv4 CALIPSO
May  9 01:39:01 stephen kernel: [    0.739558] NetLabel:  unlabeled traffic allowed by default
May  9 01:39:01 stephen kernel: [    0.739558] PCI: Using ACPI for IRQ routing
May  9 01:39:01 stephen kernel: [    0.743469] PCI: pci_cache_line_size set to 64 bytes
May  9 01:39:01 stephen kernel: [    0.743469] e820: reserve RAM buffer [mem 0x09d1f000-0x0bffffff]
May  9 01:39:01 stephen kernel: [    0.743469] e820: reserve RAM buffer [mem 0x0a200000-0x0bffffff]
May  9 01:39:01 stephen kernel: [    0.743469] e820: reserve RAM buffer [mem 0x0b000000-0x0bffffff]
May  9 01:39:01 stephen kernel: [    0.743469] e820: reserve RAM buffer [mem 0x8fb41018-0x8fffffff]
May  9 01:39:01 stephen kernel: [    0.743469] e820: reserve RAM buffer [mem 0x8fb50018-0x8fffffff]
May  9 01:39:01 stephen kernel: [    0.743469] e820: reserve RAM buffer [mem 0xc54b1000-0xc7ffffff]
May  9 01:39:01 stephen kernel: [    0.743469] e820: reserve RAM buffer [mem 0xc8eb1000-0xcbffffff]
May  9 01:39:01 stephen kernel: [    0.743469] e820: reserve RAM buffer [mem 0xca2c6000-0xcbffffff]
May  9 01:39:01 stephen kernel: [    0.743469] e820: reserve RAM buffer [mem 0xcd000000-0xcfffffff]
May  9 01:39:01 stephen kernel: [    0.743469] e820: reserve RAM buffer [mem 0x102f300000-0x102fffffff]
May  9 01:39:01 stephen kernel: [    0.743488] hpet0: at MMIO 0xfed00000, IRQs 2, 8, 0
May  9 01:39:01 stephen kernel: [    0.743491] hpet0: 3 comparators, 32-bit 14.318180 MHz counter
May  9 01:39:01 stephen kernel: [    0.744507] clocksource: Switched to clocksource tsc-early
May  9 01:39:01 stephen kernel: [    0.748000] VFS: Disk quotas dquot_6.6.0
May  9 01:39:01 stephen kernel: [    0.748013] VFS: Dquot-cache hash table entries: 512 (order 0, 4096 bytes)
May  9 01:39:01 stephen kernel: [    0.748086] AppArmor: AppArmor Filesystem Enabled
May  9 01:39:01 stephen kernel: [    0.748098] pnp: PnP ACPI init
May  9 01:39:01 stephen kernel: [    0.748168] system 00:00: [mem 0xf0000000-0xf7ffffff] has been reserved
May  9 01:39:01 stephen kernel: [    0.748173] system 00:00: Plug and Play ACPI device, IDs PNP0c01 (active)
May  9 01:39:01 stephen kernel: [    0.748227] system 00:01: [mem 0xfd200000-0xfd2fffff] has been reserved
May  9 01:39:01 stephen kernel: [    0.748231] system 00:01: Plug and Play ACPI device, IDs PNP0c02 (active)
May  9 01:39:01 stephen kernel: [    0.748265] pnp 00:02: Plug and Play ACPI device, IDs PNP0b00 (active)
May  9 01:39:01 stephen kernel: [    0.748388] system 00:03: [io  0x0290-0x029f] has been reserved
May  9 01:39:01 stephen kernel: [    0.748391] system 00:03: [io  0x0200-0x021f] has been reserved
May  9 01:39:01 stephen kernel: [    0.748394] system 00:03: Plug and Play ACPI device, IDs PNP0c02 (active)
May  9 01:39:01 stephen kernel: [    0.748638] pnp 00:04: [dma 0 disabled]
May  9 01:39:01 stephen kernel: [    0.748661] pnp 00:04: Plug and Play ACPI device, IDs PNP0501 (active)
May  9 01:39:01 stephen kernel: [    0.748909] system 00:05: [io  0x04d0-0x04d1] has been reserved
May  9 01:39:01 stephen kernel: [    0.748911] system 00:05: [io  0x040b] has been reserved
May  9 01:39:01 stephen kernel: [    0.748913] system 00:05: [io  0x04d6] has been reserved
May  9 01:39:01 stephen kernel: [    0.748916] system 00:05: [io  0x0c00-0x0c01] has been reserved
May  9 01:39:01 stephen kernel: [    0.748918] system 00:05: [io  0x0c14] has been reserved
May  9 01:39:01 stephen kernel: [    0.748920] system 00:05: [io  0x0c50-0x0c51] has been reserved
May  9 01:39:01 stephen kernel: [    0.748922] system 00:05: [io  0x0c52] has been reserved
May  9 01:39:01 stephen kernel: [    0.748924] system 00:05: [io  0x0c6c] has been reserved
May  9 01:39:01 stephen kernel: [    0.748925] system 00:05: [io  0x0c6f] has been reserved
May  9 01:39:01 stephen kernel: [    0.748927] system 00:05: [io  0x0cd8-0x0cdf] has been reserved
May  9 01:39:01 stephen kernel: [    0.748929] system 00:05: [io  0x0800-0x089f] has been reserved
May  9 01:39:01 stephen kernel: [    0.748931] system 00:05: [io  0x0b00-0x0b0f] has been reserved
May  9 01:39:01 stephen kernel: [    0.748933] system 00:05: [io  0x0b20-0x0b3f] has been reserved
May  9 01:39:01 stephen kernel: [    0.748935] system 00:05: [io  0x0900-0x090f] has been reserved
May  9 01:39:01 stephen kernel: [    0.748937] system 00:05: [io  0x0910-0x091f] has been reserved
May  9 01:39:01 stephen kernel: [    0.748939] system 00:05: [mem 0xfec00000-0xfec00fff] could not be reserved
May  9 01:39:01 stephen kernel: [    0.748941] system 00:05: [mem 0xfec01000-0xfec01fff] could not be reserved
May  9 01:39:01 stephen kernel: [    0.748943] system 00:05: [mem 0xfedc0000-0xfedc0fff] has been reserved
May  9 01:39:01 stephen kernel: [    0.748945] system 00:05: [mem 0xfee00000-0xfee00fff] has been reserved
May  9 01:39:01 stephen kernel: [    0.748947] system 00:05: [mem 0xfed80000-0xfed8ffff] could not be reserved
May  9 01:39:01 stephen kernel: [    0.748949] system 00:05: [mem 0xfec10000-0xfec10fff] has been reserved
May  9 01:39:01 stephen kernel: [    0.748951] system 00:05: [mem 0xff000000-0xffffffff] has been reserved
May  9 01:39:01 stephen kernel: [    0.748955] system 00:05: Plug and Play ACPI device, IDs PNP0c02 (active)
May  9 01:39:01 stephen kernel: [    0.749561] pnp: PnP ACPI: found 6 devices
May  9 01:39:01 stephen kernel: [    0.755035] clocksource: acpi_pm: mask: 0xffffff max_cycles: 0xffffff, max_idle_ns: 2085701024 ns
May  9 01:39:01 stephen kernel: [    0.755075] NET: Registered protocol family 2
May  9 01:39:01 stephen kernel: [    0.755284] tcp_listen_portaddr_hash hash table entries: 32768 (order: 7, 524288 bytes, linear)
May  9 01:39:01 stephen kernel: [    0.755583] TCP established hash table entries: 524288 (order: 10, 4194304 bytes, linear)
May  9 01:39:01 stephen kernel: [    0.755942] TCP bind hash table entries: 65536 (order: 8, 1048576 bytes, linear)
May  9 01:39:01 stephen kernel: [    0.755993] TCP: Hash tables configured (established 524288 bind 65536)
May  9 01:39:01 stephen kernel: [    0.756149] MPTCP token hash table entries: 65536 (order: 8, 1572864 bytes, linear)
May  9 01:39:01 stephen kernel: [    0.756255] UDP hash table entries: 32768 (order: 8, 1048576 bytes, linear)
May  9 01:39:01 stephen kernel: [    0.756359] UDP-Lite hash table entries: 32768 (order: 8, 1048576 bytes, linear)
May  9 01:39:01 stephen kernel: [    0.756445] NET: Registered protocol family 1
May  9 01:39:01 stephen kernel: [    0.756448] NET: Registered protocol family 44
May  9 01:39:01 stephen kernel: [    0.756455] pci 0000:00:01.1: PCI bridge to [bus 01]
May  9 01:39:01 stephen kernel: [    0.756459] pci 0000:00:01.1:   bridge window [mem 0xfc900000-0xfc9fffff]
May  9 01:39:01 stephen kernel: [    0.756465] pci 0000:03:00.0: PCI bridge to [bus 04]
May  9 01:39:01 stephen kernel: [    0.756467] pci 0000:03:00.0:   bridge window [io  0xf000-0xffff]
May  9 01:39:01 stephen kernel: [    0.756472] pci 0000:03:00.0:   bridge window [mem 0xfb000000-0xfc0fffff]
May  9 01:39:01 stephen kernel: [    0.756475] pci 0000:03:00.0:   bridge window [mem 0xe0000000-0xe9ffffff 64bit pref]
May  9 01:39:01 stephen kernel: [    0.756481] pci 0000:03:04.0: PCI bridge to [bus 05]
May  9 01:39:01 stephen kernel: [    0.756485] pci 0000:03:04.0:   bridge window [mem 0xfc300000-0xfc3fffff]
May  9 01:39:01 stephen kernel: [    0.756493] pci 0000:03:08.0: PCI bridge to [bus 06]
May  9 01:39:01 stephen kernel: [    0.756504] pci 0000:03:09.0: PCI bridge to [bus 07]
May  9 01:39:01 stephen kernel: [    0.756506] pci 0000:03:09.0:   bridge window [io  0xe000-0xefff]
May  9 01:39:01 stephen kernel: [    0.756510] pci 0000:03:09.0:   bridge window [mem 0xfc200000-0xfc2fffff]
May  9 01:39:01 stephen kernel: [    0.756518] pci 0000:02:00.2: PCI bridge to [bus 03-07]
May  9 01:39:01 stephen kernel: [    0.756520] pci 0000:02:00.2:   bridge window [io  0xe000-0xffff]
May  9 01:39:01 stephen kernel: [    0.756524] pci 0000:02:00.2:   bridge window [mem 0xfb000000-0xfc3fffff]
May  9 01:39:01 stephen kernel: [    0.756527] pci 0000:02:00.2:   bridge window [mem 0xe0000000-0xe9ffffff 64bit pref]
May  9 01:39:01 stephen kernel: [    0.756533] pci 0000:00:01.2: PCI bridge to [bus 02-07]
May  9 01:39:01 stephen kernel: [    0.756534] pci 0000:00:01.2:   bridge window [io  0xe000-0xffff]
May  9 01:39:01 stephen kernel: [    0.756537] pci 0000:00:01.2:   bridge window [mem 0xfb000000-0xfc4fffff]
May  9 01:39:01 stephen kernel: [    0.756540] pci 0000:00:01.2:   bridge window [mem 0xe0000000-0xe9ffffff 64bit pref]
May  9 01:39:01 stephen kernel: [    0.756543] pci 0000:00:07.1: PCI bridge to [bus 08]
May  9 01:39:01 stephen kernel: [    0.756550] pci 0000:00:08.1: PCI bridge to [bus 09]
May  9 01:39:01 stephen kernel: [    0.756552] pci 0000:00:08.1:   bridge window [mem 0xfc600000-0xfc8fffff]
May  9 01:39:01 stephen kernel: [    0.756557] pci_bus 0000:00: resource 4 [io  0x0000-0x03af window]
May  9 01:39:01 stephen kernel: [    0.756558] pci_bus 0000:00: resource 5 [io  0x03e0-0x0cf7 window]
May  9 01:39:01 stephen kernel: [    0.756559] pci_bus 0000:00: resource 6 [io  0x03b0-0x03df window]
May  9 01:39:01 stephen kernel: [    0.756560] pci_bus 0000:00: resource 7 [io  0x0d00-0xffff window]
May  9 01:39:01 stephen kernel: [    0.756561] pci_bus 0000:00: resource 8 [mem 0x000a0000-0x000bffff window]
May  9 01:39:01 stephen kernel: [    0.756562] pci_bus 0000:00: resource 9 [mem 0x000c0000-0x000dffff window]
May  9 01:39:01 stephen kernel: [    0.756563] pci_bus 0000:00: resource 10 [mem 0xd0000000-0xfec2ffff window]
May  9 01:39:01 stephen kernel: [    0.756564] pci_bus 0000:00: resource 11 [mem 0xfee00000-0xffffffff window]
May  9 01:39:01 stephen kernel: [    0.756565] pci_bus 0000:01: resource 1 [mem 0xfc900000-0xfc9fffff]
May  9 01:39:01 stephen kernel: [    0.756566] pci_bus 0000:02: resource 0 [io  0xe000-0xffff]
May  9 01:39:01 stephen kernel: [    0.756567] pci_bus 0000:02: resource 1 [mem 0xfb000000-0xfc4fffff]
May  9 01:39:01 stephen kernel: [    0.756568] pci_bus 0000:02: resource 2 [mem 0xe0000000-0xe9ffffff 64bit pref]
May  9 01:39:01 stephen kernel: [    0.756569] pci_bus 0000:03: resource 0 [io  0xe000-0xffff]
May  9 01:39:01 stephen kernel: [    0.756570] pci_bus 0000:03: resource 1 [mem 0xfb000000-0xfc3fffff]
May  9 01:39:01 stephen kernel: [    0.756571] pci_bus 0000:03: resource 2 [mem 0xe0000000-0xe9ffffff 64bit pref]
May  9 01:39:01 stephen kernel: [    0.756572] pci_bus 0000:04: resource 0 [io  0xf000-0xffff]
May  9 01:39:01 stephen kernel: [    0.756573] pci_bus 0000:04: resource 1 [mem 0xfb000000-0xfc0fffff]
May  9 01:39:01 stephen kernel: [    0.756574] pci_bus 0000:04: resource 2 [mem 0xe0000000-0xe9ffffff 64bit pref]
May  9 01:39:01 stephen kernel: [    0.756575] pci_bus 0000:05: resource 1 [mem 0xfc300000-0xfc3fffff]
May  9 01:39:01 stephen kernel: [    0.756576] pci_bus 0000:07: resource 0 [io  0xe000-0xefff]
May  9 01:39:01 stephen kernel: [    0.756577] pci_bus 0000:07: resource 1 [mem 0xfc200000-0xfc2fffff]
May  9 01:39:01 stephen kernel: [    0.756578] pci_bus 0000:09: resource 1 [mem 0xfc600000-0xfc8fffff]
May  9 01:39:01 stephen kernel: [    0.756740] pci 0000:04:00.0: Video device with shadowed ROM at [mem 0x000c0000-0x000dffff]
May  9 01:39:01 stephen kernel: [    0.756762] pci 0000:04:00.1: D0 power state depends on 0000:04:00.0
May  9 01:39:01 stephen kernel: [    0.756915] PCI: CLS 64 bytes, default 64
May  9 01:39:01 stephen kernel: [    0.756941] Trying to unpack rootfs image as initramfs...
May  9 01:39:01 stephen kernel: [    0.859737] Freeing initrd memory: 99920K
May  9 01:39:01 stephen kernel: [    0.859828] pci 0000:00:00.2: AMD-Vi: IOMMU performance counters supported
May  9 01:39:01 stephen kernel: [    0.859871] pci 0000:00:01.0: Adding to iommu group 0
May  9 01:39:01 stephen kernel: [    0.859878] pci 0000:00:01.1: Adding to iommu group 1
May  9 01:39:01 stephen kernel: [    0.859885] pci 0000:00:01.2: Adding to iommu group 2
May  9 01:39:01 stephen kernel: [    0.859892] pci 0000:00:02.0: Adding to iommu group 3
May  9 01:39:01 stephen kernel: [    0.859898] pci 0000:00:03.0: Adding to iommu group 4
May  9 01:39:01 stephen kernel: [    0.859905] pci 0000:00:04.0: Adding to iommu group 5
May  9 01:39:01 stephen kernel: [    0.859911] pci 0000:00:05.0: Adding to iommu group 6
May  9 01:39:01 stephen kernel: [    0.859919] pci 0000:00:07.0: Adding to iommu group 7
May  9 01:39:01 stephen kernel: [    0.859925] pci 0000:00:07.1: Adding to iommu group 8
May  9 01:39:01 stephen kernel: [    0.859933] pci 0000:00:08.0: Adding to iommu group 9
May  9 01:39:01 stephen kernel: [    0.859939] pci 0000:00:08.1: Adding to iommu group 10
May  9 01:39:01 stephen kernel: [    0.859948] pci 0000:00:14.0: Adding to iommu group 11
May  9 01:39:01 stephen kernel: [    0.859953] pci 0000:00:14.3: Adding to iommu group 11
May  9 01:39:01 stephen kernel: [    0.859970] pci 0000:00:18.0: Adding to iommu group 12
May  9 01:39:01 stephen kernel: [    0.859974] pci 0000:00:18.1: Adding to iommu group 12
May  9 01:39:01 stephen kernel: [    0.859979] pci 0000:00:18.2: Adding to iommu group 12
May  9 01:39:01 stephen kernel: [    0.859984] pci 0000:00:18.3: Adding to iommu group 12
May  9 01:39:01 stephen kernel: [    0.859989] pci 0000:00:18.4: Adding to iommu group 12
May  9 01:39:01 stephen kernel: [    0.859994] pci 0000:00:18.5: Adding to iommu group 12
May  9 01:39:01 stephen kernel: [    0.859999] pci 0000:00:18.6: Adding to iommu group 12
May  9 01:39:01 stephen kernel: [    0.860003] pci 0000:00:18.7: Adding to iommu group 12
May  9 01:39:01 stephen kernel: [    0.860010] pci 0000:01:00.0: Adding to iommu group 13
May  9 01:39:01 stephen kernel: [    0.860020] pci 0000:02:00.0: Adding to iommu group 14
May  9 01:39:01 stephen kernel: [    0.860027] pci 0000:02:00.1: Adding to iommu group 14
May  9 01:39:01 stephen kernel: [    0.860033] pci 0000:02:00.2: Adding to iommu group 14
May  9 01:39:01 stephen kernel: [    0.860036] pci 0000:03:00.0: Adding to iommu group 14
May  9 01:39:01 stephen kernel: [    0.860040] pci 0000:03:04.0: Adding to iommu group 14
May  9 01:39:01 stephen kernel: [    0.860044] pci 0000:03:08.0: Adding to iommu group 14
May  9 01:39:01 stephen kernel: [    0.860047] pci 0000:03:09.0: Adding to iommu group 14
May  9 01:39:01 stephen kernel: [    0.860050] pci 0000:04:00.0: Adding to iommu group 14
May  9 01:39:01 stephen kernel: [    0.860053] pci 0000:04:00.1: Adding to iommu group 14
May  9 01:39:01 stephen kernel: [    0.860057] pci 0000:05:00.0: Adding to iommu group 14
May  9 01:39:01 stephen kernel: [    0.860060] pci 0000:07:00.0: Adding to iommu group 14
May  9 01:39:01 stephen kernel: [    0.860066] pci 0000:08:00.0: Adding to iommu group 15
May  9 01:39:01 stephen kernel: [    0.860074] pci 0000:09:00.0: Adding to iommu group 16
May  9 01:39:01 stephen kernel: [    0.860081] pci 0000:09:00.1: Adding to iommu group 17
May  9 01:39:01 stephen kernel: [    0.860089] pci 0000:09:00.3: Adding to iommu group 18
May  9 01:39:01 stephen kernel: [    0.860097] pci 0000:09:00.4: Adding to iommu group 19
May  9 01:39:01 stephen kernel: [    0.862698] pci 0000:00:00.2: AMD-Vi: Found IOMMU cap 0x40
May  9 01:39:01 stephen kernel: [    0.862699] pci 0000:00:00.2: AMD-Vi: Extended features (0x58f77ef22294a5a):
May  9 01:39:01 stephen kernel: [    0.862701]  PPR NX GT IA PC GA_vAPIC
May  9 01:39:01 stephen kernel: [    0.862703] AMD-Vi: Interrupt remapping enabled
May  9 01:39:01 stephen kernel: [    0.862766] AMD-Vi: Lazy IO/TLB flushing enabled
May  9 01:39:01 stephen kernel: [    0.863148] amd_uncore: 4  amd_df counters detected
May  9 01:39:01 stephen kernel: [    0.863152] amd_uncore: 6  amd_l3 counters detected
May  9 01:39:01 stephen kernel: [    0.863653] LVT offset 0 assigned for vector 0x400
May  9 01:39:01 stephen kernel: [    0.863839] perf: AMD IBS detected (0x000003ff)
May  9 01:39:01 stephen kernel: [    0.863843] perf/amd_iommu: Detected AMD IOMMU #0 (2 banks, 4 counters/bank).
May  9 01:39:01 stephen kernel: [    0.863870] check: Scanning for low memory corruption every 60 seconds
May  9 01:39:01 stephen kernel: [    0.864203] Initialise system trusted keyrings
May  9 01:39:01 stephen kernel: [    0.864211] Key type blacklist registered
May  9 01:39:01 stephen kernel: [    0.864233] workingset: timestamp_bits=36 max_order=24 bucket_order=0
May  9 01:39:01 stephen kernel: [    0.864666] zbud: loaded
May  9 01:39:01 stephen kernel: [    0.864806] squashfs: version 4.0 (2009/01/31) Phillip Lougher
May  9 01:39:01 stephen kernel: [    0.864870] fuse: init (API version 7.33)
May  9 01:39:01 stephen kernel: [    0.864968] integrity: Platform Keyring initialized
May  9 01:39:01 stephen kernel: [    0.867258] Key type asymmetric registered
May  9 01:39:01 stephen kernel: [    0.867259] Asymmetric key parser 'x509' registered
May  9 01:39:01 stephen kernel: [    0.867265] Block layer SCSI generic (bsg) driver version 0.4 loaded (major 243)
May  9 01:39:01 stephen kernel: [    0.867291] io scheduler mq-deadline registered
May  9 01:39:01 stephen kernel: [    0.867991] pcieport 0000:00:01.1: AER: enabled with IRQ 26
May  9 01:39:01 stephen kernel: [    0.868126] pcieport 0000:00:01.2: AER: enabled with IRQ 27
May  9 01:39:01 stephen kernel: [    0.868309] pcieport 0000:00:07.1: AER: enabled with IRQ 29
May  9 01:39:01 stephen kernel: [    0.868408] pcieport 0000:00:08.1: AER: enabled with IRQ 30
May  9 01:39:01 stephen kernel: [    0.869016] shpchp: Standard Hot Plug PCI Controller Driver version: 0.4
May  9 01:39:01 stephen kernel: [    0.869044] efifb: probing for efifb
May  9 01:39:01 stephen kernel: [    0.869062] efifb: framebuffer at 0xe0000000, using 8100k, total 8100k
May  9 01:39:01 stephen kernel: [    0.869063] efifb: mode is 1920x1080x32, linelength=7680, pages=1
May  9 01:39:01 stephen kernel: [    0.869065] efifb: scrolling: redraw
May  9 01:39:01 stephen kernel: [    0.869065] efifb: Truecolor: size=8:8:8:8, shift=24:16:8:0
May  9 01:39:01 stephen kernel: [    0.869115] Console: switching to colour frame buffer device 240x67
May  9 01:39:01 stephen kernel: [    0.880191] fb0: EFI VGA frame buffer device
May  9 01:39:01 stephen kernel: [    0.880316] input: Power Button as /devices/LNXSYSTM:00/LNXSYBUS:00/PNP0C0C:00/input/input0
May  9 01:39:01 stephen kernel: [    0.880383] ACPI: Power Button [PWRB]
May  9 01:39:01 stephen kernel: [    0.880418] input: Power Button as /devices/LNXSYSTM:00/LNXPWRBN:00/input/input1
May  9 01:39:01 stephen kernel: [    0.880502] ACPI: Power Button [PWRF]
May  9 01:39:01 stephen kernel: [    0.882408] smpboot: Estimated ratio of average max frequency by base frequency (times 1024): 1577
May  9 01:39:01 stephen kernel: [    0.882480] Monitor-Mwait will be used to enter C-1 state
May  9 01:39:01 stephen kernel: [    0.882485] ACPI: \_SB_.PLTF.C000: Found 2 idle states
May  9 01:39:01 stephen kernel: [    0.882580] ACPI: \_SB_.PLTF.C002: Found 2 idle states
May  9 01:39:01 stephen kernel: [    0.882662] ACPI: \_SB_.PLTF.C004: Found 2 idle states
May  9 01:39:01 stephen kernel: [    0.882766] ACPI: \_SB_.PLTF.C006: Found 2 idle states
May  9 01:39:01 stephen kernel: [    0.882869] ACPI: \_SB_.PLTF.C008: Found 2 idle states
May  9 01:39:01 stephen kernel: [    0.882970] ACPI: \_SB_.PLTF.C00A: Found 2 idle states
May  9 01:39:01 stephen kernel: [    0.883077] ACPI: \_SB_.PLTF.C00C: Found 2 idle states
May  9 01:39:01 stephen kernel: [    0.883179] ACPI: \_SB_.PLTF.C00E: Found 2 idle states
May  9 01:39:01 stephen kernel: [    0.883267] ACPI: \_SB_.PLTF.C010: Found 2 idle states
May  9 01:39:01 stephen kernel: [    0.883382] ACPI: \_SB_.PLTF.C012: Found 2 idle states
May  9 01:39:01 stephen kernel: [    0.883495] ACPI: \_SB_.PLTF.C014: Found 2 idle states
May  9 01:39:01 stephen kernel: [    0.883595] ACPI: \_SB_.PLTF.C016: Found 2 idle states
May  9 01:39:01 stephen kernel: [    0.883694] ACPI: \_SB_.PLTF.C018: Found 2 idle states
May  9 01:39:01 stephen kernel: [    0.883793] ACPI: \_SB_.PLTF.C01A: Found 2 idle states
May  9 01:39:01 stephen kernel: [    0.883893] ACPI: \_SB_.PLTF.C01C: Found 2 idle states
May  9 01:39:01 stephen kernel: [    0.883996] ACPI: \_SB_.PLTF.C01E: Found 2 idle states
May  9 01:39:01 stephen kernel: [    0.884066] ACPI: \_SB_.PLTF.C001: Found 2 idle states
May  9 01:39:01 stephen kernel: [    0.884136] ACPI: \_SB_.PLTF.C003: Found 2 idle states
May  9 01:39:01 stephen kernel: [    0.884201] ACPI: \_SB_.PLTF.C005: Found 2 idle states
May  9 01:39:01 stephen kernel: [    0.884293] ACPI: \_SB_.PLTF.C007: Found 2 idle states
May  9 01:39:01 stephen kernel: [    0.884379] ACPI: \_SB_.PLTF.C009: Found 2 idle states
May  9 01:39:01 stephen kernel: [    0.884471] ACPI: \_SB_.PLTF.C00B: Found 2 idle states
May  9 01:39:01 stephen kernel: [    0.884564] ACPI: \_SB_.PLTF.C00D: Found 2 idle states
May  9 01:39:01 stephen kernel: [    0.884654] ACPI: \_SB_.PLTF.C00F: Found 2 idle states
May  9 01:39:01 stephen kernel: [    0.884741] ACPI: \_SB_.PLTF.C011: Found 2 idle states
May  9 01:39:01 stephen kernel: [    0.884838] ACPI: \_SB_.PLTF.C013: Found 2 idle states
May  9 01:39:01 stephen kernel: [    0.884933] ACPI: \_SB_.PLTF.C015: Found 2 idle states
May  9 01:39:01 stephen kernel: [    0.885028] ACPI: \_SB_.PLTF.C017: Found 2 idle states
May  9 01:39:01 stephen kernel: [    0.885127] ACPI: \_SB_.PLTF.C019: Found 2 idle states
May  9 01:39:01 stephen kernel: [    0.885222] ACPI: \_SB_.PLTF.C01B: Found 2 idle states
May  9 01:39:01 stephen kernel: [    0.885315] ACPI: \_SB_.PLTF.C01D: Found 2 idle states
May  9 01:39:01 stephen kernel: [    0.885403] ACPI: \_SB_.PLTF.C01F: Found 2 idle states
May  9 01:39:01 stephen kernel: [    0.885563] Serial: 8250/16550 driver, 32 ports, IRQ sharing enabled
May  9 01:39:01 stephen kernel: [    0.906149] 00:04: ttyS0 at I/O 0x3f8 (irq = 4, base_baud = 115200) is a 16550A
May  9 01:39:01 stephen kernel: [    0.907486] Linux agpgart interface v0.103
May  9 01:39:01 stephen kernel: [    0.910768] loop: module loaded
May  9 01:39:01 stephen kernel: [    0.912427] libphy: Fixed MDIO Bus: probed
May  9 01:39:01 stephen kernel: [    0.913939] tun: Universal TUN/TAP device driver, 1.6
May  9 01:39:01 stephen kernel: [    0.915471] PPP generic driver version 2.4.2
May  9 01:39:01 stephen kernel: [    0.917003] VFIO - User Level meta-driver version: 0.3
May  9 01:39:01 stephen kernel: [    0.918541] ehci_hcd: USB 2.0 'Enhanced' Host Controller (EHCI) Driver
May  9 01:39:01 stephen kernel: [    0.920059] ehci-pci: EHCI PCI platform driver
May  9 01:39:01 stephen kernel: [    0.921579] ehci-platform: EHCI generic platform driver
May  9 01:39:01 stephen kernel: [    0.923088] ohci_hcd: USB 1.1 'Open' Host Controller (OHCI) Driver
May  9 01:39:01 stephen kernel: [    0.924614] ohci-pci: OHCI PCI platform driver
May  9 01:39:01 stephen kernel: [    0.926140] ohci-platform: OHCI generic platform driver
May  9 01:39:01 stephen kernel: [    0.927666] uhci_hcd: USB Universal Host Controller Interface driver
May  9 01:39:01 stephen kernel: [    0.929213] i8042: PNP: No PS/2 controller found.
May  9 01:39:01 stephen kernel: [    0.930741] mousedev: PS/2 mouse device common for all mice
May  9 01:39:01 stephen kernel: [    0.932308] rtc_cmos 00:02: RTC can wake from S4
May  9 01:39:01 stephen kernel: [    0.933960] rtc_cmos 00:02: registered as rtc0
May  9 01:39:01 stephen kernel: [    0.935540] rtc_cmos 00:02: setting system clock to 2021-05-08T23:38:28 UTC (1620517108)
May  9 01:39:01 stephen kernel: [    0.937132] rtc_cmos 00:02: alarms up to one month, y3k, 114 bytes nvram, hpet irqs
May  9 01:39:01 stephen kernel: [    0.938755] i2c /dev entries driver
May  9 01:39:01 stephen kernel: [    0.940369] device-mapper: uevent: version 1.0.3
May  9 01:39:01 stephen kernel: [    0.941978] device-mapper: ioctl: 4.43.0-ioctl (2020-10-01) initialised: dm-devel@redhat.com
May  9 01:39:01 stephen kernel: [    0.943617] platform eisa.0: Probing EISA bus 0
May  9 01:39:01 stephen kernel: [    0.945242] platform eisa.0: EISA: Cannot allocate resource for mainboard
May  9 01:39:01 stephen kernel: [    0.946887] platform eisa.0: Cannot allocate resource for EISA slot 1
May  9 01:39:01 stephen kernel: [    0.948538] platform eisa.0: Cannot allocate resource for EISA slot 2
May  9 01:39:01 stephen kernel: [    0.950155] platform eisa.0: Cannot allocate resource for EISA slot 3
May  9 01:39:01 stephen kernel: [    0.951736] platform eisa.0: Cannot allocate resource for EISA slot 4
May  9 01:39:01 stephen kernel: [    0.953268] platform eisa.0: Cannot allocate resource for EISA slot 5
May  9 01:39:01 stephen kernel: [    0.954746] platform eisa.0: Cannot allocate resource for EISA slot 6
May  9 01:39:01 stephen kernel: [    0.956181] platform eisa.0: Cannot allocate resource for EISA slot 7
May  9 01:39:01 stephen kernel: [    0.957572] platform eisa.0: Cannot allocate resource for EISA slot 8
May  9 01:39:01 stephen kernel: [    0.958910] platform eisa.0: EISA: Detected 0 cards
May  9 01:39:01 stephen kernel: [    0.960400] ledtrig-cpu: registered to indicate activity on CPUs
May  9 01:39:01 stephen kernel: [    0.961734] EFI Variables Facility v0.08 2004-May-17
May  9 01:39:01 stephen kernel: [    0.965066] drop_monitor: Initializing network drop monitor service
May  9 01:39:01 stephen kernel: [    0.966537] NET: Registered protocol family 10
May  9 01:39:01 stephen kernel: [    0.970275] Segment Routing with IPv6
May  9 01:39:01 stephen kernel: [    0.971727] NET: Registered protocol family 17
May  9 01:39:01 stephen kernel: [    0.973227] Key type dns_resolver registered
May  9 01:39:01 stephen kernel: [    0.975757] microcode: CPU0: patch_level=0x0a201009
May  9 01:39:01 stephen kernel: [    0.977287] microcode: CPU1: patch_level=0x0a201009
May  9 01:39:01 stephen kernel: [    0.978818] microcode: CPU2: patch_level=0x0a201009
May  9 01:39:01 stephen kernel: [    0.980352] microcode: CPU3: patch_level=0x0a201009
May  9 01:39:01 stephen kernel: [    0.981889] microcode: CPU4: patch_level=0x0a201009
May  9 01:39:01 stephen kernel: [    0.983427] microcode: CPU5: patch_level=0x0a201009
May  9 01:39:01 stephen kernel: [    0.984967] microcode: CPU6: patch_level=0x0a201009
May  9 01:39:01 stephen kernel: [    0.986507] microcode: CPU7: patch_level=0x0a201009
May  9 01:39:01 stephen kernel: [    0.988050] microcode: CPU8: patch_level=0x0a201009
May  9 01:39:01 stephen kernel: [    0.989592] microcode: CPU9: patch_level=0x0a201009
May  9 01:39:01 stephen kernel: [    0.991134] microcode: CPU10: patch_level=0x0a201009
May  9 01:39:01 stephen kernel: [    0.992696] microcode: CPU11: patch_level=0x0a201009
May  9 01:39:01 stephen kernel: [    0.994260] microcode: CPU12: patch_level=0x0a201009
May  9 01:39:01 stephen kernel: [    0.995824] microcode: CPU13: patch_level=0x0a201009
May  9 01:39:01 stephen kernel: [    0.997390] microcode: CPU14: patch_level=0x0a201009
May  9 01:39:01 stephen kernel: [    0.998957] microcode: CPU15: patch_level=0x0a201009
May  9 01:39:01 stephen kernel: [    1.000524] microcode: CPU16: patch_level=0x0a201009
May  9 01:39:01 stephen kernel: [    1.002095] microcode: CPU17: patch_level=0x0a201009
May  9 01:39:01 stephen kernel: [    1.003666] microcode: CPU18: patch_level=0x0a201009
May  9 01:39:01 stephen kernel: [    1.005240] microcode: CPU19: patch_level=0x0a201009
May  9 01:39:01 stephen kernel: [    1.006813] microcode: CPU20: patch_level=0x0a201009
May  9 01:39:01 stephen kernel: [    1.008389] microcode: CPU21: patch_level=0x0a201009
May  9 01:39:01 stephen kernel: [    1.009966] microcode: CPU22: patch_level=0x0a201009
May  9 01:39:01 stephen kernel: [    1.011542] microcode: CPU23: patch_level=0x0a201009
May  9 01:39:01 stephen kernel: [    1.013123] microcode: CPU24: patch_level=0x0a201009
May  9 01:39:01 stephen kernel: [    1.014668] microcode: CPU25: patch_level=0x0a201009
May  9 01:39:01 stephen kernel: [    1.016167] microcode: CPU26: patch_level=0x0a201009
May  9 01:39:01 stephen kernel: [    1.017624] microcode: CPU27: patch_level=0x0a201009
May  9 01:39:01 stephen kernel: [    1.019065] microcode: CPU28: patch_level=0x0a201009
May  9 01:39:01 stephen kernel: [    1.020486] microcode: CPU29: patch_level=0x0a201009
May  9 01:39:01 stephen kernel: [    1.021882] microcode: CPU30: patch_level=0x0a201009
May  9 01:39:01 stephen kernel: [    1.023253] microcode: CPU31: patch_level=0x0a201009
May  9 01:39:01 stephen kernel: [    1.024608] microcode: Microcode Update Driver: v2.2.
May  9 01:39:01 stephen kernel: [    1.024829] resctrl: L3 allocation detected
May  9 01:39:01 stephen kernel: [    1.027455] resctrl: L3DATA allocation detected
May  9 01:39:01 stephen kernel: [    1.028760] resctrl: L3CODE allocation detected
May  9 01:39:01 stephen kernel: [    1.030039] resctrl: MB allocation detected
May  9 01:39:01 stephen kernel: [    1.031293] resctrl: L3 monitoring detected
May  9 01:39:01 stephen kernel: [    1.032538] IPI shorthand broadcast: enabled
May  9 01:39:01 stephen kernel: [    1.033777] sched_clock: Marking stable (721400770, 312367456)->(1141738252, -107970026)
May  9 01:39:01 stephen kernel: [    1.035181] registered taskstats version 1
May  9 01:39:01 stephen kernel: [    1.036435] Loading compiled-in X.509 certificates
May  9 01:39:01 stephen kernel: [    1.038011] Loaded X.509 cert 'Build time autogenerated kernel key: e84fcfc1cd7b8ac76be251a8773c0d32e939b279'
May  9 01:39:01 stephen kernel: [    1.039594] Loaded X.509 cert 'Canonical Ltd. Live Patch Signing: 14df34d1a87cf37625abec039ef2bf521249b969'
May  9 01:39:01 stephen kernel: [    1.041184] Loaded X.509 cert 'Canonical Ltd. Kernel Module Signing: 88f752e560a1e0737e31163a466ad7b70a850c19'
May  9 01:39:01 stephen kernel: [    1.043214] zswap: loaded using pool lzo/zbud
May  9 01:39:01 stephen kernel: [    1.044716] Key type ._fscrypt registered
May  9 01:39:01 stephen kernel: [    1.046043] Key type .fscrypt registered
May  9 01:39:01 stephen kernel: [    1.047347] Key type fscrypt-provisioning registered
May  9 01:39:01 stephen kernel: [    1.049710] Key type encrypted registered
May  9 01:39:01 stephen kernel: [    1.050960] AppArmor: AppArmor sha1 policy hashing enabled
May  9 01:39:01 stephen kernel: [    1.052289] integrity: Loading X.509 certificate: UEFI:db
May  9 01:39:01 stephen kernel: [    1.053710] integrity: Loaded X.509 cert 'ASUSTeK MotherBoard SW Key Certificate: da83b990422ebc8c441f8d8b039a65a2'
May  9 01:39:01 stephen kernel: [    1.055098] integrity: Loading X.509 certificate: UEFI:db
May  9 01:39:01 stephen kernel: [    1.056588] integrity: Loaded X.509 cert 'ASUSTeK Notebook SW Key Certificate: b8e581e4df77a5bb4282d5ccfc00c071'
May  9 01:39:01 stephen kernel: [    1.058085] integrity: Loading X.509 certificate: UEFI:db
May  9 01:39:01 stephen kernel: [    1.059613] integrity: Loaded X.509 cert 'Microsoft Corporation UEFI CA 2011: 13adbf4309bd82709c8cd54f316ed522988a1bd4'
May  9 01:39:01 stephen kernel: [    1.061228] integrity: Loading X.509 certificate: UEFI:db
May  9 01:39:01 stephen kernel: [    1.062872] integrity: Loaded X.509 cert 'Microsoft Windows Production PCA 2011: a92902398e16c49778cd90f99e4f9ae17c55af53'
May  9 01:39:01 stephen kernel: [    1.064584] integrity: Loading X.509 certificate: UEFI:db
May  9 01:39:01 stephen kernel: [    1.066364] integrity: Loaded X.509 cert 'Canonical Ltd. Master Certificate Authority: ad91990bc22ab1f517048c23b6655a268e345a63'
May  9 01:39:01 stephen kernel: [    1.068247] integrity: Loading X.509 certificate: UEFI:MokListRT (MOKvar table)
May  9 01:39:01 stephen kernel: [    1.070096] integrity: Loaded X.509 cert 'Canonical Ltd. Master Certificate Authority: ad91990bc22ab1f517048c23b6655a268e345a63'
May  9 01:39:01 stephen kernel: [    1.071933] ima: No TPM chip found, activating TPM-bypass!
May  9 01:39:01 stephen kernel: [    1.073786] ima: Allocated hash algorithm: sha1
May  9 01:39:01 stephen kernel: [    1.075636] ima: No architecture policies found
May  9 01:39:01 stephen kernel: [    1.077484] evm: Initialising EVM extended attributes:
May  9 01:39:01 stephen kernel: [    1.079330] evm: security.selinux
May  9 01:39:01 stephen kernel: [    1.081193] evm: security.SMACK64
May  9 01:39:01 stephen kernel: [    1.083058] evm: security.SMACK64EXEC
May  9 01:39:01 stephen kernel: [    1.084929] evm: security.SMACK64TRANSMUTE
May  9 01:39:01 stephen kernel: [    1.086809] evm: security.SMACK64MMAP
May  9 01:39:01 stephen kernel: [    1.088689] evm: security.apparmor
May  9 01:39:01 stephen kernel: [    1.090575] evm: security.ima
May  9 01:39:01 stephen kernel: [    1.092462] evm: security.capability
May  9 01:39:01 stephen kernel: [    1.094361] evm: HMAC attrs: 0x1
May  9 01:39:01 stephen kernel: [    1.096457] PM:   Magic number: 5:616:655
May  9 01:39:01 stephen kernel: [    1.225090] RAS: Correctable Errors collector initialized.
May  9 01:39:01 stephen kernel: [    1.227730] Freeing unused decrypted memory: 2036K
May  9 01:39:01 stephen kernel: [    1.229999] Freeing unused kernel image (initmem) memory: 2688K
May  9 01:39:01 stephen kernel: [    1.237066] Write protecting the kernel read-only data: 28672k
May  9 01:39:01 stephen kernel: [    1.239536] Freeing unused kernel image (text/rodata gap) memory: 2036K
May  9 01:39:01 stephen kernel: [    1.241740] Freeing unused kernel image (rodata/data gap) memory: 92K
May  9 01:39:01 stephen kernel: [    1.264262] x86/mm: Checked W+X mappings: passed, no W+X pages found.
May  9 01:39:01 stephen kernel: [    1.266388] Run /init as init process
May  9 01:39:01 stephen kernel: [    1.268521]   with arguments:
May  9 01:39:01 stephen kernel: [    1.268521]     /init
May  9 01:39:01 stephen kernel: [    1.268522]   with environment:
May  9 01:39:01 stephen kernel: [    1.268522]     HOME=/
May  9 01:39:01 stephen kernel: [    1.268522]     TERM=linux
May  9 01:39:01 stephen kernel: [    1.268523]     BOOT_IMAGE=/boot/vmlinuz-5.11.0-16-generic
May  9 01:39:01 stephen kernel: [    1.314141] acpi PNP0C14:01: duplicate WMI GUID 05901221-D566-11D1-B2F0-00A0C9062910 (first instance was on PNP0C14:00)
May  9 01:39:01 stephen kernel: [    1.315186] xhci_hcd 0000:02:00.0: xHCI Host Controller
May  9 01:39:01 stephen kernel: [    1.316694] acpi PNP0C14:02: duplicate WMI GUID 05901221-D566-11D1-B2F0-00A0C9062910 (first instance was on PNP0C14:00)
May  9 01:39:01 stephen kernel: [    1.318789] xhci_hcd 0000:02:00.0: new USB bus registered, assigned bus number 1
May  9 01:39:01 stephen kernel: [    1.321411] acpi PNP0C14:03: duplicate WMI GUID 05901221-D566-11D1-B2F0-00A0C9062910 (first instance was on PNP0C14:00)
May  9 01:39:01 stephen kernel: [    1.326389] piix4_smbus 0000:00:14.0: SMBus Host Controller at 0xb00, revision 0
May  9 01:39:01 stephen kernel: [    1.326441] acpi PNP0C14:04: duplicate WMI GUID 05901221-D566-11D1-B2F0-00A0C9062910 (first instance was on PNP0C14:00)
May  9 01:39:01 stephen kernel: [    1.329014] piix4_smbus 0000:00:14.0: Using register 0x02 for SMBus port selection
May  9 01:39:01 stephen kernel: [    1.334615] piix4_smbus 0000:00:14.0: Auxiliary SMBus Host Controller at 0xb20
May  9 01:39:01 stephen kernel: [    1.337900] ahci 0000:02:00.1: version 3.0
May  9 01:39:01 stephen kernel: [    1.338016] ahci 0000:02:00.1: SSS flag set, parallel bus scan disabled
May  9 01:39:01 stephen kernel: [    1.340884] ahci 0000:02:00.1: AHCI 0001.0301 32 slots 6 ports 6 Gbps 0x3f impl SATA mode
May  9 01:39:01 stephen kernel: [    1.343751] ahci 0000:02:00.1: flags: 64bit ncq sntf stag pm led clo only pmp pio slum part sxs deso sadm sds apst 
May  9 01:39:01 stephen kernel: [    1.346791] cryptd: max_cpu_qlen set to 1000
May  9 01:39:01 stephen kernel: [    1.347183] scsi host0: ahci
May  9 01:39:01 stephen kernel: [    1.354126] nvme nvme0: pci function 0000:01:00.0
May  9 01:39:01 stephen kernel: [    1.357285] nvme nvme1: pci function 0000:05:00.0
May  9 01:39:01 stephen kernel: [    1.357286] AVX2 version of gcm_enc/dec engaged.
May  9 01:39:01 stephen kernel: [    1.357288] AES CTR mode by8 optimization enabled
May  9 01:39:01 stephen kernel: [    1.357335] scsi host1: ahci
May  9 01:39:01 stephen kernel: [    1.358002] scsi host2: ahci
May  9 01:39:01 stephen kernel: [    1.358139] scsi host3: ahci
May  9 01:39:01 stephen kernel: [    1.358398] scsi host4: ahci
May  9 01:39:01 stephen kernel: [    1.358585] scsi host5: ahci
May  9 01:39:01 stephen kernel: [    1.358631] ata1: SATA max UDMA/133 abar m131072@0xfc480000 port 0xfc480100 irq 39
May  9 01:39:01 stephen kernel: [    1.358643] ata2: SATA max UDMA/133 abar m131072@0xfc480000 port 0xfc480180 irq 39
May  9 01:39:01 stephen kernel: [    1.358653] ata3: SATA max UDMA/133 abar m131072@0xfc480000 port 0xfc480200 irq 39
May  9 01:39:01 stephen kernel: [    1.358662] ata4: SATA max UDMA/133 abar m131072@0xfc480000 port 0xfc480280 irq 39
May  9 01:39:01 stephen kernel: [    1.358670] ata5: SATA max UDMA/133 abar m131072@0xfc480000 port 0xfc480300 irq 39
May  9 01:39:01 stephen kernel: [    1.358691] ata6: SATA max UDMA/133 abar m131072@0xfc480000 port 0xfc480380 irq 39
May  9 01:39:01 stephen kernel: [    1.370461] nvme nvme0: 32/0/0 default/read/poll queues
May  9 01:39:01 stephen kernel: [    1.371486] libphy: r8169: probed
May  9 01:39:01 stephen kernel: [    1.371998] r8169 0000:07:00.0 eth0: RTL8168h/8111h, f0:2f:74:33:d7:c4, XID 541, IRQ 75
May  9 01:39:01 stephen kernel: [    1.379443] xhci_hcd 0000:02:00.0: hcc params 0x0200ef81 hci version 0x110 quirks 0x0000000000000410
May  9 01:39:01 stephen kernel: [    1.380099] r8169 0000:07:00.0 eth0: jumbo features [frames: 9194 bytes, tx checksumming: ko]
May  9 01:39:01 stephen kernel: [    1.380252] nvme nvme1: 32/0/0 default/read/poll queues
May  9 01:39:01 stephen kernel: [    1.384044] usb usb1: New USB device found, idVendor=1d6b, idProduct=0002, bcdDevice= 5.11
May  9 01:39:01 stephen kernel: [    1.390495] r8169 0000:07:00.0 enp7s0: renamed from eth0
May  9 01:39:01 stephen kernel: [    1.390846] usb usb1: New USB device strings: Mfr=3, Product=2, SerialNumber=1
May  9 01:39:01 stephen kernel: [    1.419536] usb usb1: Product: xHCI Host Controller
May  9 01:39:01 stephen kernel: [    1.422069] usb usb1: Manufacturer: Linux 5.11.0-16-generic xhci-hcd
May  9 01:39:01 stephen kernel: [    1.424581] usb usb1: SerialNumber: 0000:02:00.0
May  9 01:39:01 stephen kernel: [    1.427128] hub 1-0:1.0: USB hub found
May  9 01:39:01 stephen kernel: [    1.429555] hub 1-0:1.0: 10 ports detected
May  9 01:39:01 stephen kernel: [    1.435092] xhci_hcd 0000:02:00.0: xHCI Host Controller
May  9 01:39:01 stephen kernel: [    1.437467] xhci_hcd 0000:02:00.0: new USB bus registered, assigned bus number 2
May  9 01:39:01 stephen kernel: [    1.439837] xhci_hcd 0000:02:00.0: Host supports USB 3.1 Enhanced SuperSpeed
May  9 01:39:01 stephen kernel: [    1.442246] usb usb2: We don't know the algorithms for LPM for this host, disabling LPM.
May  9 01:39:01 stephen kernel: [    1.444658] usb usb2: New USB device found, idVendor=1d6b, idProduct=0003, bcdDevice= 5.11
May  9 01:39:01 stephen kernel: [    1.447101] usb usb2: New USB device strings: Mfr=3, Product=2, SerialNumber=1
May  9 01:39:01 stephen kernel: [    1.449590] usb usb2: Product: xHCI Host Controller
May  9 01:39:01 stephen kernel: [    1.452073] usb usb2: Manufacturer: Linux 5.11.0-16-generic xhci-hcd
May  9 01:39:01 stephen kernel: [    1.454602] usb usb2: SerialNumber: 0000:02:00.0
May  9 01:39:01 stephen kernel: [    1.457341] hub 2-0:1.0: USB hub found
May  9 01:39:01 stephen kernel: [    1.459890] hub 2-0:1.0: 4 ports detected
May  9 01:39:01 stephen kernel: [    1.464600] xhci_hcd 0000:09:00.3: xHCI Host Controller
May  9 01:39:01 stephen kernel: [    1.467327] xhci_hcd 0000:09:00.3: new USB bus registered, assigned bus number 3
May  9 01:39:01 stephen kernel: [    1.470082] xhci_hcd 0000:09:00.3: hcc params 0x0278ffe5 hci version 0x110 quirks 0x0000000000000410
May  9 01:39:01 stephen kernel: [    1.473037] usb usb3: New USB device found, idVendor=1d6b, idProduct=0002, bcdDevice= 5.11
May  9 01:39:01 stephen kernel: [    1.475679] usb usb3: New USB device strings: Mfr=3, Product=2, SerialNumber=1
May  9 01:39:01 stephen kernel: [    1.478332] usb usb3: Product: xHCI Host Controller
May  9 01:39:01 stephen kernel: [    1.480974] usb usb3: Manufacturer: Linux 5.11.0-16-generic xhci-hcd
May  9 01:39:01 stephen kernel: [    1.483621] usb usb3: SerialNumber: 0000:09:00.3
May  9 01:39:01 stephen kernel: [    1.486345] hub 3-0:1.0: USB hub found
May  9 01:39:01 stephen kernel: [    1.489007] hub 3-0:1.0: 4 ports detected
May  9 01:39:01 stephen kernel: [    1.491806] xhci_hcd 0000:09:00.3: xHCI Host Controller
May  9 01:39:01 stephen kernel: [    1.494418] xhci_hcd 0000:09:00.3: new USB bus registered, assigned bus number 4
May  9 01:39:01 stephen kernel: [    1.497070] xhci_hcd 0000:09:00.3: Host supports USB 3.1 Enhanced SuperSpeed
May  9 01:39:01 stephen kernel: [    1.499706] usb usb4: We don't know the algorithms for LPM for this host, disabling LPM.
May  9 01:39:01 stephen kernel: [    1.502295] usb usb4: New USB device found, idVendor=1d6b, idProduct=0003, bcdDevice= 5.11
May  9 01:39:01 stephen kernel: [    1.504854] usb usb4: New USB device strings: Mfr=3, Product=2, SerialNumber=1
May  9 01:39:01 stephen kernel: [    1.507380] usb usb4: Product: xHCI Host Controller
May  9 01:39:01 stephen kernel: [    1.509856] usb usb4: Manufacturer: Linux 5.11.0-16-generic xhci-hcd
May  9 01:39:01 stephen kernel: [    1.512306] usb usb4: SerialNumber: 0000:09:00.3
May  9 01:39:01 stephen kernel: [    1.514762] hub 4-0:1.0: USB hub found
May  9 01:39:01 stephen kernel: [    1.517098] hub 4-0:1.0: 4 ports detected
May  9 01:39:01 stephen kernel: [    1.520335] checking generic (e0000000 7e9000) vs hw (fb000000 1000000)
May  9 01:39:01 stephen kernel: [    1.520337] checking generic (e0000000 7e9000) vs hw (e0000000 8000000)
May  9 01:39:01 stephen kernel: [    1.520338] fb0: switching to nouveaufb from EFI VGA
May  9 01:39:01 stephen kernel: [    1.522688] Console: switching to colour dummy device 80x25
May  9 01:39:01 stephen kernel: [    1.522709] nouveau 0000:04:00.0: vgaarb: deactivate vga console
May  9 01:39:01 stephen kernel: [    1.522741] nouveau 0000:04:00.0: NVIDIA GK104 (0e4050a2)
May  9 01:39:01 stephen kernel: [    1.647136] nouveau 0000:04:00.0: bios: version 80.04.27.00.2e
May  9 01:39:01 stephen kernel: [    1.647998] nouveau 0000:04:00.0: fb: 1536 MiB GDDR5
May  9 01:39:01 stephen kernel: [    1.758133] [TTM] Zone  kernel: Available graphics memory: 32913676 KiB
May  9 01:39:01 stephen kernel: [    1.758136] [TTM] Zone   dma32: Available graphics memory: 2097152 KiB
May  9 01:39:01 stephen kernel: [    1.758143] nouveau 0000:04:00.0: DRM: VRAM: 1536 MiB
May  9 01:39:01 stephen kernel: [    1.758145] nouveau 0000:04:00.0: DRM: GART: 1048576 MiB
May  9 01:39:01 stephen kernel: [    1.758147] nouveau 0000:04:00.0: DRM: TMDS table version 2.0
May  9 01:39:01 stephen kernel: [    1.758149] nouveau 0000:04:00.0: DRM: DCB version 4.0
May  9 01:39:01 stephen kernel: [    1.758150] nouveau 0000:04:00.0: DRM: DCB outp 00: 02000f00 00000000
May  9 01:39:01 stephen kernel: [    1.758152] nouveau 0000:04:00.0: DRM: DCB outp 01: 01000f02 00020030
