May  8 22:00:26 stephen systemd[1]: logrotate.service: Succeeded.
May  8 22:00:26 stephen systemd[1]: Finished Rotate log files.
May  8 22:00:27 stephen systemd[1]: man-db.service: Succeeded.
May  8 22:00:27 stephen systemd[1]: Finished Daily man-db regeneration.
May  8 22:05:01 stephen CRON[78194]: (root) CMD (command -v debian-sa1 > /dev/null && debian-sa1 1 1)
May  8 22:10:27 stephen rsyslogd: [origin software="rsyslogd" swVersion="8.2102.0" x-pid="1286" x-info="https://www.rsyslog.com"] rsyslogd was HUPed
May  8 22:15:02 stephen CRON[79255]: (root) CMD (command -v debian-sa1 > /dev/null && debian-sa1 1 1)
May  8 22:17:02 stephen CRON[79414]: (root) CMD (   cd / && run-parts --report /etc/cron.hourly)
May  8 22:23:37 stephen smartd[1288]: Device: /dev/sda [SAT], SMART Usage Attribute: 194 Temperature_Celsius changed from 68 to 67
May  8 22:23:37 stephen smartd[1288]: Device: /dev/sdb [SAT], SMART Usage Attribute: 194 Temperature_Celsius changed from 67 to 65
May  8 22:25:01 stephen CRON[80035]: (root) CMD (command -v debian-sa1 > /dev/null && debian-sa1 1 1)
May  8 22:28:27 stephen systemd[1]: fwupd.service: Succeeded.
May  8 22:35:01 stephen CRON[81997]: (root) CMD (command -v debian-sa1 > /dev/null && debian-sa1 1 1)
May  8 22:45:01 stephen CRON[83067]: (root) CMD (command -v debian-sa1 > /dev/null && debian-sa1 1 1)
May  8 22:53:37 stephen smartd[1288]: Device: /dev/sdc [SAT], SMART Usage Attribute: 194 Temperature_Celsius changed from 112 to 114
May  8 22:53:42 stephen smartd[1288]: Device: /dev/sde [SAT], SMART Usage Attribute: 194 Temperature_Celsius changed from 120 to 122
May  8 22:55:01 stephen CRON[83864]: (root) CMD (command -v debian-sa1 > /dev/null && debian-sa1 1 1)
May  8 23:05:01 stephen CRON[84583]: (root) CMD (command -v debian-sa1 > /dev/null && debian-sa1 1 1)
May  8 23:15:01 stephen CRON[85368]: (root) CMD (command -v debian-sa1 > /dev/null && debian-sa1 1 1)
May  8 23:17:01 stephen CRON[85532]: (root) CMD (   cd / && run-parts --report /etc/cron.hourly)
May  8 23:23:37 stephen smartd[1288]: Device: /dev/sda [SAT], SMART Usage Attribute: 194 Temperature_Celsius changed from 67 to 68
May  8 23:23:37 stephen smartd[1288]: Device: /dev/sdb [SAT], SMART Usage Attribute: 194 Temperature_Celsius changed from 65 to 67
May  8 23:23:37 stephen smartd[1288]: Device: /dev/sdc [SAT], SMART Usage Attribute: 194 Temperature_Celsius changed from 114 to 122
May  8 23:23:37 stephen smartd[1288]: Device: /dev/sdd [SAT], SMART Usage Attribute: 194 Temperature_Celsius changed from 135 to 138
May  8 23:23:37 stephen smartd[1288]: Device: /dev/sde [SAT], SMART Usage Attribute: 194 Temperature_Celsius changed from 122 to 132
May  8 23:25:01 stephen CRON[86452]: (root) CMD (command -v debian-sa1 > /dev/null && debian-sa1 1 1)
May  8 23:35:01 stephen CRON[87220]: (root) CMD (command -v debian-sa1 > /dev/null && debian-sa1 1 1)
May  9 01:39:01 stephen systemd-modules-load[755]: Inserted module 'msr'
May  9 01:39:01 stephen systemd-sysctl[773]: Not setting net/ipv4/conf/all/promote_secondaries (explicit setting exists).
May  9 01:39:01 stephen systemd-sysctl[773]: Not setting net/ipv4/conf/default/promote_secondaries (explicit setting exists).
May  9 01:39:01 stephen systemd[1]: Starting Flush Journal to Persistent Storage...
May  9 01:39:01 stephen systemd[1]: Finished Apply Kernel Variables.
May  9 01:39:01 stephen systemd[1]: Finished Coldplug All udev Devices.
May  9 01:39:01 stephen kernel: [    0.000000] Linux version 5.11.0-16-generic (buildd@lgw01-amd64-035) (gcc (Ubuntu 10.3.0-1ubuntu1) 10.3.0, GNU ld (GNU Binutils for Ubuntu) 2.36.1) #17-Ubuntu SMP Wed Apr 14 20:12:43 UTC 2021 (Ubuntu 5.11.0-16.17-generic 5.11.12)
May  9 01:39:01 stephen systemd[1]: Starting Wait for udev To Complete Device Initialization...
May  9 01:39:01 stephen kernel: [    0.000000] Command line: BOOT_IMAGE=/boot/vmlinuz-5.11.0-16-generic root=UUID=1b63092c-1327-422f-a327-c8ddbfb3b056 ro
May  9 01:39:01 stephen kernel: [    0.000000] KERNEL supported cpus:
May  9 01:39:01 stephen kernel: [    0.000000]   Intel GenuineIntel
May  9 01:39:01 stephen kernel: [    0.000000]   AMD AuthenticAMD
May  9 01:39:01 stephen kernel: [    0.000000]   Hygon HygonGenuine
May  9 01:39:01 stephen kernel: [    0.000000]   Centaur CentaurHauls
May  9 01:39:01 stephen kernel: [    0.000000]   zhaoxin   Shanghai  
May  9 01:39:01 stephen kernel: [    0.000000] x86/fpu: Supporting XSAVE feature 0x001: 'x87 floating point registers'
May  9 01:39:01 stephen kernel: [    0.000000] x86/fpu: Supporting XSAVE feature 0x002: 'SSE registers'
May  9 01:39:01 stephen kernel: [    0.000000] x86/fpu: Supporting XSAVE feature 0x004: 'AVX registers'
May  9 01:39:01 stephen systemd[1]: Finished Create Static Device Nodes in /dev.
May  9 01:39:01 stephen kernel: [    0.000000] x86/fpu: Supporting XSAVE feature 0x200: 'Protection Keys User registers'
May  9 01:39:01 stephen kernel: [    0.000000] x86/fpu: xstate_offset[2]:  576, xstate_sizes[2]:  256
May  9 01:39:01 stephen systemd[1]: Starting Rule-based Manager for Device Events and Files...
May  9 01:39:01 stephen kernel: [    0.000000] x86/fpu: xstate_offset[9]:  832, xstate_sizes[9]:    8
May  9 01:39:01 stephen kernel: [    0.000000] x86/fpu: Enabled xstate features 0x207, context size is 840 bytes, using 'compacted' format.
May  9 01:39:01 stephen kernel: [    0.000000] BIOS-provided physical RAM map:
May  9 01:39:01 stephen kernel: [    0.000000] BIOS-e820: [mem 0x0000000000000000-0x000000000009ffff] usable
May  9 01:39:01 stephen kernel: [    0.000000] BIOS-e820: [mem 0x00000000000a0000-0x00000000000fffff] reserved
May  9 01:39:01 stephen kernel: [    0.000000] BIOS-e820: [mem 0x0000000000100000-0x0000000009d1efff] usable
May  9 01:39:01 stephen kernel: [    0.000000] BIOS-e820: [mem 0x0000000009d1f000-0x0000000009ffffff] reserved
May  9 01:39:01 stephen systemd[1]: Activated swap /swap.img.
May  9 01:39:01 stephen kernel: [    0.000000] BIOS-e820: [mem 0x000000000a000000-0x000000000a1fffff] usable
May  9 01:39:01 stephen systemd[1]: Reached target Swap.
May  9 01:39:01 stephen kernel: [    0.000000] BIOS-e820: [mem 0x000000000a200000-0x000000000a20dfff] ACPI NVS
May  9 01:39:01 stephen kernel: [    0.000000] BIOS-e820: [mem 0x000000000a20e000-0x000000000affffff] usable
May  9 01:39:01 stephen kernel: [    0.000000] BIOS-e820: [mem 0x000000000b000000-0x000000000b01ffff] reserved
May  9 01:39:01 stephen kernel: [    0.000000] BIOS-e820: [mem 0x000000000b020000-0x00000000ca2c5fff] usable
May  9 01:39:01 stephen kernel: [    0.000000] BIOS-e820: [mem 0x00000000ca2c6000-0x00000000ca6bdfff] reserved
May  9 01:39:01 stephen systemd[1]: Finished Monitoring of LVM2 mirrors, snapshots etc. using dmeventd or progress polling.
May  9 01:39:01 stephen systemd[1]: Finished Flush Journal to Persistent Storage.
May  9 01:39:01 stephen kernel: [    0.000000] BIOS-e820: [mem 0x00000000ca6be000-0x00000000ca816fff] ACPI data
May  9 01:39:01 stephen kernel: [    0.000000] BIOS-e820: [mem 0x00000000ca817000-0x00000000caee4fff] ACPI NVS
May  9 01:39:01 stephen kernel: [    0.000000] BIOS-e820: [mem 0x00000000caee5000-0x00000000cbbfefff] reserved
May  9 01:39:01 stephen kernel: [    0.000000] BIOS-e820: [mem 0x00000000cbbff000-0x00000000ccffffff] usable
May  9 01:39:01 stephen kernel: [    0.000000] BIOS-e820: [mem 0x00000000cd000000-0x00000000cfffffff] reserved
May  9 01:39:01 stephen kernel: [    0.000000] BIOS-e820: [mem 0x00000000f0000000-0x00000000f7ffffff] reserved
May  9 01:39:01 stephen systemd[1]: Started Rule-based Manager for Device Events and Files.
May  9 01:39:01 stephen kernel: [    0.000000] BIOS-e820: [mem 0x00000000fd200000-0x00000000fd2fffff] reserved
May  9 01:39:01 stephen kernel: [    0.000000] BIOS-e820: [mem 0x00000000fd600000-0x00000000fd7fffff] reserved
May  9 01:39:01 stephen kernel: [    0.000000] BIOS-e820: [mem 0x00000000fea00000-0x00000000fea0ffff] reserved
May  9 01:39:01 stephen kernel: [    0.000000] BIOS-e820: [mem 0x00000000feb80000-0x00000000fec01fff] reserved
May  9 01:39:01 stephen kernel: [    0.000000] BIOS-e820: [mem 0x00000000fec10000-0x00000000fec10fff] reserved
May  9 01:39:01 stephen kernel: [    0.000000] BIOS-e820: [mem 0x00000000fec30000-0x00000000fec30fff] reserved
May  9 01:39:01 stephen kernel: [    0.000000] BIOS-e820: [mem 0x00000000fed00000-0x00000000fed00fff] reserved
May  9 01:39:01 stephen systemd[1]: Condition check resulted in Show Plymouth Boot Screen being skipped.
May  9 01:39:01 stephen kernel: [    0.000000] BIOS-e820: [mem 0x00000000fed40000-0x00000000fed44fff] reserved
May  9 01:39:01 stephen kernel: [    0.000000] BIOS-e820: [mem 0x00000000fed80000-0x00000000fed8ffff] reserved
May  9 01:39:01 stephen kernel: [    0.000000] BIOS-e820: [mem 0x00000000fedc2000-0x00000000fedcffff] reserved
May  9 01:39:01 stephen kernel: [    0.000000] BIOS-e820: [mem 0x00000000fedd4000-0x00000000fedd5fff] reserved
May  9 01:39:01 stephen kernel: [    0.000000] BIOS-e820: [mem 0x00000000ff000000-0x00000000ffffffff] reserved
May  9 01:39:01 stephen kernel: [    0.000000] BIOS-e820: [mem 0x0000000100000000-0x000000102f2fffff] usable
May  9 01:39:01 stephen kernel: [    0.000000] BIOS-e820: [mem 0x000000102f300000-0x000000102fffffff] reserved
May  9 01:39:01 stephen systemd[1]: Started Dispatch Password Requests to Console Directory Watch.
May  9 01:39:01 stephen kernel: [    0.000000] NX (Execute Disable) protection: active
May  9 01:39:01 stephen systemd[1]: Condition check resulted in Forward Password Requests to Plymouth Directory Watch being skipped.
May  9 01:39:01 stephen kernel: [    0.000000] e820: update [mem 0x8fb50018-0x8fb6ee57] usable ==> usable
May  9 01:39:01 stephen systemd[1]: Reached target Local Encrypted Volumes.
May  9 01:39:01 stephen kernel: [    0.000000] e820: update [mem 0x8fb50018-0x8fb6ee57] usable ==> usable
May  9 01:39:01 stephen kernel: [    0.000000] e820: update [mem 0x8fb41018-0x8fb4f067] usable ==> usable
May  9 01:39:01 stephen kernel: [    0.000000] e820: update [mem 0x8fb41018-0x8fb4f067] usable ==> usable
May  9 01:39:01 stephen kernel: [    0.000000] extended physical RAM map:
May  9 01:39:01 stephen kernel: [    0.000000] reserve setup_data: [mem 0x0000000000000000-0x000000000009ffff] usable
May  9 01:39:01 stephen kernel: [    0.000000] reserve setup_data: [mem 0x00000000000a0000-0x00000000000fffff] reserved
May  9 01:39:01 stephen kernel: [    0.000000] reserve setup_data: [mem 0x0000000000100000-0x0000000009d1efff] usable
May  9 01:39:01 stephen kernel: [    0.000000] reserve setup_data: [mem 0x0000000009d1f000-0x0000000009ffffff] reserved
May  9 01:39:01 stephen kernel: [    0.000000] reserve setup_data: [mem 0x000000000a000000-0x000000000a1fffff] usable
May  9 01:39:01 stephen systemd-udevd[826]: Using default interface naming scheme 'v247'.
May  9 01:39:01 stephen kernel: [    0.000000] reserve setup_data: [mem 0x000000000a200000-0x000000000a20dfff] ACPI NVS
May  9 01:39:01 stephen kernel: [    0.000000] reserve setup_data: [mem 0x000000000a20e000-0x000000000affffff] usable
May  9 01:39:01 stephen kernel: [    0.000000] reserve setup_data: [mem 0x000000000b000000-0x000000000b01ffff] reserved
May  9 01:39:01 stephen kernel: [    0.000000] reserve setup_data: [mem 0x000000000b020000-0x000000008fb41017] usable
May  9 01:39:01 stephen kernel: [    0.000000] reserve setup_data: [mem 0x000000008fb41018-0x000000008fb4f067] usable
May  9 01:39:01 stephen systemd-udevd[826]: ethtool: autonegotiation is unset or enabled, the speed and duplex are not writable.
May  9 01:39:01 stephen kernel: [    0.000000] reserve setup_data: [mem 0x000000008fb4f068-0x000000008fb50017] usable
May  9 01:39:01 stephen kernel: [    0.000000] reserve setup_data: [mem 0x000000008fb50018-0x000000008fb6ee57] usable
May  9 01:39:01 stephen systemd[1]: Listening on Load/Save RF Kill Switch Status /dev/rfkill Watch.
May  9 01:39:01 stephen kernel: [    0.000000] reserve setup_data: [mem 0x000000008fb6ee58-0x00000000ca2c5fff] usable
May  9 01:39:01 stephen systemd-udevd[817]: ethtool: autonegotiation is unset or enabled, the speed and duplex are not writable.
May  9 01:39:01 stephen kernel: [    0.000000] reserve setup_data: [mem 0x00000000ca2c6000-0x00000000ca6bdfff] reserved
May  9 01:39:01 stephen kernel: [    0.000000] reserve setup_data: [mem 0x00000000ca6be000-0x00000000ca816fff] ACPI data
May  9 01:39:01 stephen kernel: [    0.000000] reserve setup_data: [mem 0x00000000ca817000-0x00000000caee4fff] ACPI NVS
May  9 01:39:01 stephen udevadm[778]: systemd-udev-settle.service is deprecated. Please fix multipathd.service not to pull it in.
May  9 01:39:01 stephen kernel: [    0.000000] reserve setup_data: [mem 0x00000000caee5000-0x00000000cbbfefff] reserved
May  9 01:39:01 stephen systemd[1]: Found device SanDisk_SSD_PLUS 1.
May  9 01:39:01 stephen kernel: [    0.000000] reserve setup_data: [mem 0x00000000cbbff000-0x00000000ccffffff] usable
May  9 01:39:01 stephen kernel: [    0.000000] reserve setup_data: [mem 0x00000000cd000000-0x00000000cfffffff] reserved
May  9 01:39:01 stephen kernel: [    0.000000] reserve setup_data: [mem 0x00000000f0000000-0x00000000f7ffffff] reserved
May  9 01:39:01 stephen systemd[1]: Reached target Sound Card.
May  9 01:39:01 stephen kernel: [    0.000000] reserve setup_data: [mem 0x00000000fd200000-0x00000000fd2fffff] reserved
May  9 01:39:01 stephen kernel: [    0.000000] reserve setup_data: [mem 0x00000000fd600000-0x00000000fd7fffff] reserved
May  9 01:39:01 stephen kernel: [    0.000000] reserve setup_data: [mem 0x00000000fea00000-0x00000000fea0ffff] reserved
May  9 01:39:01 stephen kernel: [    0.000000] reserve setup_data: [mem 0x00000000feb80000-0x00000000fec01fff] reserved
May  9 01:39:01 stephen kernel: [    0.000000] reserve setup_data: [mem 0x00000000fec10000-0x00000000fec10fff] reserved
May  9 01:39:01 stephen kernel: [    0.000000] reserve setup_data: [mem 0x00000000fec30000-0x00000000fec30fff] reserved
May  9 01:39:01 stephen systemd[1]: Finished Wait for udev To Complete Device Initialization.
May  9 01:39:01 stephen kernel: [    0.000000] reserve setup_data: [mem 0x00000000fed00000-0x00000000fed00fff] reserved
May  9 01:39:01 stephen systemd[1]: Starting Device-Mapper Multipath Device Controller...
May  9 01:39:01 stephen kernel: [    0.000000] reserve setup_data: [mem 0x00000000fed40000-0x00000000fed44fff] reserved
May  9 01:39:01 stephen kernel: [    0.000000] reserve setup_data: [mem 0x00000000fed80000-0x00000000fed8ffff] reserved
May  9 01:39:01 stephen kernel: [    0.000000] reserve setup_data: [mem 0x00000000fedc2000-0x00000000fedcffff] reserved
May  9 01:39:01 stephen kernel: [    0.000000] reserve setup_data: [mem 0x00000000fedd4000-0x00000000fedd5fff] reserved
May  9 01:39:01 stephen multipathd[1147]: --------start up--------
May  9 01:39:01 stephen kernel: [    0.000000] reserve setup_data: [mem 0x00000000ff000000-0x00000000ffffffff] reserved
May  9 01:39:01 stephen kernel: [    0.000000] reserve setup_data: [mem 0x0000000100000000-0x000000102f2fffff] usable
May  9 01:39:01 stephen kernel: [    0.000000] reserve setup_data: [mem 0x000000102f300000-0x000000102fffffff] reserved
May  9 01:39:01 stephen kernel: [    0.000000] efi: EFI v2.70 by American Megatrends
May  9 01:39:01 stephen kernel: [    0.000000] efi: ACPI=0xca816000 ACPI 2.0=0xca816014 SMBIOS=0xcba05000 SMBIOS 3.0=0xcba04000 MEMATTR=0xc5ad5018 ESRT=0xc8eb1f18 MOKvar=0xcba31000 RNG=0xcba37e98 
May  9 01:39:01 stephen multipathd[1147]: read /etc/multipath.conf
May  9 01:39:01 stephen kernel: [    0.000000] efi: seeding entropy pool
May  9 01:39:01 stephen kernel: [    0.000000] random: fast init done
May  9 01:39:01 stephen kernel: [    0.000000] secureboot: Secure boot disabled
May  9 01:39:01 stephen multipathd[1147]: failed to increase buffer size
May  9 01:39:01 stephen kernel: [    0.000000] SMBIOS 3.3.0 present.
May  9 01:39:01 stephen kernel: [    0.000000] DMI: ASUS System Product Name/PRIME B550-PLUS, BIOS 2006 03/19/2021
May  9 01:39:01 stephen kernel: [    0.000000] tsc: Fast TSC calibration using PIT
May  9 01:39:01 stephen kernel: [    0.000000] tsc: Detected 3393.707 MHz processor
May  9 01:39:01 stephen kernel: [    0.000123] e820: update [mem 0x00000000-0x00000fff] usable ==> reserved
May  9 01:39:01 stephen multipathd[1147]: path checkers start up
May  9 01:39:01 stephen kernel: [    0.000125] e820: remove [mem 0x000a0000-0x000fffff] usable
May  9 01:39:01 stephen kernel: [    0.000129] last_pfn = 0x102f300 max_arch_pfn = 0x400000000
May  9 01:39:01 stephen kernel: [    0.000132] MTRR default type: uncachable
May  9 01:39:01 stephen kernel: [    0.000133] MTRR fixed ranges enabled:
May  9 01:39:01 stephen systemd[1]: Started Device-Mapper Multipath Device Controller.
May  9 01:39:01 stephen systemd[1]: Reached target Local File Systems (Pre).
May  9 01:39:01 stephen systemd[1]: Mounting Mount unit for core18, revision 1997...
May  9 01:39:01 stephen systemd[1]: Mounting Mount unit for lxd, revision 20037...
May  9 01:39:01 stephen systemd[1]: Mounting Mount unit for lxd, revision 20309...
May  9 01:39:01 stephen systemd[1]: Mounting Mount unit for snapd, revision 11588...
May  9 01:39:01 stephen systemd[1]: Starting File System Check on /dev/disk/by-uuid/2A6A-0F08...
May  9 01:39:01 stephen systemd[1]: Started File System Check Daemon to report status.
May  9 01:39:01 stephen systemd-fsck[1164]: fsck.fat 4.2 (2021-01-31)
May  9 01:39:01 stephen systemd-fsck[1164]: There are differences between boot sector and its backup.
May  9 01:39:01 stephen systemd-fsck[1164]: This is mostly harmless. Differences: (offset:original/backup)
May  9 01:39:01 stephen systemd-fsck[1164]:   65:01/00
May  9 01:39:01 stephen systemd-fsck[1164]:   Not automatically fixing this.
May  9 01:39:01 stephen systemd-fsck[1164]: Dirty bit is set. Fs was not properly unmounted and some data may be corrupt.
May  9 01:39:01 stephen systemd-fsck[1164]:  Automatically removing dirty bit.
May  9 01:39:01 stephen systemd-fsck[1164]: *** Filesystem was changed ***
May  9 01:39:01 stephen systemd-fsck[1164]: Writing changes.
May  9 01:39:01 stephen systemd-fsck[1164]: /dev/sdb1: 11 files, 1335/130811 clusters
May  9 01:39:01 stephen systemd[1]: Finished File System Check on /dev/disk/by-uuid/2A6A-0F08.
May  9 01:39:01 stephen systemd[1]: Mounting /boot/efi...
May  9 01:39:01 stephen systemd[1]: Mounted /boot/efi.
May  9 01:39:01 stephen systemd[1]: Mounted Mount unit for core18, revision 1997.
May  9 01:39:01 stephen systemd[1]: Mounted Mount unit for lxd, revision 20037.
May  9 01:39:01 stephen systemd[1]: Mounted Mount unit for lxd, revision 20309.
May  9 01:39:01 stephen systemd[1]: Mounted Mount unit for snapd, revision 11588.
May  9 01:39:01 stephen systemd[1]: Reached target Local File Systems.
May  9 01:39:01 stephen systemd[1]: Starting Load AppArmor profiles...
May  9 01:39:01 stephen systemd[1]: Starting Set console font and keymap...
May  9 01:39:01 stephen kernel: [    0.000133]   00000-9FFFF write-back
May  9 01:39:01 stephen kernel: [    0.000134]   A0000-BFFFF write-through
May  9 01:39:01 stephen systemd[1]: Starting Create final runtime dir for shutdown pivot root...
May  9 01:39:01 stephen kernel: [    0.000135]   C0000-DFFFF uncachable
May  9 01:39:01 stephen kernel: [    0.000135]   E0000-FFFFF write-protect
May  9 01:39:01 stephen kernel: [    0.000135] MTRR variable ranges enabled:
May  9 01:39:01 stephen kernel: [    0.000136]   0 base 000000000000 mask FFFF80000000 write-back
May  9 01:39:01 stephen systemd[1]: Condition check resulted in LXD - agent - 9p mount being skipped.
May  9 01:39:01 stephen kernel: [    0.000137]   1 base 000080000000 mask FFFFC0000000 write-back
May  9 01:39:01 stephen kernel: [    0.000138]   2 base 0000C0000000 mask FFFFF0000000 write-back
May  9 01:39:01 stephen kernel: [    0.000138]   3 base 0000CB330000 mask FFFFFFFF0000 uncachable
May  9 01:39:01 stephen systemd[1]: Condition check resulted in LXD - agent being skipped.
May  9 01:39:01 stephen kernel: [    0.000139]   4 disabled
May  9 01:39:01 stephen kernel: [    0.000139]   5 disabled
May  9 01:39:01 stephen kernel: [    0.000140]   6 disabled
May  9 01:39:01 stephen kernel: [    0.000140]   7 disabled
May  9 01:39:01 stephen kernel: [    0.000140] TOM2: 0000001030000000 aka 66304M
May  9 01:39:01 stephen kernel: [    0.001079] x86/PAT: Configuration [0-7]: WB  WC  UC- UC  WB  WP  UC- WT  
May  9 01:39:01 stephen systemd[1]: Starting Tell Plymouth To Write Out Runtime Data...
May  9 01:39:01 stephen kernel: [    0.001439] total RAM covered: 3327M
May  9 01:39:01 stephen kernel: [    0.001525] Found optimal setting for mtrr clean up
May  9 01:39:01 stephen kernel: [    0.001526]  gran_size: 64K 	chunk_size: 128M 	num_reg: 4  	lose cover RAM: 0G
May  9 01:39:01 stephen kernel: [    0.001630] e820: update [mem 0xcb330000-0xcb33ffff] usable ==> reserved
May  9 01:39:01 stephen kernel: [    0.001634] e820: update [mem 0xd0000000-0xffffffff] usable ==> reserved
May  9 01:39:01 stephen kernel: [    0.001637] last_pfn = 0xcd000 max_arch_pfn = 0x400000000
May  9 01:39:01 stephen kernel: [    0.004246] ACPI: Early table checksum verification disabled
May  9 01:39:01 stephen kernel: [    0.004249] ACPI: RSDP 0x00000000CA816014 000024 (v02 ALASKA)
May  9 01:39:01 stephen systemd[1]: Condition check resulted in Store a System Token in an EFI Variable being skipped.
May  9 01:39:01 stephen kernel: [    0.004252] ACPI: XSDT 0x00000000CA815728 0000CC (v01 ALASKA A M I    01072009 AMI  01000013)
May  9 01:39:01 stephen kernel: [    0.004256] ACPI: FACP 0x00000000CA806000 000114 (v06 ALASKA A M I    01072009 AMI  00010013)
May  9 01:39:01 stephen kernel: [    0.004260] ACPI: DSDT 0x00000000CA7FA000 00B99A (v02 ALASKA A M I    01072009 INTL 20120913)
May  9 01:39:01 stephen kernel: [    0.004262] ACPI: FACS 0x00000000CAECA000 000040
May  9 01:39:01 stephen kernel: [    0.004264] ACPI: SSDT 0x00000000CA80C000 008C98 (v02 AMD    AmdTable 00000002 MSFT 04000000)
May  9 01:39:01 stephen systemd[1]: Condition check resulted in Commit a transient machine-id on disk being skipped.
May  9 01:39:01 stephen kernel: [    0.004266] ACPI: SSDT 0x00000000CA808000 003AAF (v01 AMD    AMD AOD  00000001 INTL 20120913)
May  9 01:39:01 stephen kernel: [    0.004267] ACPI: SSDT 0x00000000CA807000 0003F1 (v02 ALASKA CPUSSDT  01072009 AMI  01072009)
May  9 01:39:01 stephen kernel: [    0.004269] ACPI: FIDT 0x00000000CA7F9000 00009C (v01 ALASKA A M I    01072009 AMI  00010013)
May  9 01:39:01 stephen systemd[1]: Starting Create Volatile Files and Directories...
May  9 01:39:01 stephen kernel: [    0.004271] ACPI: FPDT 0x00000000CA703000 000044 (v01 ALASKA A M I    01072009 AMI  01000013)
May  9 01:39:01 stephen kernel: [    0.004272] ACPI: MCFG 0x00000000CA7F7000 00003C (v01 ALASKA A M I    01072009 MSFT 00010013)
May  9 01:39:01 stephen kernel: [    0.004274] ACPI: HPET 0x00000000CA7F6000 000038 (v01 ALASKA A M I    01072009 AMI  00000005)
May  9 01:39:01 stephen systemd[1]: Finished Set console font and keymap.
May  9 01:39:01 stephen kernel: [    0.004275] ACPI: IVRS 0x00000000CA7F4000 0000D0 (v02 AMD    AmdTable 00000001 AMD  00000001)
May  9 01:39:01 stephen kernel: [    0.004277] ACPI: WPBT 0x00000000CA719000 00003C (v01 ALASKA A M I    00000001 ASUS 00000001)
May  9 01:39:01 stephen kernel: [    0.004279] ACPI: PCCT 0x00000000CA718000 00006E (v02 AMD    AmdTable 00000001 AMD  00000001)
May  9 01:39:01 stephen kernel: [    0.004280] ACPI: SSDT 0x00000000CA710000 007F29 (v02 AMD    AmdTable 00000001 AMD  00000001)
May  9 01:39:01 stephen kernel: [    0.004282] ACPI: CRAT 0x00000000CA70E000 001698 (v01 AMD    AmdTable 00000001 AMD  00000001)
May  9 01:39:01 stephen apparmor.systemd[1177]: Restarting AppArmor
May  9 01:39:01 stephen kernel: [    0.004283] ACPI: CDIT 0x00000000CA70D000 000029 (v01 AMD    AmdTable 00000001 AMD  00000001)
May  9 01:39:01 stephen kernel: [    0.004285] ACPI: BGRT 0x00000000CA7F3000 000038 (v01 ALASKA A M I    01072009 AMI  00010013)
May  9 01:39:01 stephen kernel: [    0.004286] ACPI: SSDT 0x00000000CA70C000 00052C (v01 AMD    ArticNOI 00000001 INTL 20120913)
May  9 01:39:01 stephen kernel: [    0.004288] ACPI: SSDT 0x00000000CA708000 00381A (v01 AMD    ArticN   00000001 INTL 20120913)
May  9 01:39:01 stephen kernel: [    0.004290] ACPI: WSMT 0x00000000CA707000 000028 (v01 ALASKA A M I    01072009 AMI  00010013)
May  9 01:39:01 stephen kernel: [    0.004291] ACPI: APIC 0x00000000CA706000 00015E (v03 ALASKA A M I    01072009 AMI  00010013)
May  9 01:39:01 stephen kernel: [    0.004293] ACPI: SSDT 0x00000000CA705000 00007D (v01 AMD    ArticDIS 00000001 INTL 20120913)
May  9 01:39:01 stephen kernel: [    0.004294] ACPI: SSDT 0x00000000CA704000 0000BF (v01 AMD    AmdTable 00001000 INTL 20120913)
May  9 01:39:01 stephen apparmor.systemd[1177]: Reloading AppArmor profiles
May  9 01:39:01 stephen kernel: [    0.004296] ACPI: Reserving FACP table memory at [mem 0xca806000-0xca806113]
May  9 01:39:01 stephen kernel: [    0.004297] ACPI: Reserving DSDT table memory at [mem 0xca7fa000-0xca805999]
May  9 01:39:01 stephen kernel: [    0.004297] ACPI: Reserving FACS table memory at [mem 0xcaeca000-0xcaeca03f]
May  9 01:39:01 stephen kernel: [    0.004298] ACPI: Reserving SSDT table memory at [mem 0xca80c000-0xca814c97]
May  9 01:39:01 stephen kernel: [    0.004298] ACPI: Reserving SSDT table memory at [mem 0xca808000-0xca80baae]
May  9 01:39:01 stephen kernel: [    0.004299] ACPI: Reserving SSDT table memory at [mem 0xca807000-0xca8073f0]
May  9 01:39:01 stephen systemd[1]: Finished Create final runtime dir for shutdown pivot root.
May  9 01:39:01 stephen kernel: [    0.004299] ACPI: Reserving FIDT table memory at [mem 0xca7f9000-0xca7f909b]
May  9 01:39:01 stephen kernel: [    0.004300] ACPI: Reserving FPDT table memory at [mem 0xca703000-0xca703043]
May  9 01:39:01 stephen kernel: [    0.004301] ACPI: Reserving MCFG table memory at [mem 0xca7f7000-0xca7f703b]
May  9 01:39:01 stephen systemd[1]: Finished Tell Plymouth To Write Out Runtime Data.
May  9 01:39:01 stephen kernel: [    0.004301] ACPI: Reserving HPET table memory at [mem 0xca7f6000-0xca7f6037]
May  9 01:39:01 stephen kernel: [    0.004302] ACPI: Reserving IVRS table memory at [mem 0xca7f4000-0xca7f40cf]
May  9 01:39:01 stephen kernel: [    0.004302] ACPI: Reserving WPBT table memory at [mem 0xca719000-0xca71903b]
May  9 01:39:01 stephen kernel: [    0.004303] ACPI: Reserving PCCT table memory at [mem 0xca718000-0xca71806d]
May  9 01:39:01 stephen kernel: [    0.004303] ACPI: Reserving SSDT table memory at [mem 0xca710000-0xca717f28]
May  9 01:39:01 stephen apparmor.systemd[1198]: Skipping profile in /etc/apparmor.d/disable: usr.sbin.rsyslogd
May  9 01:39:01 stephen kernel: [    0.004304] ACPI: Reserving CRAT table memory at [mem 0xca70e000-0xca70f697]
May  9 01:39:01 stephen kernel: [    0.004304] ACPI: Reserving CDIT table memory at [mem 0xca70d000-0xca70d028]
May  9 01:39:01 stephen kernel: [    0.004305] ACPI: Reserving BGRT table memory at [mem 0xca7f3000-0xca7f3037]
May  9 01:39:01 stephen kernel: [    0.004305] ACPI: Reserving SSDT table memory at [mem 0xca70c000-0xca70c52b]
May  9 01:39:01 stephen kernel: [    0.004306] ACPI: Reserving SSDT table memory at [mem 0xca708000-0xca70b819]
May  9 01:39:01 stephen systemd[1]: Finished Create Volatile Files and Directories.
May  9 01:39:01 stephen kernel: [    0.004307] ACPI: Reserving WSMT table memory at [mem 0xca707000-0xca707027]
May  9 01:39:01 stephen kernel: [    0.004307] ACPI: Reserving APIC table memory at [mem 0xca706000-0xca70615d]
May  9 01:39:01 stephen kernel: [    0.004308] ACPI: Reserving SSDT table memory at [mem 0xca705000-0xca70507c]
May  9 01:39:01 stephen kernel: [    0.004308] ACPI: Reserving SSDT table memory at [mem 0xca704000-0xca7040be]
May  9 01:39:01 stephen kernel: [    0.004312] esrt: Reserving ESRT space from 0x00000000c8eb1f18 to 0x00000000c8eb1f50.
May  9 01:39:01 stephen kernel: [    0.004316] e820: update [mem 0xc8eb1000-0xc8eb1fff] usable ==> reserved
May  9 01:39:01 stephen kernel: [    0.004323] efi: Failed to lookup EFI memory descriptor for 0x00000000cba31000
May  9 01:39:01 stephen systemd[1]: Starting Network Time Synchronization...
May  9 01:39:01 stephen kernel: [    0.004334] check: Scanning 1 areas for low memory corruption
May  9 01:39:01 stephen kernel: [    0.004337] Using GB pages for direct mapping
May  9 01:39:01 stephen kernel: [    0.004730] secureboot: Secure boot disabled
May  9 01:39:01 stephen kernel: [    0.004731] RAMDISK: [mem 0x36ac1000-0x3cc54fff]
May  9 01:39:01 stephen systemd[1]: Starting Update UTMP about System Boot/Shutdown...
May  9 01:39:01 stephen kernel: [    0.004740] ACPI: Local APIC address 0xfee00000
May  9 01:39:01 stephen kernel: [    0.004781] No NUMA configuration found
May  9 01:39:01 stephen systemd[1]: Finished Update UTMP about System Boot/Shutdown.
May  9 01:39:01 stephen kernel: [    0.004782] Faking a node at [mem 0x0000000000000000-0x000000102f2fffff]
May  9 01:39:01 stephen kernel: [    0.004786] NODE_DATA(0) allocated [mem 0x102f2d6000-0x102f2fffff]
May  9 01:39:01 stephen kernel: [    0.004965] Zone ranges:
May  9 01:39:01 stephen systemd[1]: Finished Load AppArmor profiles.
May  9 01:39:01 stephen kernel: [    0.004965]   DMA      [mem 0x0000000000001000-0x0000000000ffffff]
May  9 01:39:01 stephen kernel: [    0.004966]   DMA32    [mem 0x0000000001000000-0x00000000ffffffff]
May  9 01:39:01 stephen kernel: [    0.004967]   Normal   [mem 0x0000000100000000-0x000000102f2fffff]
May  9 01:39:01 stephen systemd[1]: Starting Load AppArmor profiles managed internally by snapd...
May  9 01:39:01 stephen kernel: [    0.004968]   Device   empty
May  9 01:39:01 stephen kernel: [    0.004969] Movable zone start for each node
May  9 01:39:01 stephen kernel: [    0.004970] Early memory node ranges
May  9 01:39:01 stephen kernel: [    0.004970]   node   0: [mem 0x0000000000001000-0x000000000009ffff]
May  9 01:39:01 stephen kernel: [    0.004971]   node   0: [mem 0x0000000000100000-0x0000000009d1efff]
May  9 01:39:01 stephen systemd[1]: Condition check resulted in Authentication service for virtual machines hosted on VMware being skipped.
May  9 01:39:01 stephen kernel: [    0.004972]   node   0: [mem 0x000000000a000000-0x000000000a1fffff]
May  9 01:39:01 stephen kernel: [    0.004972]   node   0: [mem 0x000000000a20e000-0x000000000affffff]
May  9 01:39:01 stephen systemd[1]: Condition check resulted in Service for virtual machines hosted on VMware being skipped.
May  9 01:39:01 stephen kernel: [    0.004973]   node   0: [mem 0x000000000b020000-0x00000000ca2c5fff]
May  9 01:39:01 stephen kernel: [    0.004974]   node   0: [mem 0x00000000cbbff000-0x00000000ccffffff]
May  9 01:39:01 stephen kernel: [    0.004974]   node   0: [mem 0x0000000100000000-0x000000102f2fffff]
May  9 01:39:01 stephen kernel: [    0.004977] Initmem setup node 0 [mem 0x0000000000001000-0x000000102f2fffff]
May  9 01:39:01 stephen kernel: [    0.004978] On node 0 totalpages: 16754263
May  9 01:39:01 stephen kernel: [    0.004979]   DMA zone: 64 pages used for memmap
May  9 01:39:01 stephen systemd[1]: Starting Initial cloud-init job (pre-networking)...
May  9 01:39:01 stephen kernel: [    0.004980]   DMA zone: 23 pages reserved
May  9 01:39:01 stephen kernel: [    0.004980]   DMA zone: 3999 pages, LIFO batch:0
May  9 01:39:01 stephen kernel: [    0.005095]   DMA zone: 28769 pages in unavailable ranges
May  9 01:39:01 stephen kernel: [    0.005096]   DMA32 zone: 12943 pages used for memmap
May  9 01:39:01 stephen kernel: [    0.005096]   DMA32 zone: 828344 pages, LIFO batch:63
May  9 01:39:01 stephen kernel: [    0.007798]   DMA32 zone: 19528 pages in unavailable ranges
May  9 01:39:01 stephen systemd[1]: Started Network Time Synchronization.
May  9 01:39:01 stephen systemd[1]: Reached target System Time Set.
May  9 01:39:01 stephen kernel: [    0.007800]   Normal zone: 248780 pages used for memmap
May  9 01:39:01 stephen systemd[1]: Reached target System Time Synchronized.
May  9 01:39:01 stephen kernel: [    0.007800]   Normal zone: 15921920 pages, LIFO batch:63
May  9 01:39:01 stephen kernel: [    0.074153]   Normal zone: 3328 pages in unavailable ranges
May  9 01:39:01 stephen kernel: [    0.074596] ACPI: PM-Timer IO Port: 0x808
May  9 01:39:01 stephen kernel: [    0.074597] ACPI: Local APIC address 0xfee00000
May  9 01:39:01 stephen systemd[1]: Finished Load AppArmor profiles managed internally by snapd.
May  9 01:39:01 stephen cloud-init[1232]: Cloud-init v. 21.1-19-gbad84ad4-0ubuntu3 running 'init-local' at Sat, 08 May 2021 23:38:55 +0000. Up 27.33 seconds.
May  9 01:39:01 stephen systemd[1]: Finished Initial cloud-init job (pre-networking).
May  9 01:39:01 stephen systemd[1]: Reached target Network (Pre).
May  9 01:39:01 stephen systemd[1]: Starting Network Service...
May  9 01:39:01 stephen systemd-networkd[1234]: Enumeration completed
May  9 01:39:01 stephen systemd[1]: Started Network Service.
May  9 01:39:01 stephen systemd[1]: Starting Wait for Network to be Configured...
May  9 01:39:01 stephen systemd[1]: Starting Network Name Resolution...
May  9 01:39:01 stephen systemd-resolved[1236]: Positive Trust Anchors:
May  9 01:39:01 stephen systemd-resolved[1236]: . IN DS 20326 8 2 e06d44b80b8f1d39a95c0b0d7c65d08458e880409bbc683457104237c7f8ec8d
May  9 01:39:01 stephen systemd-resolved[1236]: Negative trust anchors: 10.in-addr.arpa 16.172.in-addr.arpa 17.172.in-addr.arpa 18.172.in-addr.arpa 19.172.in-addr.arpa 20.172.in-addr.arpa 21.172.in-addr.arpa 22.172.in-addr.arpa 23.172.in-addr.arpa 24.172.in-addr.arpa 25.172.in-addr.arpa 26.172.in-addr.arpa 27.172.in-addr.arpa 28.172.in-addr.arpa 29.172.in-addr.arpa 30.172.in-addr.arpa 31.172.in-addr.arpa 168.192.in-addr.arpa d.f.ip6.arpa corp home internal intranet lan local private test
May  9 01:39:01 stephen systemd-resolved[1236]: Using system hostname 'stephen'.
May  9 01:39:01 stephen systemd-networkd[1234]: enp7s0: Link UP
May  9 01:39:01 stephen systemd[1]: Started Network Name Resolution.
May  9 01:39:01 stephen systemd[1]: Reached target Network.
May  9 01:39:01 stephen systemd[1]: Reached target Host and Network Name Lookups.
May  9 01:39:01 stephen systemd-networkd[1234]: enp7s0: Gained carrier
May  9 01:39:01 stephen systemd-networkd[1234]: enp7s0: DHCPv4 address 192.168.0.21/24 via 192.168.0.1
May  9 01:39:01 stephen systemd-timesyncd[1201]: Network configuration changed, trying to establish connection.
May  9 01:39:01 stephen kernel: [    0.074604] ACPI: LAPIC_NMI (acpi_id[0xff] high edge lint[0x1])
May  9 01:39:01 stephen kernel: [    0.074615] IOAPIC[0]: apic_id 33, version 33, address 0xfec00000, GSI 0-23
May  9 01:39:01 stephen kernel: [    0.074620] IOAPIC[1]: apic_id 34, version 33, address 0xfec01000, GSI 24-55
May  9 01:39:01 stephen kernel: [    0.074622] ACPI: INT_SRC_OVR (bus 0 bus_irq 0 global_irq 2 dfl dfl)
May  9 01:39:01 stephen kernel: [    0.074623] ACPI: INT_SRC_OVR (bus 0 bus_irq 9 global_irq 9 low level)
May  9 01:39:01 stephen kernel: [    0.074624] ACPI: IRQ0 used by override.
May  9 01:39:01 stephen kernel: [    0.074625] ACPI: IRQ9 used by override.
May  9 01:39:01 stephen kernel: [    0.074626] Using ACPI (MADT) for SMP configuration information
May  9 01:39:01 stephen kernel: [    0.074627] ACPI: HPET id: 0x10228201 base: 0xfed00000
May  9 01:39:01 stephen kernel: [    0.074634] e820: update [mem 0xc54b1000-0xc55a4fff] usable ==> reserved
May  9 01:39:01 stephen systemd-timesyncd[1201]: Network configuration changed, trying to establish connection.
May  9 01:39:01 stephen systemd-networkd[1234]: enp7s0: Gained IPv6LL
May  9 01:39:01 stephen kernel: [    0.074642] smpboot: Allowing 32 CPUs, 0 hotplug CPUs
May  9 01:39:01 stephen kernel: [    0.074659] PM: hibernation: Registered nosave memory: [mem 0x00000000-0x00000fff]
May  9 01:39:01 stephen kernel: [    0.074661] PM: hibernation: Registered nosave memory: [mem 0x000a0000-0x000fffff]
May  9 01:39:01 stephen kernel: [    0.074662] PM: hibernation: Registered nosave memory: [mem 0x09d1f000-0x09ffffff]
May  9 01:39:01 stephen kernel: [    0.074663] PM: hibernation: Registered nosave memory: [mem 0x0a200000-0x0a20dfff]
May  9 01:39:01 stephen systemd-timesyncd[1201]: Network configuration changed, trying to establish connection.
May  9 01:39:01 stephen kernel: [    0.074664] PM: hibernation: Registered nosave memory: [mem 0x0b000000-0x0b01ffff]
May  9 01:39:01 stephen kernel: [    0.074665] PM: hibernation: Registered nosave memory: [mem 0x8fb41000-0x8fb41fff]
May  9 01:39:01 stephen kernel: [    0.074666] PM: hibernation: Registered nosave memory: [mem 0x8fb4f000-0x8fb4ffff]
May  9 01:39:01 stephen kernel: [    0.074667] PM: hibernation: Registered nosave memory: [mem 0x8fb50000-0x8fb50fff]
May  9 01:39:01 stephen systemd-networkd-wait-online[1235]: managing: enp7s0
May  9 01:39:01 stephen kernel: [    0.074668] PM: hibernation: Registered nosave memory: [mem 0x8fb6e000-0x8fb6efff]
May  9 01:39:01 stephen kernel: [    0.074669] PM: hibernation: Registered nosave memory: [mem 0xc54b1000-0xc55a4fff]
May  9 01:39:01 stephen systemd[1]: Finished Wait for Network to be Configured.
May  9 01:39:01 stephen kernel: [    0.074670] PM: hibernation: Registered nosave memory: [mem 0xc8eb1000-0xc8eb1fff]
May  9 01:39:01 stephen kernel: [    0.074671] PM: hibernation: Registered nosave memory: [mem 0xca2c6000-0xca6bdfff]
May  9 01:39:01 stephen kernel: [    0.074671] PM: hibernation: Registered nosave memory: [mem 0xca6be000-0xca816fff]
May  9 01:39:01 stephen kernel: [    0.074672] PM: hibernation: Registered nosave memory: [mem 0xca817000-0xcaee4fff]
May  9 01:39:01 stephen systemd[1]: Starting Initial cloud-init job (metadata service crawler)...
May  9 01:39:01 stephen kernel: [    0.074672] PM: hibernation: Registered nosave memory: [mem 0xcaee5000-0xcbbfefff]
May  9 01:39:01 stephen kernel: [    0.074673] PM: hibernation: Registered nosave memory: [mem 0xcd000000-0xcfffffff]
May  9 01:39:01 stephen kernel: [    0.074674] PM: hibernation: Registered nosave memory: [mem 0xd0000000-0xefffffff]
May  9 01:39:01 stephen kernel: [    0.074674] PM: hibernation: Registered nosave memory: [mem 0xf0000000-0xf7ffffff]
May  9 01:39:01 stephen kernel: [    0.074675] PM: hibernation: Registered nosave memory: [mem 0xf8000000-0xfd1fffff]
May  9 01:39:01 stephen kernel: [    0.074675] PM: hibernation: Registered nosave memory: [mem 0xfd200000-0xfd2fffff]
May  9 01:39:01 stephen cloud-init[1244]: Cloud-init v. 21.1-19-gbad84ad4-0ubuntu3 running 'init' at Sat, 08 May 2021 23:39:00 +0000. Up 33.10 seconds.
May  9 01:39:01 stephen kernel: [    0.074676] PM: hibernation: Registered nosave memory: [mem 0xfd300000-0xfd5fffff]
May  9 01:39:01 stephen kernel: [    0.074676] PM: hibernation: Registered nosave memory: [mem 0xfd600000-0xfd7fffff]
May  9 01:39:01 stephen kernel: [    0.074677] PM: hibernation: Registered nosave memory: [mem 0xfd800000-0xfe9fffff]
May  9 01:39:01 stephen cloud-init[1244]: ci-info: +++++++++++++++++++++++++++++++++++++++Net device info+++++++++++++++++++++++++++++++++++++++
May  9 01:39:01 stephen kernel: [    0.074677] PM: hibernation: Registered nosave memory: [mem 0xfea00000-0xfea0ffff]
May  9 01:39:01 stephen kernel: [    0.074678] PM: hibernation: Registered nosave memory: [mem 0xfea10000-0xfeb7ffff]
May  9 01:39:01 stephen kernel: [    0.074678] PM: hibernation: Registered nosave memory: [mem 0xfeb80000-0xfec01fff]
May  9 01:39:01 stephen kernel: [    0.074679] PM: hibernation: Registered nosave memory: [mem 0xfec02000-0xfec0ffff]
May  9 01:39:01 stephen cloud-init[1244]: ci-info: +--------+------+------------------------------+---------------+--------+-------------------+
May  9 01:39:01 stephen kernel: [    0.074679] PM: hibernation: Registered nosave memory: [mem 0xfec10000-0xfec10fff]
May  9 01:39:01 stephen kernel: [    0.074680] PM: hibernation: Registered nosave memory: [mem 0xfec11000-0xfec2ffff]
May  9 01:39:01 stephen cloud-init[1244]: ci-info: | Device |  Up  |           Address            |      Mask     | Scope  |     Hw-Address    |
May  9 01:39:01 stephen kernel: [    0.074680] PM: hibernation: Registered nosave memory: [mem 0xfec30000-0xfec30fff]
May  9 01:39:01 stephen kernel: [    0.074680] PM: hibernation: Registered nosave memory: [mem 0xfec31000-0xfecfffff]
May  9 01:39:01 stephen kernel: [    0.074681] PM: hibernation: Registered nosave memory: [mem 0xfed00000-0xfed00fff]
May  9 01:39:01 stephen kernel: [    0.074681] PM: hibernation: Registered nosave memory: [mem 0xfed01000-0xfed3ffff]
May  9 01:39:01 stephen kernel: [    0.074682] PM: hibernation: Registered nosave memory: [mem 0xfed40000-0xfed44fff]
May  9 01:39:01 stephen cloud-init[1244]: ci-info: +--------+------+------------------------------+---------------+--------+-------------------+
May  9 01:39:01 stephen kernel: [    0.074682] PM: hibernation: Registered nosave memory: [mem 0xfed45000-0xfed7ffff]
May  9 01:39:01 stephen kernel: [    0.074683] PM: hibernation: Registered nosave memory: [mem 0xfed80000-0xfed8ffff]
May  9 01:39:01 stephen cloud-init[1244]: ci-info: | enp7s0 | True |         192.168.0.21         | 255.255.255.0 | global | f0:2f:74:33:d7:c4 |
May  9 01:39:01 stephen kernel: [    0.074683] PM: hibernation: Registered nosave memory: [mem 0xfed90000-0xfedc1fff]
May  9 01:39:01 stephen kernel: [    0.074684] PM: hibernation: Registered nosave memory: [mem 0xfedc2000-0xfedcffff]
May  9 01:39:01 stephen kernel: [    0.074684] PM: hibernation: Registered nosave memory: [mem 0xfedd0000-0xfedd3fff]
May  9 01:39:01 stephen cloud-init[1244]: ci-info: | enp7s0 | True | fe80::f22f:74ff:fe33:d7c4/64 |       .       |  link  | f0:2f:74:33:d7:c4 |
May  9 01:39:01 stephen kernel: [    0.074685] PM: hibernation: Registered nosave memory: [mem 0xfedd4000-0xfedd5fff]
May  9 01:39:01 stephen kernel: [    0.074685] PM: hibernation: Registered nosave memory: [mem 0xfedd6000-0xfeffffff]
May  9 01:39:01 stephen kernel: [    0.074686] PM: hibernation: Registered nosave memory: [mem 0xff000000-0xffffffff]
May  9 01:39:01 stephen cloud-init[1244]: ci-info: |   lo   | True |          127.0.0.1           |   255.0.0.0   |  host  |         .         |
May  9 01:39:01 stephen kernel: [    0.074687] [mem 0xd0000000-0xefffffff] available for PCI devices
May  9 01:39:01 stephen kernel: [    0.074688] Booting paravirtualized kernel on bare hardware
May  9 01:39:01 stephen kernel: [    0.074689] clocksource: refined-jiffies: mask: 0xffffffff max_cycles: 0xffffffff, max_idle_ns: 7645519600211568 ns
May  9 01:39:01 stephen kernel: [    0.074695] setup_percpu: NR_CPUS:8192 nr_cpumask_bits:32 nr_cpu_ids:32 nr_node_ids:1
May  9 01:39:01 stephen kernel: [    0.075508] percpu: Embedded 56 pages/cpu s192512 r8192 d28672 u262144
May  9 01:39:01 stephen kernel: [    0.075514] pcpu-alloc: s192512 r8192 d28672 u262144 alloc=1*2097152
May  9 01:39:01 stephen kernel: [    0.075515] pcpu-alloc: [0] 00 01 02 03 04 05 06 07 [0] 08 09 10 11 12 13 14 15 
May  9 01:39:01 stephen kernel: [    0.075520] pcpu-alloc: [0] 16 17 18 19 20 21 22 23 [0] 24 25 26 27 28 29 30 31 
May  9 01:39:01 stephen cloud-init[1244]: ci-info: |   lo   | True |           ::1/128            |       .       |  host  |         .         |
May  9 01:39:01 stephen kernel: [    0.075544] Built 1 zonelists, mobility grouping on.  Total pages: 16492453
May  9 01:39:01 stephen cloud-init[1244]: ci-info: +--------+------+------------------------------+---------------+--------+-------------------+
May  9 01:39:01 stephen kernel: [    0.075545] Policy zone: Normal
May  9 01:39:01 stephen kernel: [    0.075546] Kernel command line: BOOT_IMAGE=/boot/vmlinuz-5.11.0-16-generic root=UUID=1b63092c-1327-422f-a327-c8ddbfb3b056 ro
May  9 01:39:01 stephen kernel: [    0.078727] Dentry cache hash table entries: 8388608 (order: 14, 67108864 bytes, linear)
May  9 01:39:01 stephen kernel: [    0.080306] Inode-cache hash table entries: 4194304 (order: 13, 33554432 bytes, linear)
May  9 01:39:01 stephen cloud-init[1244]: ci-info: ++++++++++++++++++++++++++++++Route IPv4 info++++++++++++++++++++++++++++++
May  9 01:39:01 stephen kernel: [    0.080368] mem auto-init: stack:off, heap alloc:on, heap free:off
May  9 01:39:01 stephen kernel: [    0.160720] Memory: 65585452K/67017052K available (16393K kernel code, 3476K rwdata, 10148K rodata, 2688K init, 5976K bss, 1431340K reserved, 0K cma-reserved)
May  9 01:39:01 stephen kernel: [    0.160727] random: get_random_u64 called from kmem_cache_open+0x27/0x230 with crng_init=1
May  9 01:39:01 stephen cloud-init[1244]: ci-info: +-------+-------------+-------------+-----------------+-----------+-------+
May  9 01:39:01 stephen kernel: [    0.160795] SLUB: HWalign=64, Order=0-3, MinObjects=0, CPUs=32, Nodes=1
May  9 01:39:01 stephen kernel: [    0.160804] ftrace: allocating 51209 entries in 201 pages
May  9 01:39:01 stephen kernel: [    0.173061] ftrace: allocated 201 pages with 4 groups
May  9 01:39:01 stephen cloud-init[1244]: ci-info: | Route | Destination |   Gateway   |     Genmask     | Interface | Flags |
May  9 01:39:01 stephen kernel: [    0.173153] rcu: Hierarchical RCU implementation.
May  9 01:39:01 stephen kernel: [    0.173154] rcu: 	RCU restricting CPUs from NR_CPUS=8192 to nr_cpu_ids=32.
May  9 01:39:01 stephen kernel: [    0.173155] 	Rude variant of Tasks RCU enabled.
May  9 01:39:01 stephen kernel: [    0.173156] 	Tracing variant of Tasks RCU enabled.
May  9 01:39:01 stephen cloud-init[1244]: ci-info: +-------+-------------+-------------+-----------------+-----------+-------+
May  9 01:39:01 stephen cloud-init[1244]: ci-info: |   0   |   0.0.0.0   | 192.168.0.1 |     0.0.0.0     |   enp7s0  |   UG  |
May  9 01:39:01 stephen kernel: [    0.173156] rcu: RCU calculated value of scheduler-enlistment delay is 25 jiffies.
May  9 01:39:01 stephen kernel: [    0.173157] rcu: Adjusting geometry for rcu_fanout_leaf=16, nr_cpu_ids=32
May  9 01:39:01 stephen cloud-init[1244]: ci-info: |   1   | 192.168.0.0 |   0.0.0.0   |  255.255.255.0  |   enp7s0  |   U   |
May  9 01:39:01 stephen kernel: [    0.174920] NR_IRQS: 524544, nr_irqs: 1224, preallocated irqs: 16
May  9 01:39:01 stephen kernel: [    0.175179] random: crng done (trusting CPU's manufacturer)
May  9 01:39:01 stephen kernel: [    0.175198] Console: colour dummy device 80x25
May  9 01:39:01 stephen kernel: [    0.175347] printk: console [tty0] enabled
May  9 01:39:01 stephen kernel: [    0.175359] ACPI: Core revision 20201113
May  9 01:39:01 stephen kernel: [    0.175461] clocksource: hpet: mask: 0xffffffff max_cycles: 0xffffffff, max_idle_ns: 133484873504 ns
May  9 01:39:01 stephen cloud-init[1244]: ci-info: |   2   | 192.168.0.1 |   0.0.0.0   | 255.255.255.255 |   enp7s0  |   UH  |
May  9 01:39:01 stephen kernel: [    0.175477] APIC: Switch to symmetric I/O mode setup
May  9 01:39:01 stephen cloud-init[1244]: ci-info: +-------+-------------+-------------+-----------------+-----------+-------+
May  9 01:39:01 stephen kernel: [    0.494701] Switched APIC routing to physical flat.
May  9 01:39:01 stephen kernel: [    0.495307] ..TIMER: vector=0x30 apic1=0 pin1=2 apic2=-1 pin2=-1
May  9 01:39:01 stephen kernel: [    0.511466] clocksource: tsc-early: mask: 0xffffffffffffffff max_cycles: 0x30eb1652c89, max_idle_ns: 440795337511 ns
May  9 01:39:01 stephen kernel: [    0.511469] Calibrating delay loop (skipped), value calculated using timer frequency.. 6787.41 BogoMIPS (lpj=13574828)
May  9 01:39:01 stephen kernel: [    0.511472] pid_max: default: 32768 minimum: 301
May  9 01:39:01 stephen cloud-init[1244]: ci-info: +++++++++++++++++++Route IPv6 info+++++++++++++++++++
May  9 01:39:01 stephen kernel: [    0.512814] LSM: Security Framework initializing
May  9 01:39:01 stephen kernel: [    0.512821] Yama: becoming mindful.
May  9 01:39:01 stephen kernel: [    0.512835] AppArmor: AppArmor initialized
May  9 01:39:01 stephen kernel: [    0.512916] Mount-cache hash table entries: 131072 (order: 8, 1048576 bytes, linear)
May  9 01:39:01 stephen cloud-init[1244]: ci-info: +-------+-------------+---------+-----------+-------+
May  9 01:39:01 stephen kernel: [    0.512988] Mountpoint-cache hash table entries: 131072 (order: 8, 1048576 bytes, linear)
May  9 01:39:01 stephen kernel: [    0.513135] x86/cpu: User Mode Instruction Prevention (UMIP) activated
May  9 01:39:01 stephen kernel: [    0.513169] LVT offset 1 assigned for vector 0xf9
May  9 01:39:01 stephen cloud-init[1244]: ci-info: | Route | Destination | Gateway | Interface | Flags |
May  9 01:39:01 stephen kernel: [    0.513317] LVT offset 2 assigned for vector 0xf4
May  9 01:39:01 stephen kernel: [    0.513349] Last level iTLB entries: 4KB 512, 2MB 512, 4MB 256
May  9 01:39:01 stephen cloud-init[1244]: ci-info: +-------+-------------+---------+-----------+-------+
May  9 01:39:01 stephen cloud-init[1244]: ci-info: |   1   |  fe80::/64  |    ::   |   enp7s0  |   U   |
May  9 01:39:01 stephen cloud-init[1244]: ci-info: |   3   |    local    |    ::   |   enp7s0  |   U   |
May  9 01:39:01 stephen cloud-init[1244]: ci-info: |   4   |  multicast  |    ::   |   enp7s0  |   U   |
May  9 01:39:01 stephen cloud-init[1244]: ci-info: +-------+-------------+---------+-----------+-------+
May  9 01:39:01 stephen systemd[1]: Finished Initial cloud-init job (metadata service crawler).
May  9 01:39:01 stephen systemd[1]: Reached target Cloud-config availability.
May  9 01:39:01 stephen systemd[1]: Reached target Network is Online.
May  9 01:39:01 stephen systemd[1]: Reached target System Initialization.
May  9 01:39:01 stephen systemd[1]: Condition check resulted in Process error reports when automatic reporting is enabled (file watch) being skipped.
May  9 01:39:01 stephen systemd[1]: Started Daily apt download activities.
May  9 01:39:01 stephen systemd[1]: Started Daily apt upgrade and clean activities.
May  9 01:39:01 stephen systemd[1]: Started Periodic ext4 Online Metadata Check for All Filesystems.
May  9 01:39:01 stephen systemd[1]: Started Discard unused blocks once a week.
May  9 01:39:01 stephen systemd[1]: Started Refresh fwupd metadata regularly.
May  9 01:39:01 stephen systemd[1]: Started Daily rotation of log files.
May  9 01:39:01 stephen kernel: [    0.513350] Last level dTLB entries: 4KB 2048, 2MB 2048, 4MB 1024, 1GB 0
May  9 01:39:01 stephen kernel: [    0.513352] Spectre V1 : Mitigation: usercopy/swapgs barriers and __user pointer sanitization
May  9 01:39:01 stephen kernel: [    0.513354] Spectre V2 : Mitigation: Full AMD retpoline
May  9 01:39:01 stephen kernel: [    0.513355] Spectre V2 : Spectre v2 / SpectreRSB mitigation: Filling RSB on context switch
May  9 01:39:01 stephen systemd[1]: Started Daily man-db regeneration.
May  9 01:39:01 stephen kernel: [    0.513357] Spectre V2 : Enabling Restricted Speculation for firmware calls
May  9 01:39:01 stephen systemd[1]: Started Message of the Day.
May  9 01:39:01 stephen kernel: [    0.513358] Spectre V2 : mitigation: Enabling conditional Indirect Branch Prediction Barrier
May  9 01:39:01 stephen kernel: [    0.513359] Spectre V2 : User space: Mitigation: STIBP always-on protection
May  9 01:39:01 stephen kernel: [    0.513360] Speculative Store Bypass: Mitigation: Speculative Store Bypass disabled via prctl and seccomp
May  9 01:39:01 stephen kernel: [    0.513548] Freeing SMP alternatives memory: 40K
May  9 01:39:01 stephen kernel: [    0.625025] smpboot: CPU0: AMD Ryzen 9 5950X 16-Core Processor (family: 0x19, model: 0x21, stepping: 0x0)
May  9 01:39:01 stephen systemd[1]: Condition check resulted in Timer to automatically fetch and run repair assertions being skipped.
May  9 01:39:01 stephen kernel: [    0.625108] Performance Events: Fam17h+ core perfctr, AMD PMU driver.
May  9 01:39:01 stephen kernel: [    0.625112] ... version:                0
May  9 01:39:01 stephen kernel: [    0.625112] ... bit width:              48
May  9 01:39:01 stephen kernel: [    0.625113] ... generic registers:      6
May  9 01:39:01 stephen kernel: [    0.625114] ... value mask:             0000ffffffffffff
May  9 01:39:01 stephen kernel: [    0.625115] ... max period:             00007fffffffffff
May  9 01:39:01 stephen systemd[1]: Started Daily Cleanup of Temporary Directories.
May  9 01:39:01 stephen kernel: [    0.625116] ... fixed-purpose events:   0
May  9 01:39:01 stephen kernel: [    0.625116] ... event mask:             000000000000003f
May  9 01:39:01 stephen kernel: [    0.625149] rcu: Hierarchical SRCU implementation.
May  9 01:39:01 stephen systemd[1]: Started Download data for packages that failed at package install time.
May  9 01:39:01 stephen kernel: [    0.625356] NMI watchdog: Enabled. Permanently consumes one hw-PMU counter.
May  9 01:39:01 stephen kernel: [    0.625479] smp: Bringing up secondary CPUs ...
May  9 01:39:01 stephen kernel: [    0.625521] x86: Booting SMP configuration:
May  9 01:39:01 stephen kernel: [    0.625522] .... node  #0, CPUs:        #1  #2  #3  #4  #5  #6  #7  #8  #9 #10 #11 #12 #13 #14 #15 #16
May  9 01:39:01 stephen systemd[1]: Started Check to see whether there is a new version of Ubuntu available.
May  9 01:39:01 stephen kernel: [    0.659520] Spectre V2 : Update user space SMT mitigation: STIBP always-on
May  9 01:39:01 stephen kernel: [    0.659547]  #17 #18 #19 #20 #21 #22 #23 #24 #25 #26 #27 #28 #29 #30 #31
May  9 01:39:01 stephen kernel: [    0.691493] smp: Brought up 1 node, 32 CPUs
May  9 01:39:01 stephen systemd[1]: Reached target Paths.
May  9 01:39:01 stephen kernel: [    0.691493] smpboot: Max logical packages: 1
May  9 01:39:01 stephen systemd[1]: Reached target Timers.
May  9 01:39:01 stephen kernel: [    0.691493] smpboot: Total of 32 processors activated (217197.24 BogoMIPS)
May  9 01:39:01 stephen kernel: [    0.696362] devtmpfs: initialized
May  9 01:39:01 stephen systemd[1]: Condition check resulted in Unix socket for apport crash forwarding being skipped.
May  9 01:39:01 stephen kernel: [    0.696362] x86/mm: Memory block size: 2048MB
May  9 01:39:01 stephen kernel: [    0.696362] PM: Registering ACPI NVS region [mem 0x0a200000-0x0a20dfff] (57344 bytes)
May  9 01:39:01 stephen kernel: [    0.696362] PM: Registering ACPI NVS region [mem 0xca817000-0xcaee4fff] (7135232 bytes)
May  9 01:39:01 stephen kernel: [    0.696362] clocksource: jiffies: mask: 0xffffffff max_cycles: 0xffffffff, max_idle_ns: 7645041785100000 ns
May  9 01:39:01 stephen kernel: [    0.696362] futex hash table entries: 8192 (order: 7, 524288 bytes, linear)
May  9 01:39:01 stephen kernel: [    0.696362] pinctrl core: initialized pinctrl subsystem
May  9 01:39:01 stephen systemd[1]: Listening on Open-iSCSI iscsid Socket.
May  9 01:39:01 stephen kernel: [    0.696362] PM: RTC time: 23:38:28, date: 2021-05-08
May  9 01:39:01 stephen kernel: [    0.696362] NET: Registered protocol family 16
May  9 01:39:01 stephen systemd[1]: Listening on Socket unix for snap application lxd.daemon.
May  9 01:39:01 stephen kernel: [    0.696362] DMA: preallocated 4096 KiB GFP_KERNEL pool for atomic allocations
May  9 01:39:01 stephen kernel: [    0.696362] DMA: preallocated 4096 KiB GFP_KERNEL|GFP_DMA pool for atomic allocations
May  9 01:39:01 stephen kernel: [    0.696362] DMA: preallocated 4096 KiB GFP_KERNEL|GFP_DMA32 pool for atomic allocations
May  9 01:39:01 stephen kernel: [    0.696362] audit: initializing netlink subsys (disabled)
May  9 01:39:01 stephen kernel: [    0.696362] audit: type=2000 audit(1620517108.208:1): state=initialized audit_enabled=0 res=1
May  9 01:39:01 stephen systemd[1]: Starting Socket activation for snappy daemon.
May  9 01:39:01 stephen kernel: [    0.696362] thermal_sys: Registered thermal governor 'fair_share'
May  9 01:39:01 stephen kernel: [    0.696362] thermal_sys: Registered thermal governor 'bang_bang'
May  9 01:39:01 stephen kernel: [    0.696362] thermal_sys: Registered thermal governor 'step_wise'
May  9 01:39:01 stephen kernel: [    0.696362] thermal_sys: Registered thermal governor 'user_space'
May  9 01:39:01 stephen kernel: [    0.696362] thermal_sys: Registered thermal governor 'power_allocator'
May  9 01:39:01 stephen kernel: [    0.696362] EISA bus registered
May  9 01:39:01 stephen systemd[1]: Listening on UUID daemon activation socket.
May  9 01:39:01 stephen kernel: [    0.696362] cpuidle: using governor ladder
May  9 01:39:01 stephen kernel: [    0.696362] cpuidle: using governor menu
May  9 01:39:01 stephen kernel: [    0.696362] Detected 1 PCC Subspaces
May  9 01:39:01 stephen systemd[1]: Condition check resulted in Login to default iSCSI targets being skipped.
May  9 01:39:01 stephen kernel: [    0.696362] Registering PCC driver as Mailbox controller
May  9 01:39:01 stephen kernel: [    0.696362] ACPI: bus type PCI registered
May  9 01:39:01 stephen kernel: [    0.696362] acpiphp: ACPI Hot Plug PCI Controller Driver version: 0.5
May  9 01:39:01 stephen systemd[1]: Reached target Remote File Systems (Pre).
May  9 01:39:01 stephen kernel: [    0.696362] PCI: MMCONFIG for domain 0000 [bus 00-7f] at [mem 0xf0000000-0xf7ffffff] (base 0xf0000000)
May  9 01:39:01 stephen kernel: [    0.696362] PCI: MMCONFIG at [mem 0xf0000000-0xf7ffffff] reserved in E820
May  9 01:39:01 stephen kernel: [    0.696362] PCI: Using configuration type 1 for base access
May  9 01:39:01 stephen kernel: [    0.696423] Kprobes globally optimized
May  9 01:39:01 stephen kernel: [    0.696427] HugeTLB registered 1.00 GiB page size, pre-allocated 0 pages
May  9 01:39:01 stephen kernel: [    0.696427] HugeTLB registered 2.00 MiB page size, pre-allocated 0 pages
May  9 01:39:01 stephen systemd[1]: Reached target Remote File Systems.
May  9 01:39:01 stephen kernel: [    0.699503] fbcon: Taking over console
May  9 01:39:01 stephen systemd[1]: Finished Availability of block devices.
May  9 01:39:01 stephen kernel: [    0.699514] ACPI: Added _OSI(Module Device)
May  9 01:39:01 stephen kernel: [    0.699515] ACPI: Added _OSI(Processor Device)
May  9 01:39:01 stephen kernel: [    0.699516] ACPI: Added _OSI(3.0 _SCP Extensions)
May  9 01:39:01 stephen kernel: [    0.699517] ACPI: Added _OSI(Processor Aggregator Device)
May  9 01:39:01 stephen kernel: [    0.699518] ACPI: Added _OSI(Linux-Dell-Video)
May  9 01:39:01 stephen kernel: [    0.699519] ACPI: Added _OSI(Linux-Lenovo-NV-HDMI-Audio)
May  9 01:39:01 stephen systemd[1]: Listening on Socket activation for snappy daemon.
May  9 01:39:01 stephen kernel: [    0.699520] ACPI: Added _OSI(Linux-HPI-Hybrid-Graphics)
May  9 01:39:01 stephen systemd[1]: Reached target Sockets.
May  9 01:39:01 stephen kernel: [    0.710058] ACPI: 9 ACPI AML tables successfully acquired and loaded
May  9 01:39:01 stephen systemd[1]: Reached target Basic System.
May  9 01:39:01 stephen kernel: [    0.711215] ACPI: [Firmware Bug]: BIOS _OSI(Linux) query ignored
May  9 01:39:01 stephen kernel: [    0.713435] ACPI: Interpreter enabled
May  9 01:39:01 stephen kernel: [    0.713445] ACPI: (supports S0 S3 S4 S5)
May  9 01:39:01 stephen systemd[1]: Listening on D-Bus System Message Bus Socket.
May  9 01:39:01 stephen kernel: [    0.713446] ACPI: Using IOAPIC for interrupt routing
May  9 01:39:01 stephen systemd[1]: Starting Accounts Service...
May  9 01:39:01 stephen kernel: [    0.713660] PCI: Using host bridge windows from ACPI; if necessary, use "pci=nocrs" and report a bug
May  9 01:39:01 stephen kernel: [    0.713917] ACPI: Enabled 4 GPEs in block 00 to 1F
May  9 01:39:01 stephen kernel: [    0.719342] ACPI: PCI Root Bridge [PCI0] (domain 0000 [bus 00-ff])
May  9 01:39:01 stephen kernel: [    0.719348] acpi PNP0A08:00: _OSC: OS supports [ExtendedConfig ASPM ClockPM Segments MSI HPX-Type3]
May  9 01:39:01 stephen kernel: [    0.719489] acpi PNP0A08:00: _OSC: platform does not support [PCIeHotplug SHPCHotplug PME LTR]
May  9 01:39:01 stephen kernel: [    0.719622] acpi PNP0A08:00: _OSC: OS now controls [AER PCIeCapability]
May  9 01:39:01 stephen systemd[1]: Starting LSB: automatic crash report generation...
May  9 01:39:01 stephen kernel: [    0.719631] acpi PNP0A08:00: [Firmware Info]: MMCONFIG for domain 0000 [bus 00-7f] only partially covers this bridge
May  9 01:39:01 stephen kernel: [    0.719867] PCI host bridge to bus 0000:00
May  9 01:39:01 stephen systemd[1]: Started Regular background program processing daemon.
May  9 01:39:01 stephen kernel: [    0.719868] pci_bus 0000:00: root bus resource [io  0x0000-0x03af window]
May  9 01:39:01 stephen kernel: [    0.719870] pci_bus 0000:00: root bus resource [io  0x03e0-0x0cf7 window]
May  9 01:39:01 stephen kernel: [    0.719871] pci_bus 0000:00: root bus resource [io  0x03b0-0x03df window]
May  9 01:39:01 stephen kernel: [    0.719872] pci_bus 0000:00: root bus resource [io  0x0d00-0xffff window]
May  9 01:39:01 stephen systemd[1]: Started D-Bus System Message Bus.
May  9 01:39:01 stephen kernel: [    0.719873] pci_bus 0000:00: root bus resource [mem 0x000a0000-0x000bffff window]
May  9 01:39:01 stephen systemd[1]: Started Save initial kernel messages after boot.
May  9 01:39:01 stephen kernel: [    0.719874] pci_bus 0000:00: root bus resource [mem 0x000c0000-0x000dffff window]
May  9 01:39:01 stephen systemd[1]: Starting Remove Stale Online ext4 Metadata Check Snapshots...
May  9 01:39:01 stephen systemd[1]: Condition check resulted in getty on tty2-tty6 if dbus and logind are not available being skipped.
May  9 01:39:01 stephen kernel: [    0.719875] pci_bus 0000:00: root bus resource [mem 0xd0000000-0xfec2ffff window]
May  9 01:39:01 stephen kernel: [    0.719876] pci_bus 0000:00: root bus resource [mem 0xfee00000-0xffffffff window]
May  9 01:39:01 stephen kernel: [    0.719877] pci_bus 0000:00: root bus resource [bus 00-ff]
May  9 01:39:01 stephen kernel: [    0.719886] pci 0000:00:00.0: [1022:1480] type 00 class 0x060000
May  9 01:39:01 stephen kernel: [    0.719968] pci 0000:00:00.2: [1022:1481] type 00 class 0x080600
May  9 01:39:01 stephen cron[1251]: (CRON) INFO (pidfile fd = 3)
May  9 01:39:01 stephen kernel: [    0.720055] pci 0000:00:01.0: [1022:1482] type 00 class 0x060000
May  9 01:39:01 stephen systemd[1]: Started Glances.
May  9 01:39:01 stephen kernel: [    0.720124] pci 0000:00:01.1: [1022:1483] type 01 class 0x060400
May  9 01:39:01 stephen kernel: [    0.720206] pci 0000:00:01.1: PME# supported from D0 D3hot D3cold
May  9 01:39:01 stephen kernel: [    0.720308] pci 0000:00:01.2: [1022:1483] type 01 class 0x060400
May  9 01:39:01 stephen kernel: [    0.720337] pci 0000:00:01.2: enabling Extended Tags
May  9 01:39:01 stephen kernel: [    0.720391] pci 0000:00:01.2: PME# supported from D0 D3hot D3cold
May  9 01:39:01 stephen kernel: [    0.720489] pci 0000:00:02.0: [1022:1482] type 00 class 0x060000
May  9 01:39:01 stephen systemd[1]: Starting Record successful boot for GRUB...
May  9 01:39:01 stephen kernel: [    0.720554] pci 0000:00:03.0: [1022:1482] type 00 class 0x060000
May  9 01:39:01 stephen kernel: [    0.720618] pci 0000:00:04.0: [1022:1482] type 00 class 0x060000
May  9 01:39:01 stephen kernel: [    0.720683] pci 0000:00:05.0: [1022:1482] type 00 class 0x060000
May  9 01:39:01 stephen kernel: [    0.720749] pci 0000:00:07.0: [1022:1482] type 00 class 0x060000
May  9 01:39:01 stephen kernel: [    0.720811] pci 0000:00:07.1: [1022:1484] type 01 class 0x060400
May  9 01:39:01 stephen systemd[1]: Starting LSB: disk temperature monitoring daemon...
May  9 01:39:01 stephen kernel: [    0.720835] pci 0000:00:07.1: enabling Extended Tags
May  9 01:39:01 stephen systemd[1]: Started irqbalance daemon.
May  9 01:39:01 stephen systemd[1]: Starting Initialize hardware monitoring sensors...
May  9 01:39:01 stephen kernel: [    0.720873] pci 0000:00:07.1: PME# supported from D0 D3hot D3cold
May  9 01:39:01 stephen kernel: [    0.720957] pci 0000:00:08.0: [1022:1482] type 00 class 0x060000
May  9 01:39:01 stephen kernel: [    0.721021] pci 0000:00:08.1: [1022:1484] type 01 class 0x060400
May  9 01:39:01 stephen kernel: [    0.721046] pci 0000:00:08.1: enabling Extended Tags
May  9 01:39:01 stephen kernel: [    0.721088] pci 0000:00:08.1: PME# supported from D0 D3hot D3cold
May  9 01:39:01 stephen kernel: [    0.721188] pci 0000:00:14.0: [1022:790b] type 00 class 0x0c0500
May  9 01:39:01 stephen systemd[1]: Starting Dispatcher daemon for systemd-networkd...
May  9 01:39:01 stephen kernel: [    0.721293] pci 0000:00:14.3: [1022:790e] type 00 class 0x060100
May  9 01:39:01 stephen kernel: [    0.721406] pci 0000:00:18.0: [1022:1440] type 00 class 0x060000
May  9 01:39:01 stephen systemd[1]: Condition check resulted in Pollinate to seed the pseudo random number generator being skipped.
May  9 01:39:01 stephen systemd[1]: Condition check resulted in fast remote file copy program daemon being skipped.
May  9 01:39:01 stephen systemd[1]: Starting System Logging Service...
May  9 01:39:01 stephen systemd[1]: Starting Secure Boot updates for DB and DBX...
May  9 01:39:01 stephen cron[1251]: (CRON) INFO (Running @reboot jobs)
May  9 01:39:01 stephen systemd[1]: Starting Self Monitoring and Reporting Technology (SMART) Daemon...
May  9 01:39:01 stephen systemd[1]: Starting Service for snap application lxd.activate...
May  9 01:39:01 stephen systemd[1]: Condition check resulted in Automatically repair incorrect owner/permissions on core devices being skipped.
May  9 01:39:01 stephen systemd[1]: Condition check resulted in Wait for the Ubuntu Core chooser trigger being skipped.
May  9 01:39:01 stephen systemd[1]: Starting Snap Daemon...
May  9 01:39:01 stephen systemd[1]: Starting OpenBSD Secure Shell server...
May  9 01:39:01 stephen systemd[1]: Starting User Login Management...
May  9 01:39:01 stephen systemd[1]: Starting Permit User Sessions...
May  9 01:39:01 stephen systemd[1]: Starting Thermal Daemon Service...
May  9 01:39:01 stephen systemd[1]: Condition check resulted in Ubuntu Advantage reboot cmds being skipped.
May  9 01:39:01 stephen systemd[1]: Starting Disk Manager...
May  9 01:39:01 stephen systemd[1]: Finished Permit User Sessions.
May  9 01:39:01 stephen kernel: [    0.721445] pci 0000:00:18.1: [1022:1441] type 00 class 0x060000
May  9 01:39:01 stephen systemd[1]: Starting Hold until boot process finishes up...
May  9 01:39:01 stephen kernel: [    0.721482] pci 0000:00:18.2: [1022:1442] type 00 class 0x060000
May  9 01:39:01 stephen kernel: [    0.721519] pci 0000:00:18.3: [1022:1443] type 00 class 0x060000
May  9 01:39:01 stephen kernel: [    0.721556] pci 0000:00:18.4: [1022:1444] type 00 class 0x060000
May  9 01:39:01 stephen kernel: [    0.721593] pci 0000:00:18.5: [1022:1445] type 00 class 0x060000
May  9 01:39:01 stephen systemd[1]: Starting Terminate Plymouth Boot Screen...
May  9 01:39:01 stephen kernel: [    0.721629] pci 0000:00:18.6: [1022:1446] type 00 class 0x060000
May  9 01:39:01 stephen systemd[1]: Finished Hold until boot process finishes up.
May  9 01:39:01 stephen systemd[1]: Starting Set console scheme...
May  9 01:39:01 stephen sensors[1287]: nouveau-pci-0400
May  9 01:39:01 stephen kernel: [    0.721666] pci 0000:00:18.7: [1022:1447] type 00 class 0x060000
May  9 01:39:01 stephen kernel: [    0.721757] pci 0000:01:00.0: [8086:0a54] type 00 class 0x010802
May  9 01:39:01 stephen sensors[1287]: Adapter: PCI adapter
May  9 01:39:01 stephen kernel: [    0.721774] pci 0000:01:00.0: reg 0x10: [mem 0xfc910000-0xfc913fff 64bit]
May  9 01:39:01 stephen kernel: [    0.721807] pci 0000:01:00.0: reg 0x30: [mem 0xfc900000-0xfc90ffff pref]
May  9 01:39:01 stephen kernel: [    0.721948] pci 0000:00:01.1: PCI bridge to [bus 01]
May  9 01:39:01 stephen sensors[1287]: GPU core:    850.00 mV (min =  +0.82 V, max =  +1.21 V)
May  9 01:39:01 stephen kernel: [    0.721953] pci 0000:00:01.1:   bridge window [mem 0xfc900000-0xfc9fffff]
May  9 01:39:01 stephen kernel: [    0.722011] pci 0000:02:00.0: [1022:43ee] type 00 class 0x0c0330
May  9 01:39:01 stephen kernel: [    0.722030] pci 0000:02:00.0: reg 0x10: [mem 0xfc4a0000-0xfc4a7fff 64bit]
May  9 01:39:01 stephen kernel: [    0.722075] pci 0000:02:00.0: enabling Extended Tags
May  9 01:39:01 stephen kernel: [    0.722134] pci 0000:02:00.0: PME# supported from D3hot D3cold
May  9 01:39:01 stephen kernel: [    0.722219] pci 0000:02:00.1: [1022:43eb] type 00 class 0x010601
May  9 01:39:01 stephen kernel: [    0.722272] pci 0000:02:00.1: reg 0x24: [mem 0xfc480000-0xfc49ffff]
May  9 01:39:01 stephen sensors[1287]: fan1:        1140 RPM
May  9 01:39:01 stephen kernel: [    0.722280] pci 0000:02:00.1: reg 0x30: [mem 0xfc400000-0xfc47ffff pref]
May  9 01:39:01 stephen kernel: [    0.722287] pci 0000:02:00.1: enabling Extended Tags
May  9 01:39:01 stephen kernel: [    0.722332] pci 0000:02:00.1: PME# supported from D3hot D3cold
May  9 01:39:01 stephen kernel: [    0.722393] pci 0000:02:00.2: [1022:43e9] type 01 class 0x060400
May  9 01:39:01 stephen kernel: [    0.722442] pci 0000:02:00.2: enabling Extended Tags
May  9 01:39:01 stephen kernel: [    0.722492] pci 0000:02:00.2: PME# supported from D3hot D3cold
May  9 01:39:01 stephen sensors[1287]: temp1:        +35.0C  (high = +95.0C, hyst =  +3.0C)
May  9 01:39:01 stephen kernel: [    0.722570] pci 0000:00:01.2: PCI bridge to [bus 02-07]
May  9 01:39:01 stephen kernel: [    0.722574] pci 0000:00:01.2:   bridge window [io  0xe000-0xffff]
May  9 01:39:01 stephen kernel: [    0.722577] pci 0000:00:01.2:   bridge window [mem 0xfb000000-0xfc4fffff]
May  9 01:39:01 stephen kernel: [    0.722581] pci 0000:00:01.2:   bridge window [mem 0xe0000000-0xe9ffffff 64bit pref]
May  9 01:39:01 stephen kernel: [    0.722670] pci 0000:03:00.0: [1022:43ea] type 01 class 0x060400
May  9 01:39:01 stephen kernel: [    0.722723] pci 0000:03:00.0: enabling Extended Tags
May  9 01:39:01 stephen sensors[1287]:                        (crit = +105.0C, hyst =  +5.0C)
May  9 01:39:01 stephen kernel: [    0.722781] pci 0000:03:00.0: PME# supported from D3hot D3cold
May  9 01:39:01 stephen kernel: [    0.722865] pci 0000:03:04.0: [1022:43ea] type 01 class 0x060400
May  9 01:39:01 stephen kernel: [    0.722917] pci 0000:03:04.0: enabling Extended Tags
May  9 01:39:01 stephen kernel: [    0.722975] pci 0000:03:04.0: PME# supported from D3hot D3cold
May  9 01:39:01 stephen kernel: [    0.723057] pci 0000:03:08.0: [1022:43ea] type 01 class 0x060400
May  9 01:39:01 stephen kernel: [    0.723110] pci 0000:03:08.0: enabling Extended Tags
May  9 01:39:01 stephen kernel: [    0.723168] pci 0000:03:08.0: PME# supported from D3hot D3cold
May  9 01:39:01 stephen sensors[1287]:                        (emerg = +135.0C, hyst =  +5.0C)
May  9 01:39:01 stephen kernel: [    0.723248] pci 0000:03:09.0: [1022:43ea] type 01 class 0x060400
May  9 01:39:01 stephen kernel: [    0.723301] pci 0000:03:09.0: enabling Extended Tags
May  9 01:39:01 stephen kernel: [    0.723359] pci 0000:03:09.0: PME# supported from D3hot D3cold
May  9 01:39:01 stephen kernel: [    0.723448] pci 0000:02:00.2: PCI bridge to [bus 03-07]
May  9 01:39:01 stephen kernel: [    0.723454] pci 0000:02:00.2:   bridge window [io  0xe000-0xffff]
May  9 01:39:01 stephen kernel: [    0.723457] pci 0000:02:00.2:   bridge window [mem 0xfb000000-0xfc3fffff]
May  9 01:39:01 stephen sensors[1287]: power1:       19.62 W  (crit = 139.61 mW)
May  9 01:39:01 stephen kernel: [    0.723462] pci 0000:02:00.2:   bridge window [mem 0xe0000000-0xe9ffffff 64bit pref]
May  9 01:39:01 stephen kernel: [    0.723536] pci 0000:04:00.0: [10de:1185] type 00 class 0x030000
May  9 01:39:01 stephen kernel: [    0.723563] pci 0000:04:00.0: reg 0x10: [mem 0xfb000000-0xfbffffff]
May  9 01:39:01 stephen kernel: [    0.723585] pci 0000:04:00.0: reg 0x14: [mem 0xe0000000-0xe7ffffff 64bit pref]
May  9 01:39:01 stephen kernel: [    0.723608] pci 0000:04:00.0: reg 0x1c: [mem 0xe8000000-0xe9ffffff 64bit pref]
May  9 01:39:01 stephen kernel: [    0.723623] pci 0000:04:00.0: reg 0x24: [io  0xf000-0xf07f]
May  9 01:39:01 stephen sensors[1287]: nvme-pci-0100
May  9 01:39:01 stephen kernel: [    0.723638] pci 0000:04:00.0: reg 0x30: [mem 0xfc000000-0xfc07ffff pref]
May  9 01:39:01 stephen kernel: [    0.723649] pci 0000:04:00.0: enabling Extended Tags
May  9 01:39:01 stephen kernel: [    0.723675] pci 0000:04:00.0: BAR 1: assigned to efifb
May  9 01:39:01 stephen kernel: [    0.723843] pci 0000:04:00.0: 8.000 Gb/s available PCIe bandwidth, limited by 2.5 GT/s PCIe x4 link at 0000:03:00.0 (capable of 126.016 Gb/s with 8.0 GT/s PCIe x16 link)
May  9 01:39:01 stephen kernel: [    0.723905] pci 0000:04:00.1: [10de:0e0a] type 00 class 0x040300
May  9 01:39:01 stephen kernel: [    0.723928] pci 0000:04:00.1: reg 0x10: [mem 0xfc080000-0xfc083fff]
May  9 01:39:01 stephen sensors[1287]: Adapter: PCI adapter
May  9 01:39:01 stephen kernel: [    0.723999] pci 0000:04:00.1: enabling Extended Tags
May  9 01:39:01 stephen sensors[1287]: Composite:    +40.9C  (low  =  -0.1C, high = +69.8C)
May  9 01:39:01 stephen kernel: [    0.724151] pci 0000:03:00.0: ASPM: current common clock configuration is inconsistent, reconfiguring
May  9 01:39:01 stephen sensors[1287]:                        (crit = +79.8C)
May  9 01:39:01 stephen kernel: [    0.735497] pci 0000:03:00.0: PCI bridge to [bus 04]
May  9 01:39:01 stephen sensors[1287]: k10temp-pci-00c3
May  9 01:39:01 stephen kernel: [    0.735503] pci 0000:03:00.0:   bridge window [io  0xf000-0xffff]
May  9 01:39:01 stephen kernel: [    0.735506] pci 0000:03:00.0:   bridge window [mem 0xfb000000-0xfc0fffff]
May  9 01:39:01 stephen kernel: [    0.735512] pci 0000:03:00.0:   bridge window [mem 0xe0000000-0xe9ffffff 64bit pref]
May  9 01:39:01 stephen kernel: [    0.735587] pci 0000:05:00.0: [8086:0a54] type 00 class 0x010802
May  9 01:39:01 stephen sensors[1287]: Adapter: PCI adapter
May  9 01:39:01 stephen kernel: [    0.735615] pci 0000:05:00.0: reg 0x10: [mem 0xfc310000-0xfc313fff 64bit]
May  9 01:39:01 stephen kernel: [    0.735671] pci 0000:05:00.0: reg 0x30: [mem 0xfc300000-0xfc30ffff pref]
May  9 01:39:01 stephen kernel: [    0.735681] pci 0000:05:00.0: enabling Extended Tags
May  9 01:39:01 stephen sensors[1287]: Tctl:         +45.8C
May  9 01:39:01 stephen kernel: [    0.735924] pci 0000:03:04.0: PCI bridge to [bus 05]
May  9 01:39:01 stephen kernel: [    0.735932] pci 0000:03:04.0:   bridge window [mem 0xfc300000-0xfc3fffff]
May  9 01:39:01 stephen kernel: [    0.735978] pci 0000:03:08.0: PCI bridge to [bus 06]
May  9 01:39:01 stephen sensors[1287]: Tdie:         +45.8C
May  9 01:39:01 stephen kernel: [    0.736069] pci 0000:07:00.0: [10ec:8168] type 00 class 0x020000
May  9 01:39:01 stephen kernel: [    0.736099] pci 0000:07:00.0: reg 0x10: [io  0xe000-0xe0ff]
May  9 01:39:01 stephen kernel: [    0.736140] pci 0000:07:00.0: reg 0x18: [mem 0xfc204000-0xfc204fff 64bit]
May  9 01:39:01 stephen kernel: [    0.736165] pci 0000:07:00.0: reg 0x20: [mem 0xfc200000-0xfc203fff 64bit]
May  9 01:39:01 stephen kernel: [    0.736328] pci 0000:07:00.0: supports D1 D2
May  9 01:39:01 stephen kernel: [    0.736329] pci 0000:07:00.0: PME# supported from D0 D1 D2 D3hot D3cold
May  9 01:39:01 stephen kernel: [    0.736497] pci 0000:03:09.0: PCI bridge to [bus 07]
May  9 01:39:01 stephen sensors[1287]: nvme-pci-0500
May  9 01:39:01 stephen kernel: [    0.736502] pci 0000:03:09.0:   bridge window [io  0xe000-0xefff]
May  9 01:39:01 stephen sensors[1287]: Adapter: PCI adapter
May  9 01:39:01 stephen kernel: [    0.736505] pci 0000:03:09.0:   bridge window [mem 0xfc200000-0xfc2fffff]
May  9 01:39:01 stephen kernel: [    0.736572] pci 0000:08:00.0: [1022:148a] type 00 class 0x130000
May  9 01:39:01 stephen kernel: [    0.736600] pci 0000:08:00.0: enabling Extended Tags
May  9 01:39:01 stephen kernel: [    0.736692] pci 0000:00:07.1: PCI bridge to [bus 08]
May  9 01:39:01 stephen kernel: [    0.736744] pci 0000:09:00.0: [1022:1485] type 00 class 0x130000
May  9 01:39:01 stephen sensors[1287]: Composite:    +39.9C  (low  =  -0.1C, high = +69.8C)
May  9 01:39:01 stephen kernel: [    0.736777] pci 0000:09:00.0: enabling Extended Tags
May  9 01:39:01 stephen kernel: [    0.736886] pci 0000:09:00.1: [1022:1486] type 00 class 0x108000
May  9 01:39:01 stephen kernel: [    0.736902] pci 0000:09:00.1: reg 0x18: [mem 0xfc700000-0xfc7fffff]
May  9 01:39:01 stephen sensors[1287]:                        (crit = +79.8C)
May  9 01:39:01 stephen kernel: [    0.736914] pci 0000:09:00.1: reg 0x24: [mem 0xfc808000-0xfc809fff]
May  9 01:39:01 stephen kernel: [    0.736922] pci 0000:09:00.1: enabling Extended Tags
May  9 01:39:01 stephen kernel: [    0.737017] pci 0000:09:00.3: [1022:149c] type 00 class 0x0c0330
May  9 01:39:01 stephen systemd[1]: Finished Initialize hardware monitoring sensors.
May  9 01:39:01 stephen kernel: [    0.737030] pci 0000:09:00.3: reg 0x10: [mem 0xfc600000-0xfc6fffff 64bit]
May  9 01:39:01 stephen kernel: [    0.737060] pci 0000:09:00.3: enabling Extended Tags
May  9 01:39:01 stephen kernel: [    0.737105] pci 0000:09:00.3: PME# supported from D0 D3hot D3cold
May  9 01:39:01 stephen kernel: [    0.737168] pci 0000:09:00.4: [1022:1487] type 00 class 0x040300
May  9 01:39:01 stephen systemd[1]: Finished Terminate Plymouth Boot Screen.
May  9 01:39:01 stephen kernel: [    0.737177] pci 0000:09:00.4: reg 0x10: [mem 0xfc800000-0xfc807fff]
May  9 01:39:01 stephen kernel: [    0.737203] pci 0000:09:00.4: enabling Extended Tags
May  9 01:39:01 stephen kernel: [    0.737245] pci 0000:09:00.4: PME# supported from D0 D3hot D3cold
May  9 01:39:01 stephen systemd[1]: Finished Set console scheme.
May  9 01:39:01 stephen kernel: [    0.737313] pci 0000:00:08.1: PCI bridge to [bus 09]
May  9 01:39:01 stephen systemd[1]: Created slice system-getty.slice.
May  9 01:39:01 stephen kernel: [    0.737317] pci 0000:00:08.1:   bridge window [mem 0xfc600000-0xfc8fffff]
May  9 01:39:01 stephen systemd[1]: Started Getty on tty1.
May  9 01:39:01 stephen kernel: [    0.737617] ACPI: PCI Interrupt Link [LNKA] (IRQs 4 5 7 10 11 14 15) *0
May  9 01:39:01 stephen kernel: [    0.737656] ACPI: PCI Interrupt Link [LNKB] (IRQs 4 5 7 10 11 14 15) *0
May  9 01:39:01 stephen kernel: [    0.737689] ACPI: PCI Interrupt Link [LNKC] (IRQs 4 5 7 10 11 14 15) *0
May  9 01:39:01 stephen kernel: [    0.737729] ACPI: PCI Interrupt Link [LNKD] (IRQs 4 5 7 10 11 14 15) *0
May  9 01:39:01 stephen systemd[1]: Reached target Login Prompts.
May  9 01:39:01 stephen kernel: [    0.737765] ACPI: PCI Interrupt Link [LNKE] (IRQs 4 5 7 10 11 14 15) *0
May  9 01:39:01 stephen kernel: [    0.737796] ACPI: PCI Interrupt Link [LNKF] (IRQs 4 5 7 10 11 14 15) *0
May  9 01:39:01 stephen kernel: [    0.737826] ACPI: PCI Interrupt Link [LNKG] (IRQs 4 5 7 10 11 14 15) *0
May  9 01:39:01 stephen kernel: [    0.737857] ACPI: PCI Interrupt Link [LNKH] (IRQs 4 5 7 10 11 14 15) *0
May  9 01:39:01 stephen kernel: [    0.738441] iommu: Default domain type: Translated 
May  9 01:39:01 stephen systemd[1]: e2scrub_reap.service: Succeeded.
May  9 01:39:01 stephen kernel: [    0.738441] SCSI subsystem initialized
May  9 01:39:01 stephen systemd[1]: Finished Remove Stale Online ext4 Metadata Check Snapshots.
May  9 01:39:01 stephen kernel: [    0.739474] libata version 3.00 loaded.
May  9 01:39:01 stephen kernel: [    0.739484] pci 0000:04:00.0: vgaarb: setting as boot VGA device
May  9 01:39:01 stephen kernel: [    0.739484] pci 0000:04:00.0: vgaarb: VGA device added: decodes=io+mem,owns=io+mem,locks=none
May  9 01:39:01 stephen kernel: [    0.739484] pci 0000:04:00.0: vgaarb: bridge control possible
May  9 01:39:01 stephen kernel: [    0.739484] vgaarb: loaded
May  9 01:39:01 stephen kernel: [    0.739491] ACPI: bus type USB registered
May  9 01:39:01 stephen systemd[1]: Started Record successful boot for GRUB.
May  9 01:39:01 stephen kernel: [    0.739497] usbcore: registered new interface driver usbfs
May  9 01:39:01 stephen systemd[1]: Starting GRUB failed boot detection...
May  9 01:39:01 stephen systemd[1]: Started LSB: disk temperature monitoring daemon.
May  9 01:39:01 stephen apport[1250]:  * Starting automatic crash report generation: apport
May  9 01:39:01 stephen sbkeysync[1294]: Filesystem keystore:
May  9 01:39:01 stephen sbkeysync[1294]:   /usr/share/secureboot/updates/dbx/dbxupdate_x64.bin [7085 bytes]
May  9 01:39:01 stephen sbkeysync[1294]: firmware keys:
May  9 01:39:01 stephen sbkeysync[1294]:   PK:
May  9 01:39:01 stephen sbkeysync[1294]:     /CN=ASUSTeK MotherBoard PK Certificate
May  9 01:39:01 stephen sbkeysync[1294]:   KEK:
May  9 01:39:01 stephen sbkeysync[1294]:     /C=GB/ST=Isle of Man/L=Douglas/O=Canonical Ltd./CN=Canonical Ltd. Master Certificate Authority
May  9 01:39:01 stephen sbkeysync[1294]:     /C=US/ST=Washington/L=Redmond/O=Microsoft Corporation/CN=Microsoft Corporation KEK CA 2011
May  9 01:39:01 stephen sbkeysync[1294]:     /CN=ASUSTeK MotherBoard KEK Certificate
May  9 01:39:01 stephen sbkeysync[1294]:   db:
May  9 01:39:01 stephen sbkeysync[1294]:     a5d109b2afa3fa90878f70382b2388fcd2feaeae8a51b80add048e9f876b2a4e
May  9 01:39:01 stephen kernel: [    0.739501] usbcore: registered new interface driver hub
May  9 01:39:01 stephen kernel: [    0.739505] usbcore: registered new device driver usb
May  9 01:39:01 stephen kernel: [    0.739516] pps_core: LinuxPPS API ver. 1 registered
May  9 01:39:01 stephen kernel: [    0.739517] pps_core: Software ver. 5.3.6 - Copyright 2005-2007 Rodolfo Giometti <giometti@linux.it>
May  9 01:39:01 stephen kernel: [    0.739519] PTP clock support registered
May  9 01:39:01 stephen kernel: [    0.739527] EDAC MC: Ver: 3.0.0
May  9 01:39:01 stephen sbkeysync[1294]:     7e021f15e3a67b75ace884999bedffe34213792a611e40e562e87e6b9a0cb282
May  9 01:39:01 stephen kernel: [    0.739558] Registered efivars operations
May  9 01:39:01 stephen sbkeysync[1294]:     f16b5fc361183f587120e602c0d65773afdfe786124184fa70805258d76d594c
May  9 01:39:01 stephen kernel: [    0.739558] NetLabel: Initializing
May  9 01:39:01 stephen sbkeysync[1294]:     04970157de52cdae14cf17ee369881d6245b3a6ab6352eabaee588a0584b0303
May  9 01:39:01 stephen kernel: [    0.739558] NetLabel:  domain hash size = 128
May  9 01:39:01 stephen kernel: [    0.739558] NetLabel:  protocols = UNLABELED CIPSOv4 CALIPSO
May  9 01:39:01 stephen kernel: [    0.739558] NetLabel:  unlabeled traffic allowed by default
May  9 01:39:01 stephen sbkeysync[1294]:     f58fbdf71be8c37cbbd6944e472c450b1043817b972914487c221033f3079e43
May  9 01:39:01 stephen kernel: [    0.739558] PCI: Using ACPI for IRQ routing
May  9 01:39:01 stephen kernel: [    0.743469] PCI: pci_cache_line_size set to 64 bytes
May  9 01:39:01 stephen sbkeysync[1294]:     /C=GB/ST=Isle of Man/L=Douglas/O=Canonical Ltd./CN=Canonical Ltd. Master Certificate Authority
May  9 01:39:01 stephen kernel: [    0.743469] e820: reserve RAM buffer [mem 0x09d1f000-0x0bffffff]
May  9 01:39:01 stephen kernel: [    0.743469] e820: reserve RAM buffer [mem 0x0a200000-0x0bffffff]
May  9 01:39:01 stephen kernel: [    0.743469] e820: reserve RAM buffer [mem 0x0b000000-0x0bffffff]
May  9 01:39:01 stephen kernel: [    0.743469] e820: reserve RAM buffer [mem 0x8fb41018-0x8fffffff]
May  9 01:39:01 stephen kernel: [    0.743469] e820: reserve RAM buffer [mem 0x8fb50018-0x8fffffff]
May  9 01:39:01 stephen sbkeysync[1294]:     /C=US/ST=Washington/L=Redmond/O=Microsoft Corporation/CN=Microsoft Windows Production PCA 2011
May  9 01:39:01 stephen kernel: [    0.743469] e820: reserve RAM buffer [mem 0xc54b1000-0xc7ffffff]
May  9 01:39:01 stephen kernel: [    0.743469] e820: reserve RAM buffer [mem 0xc8eb1000-0xcbffffff]
May  9 01:39:01 stephen kernel: [    0.743469] e820: reserve RAM buffer [mem 0xca2c6000-0xcbffffff]
May  9 01:39:01 stephen kernel: [    0.743469] e820: reserve RAM buffer [mem 0xcd000000-0xcfffffff]
May  9 01:39:01 stephen kernel: [    0.743469] e820: reserve RAM buffer [mem 0x102f300000-0x102fffffff]
May  9 01:39:01 stephen kernel: [    0.743488] hpet0: at MMIO 0xfed00000, IRQs 2, 8, 0
May  9 01:39:01 stephen sbkeysync[1294]:     /C=US/ST=Washington/L=Redmond/O=Microsoft Corporation/CN=Microsoft Corporation UEFI CA 2011
May  9 01:39:01 stephen kernel: [    0.743491] hpet0: 3 comparators, 32-bit 14.318180 MHz counter
May  9 01:39:01 stephen sbkeysync[1294]:     /CN=ASUSTeK Notebook SW Key Certificate
May  9 01:39:01 stephen kernel: [    0.744507] clocksource: Switched to clocksource tsc-early
May  9 01:39:01 stephen kernel: [    0.748000] VFS: Disk quotas dquot_6.6.0
May  9 01:39:01 stephen kernel: [    0.748013] VFS: Dquot-cache hash table entries: 512 (order 0, 4096 bytes)
May  9 01:39:01 stephen kernel: [    0.748086] AppArmor: AppArmor Filesystem Enabled
May  9 01:39:01 stephen sbkeysync[1294]:     /CN=ASUSTeK MotherBoard SW Key Certificate
May  9 01:39:01 stephen kernel: [    0.748098] pnp: PnP ACPI init
May  9 01:39:01 stephen kernel: [    0.748168] system 00:00: [mem 0xf0000000-0xf7ffffff] has been reserved
May  9 01:39:01 stephen kernel: [    0.748173] system 00:00: Plug and Play ACPI device, IDs PNP0c01 (active)
May  9 01:39:01 stephen sbkeysync[1294]:   dbx:
May  9 01:39:01 stephen kernel: [    0.748227] system 00:01: [mem 0xfd200000-0xfd2fffff] has been reserved
May  9 01:39:01 stephen kernel: [    0.748231] system 00:01: Plug and Play ACPI device, IDs PNP0c02 (active)
May  9 01:39:01 stephen kernel: [    0.748265] pnp 00:02: Plug and Play ACPI device, IDs PNP0b00 (active)
May  9 01:39:01 stephen kernel: [    0.748388] system 00:03: [io  0x0290-0x029f] has been reserved
May  9 01:39:01 stephen kernel: [    0.748391] system 00:03: [io  0x0200-0x021f] has been reserved
May  9 01:39:01 stephen kernel: [    0.748394] system 00:03: Plug and Play ACPI device, IDs PNP0c02 (active)
May  9 01:39:01 stephen kernel: [    0.748638] pnp 00:04: [dma 0 disabled]
May  9 01:39:01 stephen sbkeysync[1294]:     45c7c8ae750acfbb48fc37527d6412dd644daed8913ccd8a24c94d856967df8e
May  9 01:39:01 stephen kernel: [    0.748661] pnp 00:04: Plug and Play ACPI device, IDs PNP0501 (active)
May  9 01:39:01 stephen kernel: [    0.748909] system 00:05: [io  0x04d0-0x04d1] has been reserved
May  9 01:39:01 stephen kernel: [    0.748911] system 00:05: [io  0x040b] has been reserved
May  9 01:39:01 stephen kernel: [    0.748913] system 00:05: [io  0x04d6] has been reserved
May  9 01:39:01 stephen kernel: [    0.748916] system 00:05: [io  0x0c00-0x0c01] has been reserved
May  9 01:39:01 stephen kernel: [    0.748918] system 00:05: [io  0x0c14] has been reserved
May  9 01:39:01 stephen kernel: [    0.748920] system 00:05: [io  0x0c50-0x0c51] has been reserved
May  9 01:39:01 stephen kernel: [    0.748922] system 00:05: [io  0x0c52] has been reserved
May  9 01:39:01 stephen kernel: [    0.748924] system 00:05: [io  0x0c6c] has been reserved
May  9 01:39:01 stephen kernel: [    0.748925] system 00:05: [io  0x0c6f] has been reserved
May  9 01:39:01 stephen kernel: [    0.748927] system 00:05: [io  0x0cd8-0x0cdf] has been reserved
May  9 01:39:01 stephen kernel: [    0.748929] system 00:05: [io  0x0800-0x089f] has been reserved
May  9 01:39:01 stephen sbkeysync[1294]:     64575bd912789a2e14ad56f6341f52af6bf80cf94400785975e9f04e2d64d745
May  9 01:39:01 stephen sbkeysync[1294]:     939aeef4f5fa51e23340c3f2e49048ce8872526afdf752c3a7f3a3f2bc9f6049
May  9 01:39:01 stephen kernel: [    0.748931] system 00:05: [io  0x0b00-0x0b0f] has been reserved
May  9 01:39:01 stephen kernel: [    0.748933] system 00:05: [io  0x0b20-0x0b3f] has been reserved
May  9 01:39:01 stephen kernel: [    0.748935] system 00:05: [io  0x0900-0x090f] has been reserved
May  9 01:39:01 stephen sbkeysync[1294]:     3b0287533e0cc3d0ec1aa823cbf0a941aad8721579d1c499802dd1c3a636b8a9
May  9 01:39:01 stephen kernel: [    0.748937] system 00:05: [io  0x0910-0x091f] has been reserved
May  9 01:39:01 stephen kernel: [    0.748939] system 00:05: [mem 0xfec00000-0xfec00fff] could not be reserved
May  9 01:39:01 stephen kernel: [    0.748941] system 00:05: [mem 0xfec01000-0xfec01fff] could not be reserved
May  9 01:39:01 stephen sbkeysync[1294]:     c83cb13922ad99f560744675dd37cc94dcad5a1fcba6472fee341171d939e884
May  9 01:39:01 stephen kernel: [    0.748943] system 00:05: [mem 0xfedc0000-0xfedc0fff] has been reserved
May  9 01:39:01 stephen kernel: [    0.748945] system 00:05: [mem 0xfee00000-0xfee00fff] has been reserved
May  9 01:39:01 stephen kernel: [    0.748947] system 00:05: [mem 0xfed80000-0xfed8ffff] could not be reserved
May  9 01:39:01 stephen kernel: [    0.748949] system 00:05: [mem 0xfec10000-0xfec10fff] has been reserved
May  9 01:39:01 stephen kernel: [    0.748951] system 00:05: [mem 0xff000000-0xffffffff] has been reserved
May  9 01:39:01 stephen sbkeysync[1294]:     77dd190fa30d88ff5e3b011a0ae61e6209780c130b535ecb87e6f0888a0b6b2f
May  9 01:39:01 stephen kernel: [    0.748955] system 00:05: Plug and Play ACPI device, IDs PNP0c02 (active)
May  9 01:39:01 stephen kernel: [    0.749561] pnp: PnP ACPI: found 6 devices
May  9 01:39:01 stephen sbkeysync[1294]:     55b99b0de53dbcfe485aa9c737cf3fb616ef3d91fab599aa7cab19eda763b5ba
May  9 01:39:01 stephen kernel: [    0.755035] clocksource: acpi_pm: mask: 0xffffff max_cycles: 0xffffff, max_idle_ns: 2085701024 ns
May  9 01:39:01 stephen kernel: [    0.755075] NET: Registered protocol family 2
May  9 01:39:01 stephen kernel: [    0.755284] tcp_listen_portaddr_hash hash table entries: 32768 (order: 7, 524288 bytes, linear)
May  9 01:39:01 stephen kernel: [    0.755583] TCP established hash table entries: 524288 (order: 10, 4194304 bytes, linear)
May  9 01:39:01 stephen kernel: [    0.755942] TCP bind hash table entries: 65536 (order: 8, 1048576 bytes, linear)
May  9 01:39:01 stephen kernel: [    0.755993] TCP: Hash tables configured (established 524288 bind 65536)
May  9 01:39:01 stephen sbkeysync[1294]:     ca171d614a8d7e121c93948cd0fe55d39981f9d11aa96e03450a415227c2c65b
May  9 01:39:01 stephen kernel: [    0.756149] MPTCP token hash table entries: 65536 (order: 8, 1572864 bytes, linear)
May  9 01:39:01 stephen kernel: [    0.756255] UDP hash table entries: 32768 (order: 8, 1048576 bytes, linear)
May  9 01:39:01 stephen sbkeysync[1294]:     fecfb232d12e994b6d485d2c7167728aa5525984ad5ca61e7516221f079a1436
May  9 01:39:01 stephen kernel: [    0.756359] UDP-Lite hash table entries: 32768 (order: 8, 1048576 bytes, linear)
May  9 01:39:01 stephen kernel: [    0.756445] NET: Registered protocol family 1
May  9 01:39:01 stephen kernel: [    0.756448] NET: Registered protocol family 44
May  9 01:39:01 stephen kernel: [    0.756455] pci 0000:00:01.1: PCI bridge to [bus 01]
May  9 01:39:01 stephen sbkeysync[1294]:     fe63a84f782cc9d3fcf2ccf9fc11fbd03760878758d26285ed12669bdc6e6d01
May  9 01:39:01 stephen kernel: [    0.756459] pci 0000:00:01.1:   bridge window [mem 0xfc900000-0xfc9fffff]
May  9 01:39:01 stephen sbkeysync[1294]:     fddd6e3d29ea84c7743dad4a1bdbc700b5fec1b391f932409086acc71dd6dbd8
May  9 01:39:01 stephen kernel: [    0.756465] pci 0000:03:00.0: PCI bridge to [bus 04]
May  9 01:39:01 stephen kernel: [    0.756467] pci 0000:03:00.0:   bridge window [io  0xf000-0xffff]
May  9 01:39:01 stephen sbkeysync[1294]:     e92c22eb3b5642d65c1ec2caf247d2594738eebb7fb3841a44956f59e2b0d1fa
May  9 01:39:01 stephen kernel: [    0.756472] pci 0000:03:00.0:   bridge window [mem 0xfb000000-0xfc0fffff]
May  9 01:39:01 stephen kernel: [    0.756475] pci 0000:03:00.0:   bridge window [mem 0xe0000000-0xe9ffffff 64bit pref]
May  9 01:39:01 stephen kernel: [    0.756481] pci 0000:03:04.0: PCI bridge to [bus 05]
May  9 01:39:01 stephen kernel: [    0.756485] pci 0000:03:04.0:   bridge window [mem 0xfc300000-0xfc3fffff]
May  9 01:39:01 stephen sbkeysync[1294]:     d8cbeb9735f5672b367e4f96cdc74969615d17074ae96c724d42ce0216f8f3fa
May  9 01:39:01 stephen kernel: [    0.756493] pci 0000:03:08.0: PCI bridge to [bus 06]
May  9 01:39:01 stephen sbkeysync[1294]:     ce3bfabe59d67ce8ac8dfd4a16f7c43ef9c224513fbc655957d735fa29f540ce
May  9 01:39:01 stephen kernel: [    0.756504] pci 0000:03:09.0: PCI bridge to [bus 07]
May  9 01:39:01 stephen sbkeysync[1294]:     cb6b858b40d3a098765815b592c1514a49604fafd60819da88d7a76e9778fef7
May  9 01:39:01 stephen kernel: [    0.756506] pci 0000:03:09.0:   bridge window [io  0xe000-0xefff]
May  9 01:39:01 stephen kernel: [    0.756510] pci 0000:03:09.0:   bridge window [mem 0xfc200000-0xfc2fffff]
May  9 01:39:01 stephen kernel: [    0.756518] pci 0000:02:00.2: PCI bridge to [bus 03-07]
May  9 01:39:01 stephen sbkeysync[1294]:     c90f336617b8e7f983975413c997f10b73eb267fd8a10cb9e3bdbfc667abdb8b
May  9 01:39:01 stephen kernel: [    0.756520] pci 0000:02:00.2:   bridge window [io  0xe000-0xffff]
May  9 01:39:01 stephen sbkeysync[1294]:     c617c1a8b1ee2a811c28b5a81b4c83d7c98b5b0c27281d610207ebe692c2967f
May  9 01:39:01 stephen kernel: [    0.756524] pci 0000:02:00.2:   bridge window [mem 0xfb000000-0xfc3fffff]
May  9 01:39:01 stephen kernel: [    0.756527] pci 0000:02:00.2:   bridge window [mem 0xe0000000-0xe9ffffff 64bit pref]
May  9 01:39:01 stephen kernel: [    0.756533] pci 0000:00:01.2: PCI bridge to [bus 02-07]
May  9 01:39:01 stephen kernel: [    0.756534] pci 0000:00:01.2:   bridge window [io  0xe000-0xffff]
May  9 01:39:01 stephen sbkeysync[1294]:     c409bdac4775add8db92aa22b5b718fb8c94a1462c1fe9a416b95d8a3388c2fc
May  9 01:39:01 stephen kernel: [    0.756537] pci 0000:00:01.2:   bridge window [mem 0xfb000000-0xfc4fffff]
May  9 01:39:01 stephen sbkeysync[1294]:     bc87a668e81966489cb508ee805183c19e6acd24cf17799ca062d2e384da0ea7
May  9 01:39:01 stephen kernel: [    0.756540] pci 0000:00:01.2:   bridge window [mem 0xe0000000-0xe9ffffff 64bit pref]
May  9 01:39:01 stephen kernel: [    0.756543] pci 0000:00:07.1: PCI bridge to [bus 08]
May  9 01:39:01 stephen sbkeysync[1294]:     b97a0889059c035ff1d54b6db53b11b9766668d9f955247c028b2837d7a04cd9
May  9 01:39:01 stephen kernel: [    0.756550] pci 0000:00:08.1: PCI bridge to [bus 09]
May  9 01:39:01 stephen kernel: [    0.756552] pci 0000:00:08.1:   bridge window [mem 0xfc600000-0xfc8fffff]
May  9 01:39:01 stephen sbkeysync[1294]:     b8f078d983a24ac433216393883514cd932c33af18e7dd70884c8235f4275736
May  9 01:39:01 stephen kernel: [    0.756557] pci_bus 0000:00: resource 4 [io  0x0000-0x03af window]
May  9 01:39:01 stephen kernel: [    0.756558] pci_bus 0000:00: resource 5 [io  0x03e0-0x0cf7 window]
May  9 01:39:01 stephen kernel: [    0.756559] pci_bus 0000:00: resource 6 [io  0x03b0-0x03df window]
May  9 01:39:01 stephen kernel: [    0.756560] pci_bus 0000:00: resource 7 [io  0x0d00-0xffff window]
May  9 01:39:01 stephen sbkeysync[1294]:     b54f1ee636631fad68058d3b0937031ac1b90ccb17062a391cca68afdbe40d55
May  9 01:39:01 stephen kernel: [    0.756561] pci_bus 0000:00: resource 8 [mem 0x000a0000-0x000bffff window]
May  9 01:39:01 stephen kernel: [    0.756562] pci_bus 0000:00: resource 9 [mem 0x000c0000-0x000dffff window]
May  9 01:39:01 stephen kernel: [    0.756563] pci_bus 0000:00: resource 10 [mem 0xd0000000-0xfec2ffff window]
May  9 01:39:01 stephen sbkeysync[1294]:     afe2030afb7d2cda13f9fa333a02e34f6751afec11b010dbcd441fdf4c4002b3
May  9 01:39:01 stephen kernel: [    0.756564] pci_bus 0000:00: resource 11 [mem 0xfee00000-0xffffffff window]
May  9 01:39:01 stephen kernel: [    0.756565] pci_bus 0000:01: resource 1 [mem 0xfc900000-0xfc9fffff]
May  9 01:39:01 stephen kernel: [    0.756566] pci_bus 0000:02: resource 0 [io  0xe000-0xffff]
May  9 01:39:01 stephen kernel: [    0.756567] pci_bus 0000:02: resource 1 [mem 0xfb000000-0xfc4fffff]
May  9 01:39:01 stephen sbkeysync[1294]:     aeebae3151271273ed95aa2e671139ed31a98567303a332298f83709a9d55aa1
May  9 01:39:01 stephen kernel: [    0.756568] pci_bus 0000:02: resource 2 [mem 0xe0000000-0xe9ffffff 64bit pref]
May  9 01:39:01 stephen sbkeysync[1294]:     ad6826e1946d26d3eaf3685c88d97d85de3b4dcb3d0ee2ae81c70560d13c5720
May  9 01:39:01 stephen kernel: [    0.756569] pci_bus 0000:03: resource 0 [io  0xe000-0xffff]
May  9 01:39:01 stephen kernel: [    0.756570] pci_bus 0000:03: resource 1 [mem 0xfb000000-0xfc3fffff]
May  9 01:39:01 stephen kernel: [    0.756571] pci_bus 0000:03: resource 2 [mem 0xe0000000-0xe9ffffff 64bit pref]
May  9 01:39:01 stephen kernel: [    0.756572] pci_bus 0000:04: resource 0 [io  0xf000-0xffff]
May  9 01:39:01 stephen sbkeysync[1294]:     a7f32f508d4eb0fead9a087ef94ed1ba0aec5de6f7ef6ff0a62b93bedf5d458d
May  9 01:39:01 stephen sbkeysync[1294]:     a6b5151f3655d3a2af0d472759796be4a4200e5495a7d869754c4848857408a7
May  9 01:39:01 stephen sbkeysync[1294]:     9e4a69173161682e55fde8fef560eb88ec1ffedcaf04001f66c0caf707b2b734
May  9 01:39:01 stephen sbkeysync[1294]:     9998d363c491be16bd74ba10b94d9291001611736fdca643a36664bc0f315a42
May  9 01:39:01 stephen sbkeysync[1294]:     8d8ea289cfe70a1c07ab7365cb28ee51edd33cf2506de888fbadd60ebf80481c
May  9 01:39:01 stephen sbkeysync[1294]:     8bf434b49e00ccf71502a2cd900865cb01ec3b3da03c35be505fdf7bd563f521
May  9 01:39:01 stephen sbkeysync[1294]:     8ad64859f195b5f58dafaa940b6a6167acd67a886e8f469364177221c55945b9
May  9 01:39:01 stephen sbkeysync[1294]:     895a9785f617ca1d7ed44fc1a1470b71f3f1223862d9ff9dcc3ae2df92163daf
May  9 01:39:01 stephen sbkeysync[1294]:     82db3bceb4f60843ce9d97c3d187cd9b5941cd3de8100e586f2bda5637575f67
May  9 01:39:01 stephen sbkeysync[1294]:     81a8b965bb84d3876b9429a95481cc955318cfaa1412d808c8a33bfd33fff0e4
May  9 01:39:01 stephen sbkeysync[1294]:     7827af99362cfaf0717dade4b1bfe0438ad171c15addc248b75bf8caa44bb2c5
May  9 01:39:01 stephen sbkeysync[1294]:     72e0bd1867cf5d9d56ab158adf3bddbc82bf32a8d8aa1d8c5e2f6df29428d6d8
May  9 01:39:01 stephen sbkeysync[1294]:     726b3eb654046a30f3f83d9b96ce03f670e9a806d1708a0371e62dc49d2c23c1
May  9 01:39:01 stephen sbkeysync[1294]:     71f2906fd222497e54a34662ab2497fcc81020770ff51368e9e3d9bfcbfd6375
May  9 01:39:01 stephen sbkeysync[1294]:     6f1428ff71c9db0ed5af1f2e7bbfcbab647cc265ddf5b293cdb626f50a3a785e
May  9 01:39:01 stephen sbkeysync[1294]:     6c8854478dd559e29351b826c06cb8bfef2b94ad3538358772d193f82ed1ca11
May  9 01:39:01 stephen sbkeysync[1294]:     6b1d138078e4418aa68deb7bb35e066092cf479eeb8ce4cd12e7d072ccb42f66
May  9 01:39:01 stephen systemd[1]: secureboot-db.service: Succeeded.
May  9 01:39:01 stephen kernel: [    0.756573] pci_bus 0000:04: resource 1 [mem 0xfb000000-0xfc0fffff]
May  9 01:39:01 stephen apport[1250]:    ...done.
May  9 01:39:01 stephen kernel: [    0.756574] pci_bus 0000:04: resource 2 [mem 0xe0000000-0xe9ffffff 64bit pref]
May  9 01:39:01 stephen kernel: [    0.756575] pci_bus 0000:05: resource 1 [mem 0xfc300000-0xfc3fffff]
May  9 01:39:01 stephen kernel: [    0.756576] pci_bus 0000:07: resource 0 [io  0xe000-0xefff]
May  9 01:39:01 stephen kernel: [    0.756577] pci_bus 0000:07: resource 1 [mem 0xfc200000-0xfc2fffff]
May  9 01:39:01 stephen kernel: [    0.756578] pci_bus 0000:09: resource 1 [mem 0xfc600000-0xfc8fffff]
May  9 01:39:01 stephen sbkeysync[1294]:     5ae949ea8855eb93e439dbc65bda2e42852c2fdf6789fa146736e3c3410f2b5c
May  9 01:39:01 stephen kernel: [    0.756740] pci 0000:04:00.0: Video device with shadowed ROM at [mem 0x000c0000-0x000dffff]
May  9 01:39:01 stephen kernel: [    0.756762] pci 0000:04:00.1: D0 power state depends on 0000:04:00.0
May  9 01:39:01 stephen sbkeysync[1294]:     518831fe7382b514d03e15c621228b8ab65479bd0cbfa3c5c1d0f48d9c306135
May  9 01:39:01 stephen kernel: [    0.756915] PCI: CLS 64 bytes, default 64
May  9 01:39:01 stephen kernel: [    0.756941] Trying to unpack rootfs image as initramfs...
May  9 01:39:01 stephen kernel: [    0.859737] Freeing initrd memory: 99920K
May  9 01:39:01 stephen kernel: [    0.859828] pci 0000:00:00.2: AMD-Vi: IOMMU performance counters supported
May  9 01:39:01 stephen kernel: [    0.859871] pci 0000:00:01.0: Adding to iommu group 0
May  9 01:39:01 stephen kernel: [    0.859878] pci 0000:00:01.1: Adding to iommu group 1
May  9 01:39:01 stephen sbkeysync[1294]:     47cc086127e2069a86e03a6bef2cd410f8c55a6d6bdb362168c31b2ce32a5adf
May  9 01:39:01 stephen kernel: [    0.859885] pci 0000:00:01.2: Adding to iommu group 2
