May  7 22:49:19 stephen systemd-modules-load[782]: Inserted module 'msr'
May  7 22:49:19 stephen systemd[1]: Starting Flush Journal to Persistent Storage...
May  7 22:49:19 stephen systemd[1]: Finished Load/Save Random Seed.
May  7 22:49:19 stephen systemd[1]: Condition check resulted in First Boot Complete being skipped.
May  7 22:49:19 stephen systemd-sysusers[792]: Creating group systemd-coredump with gid 999.
May  7 22:49:19 stephen systemd-sysusers[792]: Creating user systemd-coredump (systemd Core Dumper) with uid 999 and gid 999.
May  7 22:49:19 stephen systemd[1]: Activated swap /swap.img.
May  7 22:49:19 stephen systemd[1]: Reached target Swap.
May  7 22:49:19 stephen systemd[1]: Finished Coldplug All udev Devices.
May  7 22:49:19 stephen systemd[1]: Starting Wait for udev To Complete Device Initialization...
May  7 22:49:19 stephen systemd-sysctl[793]: Not setting net/ipv4/conf/all/promote_secondaries (explicit setting exists).
May  7 22:49:19 stephen systemd-sysctl[793]: Not setting net/ipv4/conf/default/promote_secondaries (explicit setting exists).
May  7 22:49:19 stephen systemd[1]: Finished Monitoring of LVM2 mirrors, snapshots etc. using dmeventd or progress polling.
May  7 22:49:19 stephen systemd[1]: Finished Apply Kernel Variables.
May  7 22:49:19 stephen systemd[1]: Finished Flush Journal to Persistent Storage.
May  7 22:49:19 stephen systemd[1]: Finished Create System Users.
May  7 22:49:19 stephen systemd[1]: Starting Create Static Device Nodes in /dev...
May  7 22:49:19 stephen systemd[1]: Finished Create Static Device Nodes in /dev.
May  7 22:49:19 stephen kernel: [    0.000000] Linux version 5.11.0-16-generic (buildd@lgw01-amd64-035) (gcc (Ubuntu 10.3.0-1ubuntu1) 10.3.0, GNU ld (GNU Binutils for Ubuntu) 2.36.1) #17-Ubuntu SMP Wed Apr 14 20:12:43 UTC 2021 (Ubuntu 5.11.0-16.17-generic 5.11.12)
May  7 22:49:19 stephen systemd[1]: Starting Rule-based Manager for Device Events and Files...
May  7 22:49:19 stephen kernel: [    0.000000] Command line: BOOT_IMAGE=/boot/vmlinuz-5.11.0-16-generic root=UUID=1b63092c-1327-422f-a327-c8ddbfb3b056 ro
May  7 22:49:19 stephen kernel: [    0.000000] KERNEL supported cpus:
May  7 22:49:19 stephen kernel: [    0.000000]   Intel GenuineIntel
May  7 22:49:19 stephen kernel: [    0.000000]   AMD AuthenticAMD
May  7 22:49:19 stephen kernel: [    0.000000]   Hygon HygonGenuine
May  7 22:49:19 stephen systemd[1]: Started Rule-based Manager for Device Events and Files.
May  7 22:49:19 stephen kernel: [    0.000000]   Centaur CentaurHauls
May  7 22:49:19 stephen kernel: [    0.000000]   zhaoxin   Shanghai  
May  7 22:49:19 stephen kernel: [    0.000000] x86/fpu: Supporting XSAVE feature 0x001: 'x87 floating point registers'
May  7 22:49:19 stephen systemd[1]: Condition check resulted in Show Plymouth Boot Screen being skipped.
May  7 22:49:19 stephen kernel: [    0.000000] x86/fpu: Supporting XSAVE feature 0x002: 'SSE registers'
May  7 22:49:19 stephen kernel: [    0.000000] x86/fpu: Supporting XSAVE feature 0x004: 'AVX registers'
May  7 22:49:19 stephen kernel: [    0.000000] x86/fpu: Supporting XSAVE feature 0x200: 'Protection Keys User registers'
May  7 22:49:19 stephen kernel: [    0.000000] x86/fpu: xstate_offset[2]:  576, xstate_sizes[2]:  256
May  7 22:49:19 stephen systemd[1]: Started Dispatch Password Requests to Console Directory Watch.
May  7 22:49:19 stephen kernel: [    0.000000] x86/fpu: xstate_offset[9]:  832, xstate_sizes[9]:    8
May  7 22:49:19 stephen systemd[1]: Condition check resulted in Forward Password Requests to Plymouth Directory Watch being skipped.
May  7 22:49:19 stephen kernel: [    0.000000] x86/fpu: Enabled xstate features 0x207, context size is 840 bytes, using 'compacted' format.
May  7 22:49:19 stephen systemd[1]: Reached target Local Encrypted Volumes.
May  7 22:49:19 stephen kernel: [    0.000000] BIOS-provided physical RAM map:
May  7 22:49:19 stephen kernel: [    0.000000] BIOS-e820: [mem 0x0000000000000000-0x000000000009ffff] usable
May  7 22:49:19 stephen kernel: [    0.000000] BIOS-e820: [mem 0x00000000000a0000-0x00000000000fffff] reserved
May  7 22:49:19 stephen kernel: [    0.000000] BIOS-e820: [mem 0x0000000000100000-0x0000000009d1efff] usable
May  7 22:49:19 stephen kernel: [    0.000000] BIOS-e820: [mem 0x0000000009d1f000-0x0000000009ffffff] reserved
May  7 22:49:19 stephen systemd-udevd[827]: Using default interface naming scheme 'v247'.
May  7 22:49:19 stephen kernel: [    0.000000] BIOS-e820: [mem 0x000000000a000000-0x000000000a1fffff] usable
May  7 22:49:19 stephen kernel: [    0.000000] BIOS-e820: [mem 0x000000000a200000-0x000000000a20dfff] ACPI NVS
May  7 22:49:19 stephen kernel: [    0.000000] BIOS-e820: [mem 0x000000000a20e000-0x000000000affffff] usable
May  7 22:49:19 stephen kernel: [    0.000000] BIOS-e820: [mem 0x000000000b000000-0x000000000b01ffff] reserved
May  7 22:49:19 stephen kernel: [    0.000000] BIOS-e820: [mem 0x000000000b020000-0x00000000ca2c5fff] usable
May  7 22:49:19 stephen kernel: [    0.000000] BIOS-e820: [mem 0x00000000ca2c6000-0x00000000ca6bdfff] reserved
May  7 22:49:19 stephen kernel: [    0.000000] BIOS-e820: [mem 0x00000000ca6be000-0x00000000ca816fff] ACPI data
May  7 22:49:19 stephen kernel: [    0.000000] BIOS-e820: [mem 0x00000000ca817000-0x00000000caee4fff] ACPI NVS
May  7 22:49:19 stephen systemd-udevd[827]: ethtool: autonegotiation is unset or enabled, the speed and duplex are not writable.
May  7 22:49:19 stephen kernel: [    0.000000] BIOS-e820: [mem 0x00000000caee5000-0x00000000cbbfefff] reserved
May  7 22:49:19 stephen kernel: [    0.000000] BIOS-e820: [mem 0x00000000cbbff000-0x00000000ccffffff] usable
May  7 22:49:19 stephen kernel: [    0.000000] BIOS-e820: [mem 0x00000000cd000000-0x00000000cfffffff] reserved
May  7 22:49:19 stephen kernel: [    0.000000] BIOS-e820: [mem 0x00000000f0000000-0x00000000f7ffffff] reserved
May  7 22:49:19 stephen kernel: [    0.000000] BIOS-e820: [mem 0x00000000fd200000-0x00000000fd2fffff] reserved
May  7 22:49:19 stephen kernel: [    0.000000] BIOS-e820: [mem 0x00000000fd600000-0x00000000fd7fffff] reserved
May  7 22:49:19 stephen systemd[1]: Listening on Load/Save RF Kill Switch Status /dev/rfkill Watch.
May  7 22:49:19 stephen kernel: [    0.000000] BIOS-e820: [mem 0x00000000fea00000-0x00000000fea0ffff] reserved
May  7 22:49:19 stephen kernel: [    0.000000] BIOS-e820: [mem 0x00000000feb80000-0x00000000fec01fff] reserved
May  7 22:49:19 stephen kernel: [    0.000000] BIOS-e820: [mem 0x00000000fec10000-0x00000000fec10fff] reserved
May  7 22:49:19 stephen kernel: [    0.000000] BIOS-e820: [mem 0x00000000fec30000-0x00000000fec30fff] reserved
May  7 22:49:19 stephen kernel: [    0.000000] BIOS-e820: [mem 0x00000000fed00000-0x00000000fed00fff] reserved
May  7 22:49:19 stephen kernel: [    0.000000] BIOS-e820: [mem 0x00000000fed40000-0x00000000fed44fff] reserved
May  7 22:49:19 stephen kernel: [    0.000000] BIOS-e820: [mem 0x00000000fed80000-0x00000000fed8ffff] reserved
May  7 22:49:19 stephen systemd-udevd[870]: ethtool: autonegotiation is unset or enabled, the speed and duplex are not writable.
May  7 22:49:19 stephen kernel: [    0.000000] BIOS-e820: [mem 0x00000000fedc2000-0x00000000fedcffff] reserved
May  7 22:49:19 stephen kernel: [    0.000000] BIOS-e820: [mem 0x00000000fedd4000-0x00000000fedd5fff] reserved
May  7 22:49:19 stephen kernel: [    0.000000] BIOS-e820: [mem 0x00000000ff000000-0x00000000ffffffff] reserved
May  7 22:49:19 stephen kernel: [    0.000000] BIOS-e820: [mem 0x0000000100000000-0x000000102f2fffff] usable
May  7 22:49:19 stephen kernel: [    0.000000] BIOS-e820: [mem 0x000000102f300000-0x000000102fffffff] reserved
May  7 22:49:19 stephen udevadm[796]: systemd-udev-settle.service is deprecated. Please fix multipathd.service not to pull it in.
May  7 22:49:19 stephen kernel: [    0.000000] NX (Execute Disable) protection: active
May  7 22:49:19 stephen kernel: [    0.000000] e820: update [mem 0x8acd6018-0x8acf4e57] usable ==> usable
May  7 22:49:19 stephen kernel: [    0.000000] e820: update [mem 0x8acd6018-0x8acf4e57] usable ==> usable
May  7 22:49:19 stephen systemd[1]: Found device SanDisk_SSD_PLUS 1.
May  7 22:49:19 stephen kernel: [    0.000000] e820: update [mem 0x8acc7018-0x8acd5067] usable ==> usable
May  7 22:49:19 stephen kernel: [    0.000000] e820: update [mem 0x8acc7018-0x8acd5067] usable ==> usable
May  7 22:49:19 stephen systemd[1]: Reached target Sound Card.
May  7 22:49:19 stephen kernel: [    0.000000] extended physical RAM map:
May  7 22:49:19 stephen kernel: [    0.000000] reserve setup_data: [mem 0x0000000000000000-0x000000000009ffff] usable
May  7 22:49:19 stephen kernel: [    0.000000] reserve setup_data: [mem 0x00000000000a0000-0x00000000000fffff] reserved
May  7 22:49:19 stephen kernel: [    0.000000] reserve setup_data: [mem 0x0000000000100000-0x0000000009d1efff] usable
May  7 22:49:19 stephen kernel: [    0.000000] reserve setup_data: [mem 0x0000000009d1f000-0x0000000009ffffff] reserved
May  7 22:49:19 stephen kernel: [    0.000000] reserve setup_data: [mem 0x000000000a000000-0x000000000a1fffff] usable
May  7 22:49:19 stephen kernel: [    0.000000] reserve setup_data: [mem 0x000000000a200000-0x000000000a20dfff] ACPI NVS
May  7 22:49:19 stephen systemd[1]: Finished Wait for udev To Complete Device Initialization.
May  7 22:49:19 stephen kernel: [    0.000000] reserve setup_data: [mem 0x000000000a20e000-0x000000000affffff] usable
May  7 22:49:19 stephen kernel: [    0.000000] reserve setup_data: [mem 0x000000000b000000-0x000000000b01ffff] reserved
May  7 22:49:19 stephen kernel: [    0.000000] reserve setup_data: [mem 0x000000000b020000-0x000000008acc7017] usable
May  7 22:49:19 stephen kernel: [    0.000000] reserve setup_data: [mem 0x000000008acc7018-0x000000008acd5067] usable
May  7 22:49:19 stephen kernel: [    0.000000] reserve setup_data: [mem 0x000000008acd5068-0x000000008acd6017] usable
May  7 22:49:19 stephen systemd[1]: Starting Device-Mapper Multipath Device Controller...
May  7 22:49:19 stephen kernel: [    0.000000] reserve setup_data: [mem 0x000000008acd6018-0x000000008acf4e57] usable
May  7 22:49:19 stephen multipathd[1138]: --------start up--------
May  7 22:49:19 stephen multipathd[1138]: read /etc/multipath.conf
May  7 22:49:19 stephen kernel: [    0.000000] reserve setup_data: [mem 0x000000008acf4e58-0x00000000ca2c5fff] usable
May  7 22:49:19 stephen kernel: [    0.000000] reserve setup_data: [mem 0x00000000ca2c6000-0x00000000ca6bdfff] reserved
May  7 22:49:19 stephen kernel: [    0.000000] reserve setup_data: [mem 0x00000000ca6be000-0x00000000ca816fff] ACPI data
May  7 22:49:19 stephen kernel: [    0.000000] reserve setup_data: [mem 0x00000000ca817000-0x00000000caee4fff] ACPI NVS
May  7 22:49:19 stephen kernel: [    0.000000] reserve setup_data: [mem 0x00000000caee5000-0x00000000cbbfefff] reserved
May  7 22:49:19 stephen multipathd[1138]: failed to increase buffer size
May  7 22:49:19 stephen kernel: [    0.000000] reserve setup_data: [mem 0x00000000cbbff000-0x00000000ccffffff] usable
May  7 22:49:19 stephen multipathd[1138]: path checkers start up
May  7 22:49:19 stephen kernel: [    0.000000] reserve setup_data: [mem 0x00000000cd000000-0x00000000cfffffff] reserved
May  7 22:49:19 stephen kernel: [    0.000000] reserve setup_data: [mem 0x00000000f0000000-0x00000000f7ffffff] reserved
May  7 22:49:19 stephen kernel: [    0.000000] reserve setup_data: [mem 0x00000000fd200000-0x00000000fd2fffff] reserved
May  7 22:49:19 stephen kernel: [    0.000000] reserve setup_data: [mem 0x00000000fd600000-0x00000000fd7fffff] reserved
May  7 22:49:19 stephen kernel: [    0.000000] reserve setup_data: [mem 0x00000000fea00000-0x00000000fea0ffff] reserved
May  7 22:49:19 stephen kernel: [    0.000000] reserve setup_data: [mem 0x00000000feb80000-0x00000000fec01fff] reserved
May  7 22:49:19 stephen systemd[1]: Started Device-Mapper Multipath Device Controller.
May  7 22:49:19 stephen kernel: [    0.000000] reserve setup_data: [mem 0x00000000fec10000-0x00000000fec10fff] reserved
May  7 22:49:19 stephen kernel: [    0.000000] reserve setup_data: [mem 0x00000000fec30000-0x00000000fec30fff] reserved
May  7 22:49:19 stephen kernel: [    0.000000] reserve setup_data: [mem 0x00000000fed00000-0x00000000fed00fff] reserved
May  7 22:49:19 stephen kernel: [    0.000000] reserve setup_data: [mem 0x00000000fed40000-0x00000000fed44fff] reserved
May  7 22:49:19 stephen kernel: [    0.000000] reserve setup_data: [mem 0x00000000fed80000-0x00000000fed8ffff] reserved
May  7 22:49:19 stephen kernel: [    0.000000] reserve setup_data: [mem 0x00000000fedc2000-0x00000000fedcffff] reserved
May  7 22:49:19 stephen systemd[1]: Reached target Local File Systems (Pre).
May  7 22:49:19 stephen kernel: [    0.000000] reserve setup_data: [mem 0x00000000fedd4000-0x00000000fedd5fff] reserved
May  7 22:49:19 stephen kernel: [    0.000000] reserve setup_data: [mem 0x00000000ff000000-0x00000000ffffffff] reserved
May  7 22:49:19 stephen systemd[1]: Mounting Mount unit for core18, revision 1997...
May  7 22:49:19 stephen kernel: [    0.000000] reserve setup_data: [mem 0x0000000100000000-0x000000102f2fffff] usable
May  7 22:49:19 stephen kernel: [    0.000000] reserve setup_data: [mem 0x000000102f300000-0x000000102fffffff] reserved
May  7 22:49:19 stephen kernel: [    0.000000] efi: EFI v2.70 by American Megatrends
May  7 22:49:19 stephen kernel: [    0.000000] efi: ACPI=0xca816000 ACPI 2.0=0xca816014 SMBIOS=0xcba05000 SMBIOS 3.0=0xcba04000 MEMATTR=0xc4952018 ESRT=0xc8fd7518 MOKvar=0xcba31000 RNG=0xcba37e98 
May  7 22:49:19 stephen kernel: [    0.000000] efi: seeding entropy pool
May  7 22:49:19 stephen systemd[1]: Mounting Mount unit for lxd, revision 20037...
May  7 22:49:19 stephen kernel: [    0.000000] random: fast init done
May  7 22:49:19 stephen kernel: [    0.000000] secureboot: Secure boot disabled
May  7 22:49:19 stephen kernel: [    0.000000] SMBIOS 3.3.0 present.
May  7 22:49:19 stephen kernel: [    0.000000] DMI: ASUS System Product Name/PRIME B550-PLUS, BIOS 2006 03/19/2021
May  7 22:49:19 stephen kernel: [    0.000000] tsc: Fast TSC calibration using PIT
May  7 22:49:19 stephen kernel: [    0.000000] tsc: Detected 3393.787 MHz processor
May  7 22:49:19 stephen systemd[1]: Mounting Mount unit for snapd, revision 11588...
May  7 22:49:19 stephen kernel: [    0.000123] e820: update [mem 0x00000000-0x00000fff] usable ==> reserved
May  7 22:49:19 stephen kernel: [    0.000125] e820: remove [mem 0x000a0000-0x000fffff] usable
May  7 22:49:19 stephen kernel: [    0.000129] last_pfn = 0x102f300 max_arch_pfn = 0x400000000
May  7 22:49:19 stephen kernel: [    0.000132] MTRR default type: uncachable
May  7 22:49:19 stephen kernel: [    0.000132] MTRR fixed ranges enabled:
May  7 22:49:19 stephen systemd[1]: Starting File System Check on /dev/disk/by-uuid/2A6A-0F08...
May  7 22:49:19 stephen systemd[1]: Started File System Check Daemon to report status.
May  7 22:49:19 stephen systemd-fsck[1154]: fsck.fat 4.2 (2021-01-31)
May  7 22:49:19 stephen systemd-fsck[1154]: /dev/sdb1: 11 files, 1335/130811 clusters
May  7 22:49:19 stephen systemd[1]: Finished File System Check on /dev/disk/by-uuid/2A6A-0F08.
May  7 22:49:19 stephen systemd[1]: Mounting /boot/efi...
May  7 22:49:19 stephen systemd[1]: Mounted /boot/efi.
May  7 22:49:19 stephen systemd[1]: Mounted Mount unit for lxd, revision 20037.
May  7 22:49:19 stephen systemd[1]: Mounted Mount unit for core18, revision 1997.
May  7 22:49:19 stephen systemd[1]: Mounted Mount unit for snapd, revision 11588.
May  7 22:49:19 stephen systemd[1]: Reached target Local File Systems.
May  7 22:49:19 stephen systemd[1]: Starting Load AppArmor profiles...
May  7 22:49:19 stephen systemd[1]: Starting Set console font and keymap...
May  7 22:49:19 stephen systemd[1]: Starting Create final runtime dir for shutdown pivot root...
May  7 22:49:19 stephen systemd[1]: Condition check resulted in LXD - agent - 9p mount being skipped.
May  7 22:49:19 stephen systemd[1]: Condition check resulted in LXD - agent being skipped.
May  7 22:49:19 stephen systemd[1]: Starting Tell Plymouth To Write Out Runtime Data...
May  7 22:49:19 stephen systemd[1]: Condition check resulted in Store a System Token in an EFI Variable being skipped.
May  7 22:49:19 stephen systemd[1]: Condition check resulted in Commit a transient machine-id on disk being skipped.
May  7 22:49:19 stephen systemd[1]: Starting Create Volatile Files and Directories...
May  7 22:49:19 stephen systemd[1]: Finished Create final runtime dir for shutdown pivot root.
May  7 22:49:19 stephen apparmor.systemd[1163]: Restarting AppArmor
May  7 22:49:19 stephen apparmor.systemd[1163]: Reloading AppArmor profiles
May  7 22:49:19 stephen systemd[1]: Finished Tell Plymouth To Write Out Runtime Data.
May  7 22:49:19 stephen systemd[1]: Finished Create Volatile Files and Directories.
May  7 22:49:19 stephen systemd[1]: Starting Network Time Synchronization...
May  7 22:49:19 stephen systemd[1]: Starting Update UTMP about System Boot/Shutdown...
May  7 22:49:19 stephen kernel: [    0.000133]   00000-9FFFF write-back
May  7 22:49:19 stephen kernel: [    0.000134]   A0000-BFFFF write-through
May  7 22:49:19 stephen kernel: [    0.000134]   C0000-DFFFF uncachable
May  7 22:49:19 stephen systemd[1]: Finished Update UTMP about System Boot/Shutdown.
May  7 22:49:19 stephen kernel: [    0.000135]   E0000-FFFFF write-protect
May  7 22:49:19 stephen kernel: [    0.000135] MTRR variable ranges enabled:
May  7 22:49:19 stephen kernel: [    0.000136]   0 base 000000000000 mask FFFF80000000 write-back
May  7 22:49:19 stephen kernel: [    0.000137]   1 base 000080000000 mask FFFFC0000000 write-back
May  7 22:49:19 stephen kernel: [    0.000138]   2 base 0000C0000000 mask FFFFF0000000 write-back
May  7 22:49:19 stephen kernel: [    0.000138]   3 base 0000CB330000 mask FFFFFFFF0000 uncachable
May  7 22:49:19 stephen kernel: [    0.000139]   4 disabled
May  7 22:49:19 stephen kernel: [    0.000139]   5 disabled
May  7 22:49:19 stephen apparmor.systemd[1200]: Skipping profile in /etc/apparmor.d/disable: usr.sbin.rsyslogd
May  7 22:49:19 stephen kernel: [    0.000139]   6 disabled
May  7 22:49:19 stephen kernel: [    0.000140]   7 disabled
May  7 22:49:19 stephen kernel: [    0.000140] TOM2: 0000001030000000 aka 66304M
May  7 22:49:19 stephen systemd[1]: Started Network Time Synchronization.
May  7 22:49:19 stephen kernel: [    0.000951] x86/PAT: Configuration [0-7]: WB  WC  UC- UC  WB  WP  UC- WT  
May  7 22:49:19 stephen kernel: [    0.001308] total RAM covered: 3327M
May  7 22:49:19 stephen kernel: [    0.001391] Found optimal setting for mtrr clean up
May  7 22:49:19 stephen kernel: [    0.001392]  gran_size: 64K 	chunk_size: 128M 	num_reg: 4  	lose cover RAM: 0G
May  7 22:49:19 stephen kernel: [    0.001495] e820: update [mem 0xcb330000-0xcb33ffff] usable ==> reserved
May  7 22:49:19 stephen kernel: [    0.001500] e820: update [mem 0xd0000000-0xffffffff] usable ==> reserved
May  7 22:49:19 stephen kernel: [    0.001502] last_pfn = 0xcd000 max_arch_pfn = 0x400000000
May  7 22:49:19 stephen kernel: [    0.004210] ACPI: Early table checksum verification disabled
May  7 22:49:19 stephen kernel: [    0.004213] ACPI: RSDP 0x00000000CA816014 000024 (v02 ALASKA)
May  7 22:49:19 stephen systemd[1]: Reached target System Time Set.
May  7 22:49:19 stephen kernel: [    0.004216] ACPI: XSDT 0x00000000CA815728 0000CC (v01 ALASKA A M I    01072009 AMI  01000013)
May  7 22:49:19 stephen kernel: [    0.004220] ACPI: FACP 0x00000000CA806000 000114 (v06 ALASKA A M I    01072009 AMI  00010013)
May  7 22:49:19 stephen kernel: [    0.004224] ACPI: DSDT 0x00000000CA7FA000 00B99A (v02 ALASKA A M I    01072009 INTL 20120913)
May  7 22:49:19 stephen kernel: [    0.004226] ACPI: FACS 0x00000000CAECA000 000040
May  7 22:49:19 stephen kernel: [    0.004227] ACPI: SSDT 0x00000000CA80C000 008C98 (v02 AMD    AmdTable 00000002 MSFT 04000000)
May  7 22:49:19 stephen kernel: [    0.004229] ACPI: SSDT 0x00000000CA808000 003AAF (v01 AMD    AMD AOD  00000001 INTL 20120913)
May  7 22:49:19 stephen kernel: [    0.004231] ACPI: SSDT 0x00000000CA807000 0003F1 (v02 ALASKA CPUSSDT  01072009 AMI  01072009)
May  7 22:49:19 stephen systemd[1]: Reached target System Time Synchronized.
May  7 22:49:19 stephen kernel: [    0.004232] ACPI: FIDT 0x00000000CA7F9000 00009C (v01 ALASKA A M I    01072009 AMI  00010013)
May  7 22:49:19 stephen kernel: [    0.004234] ACPI: FPDT 0x00000000CA703000 000044 (v01 ALASKA A M I    01072009 AMI  01000013)
May  7 22:49:19 stephen kernel: [    0.004236] ACPI: MCFG 0x00000000CA7F7000 00003C (v01 ALASKA A M I    01072009 MSFT 00010013)
May  7 22:49:19 stephen kernel: [    0.004237] ACPI: HPET 0x00000000CA7F6000 000038 (v01 ALASKA A M I    01072009 AMI  00000005)
May  7 22:49:19 stephen kernel: [    0.004239] ACPI: IVRS 0x00000000CA7F4000 0000D0 (v02 AMD    AmdTable 00000001 AMD  00000001)
May  7 22:49:19 stephen kernel: [    0.004241] ACPI: WPBT 0x00000000CA719000 00003C (v01 ALASKA A M I    00000001 ASUS 00000001)
May  7 22:49:19 stephen kernel: [    0.004242] ACPI: PCCT 0x00000000CA718000 00006E (v02 AMD    AmdTable 00000001 AMD  00000001)
May  7 22:49:19 stephen systemd[1]: Finished Load AppArmor profiles.
May  7 22:49:19 stephen kernel: [    0.004244] ACPI: SSDT 0x00000000CA710000 007F29 (v02 AMD    AmdTable 00000001 AMD  00000001)
May  7 22:49:19 stephen kernel: [    0.004245] ACPI: CRAT 0x00000000CA70E000 001698 (v01 AMD    AmdTable 00000001 AMD  00000001)
May  7 22:49:19 stephen systemd[1]: Starting Load AppArmor profiles managed internally by snapd...
May  7 22:49:19 stephen kernel: [    0.004247] ACPI: CDIT 0x00000000CA70D000 000029 (v01 AMD    AmdTable 00000001 AMD  00000001)
May  7 22:49:19 stephen kernel: [    0.004249] ACPI: BGRT 0x00000000CA7F3000 000038 (v01 ALASKA A M I    01072009 AMI  00010013)
May  7 22:49:19 stephen kernel: [    0.004250] ACPI: SSDT 0x00000000CA70C000 00052C (v01 AMD    ArticNOI 00000001 INTL 20120913)
May  7 22:49:19 stephen kernel: [    0.004252] ACPI: SSDT 0x00000000CA708000 00381A (v01 AMD    ArticN   00000001 INTL 20120913)
May  7 22:49:19 stephen kernel: [    0.004253] ACPI: WSMT 0x00000000CA707000 000028 (v01 ALASKA A M I    01072009 AMI  00010013)
May  7 22:49:19 stephen systemd[1]: Condition check resulted in Authentication service for virtual machines hosted on VMware being skipped.
May  7 22:49:19 stephen kernel: [    0.004255] ACPI: APIC 0x00000000CA706000 00015E (v03 ALASKA A M I    01072009 AMI  00010013)
May  7 22:49:19 stephen kernel: [    0.004256] ACPI: SSDT 0x00000000CA705000 00007D (v01 AMD    ArticDIS 00000001 INTL 20120913)
May  7 22:49:19 stephen kernel: [    0.004258] ACPI: SSDT 0x00000000CA704000 0000BF (v01 AMD    AmdTable 00001000 INTL 20120913)
May  7 22:49:19 stephen kernel: [    0.004259] ACPI: Reserving FACP table memory at [mem 0xca806000-0xca806113]
May  7 22:49:19 stephen kernel: [    0.004260] ACPI: Reserving DSDT table memory at [mem 0xca7fa000-0xca805999]
May  7 22:49:19 stephen kernel: [    0.004261] ACPI: Reserving FACS table memory at [mem 0xcaeca000-0xcaeca03f]
May  7 22:49:19 stephen systemd[1]: Condition check resulted in Service for virtual machines hosted on VMware being skipped.
May  7 22:49:19 stephen kernel: [    0.004262] ACPI: Reserving SSDT table memory at [mem 0xca80c000-0xca814c97]
May  7 22:49:19 stephen kernel: [    0.004262] ACPI: Reserving SSDT table memory at [mem 0xca808000-0xca80baae]
May  7 22:49:19 stephen kernel: [    0.004263] ACPI: Reserving SSDT table memory at [mem 0xca807000-0xca8073f0]
May  7 22:49:19 stephen kernel: [    0.004263] ACPI: Reserving FIDT table memory at [mem 0xca7f9000-0xca7f909b]
May  7 22:49:19 stephen kernel: [    0.004264] ACPI: Reserving FPDT table memory at [mem 0xca703000-0xca703043]
May  7 22:49:19 stephen kernel: [    0.004264] ACPI: Reserving MCFG table memory at [mem 0xca7f7000-0xca7f703b]
May  7 22:49:19 stephen kernel: [    0.004265] ACPI: Reserving HPET table memory at [mem 0xca7f6000-0xca7f6037]
May  7 22:49:19 stephen kernel: [    0.004265] ACPI: Reserving IVRS table memory at [mem 0xca7f4000-0xca7f40cf]
May  7 22:49:19 stephen systemd[1]: Starting Initial cloud-init job (pre-networking)...
May  7 22:49:19 stephen kernel: [    0.004266] ACPI: Reserving WPBT table memory at [mem 0xca719000-0xca71903b]
May  7 22:49:19 stephen kernel: [    0.004266] ACPI: Reserving PCCT table memory at [mem 0xca718000-0xca71806d]
May  7 22:49:19 stephen kernel: [    0.004267] ACPI: Reserving SSDT table memory at [mem 0xca710000-0xca717f28]
May  7 22:49:19 stephen kernel: [    0.004267] ACPI: Reserving CRAT table memory at [mem 0xca70e000-0xca70f697]
May  7 22:49:19 stephen kernel: [    0.004268] ACPI: Reserving CDIT table memory at [mem 0xca70d000-0xca70d028]
May  7 22:49:19 stephen kernel: [    0.004269] ACPI: Reserving BGRT table memory at [mem 0xca7f3000-0xca7f3037]
May  7 22:49:19 stephen kernel: [    0.004269] ACPI: Reserving SSDT table memory at [mem 0xca70c000-0xca70c52b]
May  7 22:49:19 stephen systemd[1]: Finished Set console font and keymap.
May  7 22:49:19 stephen kernel: [    0.004270] ACPI: Reserving SSDT table memory at [mem 0xca708000-0xca70b819]
May  7 22:49:19 stephen kernel: [    0.004270] ACPI: Reserving WSMT table memory at [mem 0xca707000-0xca707027]
May  7 22:49:19 stephen kernel: [    0.004271] ACPI: Reserving APIC table memory at [mem 0xca706000-0xca70615d]
May  7 22:49:19 stephen kernel: [    0.004271] ACPI: Reserving SSDT table memory at [mem 0xca705000-0xca70507c]
May  7 22:49:19 stephen kernel: [    0.004272] ACPI: Reserving SSDT table memory at [mem 0xca704000-0xca7040be]
May  7 22:49:19 stephen kernel: [    0.004275] esrt: Reserving ESRT space from 0x00000000c8fd7518 to 0x00000000c8fd7550.
May  7 22:49:19 stephen kernel: [    0.004281] e820: update [mem 0xc8fd7000-0xc8fd7fff] usable ==> reserved
May  7 22:49:19 stephen systemd[1]: Finished Load AppArmor profiles managed internally by snapd.
May  7 22:49:19 stephen kernel: [    0.004289] efi: Failed to lookup EFI memory descriptor for 0x00000000cba31000
May  7 22:49:19 stephen kernel: [    0.004299] check: Scanning 1 areas for low memory corruption
May  7 22:49:19 stephen kernel: [    0.004303] Using GB pages for direct mapping
May  7 22:49:19 stephen kernel: [    0.004709] secureboot: Secure boot disabled
May  7 22:49:19 stephen kernel: [    0.004710] RAMDISK: [mem 0x36ac1000-0x3cc54fff]
May  7 22:49:19 stephen kernel: [    0.004718] ACPI: Local APIC address 0xfee00000
May  7 22:49:19 stephen cloud-init[1405]: Cloud-init v. 21.1-19-gbad84ad4-0ubuntu2 running 'init-local' at Fri, 07 May 2021 22:49:13 +0000. Up 25.00 seconds.
May  7 22:49:19 stephen kernel: [    0.004758] No NUMA configuration found
May  7 22:49:19 stephen kernel: [    0.004759] Faking a node at [mem 0x0000000000000000-0x000000102f2fffff]
May  7 22:49:19 stephen kernel: [    0.004764] NODE_DATA(0) allocated [mem 0x102f2d6000-0x102f2fffff]
May  7 22:49:19 stephen kernel: [    0.004941] Zone ranges:
May  7 22:49:19 stephen kernel: [    0.004942]   DMA      [mem 0x0000000000001000-0x0000000000ffffff]
May  7 22:49:19 stephen systemd[1]: Finished Initial cloud-init job (pre-networking).
May  7 22:49:19 stephen kernel: [    0.004943]   DMA32    [mem 0x0000000001000000-0x00000000ffffffff]
May  7 22:49:19 stephen kernel: [    0.004944]   Normal   [mem 0x0000000100000000-0x000000102f2fffff]
May  7 22:49:19 stephen kernel: [    0.004945]   Device   empty
May  7 22:49:19 stephen kernel: [    0.004945] Movable zone start for each node
May  7 22:49:19 stephen kernel: [    0.004946] Early memory node ranges
May  7 22:49:19 stephen systemd[1]: Reached target Network (Pre).
May  7 22:49:19 stephen kernel: [    0.004947]   node   0: [mem 0x0000000000001000-0x000000000009ffff]
May  7 22:49:19 stephen kernel: [    0.004948]   node   0: [mem 0x0000000000100000-0x0000000009d1efff]
May  7 22:49:19 stephen kernel: [    0.004948]   node   0: [mem 0x000000000a000000-0x000000000a1fffff]
May  7 22:49:19 stephen kernel: [    0.004949]   node   0: [mem 0x000000000a20e000-0x000000000affffff]
May  7 22:49:19 stephen kernel: [    0.004949]   node   0: [mem 0x000000000b020000-0x00000000ca2c5fff]
May  7 22:49:19 stephen kernel: [    0.004950]   node   0: [mem 0x00000000cbbff000-0x00000000ccffffff]
May  7 22:49:19 stephen kernel: [    0.004951]   node   0: [mem 0x0000000100000000-0x000000102f2fffff]
May  7 22:49:19 stephen kernel: [    0.004954] Initmem setup node 0 [mem 0x0000000000001000-0x000000102f2fffff]
May  7 22:49:19 stephen systemd[1]: Starting Network Service...
May  7 22:49:19 stephen kernel: [    0.004955] On node 0 totalpages: 16754263
May  7 22:49:19 stephen kernel: [    0.004955]   DMA zone: 64 pages used for memmap
May  7 22:49:19 stephen kernel: [    0.004956]   DMA zone: 24 pages reserved
May  7 22:49:19 stephen kernel: [    0.004956]   DMA zone: 3999 pages, LIFO batch:0
May  7 22:49:19 stephen kernel: [    0.005070]   DMA zone: 28769 pages in unavailable ranges
May  7 22:49:19 stephen kernel: [    0.005071]   DMA32 zone: 12943 pages used for memmap
May  7 22:49:19 stephen kernel: [    0.005072]   DMA32 zone: 828344 pages, LIFO batch:63
May  7 22:49:19 stephen kernel: [    0.007772]   DMA32 zone: 19528 pages in unavailable ranges
May  7 22:49:19 stephen systemd-networkd[1407]: Enumeration completed
May  7 22:49:19 stephen kernel: [    0.007773]   Normal zone: 248780 pages used for memmap
May  7 22:49:19 stephen kernel: [    0.007774]   Normal zone: 15921920 pages, LIFO batch:63
May  7 22:49:19 stephen kernel: [    0.074170]   Normal zone: 3328 pages in unavailable ranges
May  7 22:49:19 stephen kernel: [    0.074614] ACPI: PM-Timer IO Port: 0x808
May  7 22:49:19 stephen systemd[1]: Started Network Service.
May  7 22:49:19 stephen kernel: [    0.074616] ACPI: Local APIC address 0xfee00000
May  7 22:49:19 stephen systemd[1]: Starting Wait for Network to be Configured...
May  7 22:49:19 stephen systemd[1]: Starting Network Name Resolution...
May  7 22:49:19 stephen systemd-resolved[1409]: Positive Trust Anchors:
May  7 22:49:19 stephen systemd-resolved[1409]: . IN DS 20326 8 2 e06d44b80b8f1d39a95c0b0d7c65d08458e880409bbc683457104237c7f8ec8d
May  7 22:49:19 stephen systemd-resolved[1409]: Negative trust anchors: 10.in-addr.arpa 16.172.in-addr.arpa 17.172.in-addr.arpa 18.172.in-addr.arpa 19.172.in-addr.arpa 20.172.in-addr.arpa 21.172.in-addr.arpa 22.172.in-addr.arpa 23.172.in-addr.arpa 24.172.in-addr.arpa 25.172.in-addr.arpa 26.172.in-addr.arpa 27.172.in-addr.arpa 28.172.in-addr.arpa 29.172.in-addr.arpa 30.172.in-addr.arpa 31.172.in-addr.arpa 168.192.in-addr.arpa d.f.ip6.arpa corp home internal intranet lan local private test
May  7 22:49:19 stephen systemd-resolved[1409]: Using system hostname 'stephen'.
May  7 22:49:19 stephen systemd-networkd[1407]: enp7s0: Link UP
May  7 22:49:19 stephen systemd[1]: Started Network Name Resolution.
May  7 22:49:19 stephen systemd[1]: Reached target Network.
May  7 22:49:19 stephen systemd[1]: Reached target Host and Network Name Lookups.
May  7 22:49:19 stephen systemd-networkd[1407]: enp7s0: Gained carrier
May  7 22:49:19 stephen systemd-networkd[1407]: enp7s0: DHCPv4 address 192.168.0.21/24 via 192.168.0.1
May  7 22:49:19 stephen systemd-timesyncd[1191]: Network configuration changed, trying to establish connection.
May  7 22:49:19 stephen systemd-networkd[1407]: enp7s0: Gained IPv6LL
May  7 22:49:19 stephen systemd-timesyncd[1191]: Network configuration changed, trying to establish connection.
May  7 22:49:19 stephen systemd-networkd-wait-online[1408]: managing: enp7s0
May  7 22:49:19 stephen systemd[1]: Finished Wait for Network to be Configured.
May  7 22:49:19 stephen systemd[1]: Starting Initial cloud-init job (metadata service crawler)...
May  7 22:49:19 stephen kernel: [    0.074622] ACPI: LAPIC_NMI (acpi_id[0xff] high edge lint[0x1])
May  7 22:49:19 stephen kernel: [    0.074634] IOAPIC[0]: apic_id 33, version 33, address 0xfec00000, GSI 0-23
May  7 22:49:19 stephen cloud-init[1415]: Cloud-init v. 21.1-19-gbad84ad4-0ubuntu2 running 'init' at Fri, 07 May 2021 22:49:19 +0000. Up 30.44 seconds.
May  7 22:49:19 stephen kernel: [    0.074640] IOAPIC[1]: apic_id 34, version 33, address 0xfec01000, GSI 24-55
May  7 22:49:19 stephen kernel: [    0.074641] ACPI: INT_SRC_OVR (bus 0 bus_irq 0 global_irq 2 dfl dfl)
May  7 22:49:19 stephen kernel: [    0.074642] ACPI: INT_SRC_OVR (bus 0 bus_irq 9 global_irq 9 low level)
May  7 22:49:19 stephen cloud-init[1415]: ci-info: +++++++++++++++++++++++++++++++++++++++Net device info+++++++++++++++++++++++++++++++++++++++
May  7 22:49:19 stephen kernel: [    0.074644] ACPI: IRQ0 used by override.
May  7 22:49:19 stephen cloud-init[1415]: ci-info: +--------+------+------------------------------+---------------+--------+-------------------+
May  7 22:49:19 stephen kernel: [    0.074644] ACPI: IRQ9 used by override.
May  7 22:49:19 stephen kernel: [    0.074645] Using ACPI (MADT) for SMP configuration information
May  7 22:49:19 stephen cloud-init[1415]: ci-info: | Device |  Up  |           Address            |      Mask     | Scope  |     Hw-Address    |
May  7 22:49:19 stephen kernel: [    0.074647] ACPI: HPET id: 0x10228201 base: 0xfed00000
May  7 22:49:19 stephen kernel: [    0.074653] e820: update [mem 0xc5bb9000-0xc5cacfff] usable ==> reserved
May  7 22:49:19 stephen kernel: [    0.074661] smpboot: Allowing 32 CPUs, 0 hotplug CPUs
May  7 22:49:19 stephen kernel: [    0.074678] PM: hibernation: Registered nosave memory: [mem 0x00000000-0x00000fff]
May  7 22:49:19 stephen kernel: [    0.074679] PM: hibernation: Registered nosave memory: [mem 0x000a0000-0x000fffff]
May  7 22:49:19 stephen cloud-init[1415]: ci-info: +--------+------+------------------------------+---------------+--------+-------------------+
May  7 22:49:19 stephen kernel: [    0.074680] PM: hibernation: Registered nosave memory: [mem 0x09d1f000-0x09ffffff]
May  7 22:49:19 stephen kernel: [    0.074681] PM: hibernation: Registered nosave memory: [mem 0x0a200000-0x0a20dfff]
May  7 22:49:19 stephen kernel: [    0.074682] PM: hibernation: Registered nosave memory: [mem 0x0b000000-0x0b01ffff]
May  7 22:49:19 stephen cloud-init[1415]: ci-info: | enp7s0 | True |         192.168.0.21         | 255.255.255.0 | global | f0:2f:74:33:d7:c4 |
May  7 22:49:19 stephen kernel: [    0.074683] PM: hibernation: Registered nosave memory: [mem 0x8acc7000-0x8acc7fff]
May  7 22:49:19 stephen kernel: [    0.074685] PM: hibernation: Registered nosave memory: [mem 0x8acd5000-0x8acd5fff]
May  7 22:49:19 stephen kernel: [    0.074685] PM: hibernation: Registered nosave memory: [mem 0x8acd6000-0x8acd6fff]
May  7 22:49:19 stephen kernel: [    0.074686] PM: hibernation: Registered nosave memory: [mem 0x8acf4000-0x8acf4fff]
May  7 22:49:19 stephen kernel: [    0.074687] PM: hibernation: Registered nosave memory: [mem 0xc5bb9000-0xc5cacfff]
May  7 22:49:19 stephen cloud-init[1415]: ci-info: | enp7s0 | True | fe80::f22f:74ff:fe33:d7c4/64 |       .       |  link  | f0:2f:74:33:d7:c4 |
May  7 22:49:19 stephen kernel: [    0.074688] PM: hibernation: Registered nosave memory: [mem 0xc8fd7000-0xc8fd7fff]
May  7 22:49:19 stephen kernel: [    0.074689] PM: hibernation: Registered nosave memory: [mem 0xca2c6000-0xca6bdfff]
May  7 22:49:19 stephen cloud-init[1415]: ci-info: |   lo   | True |          127.0.0.1           |   255.0.0.0   |  host  |         .         |
May  7 22:49:19 stephen kernel: [    0.074690] PM: hibernation: Registered nosave memory: [mem 0xca6be000-0xca816fff]
May  7 22:49:19 stephen cloud-init[1415]: ci-info: |   lo   | True |           ::1/128            |       .       |  host  |         .         |
May  7 22:49:19 stephen kernel: [    0.074690] PM: hibernation: Registered nosave memory: [mem 0xca817000-0xcaee4fff]
May  7 22:49:19 stephen kernel: [    0.074691] PM: hibernation: Registered nosave memory: [mem 0xcaee5000-0xcbbfefff]
May  7 22:49:19 stephen kernel: [    0.074692] PM: hibernation: Registered nosave memory: [mem 0xcd000000-0xcfffffff]
May  7 22:49:19 stephen kernel: [    0.074692] PM: hibernation: Registered nosave memory: [mem 0xd0000000-0xefffffff]
May  7 22:49:19 stephen kernel: [    0.074693] PM: hibernation: Registered nosave memory: [mem 0xf0000000-0xf7ffffff]
May  7 22:49:19 stephen kernel: [    0.074693] PM: hibernation: Registered nosave memory: [mem 0xf8000000-0xfd1fffff]
May  7 22:49:19 stephen cloud-init[1415]: ci-info: +--------+------+------------------------------+---------------+--------+-------------------+
May  7 22:49:19 stephen kernel: [    0.074694] PM: hibernation: Registered nosave memory: [mem 0xfd200000-0xfd2fffff]
May  7 22:49:19 stephen kernel: [    0.074694] PM: hibernation: Registered nosave memory: [mem 0xfd300000-0xfd5fffff]
May  7 22:49:19 stephen kernel: [    0.074695] PM: hibernation: Registered nosave memory: [mem 0xfd600000-0xfd7fffff]
May  7 22:49:19 stephen kernel: [    0.074695] PM: hibernation: Registered nosave memory: [mem 0xfd800000-0xfe9fffff]
May  7 22:49:19 stephen kernel: [    0.074695] PM: hibernation: Registered nosave memory: [mem 0xfea00000-0xfea0ffff]
May  7 22:49:19 stephen kernel: [    0.074696] PM: hibernation: Registered nosave memory: [mem 0xfea10000-0xfeb7ffff]
May  7 22:49:19 stephen cloud-init[1415]: ci-info: ++++++++++++++++++++++++++++++Route IPv4 info++++++++++++++++++++++++++++++
May  7 22:49:19 stephen kernel: [    0.074696] PM: hibernation: Registered nosave memory: [mem 0xfeb80000-0xfec01fff]
May  7 22:49:19 stephen kernel: [    0.074697] PM: hibernation: Registered nosave memory: [mem 0xfec02000-0xfec0ffff]
May  7 22:49:19 stephen kernel: [    0.074697] PM: hibernation: Registered nosave memory: [mem 0xfec10000-0xfec10fff]
May  7 22:49:19 stephen kernel: [    0.074698] PM: hibernation: Registered nosave memory: [mem 0xfec11000-0xfec2ffff]
May  7 22:49:19 stephen kernel: [    0.074698] PM: hibernation: Registered nosave memory: [mem 0xfec30000-0xfec30fff]
May  7 22:49:19 stephen kernel: [    0.074699] PM: hibernation: Registered nosave memory: [mem 0xfec31000-0xfecfffff]
May  7 22:49:19 stephen kernel: [    0.074699] PM: hibernation: Registered nosave memory: [mem 0xfed00000-0xfed00fff]
May  7 22:49:19 stephen kernel: [    0.074700] PM: hibernation: Registered nosave memory: [mem 0xfed01000-0xfed3ffff]
May  7 22:49:19 stephen kernel: [    0.074700] PM: hibernation: Registered nosave memory: [mem 0xfed40000-0xfed44fff]
May  7 22:49:19 stephen cloud-init[1415]: ci-info: +-------+-------------+-------------+-----------------+-----------+-------+
May  7 22:49:19 stephen kernel: [    0.074701] PM: hibernation: Registered nosave memory: [mem 0xfed45000-0xfed7ffff]
May  7 22:49:19 stephen kernel: [    0.074701] PM: hibernation: Registered nosave memory: [mem 0xfed80000-0xfed8ffff]
May  7 22:49:19 stephen kernel: [    0.074701] PM: hibernation: Registered nosave memory: [mem 0xfed90000-0xfedc1fff]
May  7 22:49:19 stephen kernel: [    0.074702] PM: hibernation: Registered nosave memory: [mem 0xfedc2000-0xfedcffff]
May  7 22:49:19 stephen kernel: [    0.074702] PM: hibernation: Registered nosave memory: [mem 0xfedd0000-0xfedd3fff]
May  7 22:49:19 stephen kernel: [    0.074703] PM: hibernation: Registered nosave memory: [mem 0xfedd4000-0xfedd5fff]
May  7 22:49:19 stephen cloud-init[1415]: ci-info: | Route | Destination |   Gateway   |     Genmask     | Interface | Flags |
May  7 22:49:19 stephen kernel: [    0.074703] PM: hibernation: Registered nosave memory: [mem 0xfedd6000-0xfeffffff]
May  7 22:49:19 stephen kernel: [    0.074704] PM: hibernation: Registered nosave memory: [mem 0xff000000-0xffffffff]
May  7 22:49:19 stephen kernel: [    0.074705] [mem 0xd0000000-0xefffffff] available for PCI devices
May  7 22:49:19 stephen kernel: [    0.074706] Booting paravirtualized kernel on bare hardware
May  7 22:49:19 stephen kernel: [    0.074708] clocksource: refined-jiffies: mask: 0xffffffff max_cycles: 0xffffffff, max_idle_ns: 7645519600211568 ns
May  7 22:49:19 stephen cloud-init[1415]: ci-info: +-------+-------------+-------------+-----------------+-----------+-------+
May  7 22:49:19 stephen kernel: [    0.074712] setup_percpu: NR_CPUS:8192 nr_cpumask_bits:32 nr_cpu_ids:32 nr_node_ids:1
May  7 22:49:19 stephen kernel: [    0.075527] percpu: Embedded 56 pages/cpu s192512 r8192 d28672 u262144
May  7 22:49:19 stephen kernel: [    0.075533] pcpu-alloc: s192512 r8192 d28672 u262144 alloc=1*2097152
May  7 22:49:19 stephen kernel: [    0.075534] pcpu-alloc: [0] 00 01 02 03 04 05 06 07 [0] 08 09 10 11 12 13 14 15 
May  7 22:49:19 stephen kernel: [    0.075539] pcpu-alloc: [0] 16 17 18 19 20 21 22 23 [0] 24 25 26 27 28 29 30 31 
May  7 22:49:19 stephen kernel: [    0.075564] Built 1 zonelists, mobility grouping on.  Total pages: 16492452
May  7 22:49:19 stephen cloud-init[1415]: ci-info: |   0   |   0.0.0.0   | 192.168.0.1 |     0.0.0.0     |   enp7s0  |   UG  |
May  7 22:49:19 stephen kernel: [    0.075565] Policy zone: Normal
May  7 22:49:19 stephen kernel: [    0.075566] Kernel command line: BOOT_IMAGE=/boot/vmlinuz-5.11.0-16-generic root=UUID=1b63092c-1327-422f-a327-c8ddbfb3b056 ro
May  7 22:49:19 stephen kernel: [    0.078745] Dentry cache hash table entries: 8388608 (order: 14, 67108864 bytes, linear)
May  7 22:49:19 stephen kernel: [    0.080325] Inode-cache hash table entries: 4194304 (order: 13, 33554432 bytes, linear)
May  7 22:49:19 stephen kernel: [    0.080387] mem auto-init: stack:off, heap alloc:on, heap free:off
May  7 22:49:19 stephen kernel: [    0.160472] Memory: 65541664K/67017052K available (16393K kernel code, 3476K rwdata, 10148K rodata, 2688K init, 5976K bss, 1475128K reserved, 0K cma-reserved)
May  7 22:49:19 stephen cloud-init[1415]: ci-info: |   1   | 192.168.0.0 |   0.0.0.0   |  255.255.255.0  |   enp7s0  |   U   |
May  7 22:49:19 stephen kernel: [    0.160479] random: get_random_u64 called from kmem_cache_open+0x27/0x230 with crng_init=1
May  7 22:49:19 stephen kernel: [    0.160547] SLUB: HWalign=64, Order=0-3, MinObjects=0, CPUs=32, Nodes=1
May  7 22:49:19 stephen kernel: [    0.160556] ftrace: allocating 51209 entries in 201 pages
May  7 22:49:19 stephen kernel: [    0.172791] ftrace: allocated 201 pages with 4 groups
May  7 22:49:19 stephen kernel: [    0.172880] rcu: Hierarchical RCU implementation.
May  7 22:49:19 stephen kernel: [    0.172881] rcu: 	RCU restricting CPUs from NR_CPUS=8192 to nr_cpu_ids=32.
May  7 22:49:19 stephen kernel: [    0.172882] 	Rude variant of Tasks RCU enabled.
May  7 22:49:19 stephen cloud-init[1415]: ci-info: |   2   | 192.168.0.1 |   0.0.0.0   | 255.255.255.255 |   enp7s0  |   UH  |
May  7 22:49:19 stephen kernel: [    0.172883] 	Tracing variant of Tasks RCU enabled.
May  7 22:49:19 stephen kernel: [    0.172883] rcu: RCU calculated value of scheduler-enlistment delay is 25 jiffies.
May  7 22:49:19 stephen kernel: [    0.172884] rcu: Adjusting geometry for rcu_fanout_leaf=16, nr_cpu_ids=32
May  7 22:49:19 stephen kernel: [    0.174630] NR_IRQS: 524544, nr_irqs: 1224, preallocated irqs: 16
May  7 22:49:19 stephen kernel: [    0.174888] random: crng done (trusting CPU's manufacturer)
May  7 22:49:19 stephen kernel: [    0.174905] Console: colour dummy device 80x25
May  7 22:49:19 stephen cloud-init[1415]: ci-info: +-------+-------------+-------------+-----------------+-----------+-------+
May  7 22:49:19 stephen kernel: [    0.175053] printk: console [tty0] enabled
May  7 22:49:19 stephen kernel: [    0.175065] ACPI: Core revision 20201113
May  7 22:49:19 stephen kernel: [    0.175159] clocksource: hpet: mask: 0xffffffff max_cycles: 0xffffffff, max_idle_ns: 133484873504 ns
May  7 22:49:19 stephen kernel: [    0.175174] APIC: Switch to symmetric I/O mode setup
May  7 22:49:19 stephen kernel: [    0.494384] Switched APIC routing to physical flat.
May  7 22:49:19 stephen cloud-init[1415]: ci-info: +++++++++++++++++++Route IPv6 info+++++++++++++++++++
May  7 22:49:19 stephen kernel: [    0.494988] ..TIMER: vector=0x30 apic1=0 pin1=2 apic2=-1 pin2=-1
May  7 22:49:19 stephen kernel: [    0.511155] clocksource: tsc-early: mask: 0xffffffffffffffff max_cycles: 0x30eb61b0cec, max_idle_ns: 440795380838 ns
May  7 22:49:19 stephen kernel: [    0.511159] Calibrating delay loop (skipped), value calculated using timer frequency.. 6787.57 BogoMIPS (lpj=13575148)
May  7 22:49:19 stephen kernel: [    0.511161] pid_max: default: 32768 minimum: 301
May  7 22:49:19 stephen kernel: [    0.512831] LSM: Security Framework initializing
May  7 22:49:19 stephen cloud-init[1415]: ci-info: +-------+-------------+---------+-----------+-------+
May  7 22:49:19 stephen kernel: [    0.512837] Yama: becoming mindful.
May  7 22:49:19 stephen kernel: [    0.512849] AppArmor: AppArmor initialized
May  7 22:49:19 stephen kernel: [    0.512932] Mount-cache hash table entries: 131072 (order: 8, 1048576 bytes, linear)
May  7 22:49:19 stephen kernel: [    0.513003] Mountpoint-cache hash table entries: 131072 (order: 8, 1048576 bytes, linear)
May  7 22:49:19 stephen kernel: [    0.513143] x86/cpu: User Mode Instruction Prevention (UMIP) activated
May  7 22:49:19 stephen cloud-init[1415]: ci-info: | Route | Destination | Gateway | Interface | Flags |
May  7 22:49:19 stephen kernel: [    0.513176] LVT offset 1 assigned for vector 0xf9
May  7 22:49:19 stephen kernel: [    0.513294] LVT offset 2 assigned for vector 0xf4
May  7 22:49:19 stephen kernel: [    0.513325] Last level iTLB entries: 4KB 512, 2MB 512, 4MB 256
May  7 22:49:19 stephen cloud-init[1415]: ci-info: +-------+-------------+---------+-----------+-------+
May  7 22:49:19 stephen cloud-init[1415]: ci-info: |   1   |  fe80::/64  |    ::   |   enp7s0  |   U   |
May  7 22:49:19 stephen cloud-init[1415]: ci-info: |   3   |    local    |    ::   |   enp7s0  |   U   |
May  7 22:49:19 stephen cloud-init[1415]: ci-info: |   4   |  multicast  |    ::   |   enp7s0  |   U   |
May  7 22:49:19 stephen cloud-init[1415]: ci-info: +-------+-------------+---------+-----------+-------+
May  7 22:49:19 stephen kernel: [    0.513326] Last level dTLB entries: 4KB 2048, 2MB 2048, 4MB 1024, 1GB 0
May  7 22:49:19 stephen kernel: [    0.513328] Spectre V1 : Mitigation: usercopy/swapgs barriers and __user pointer sanitization
May  7 22:49:19 stephen kernel: [    0.513330] Spectre V2 : Mitigation: Full AMD retpoline
May  7 22:49:19 stephen kernel: [    0.513331] Spectre V2 : Spectre v2 / SpectreRSB mitigation: Filling RSB on context switch
May  7 22:49:19 stephen kernel: [    0.513332] Spectre V2 : Enabling Restricted Speculation for firmware calls
May  7 22:49:19 stephen kernel: [    0.513333] Spectre V2 : mitigation: Enabling conditional Indirect Branch Prediction Barrier
May  7 22:49:19 stephen kernel: [    0.513335] Spectre V2 : User space: Mitigation: STIBP always-on protection
May  7 22:49:19 stephen kernel: [    0.513336] Speculative Store Bypass: Mitigation: Speculative Store Bypass disabled via prctl and seccomp
May  7 22:49:19 stephen kernel: [    0.513508] Freeing SMP alternatives memory: 40K
May  7 22:49:19 stephen kernel: [    0.624788] smpboot: CPU0: AMD Ryzen 9 5950X 16-Core Processor (family: 0x19, model: 0x21, stepping: 0x0)
May  7 22:49:19 stephen kernel: [    0.624869] Performance Events: Fam17h+ core perfctr, AMD PMU driver.
May  7 22:49:19 stephen kernel: [    0.624872] ... version:                0
May  7 22:49:19 stephen kernel: [    0.624873] ... bit width:              48
May  7 22:49:19 stephen kernel: [    0.624874] ... generic registers:      6
May  7 22:49:19 stephen kernel: [    0.624875] ... value mask:             0000ffffffffffff
May  7 22:49:19 stephen kernel: [    0.624876] ... max period:             00007fffffffffff
May  7 22:49:19 stephen kernel: [    0.624876] ... fixed-purpose events:   0
May  7 22:49:19 stephen kernel: [    0.624877] ... event mask:             000000000000003f
May  7 22:49:19 stephen kernel: [    0.624907] rcu: Hierarchical SRCU implementation.
May  7 22:49:19 stephen kernel: [    0.625113] NMI watchdog: Enabled. Permanently consumes one hw-PMU counter.
May  7 22:49:19 stephen kernel: [    0.625234] smp: Bringing up secondary CPUs ...
May  7 22:49:19 stephen kernel: [    0.625275] x86: Booting SMP configuration:
May  7 22:49:19 stephen kernel: [    0.625276] .... node  #0, CPUs:        #1  #2  #3  #4  #5  #6  #7  #8  #9 #10 #11 #12 #13 #14 #15 #16
May  7 22:49:19 stephen kernel: [    0.659211] Spectre V2 : Update user space SMT mitigation: STIBP always-on
May  7 22:49:19 stephen kernel: [    0.659237]  #17 #18 #19 #20 #21 #22 #23 #24 #25 #26 #27 #28 #29 #30 #31
May  7 22:49:19 stephen kernel: [    0.691184] smp: Brought up 1 node, 32 CPUs
May  7 22:49:19 stephen kernel: [    0.691184] smpboot: Max logical packages: 1
May  7 22:49:19 stephen kernel: [    0.691184] smpboot: Total of 32 processors activated (217202.36 BogoMIPS)
May  7 22:49:19 stephen cloud-init[1415]: Generating public/private rsa key pair.
May  7 22:49:19 stephen kernel: [    0.696203] devtmpfs: initialized
May  7 22:49:19 stephen kernel: [    0.696203] x86/mm: Memory block size: 2048MB
May  7 22:49:19 stephen kernel: [    0.696203] PM: Registering ACPI NVS region [mem 0x0a200000-0x0a20dfff] (57344 bytes)
May  7 22:49:19 stephen kernel: [    0.696203] PM: Registering ACPI NVS region [mem 0xca817000-0xcaee4fff] (7135232 bytes)
May  7 22:49:19 stephen kernel: [    0.696203] clocksource: jiffies: mask: 0xffffffff max_cycles: 0xffffffff, max_idle_ns: 7645041785100000 ns
May  7 22:49:19 stephen kernel: [    0.696203] futex hash table entries: 8192 (order: 7, 524288 bytes, linear)
May  7 22:49:19 stephen kernel: [    0.696203] pinctrl core: initialized pinctrl subsystem
May  7 22:49:19 stephen cloud-init[1415]: Your identification has been saved in /etc/ssh/ssh_host_rsa_key
May  7 22:49:19 stephen kernel: [    0.696203] PM: RTC time: 22:48:48, date: 2021-05-07
May  7 22:49:19 stephen kernel: [    0.696203] NET: Registered protocol family 16
May  7 22:49:19 stephen kernel: [    0.696203] DMA: preallocated 4096 KiB GFP_KERNEL pool for atomic allocations
May  7 22:49:19 stephen kernel: [    0.696203] DMA: preallocated 4096 KiB GFP_KERNEL|GFP_DMA pool for atomic allocations
May  7 22:49:19 stephen kernel: [    0.696203] DMA: preallocated 4096 KiB GFP_KERNEL|GFP_DMA32 pool for atomic allocations
May  7 22:49:19 stephen kernel: [    0.696203] audit: initializing netlink subsys (disabled)
May  7 22:49:19 stephen kernel: [    0.696203] audit: type=2000 audit(1620427728.208:1): state=initialized audit_enabled=0 res=1
May  7 22:49:19 stephen kernel: [    0.696203] thermal_sys: Registered thermal governor 'fair_share'
May  7 22:49:19 stephen kernel: [    0.696203] thermal_sys: Registered thermal governor 'bang_bang'
May  7 22:49:19 stephen cloud-init[1415]: Your public key has been saved in /etc/ssh/ssh_host_rsa_key.pub
May  7 22:49:19 stephen kernel: [    0.696203] thermal_sys: Registered thermal governor 'step_wise'
May  7 22:49:19 stephen kernel: [    0.696203] thermal_sys: Registered thermal governor 'user_space'
May  7 22:49:19 stephen kernel: [    0.696203] thermal_sys: Registered thermal governor 'power_allocator'
May  7 22:49:19 stephen kernel: [    0.696203] EISA bus registered
May  7 22:49:19 stephen kernel: [    0.696203] cpuidle: using governor ladder
May  7 22:49:19 stephen kernel: [    0.696203] cpuidle: using governor menu
May  7 22:49:19 stephen cloud-init[1415]: The key fingerprint is:
May  7 22:49:19 stephen kernel: [    0.696203] Detected 1 PCC Subspaces
May  7 22:49:19 stephen kernel: [    0.696203] Registering PCC driver as Mailbox controller
May  7 22:49:19 stephen kernel: [    0.696203] ACPI: bus type PCI registered
May  7 22:49:19 stephen kernel: [    0.696203] acpiphp: ACPI Hot Plug PCI Controller Driver version: 0.5
May  7 22:49:19 stephen kernel: [    0.696203] PCI: MMCONFIG for domain 0000 [bus 00-7f] at [mem 0xf0000000-0xf7ffffff] (base 0xf0000000)
May  7 22:49:19 stephen kernel: [    0.696203] PCI: MMCONFIG at [mem 0xf0000000-0xf7ffffff] reserved in E820
May  7 22:49:19 stephen kernel: [    0.696203] PCI: Using configuration type 1 for base access
May  7 22:49:19 stephen kernel: [    0.696203] Kprobes globally optimized
May  7 22:49:19 stephen kernel: [    0.696203] HugeTLB registered 1.00 GiB page size, pre-allocated 0 pages
May  7 22:49:19 stephen kernel: [    0.696203] HugeTLB registered 2.00 MiB page size, pre-allocated 0 pages
May  7 22:49:19 stephen cloud-init[1415]: SHA256:smzYBYWfO0OPOqqVlSnxua0bfRBftNEqw310bBIPk6w root@stephen
May  7 22:49:19 stephen kernel: [    0.699191] fbcon: Taking over console
May  7 22:49:19 stephen kernel: [    0.699201] ACPI: Added _OSI(Module Device)
May  7 22:49:19 stephen kernel: [    0.699202] ACPI: Added _OSI(Processor Device)
May  7 22:49:19 stephen kernel: [    0.699203] ACPI: Added _OSI(3.0 _SCP Extensions)
May  7 22:49:19 stephen kernel: [    0.699204] ACPI: Added _OSI(Processor Aggregator Device)
May  7 22:49:19 stephen cloud-init[1415]: The key's randomart image is:
May  7 22:49:19 stephen kernel: [    0.699205] ACPI: Added _OSI(Linux-Dell-Video)
May  7 22:49:19 stephen kernel: [    0.699206] ACPI: Added _OSI(Linux-Lenovo-NV-HDMI-Audio)
May  7 22:49:19 stephen kernel: [    0.699207] ACPI: Added _OSI(Linux-HPI-Hybrid-Graphics)
May  7 22:49:19 stephen kernel: [    0.710616] ACPI: 9 ACPI AML tables successfully acquired and loaded
May  7 22:49:19 stephen kernel: [    0.711758] ACPI: [Firmware Bug]: BIOS _OSI(Linux) query ignored
May  7 22:49:19 stephen cloud-init[1415]: +---[RSA 3072]----+
May  7 22:49:19 stephen kernel: [    0.713324] ACPI: Interpreter enabled
May  7 22:49:19 stephen kernel: [    0.713334] ACPI: (supports S0 S3 S4 S5)
May  7 22:49:19 stephen kernel: [    0.713336] ACPI: Using IOAPIC for interrupt routing
May  7 22:49:19 stephen cloud-init[1415]: |       ..   oo++ |
May  7 22:49:19 stephen kernel: [    0.713547] PCI: Using host bridge windows from ACPI; if necessary, use "pci=nocrs" and report a bug
May  7 22:49:19 stephen kernel: [    0.713796] ACPI: Enabled 4 GPEs in block 00 to 1F
May  7 22:49:19 stephen kernel: [    0.719064] ACPI: PCI Root Bridge [PCI0] (domain 0000 [bus 00-ff])
May  7 22:49:19 stephen cloud-init[1415]: |      ..   . o*++|
May  7 22:49:19 stephen kernel: [    0.719069] acpi PNP0A08:00: _OSC: OS supports [ExtendedConfig ASPM ClockPM Segments MSI HPX-Type3]
May  7 22:49:19 stephen kernel: [    0.719208] acpi PNP0A08:00: _OSC: platform does not support [PCIeHotplug SHPCHotplug PME LTR]
May  7 22:49:19 stephen kernel: [    0.719339] acpi PNP0A08:00: _OSC: OS now controls [AER PCIeCapability]
May  7 22:49:19 stephen kernel: [    0.719347] acpi PNP0A08:00: [Firmware Info]: MMCONFIG for domain 0000 [bus 00-7f] only partially covers this bridge
May  7 22:49:19 stephen cloud-init[1415]: |    . ...o .o+ +.|
May  7 22:49:19 stephen kernel: [    0.719578] PCI host bridge to bus 0000:00
May  7 22:49:19 stephen kernel: [    0.719580] pci_bus 0000:00: root bus resource [io  0x0000-0x03af window]
May  7 22:49:19 stephen kernel: [    0.719581] pci_bus 0000:00: root bus resource [io  0x03e0-0x0cf7 window]
May  7 22:49:19 stephen kernel: [    0.719582] pci_bus 0000:00: root bus resource [io  0x03b0-0x03df window]
May  7 22:49:19 stephen kernel: [    0.719583] pci_bus 0000:00: root bus resource [io  0x0d00-0xffff window]
May  7 22:49:19 stephen cloud-init[1415]: |     o =+o+.E .  |
May  7 22:49:19 stephen kernel: [    0.719584] pci_bus 0000:00: root bus resource [mem 0x000a0000-0x000bffff window]
May  7 22:49:19 stephen kernel: [    0.719586] pci_bus 0000:00: root bus resource [mem 0x000c0000-0x000dffff window]
May  7 22:49:19 stephen kernel: [    0.719587] pci_bus 0000:00: root bus resource [mem 0xd0000000-0xfec2ffff window]
May  7 22:49:19 stephen kernel: [    0.719588] pci_bus 0000:00: root bus resource [mem 0xfee00000-0xffffffff window]
May  7 22:49:19 stephen cloud-init[1415]: |    . B.S+.o .   |
May  7 22:49:19 stephen kernel: [    0.719589] pci_bus 0000:00: root bus resource [bus 00-ff]
May  7 22:49:19 stephen kernel: [    0.719598] pci 0000:00:00.0: [1022:1480] type 00 class 0x060000
May  7 22:49:19 stephen kernel: [    0.719679] pci 0000:00:00.2: [1022:1481] type 00 class 0x080600
May  7 22:49:19 stephen kernel: [    0.719766] pci 0000:00:01.0: [1022:1482] type 00 class 0x060000
May  7 22:49:19 stephen kernel: [    0.719835] pci 0000:00:01.1: [1022:1483] type 01 class 0x060400
May  7 22:49:19 stephen cloud-init[1415]: |     B B=..      |
May  7 22:49:19 stephen kernel: [    0.719917] pci 0000:00:01.1: PME# supported from D0 D3hot D3cold
May  7 22:49:19 stephen kernel: [    0.720020] pci 0000:00:01.2: [1022:1483] type 01 class 0x060400
May  7 22:49:19 stephen kernel: [    0.720050] pci 0000:00:01.2: enabling Extended Tags
May  7 22:49:19 stephen kernel: [    0.720104] pci 0000:00:01.2: PME# supported from D0 D3hot D3cold
May  7 22:49:19 stephen kernel: [    0.720203] pci 0000:00:02.0: [1022:1482] type 00 class 0x060000
May  7 22:49:19 stephen cloud-init[1415]: |    + B.oo.      |
May  7 22:49:19 stephen kernel: [    0.720267] pci 0000:00:03.0: [1022:1482] type 00 class 0x060000
May  7 22:49:19 stephen kernel: [    0.720331] pci 0000:00:04.0: [1022:1482] type 00 class 0x060000
May  7 22:49:19 stephen cloud-init[1415]: |   . .oo .       |
May  7 22:49:19 stephen kernel: [    0.720396] pci 0000:00:05.0: [1022:1482] type 00 class 0x060000
May  7 22:49:19 stephen kernel: [    0.720462] pci 0000:00:07.0: [1022:1482] type 00 class 0x060000
May  7 22:49:19 stephen kernel: [    0.720524] pci 0000:00:07.1: [1022:1484] type 01 class 0x060400
May  7 22:49:19 stephen kernel: [    0.720548] pci 0000:00:07.1: enabling Extended Tags
May  7 22:49:19 stephen kernel: [    0.720587] pci 0000:00:07.1: PME# supported from D0 D3hot D3cold
May  7 22:49:19 stephen cloud-init[1415]: |  ....oo         |
May  7 22:49:19 stephen kernel: [    0.720669] pci 0000:00:08.0: [1022:1482] type 00 class 0x060000
May  7 22:49:19 stephen kernel: [    0.720733] pci 0000:00:08.1: [1022:1484] type 01 class 0x060400
May  7 22:49:19 stephen kernel: [    0.720759] pci 0000:00:08.1: enabling Extended Tags
May  7 22:49:19 stephen kernel: [    0.720801] pci 0000:00:08.1: PME# supported from D0 D3hot D3cold
May  7 22:49:19 stephen kernel: [    0.720899] pci 0000:00:14.0: [1022:790b] type 00 class 0x0c0500
May  7 22:49:19 stephen cloud-init[1415]: +----[SHA256]-----+
May  7 22:49:19 stephen kernel: [    0.721006] pci 0000:00:14.3: [1022:790e] type 00 class 0x060100
May  7 22:49:19 stephen kernel: [    0.721117] pci 0000:00:18.0: [1022:1440] type 00 class 0x060000
May  7 22:49:19 stephen cloud-init[1415]: Generating public/private dsa key pair.
May  7 22:49:19 stephen cloud-init[1415]: Your identification has been saved in /etc/ssh/ssh_host_dsa_key
May  7 22:49:19 stephen cloud-init[1415]: Your public key has been saved in /etc/ssh/ssh_host_dsa_key.pub
May  7 22:49:19 stephen cloud-init[1415]: The key fingerprint is:
May  7 22:49:19 stephen cloud-init[1415]: SHA256:xsOtgJmIx0TrXB8TH/rP3odFcsU1pTxuFwGlOlffBv0 root@stephen
May  7 22:49:19 stephen cloud-init[1415]: The key's randomart image is:
May  7 22:49:19 stephen cloud-init[1415]: +---[DSA 1024]----+
May  7 22:49:19 stephen cloud-init[1415]: |  .   . .    .o==|
May  7 22:49:19 stephen cloud-init[1415]: | . .   + .   ..o=|
May  7 22:49:19 stephen cloud-init[1415]: |  o . + .    .=+.|
May  7 22:49:19 stephen cloud-init[1415]: | * o = * .  o.+o=|
May  7 22:49:19 stephen cloud-init[1415]: |. * + o S .o =o E|
May  7 22:49:19 stephen cloud-init[1415]: | .     o =  o..o |
May  7 22:49:19 stephen kernel: [    0.721158] pci 0000:00:18.1: [1022:1441] type 00 class 0x060000
May  7 22:49:19 stephen kernel: [    0.721194] pci 0000:00:18.2: [1022:1442] type 00 class 0x060000
May  7 22:49:19 stephen kernel: [    0.721231] pci 0000:00:18.3: [1022:1443] type 00 class 0x060000
May  7 22:49:19 stephen kernel: [    0.721268] pci 0000:00:18.4: [1022:1444] type 00 class 0x060000
May  7 22:49:19 stephen kernel: [    0.721305] pci 0000:00:18.5: [1022:1445] type 00 class 0x060000
May  7 22:49:19 stephen cloud-init[1415]: |        . o  o   |
May  7 22:49:19 stephen kernel: [    0.721342] pci 0000:00:18.6: [1022:1446] type 00 class 0x060000
May  7 22:49:19 stephen kernel: [    0.721378] pci 0000:00:18.7: [1022:1447] type 00 class 0x060000
May  7 22:49:19 stephen kernel: [    0.721469] pci 0000:01:00.0: [8086:0a54] type 00 class 0x010802
May  7 22:49:19 stephen kernel: [    0.721485] pci 0000:01:00.0: reg 0x10: [mem 0xfc910000-0xfc913fff 64bit]
May  7 22:49:19 stephen kernel: [    0.721519] pci 0000:01:00.0: reg 0x30: [mem 0xfc900000-0xfc90ffff pref]
May  7 22:49:19 stephen cloud-init[1415]: |         . .. .  |
May  7 22:49:19 stephen kernel: [    0.721658] pci 0000:00:01.1: PCI bridge to [bus 01]
May  7 22:49:19 stephen kernel: [    0.721664] pci 0000:00:01.1:   bridge window [mem 0xfc900000-0xfc9fffff]
May  7 22:49:19 stephen kernel: [    0.721721] pci 0000:02:00.0: [1022:43ee] type 00 class 0x0c0330
May  7 22:49:19 stephen kernel: [    0.721741] pci 0000:02:00.0: reg 0x10: [mem 0xfc4a0000-0xfc4a7fff 64bit]
May  7 22:49:19 stephen kernel: [    0.721786] pci 0000:02:00.0: enabling Extended Tags
May  7 22:49:19 stephen cloud-init[1415]: |          . ..   |
May  7 22:49:19 stephen kernel: [    0.721845] pci 0000:02:00.0: PME# supported from D3hot D3cold
May  7 22:49:19 stephen kernel: [    0.721929] pci 0000:02:00.1: [1022:43eb] type 00 class 0x010601
May  7 22:49:19 stephen kernel: [    0.721982] pci 0000:02:00.1: reg 0x24: [mem 0xfc480000-0xfc49ffff]
May  7 22:49:19 stephen kernel: [    0.721991] pci 0000:02:00.1: reg 0x30: [mem 0xfc400000-0xfc47ffff pref]
May  7 22:49:19 stephen kernel: [    0.721998] pci 0000:02:00.1: enabling Extended Tags
May  7 22:49:19 stephen kernel: [    0.722043] pci 0000:02:00.1: PME# supported from D3hot D3cold
May  7 22:49:19 stephen cloud-init[1415]: +----[SHA256]-----+
May  7 22:49:19 stephen kernel: [    0.722104] pci 0000:02:00.2: [1022:43e9] type 01 class 0x060400
May  7 22:49:19 stephen kernel: [    0.722154] pci 0000:02:00.2: enabling Extended Tags
May  7 22:49:19 stephen kernel: [    0.722204] pci 0000:02:00.2: PME# supported from D3hot D3cold
May  7 22:49:19 stephen kernel: [    0.722280] pci 0000:00:01.2: PCI bridge to [bus 02-07]
May  7 22:49:19 stephen kernel: [    0.722284] pci 0000:00:01.2:   bridge window [io  0xe000-0xffff]
May  7 22:49:19 stephen kernel: [    0.722286] pci 0000:00:01.2:   bridge window [mem 0xfb000000-0xfc4fffff]
May  7 22:49:19 stephen kernel: [    0.722290] pci 0000:00:01.2:   bridge window [mem 0xe0000000-0xe9ffffff 64bit pref]
May  7 22:49:19 stephen cloud-init[1415]: Generating public/private ecdsa key pair.
May  7 22:49:19 stephen kernel: [    0.722380] pci 0000:03:00.0: [1022:43ea] type 01 class 0x060400
May  7 22:49:19 stephen kernel: [    0.722433] pci 0000:03:00.0: enabling Extended Tags
May  7 22:49:19 stephen kernel: [    0.722492] pci 0000:03:00.0: PME# supported from D3hot D3cold
May  7 22:49:19 stephen kernel: [    0.722575] pci 0000:03:04.0: [1022:43ea] type 01 class 0x060400
May  7 22:49:19 stephen kernel: [    0.722628] pci 0000:03:04.0: enabling Extended Tags
May  7 22:49:19 stephen kernel: [    0.722686] pci 0000:03:04.0: PME# supported from D3hot D3cold
May  7 22:49:19 stephen kernel: [    0.722769] pci 0000:03:08.0: [1022:43ea] type 01 class 0x060400
May  7 22:49:19 stephen cloud-init[1415]: Your identification has been saved in /etc/ssh/ssh_host_ecdsa_key
May  7 22:49:19 stephen kernel: [    0.722822] pci 0000:03:08.0: enabling Extended Tags
May  7 22:49:19 stephen kernel: [    0.722880] pci 0000:03:08.0: PME# supported from D3hot D3cold
May  7 22:49:19 stephen kernel: [    0.722960] pci 0000:03:09.0: [1022:43ea] type 01 class 0x060400
May  7 22:49:19 stephen kernel: [    0.723013] pci 0000:03:09.0: enabling Extended Tags
May  7 22:49:19 stephen kernel: [    0.723071] pci 0000:03:09.0: PME# supported from D3hot D3cold
May  7 22:49:19 stephen kernel: [    0.723159] pci 0000:02:00.2: PCI bridge to [bus 03-07]
May  7 22:49:19 stephen kernel: [    0.723165] pci 0000:02:00.2:   bridge window [io  0xe000-0xffff]
May  7 22:49:19 stephen cloud-init[1415]: Your public key has been saved in /etc/ssh/ssh_host_ecdsa_key.pub
May  7 22:49:19 stephen kernel: [    0.723168] pci 0000:02:00.2:   bridge window [mem 0xfb000000-0xfc3fffff]
May  7 22:49:19 stephen kernel: [    0.723173] pci 0000:02:00.2:   bridge window [mem 0xe0000000-0xe9ffffff 64bit pref]
May  7 22:49:19 stephen kernel: [    0.723247] pci 0000:04:00.0: [10de:1185] type 00 class 0x030000
May  7 22:49:19 stephen kernel: [    0.723274] pci 0000:04:00.0: reg 0x10: [mem 0xfb000000-0xfbffffff]
May  7 22:49:19 stephen kernel: [    0.723296] pci 0000:04:00.0: reg 0x14: [mem 0xe0000000-0xe7ffffff 64bit pref]
May  7 22:49:19 stephen kernel: [    0.723319] pci 0000:04:00.0: reg 0x1c: [mem 0xe8000000-0xe9ffffff 64bit pref]
May  7 22:49:19 stephen cloud-init[1415]: The key fingerprint is:
May  7 22:49:19 stephen kernel: [    0.723334] pci 0000:04:00.0: reg 0x24: [io  0xf000-0xf07f]
May  7 22:49:19 stephen kernel: [    0.723348] pci 0000:04:00.0: reg 0x30: [mem 0xfc000000-0xfc07ffff pref]
May  7 22:49:19 stephen kernel: [    0.723360] pci 0000:04:00.0: enabling Extended Tags
May  7 22:49:19 stephen cloud-init[1415]: SHA256:43RuUAqDyB5HB+5WR7L+jmb7VeLV9m2VUpk2wx1hqaw root@stephen
May  7 22:49:19 stephen kernel: [    0.723385] pci 0000:04:00.0: BAR 1: assigned to efifb
May  7 22:49:19 stephen kernel: [    0.723553] pci 0000:04:00.0: 8.000 Gb/s available PCIe bandwidth, limited by 2.5 GT/s PCIe x4 link at 0000:03:00.0 (capable of 126.016 Gb/s with 8.0 GT/s PCIe x16 link)
May  7 22:49:19 stephen kernel: [    0.723615] pci 0000:04:00.1: [10de:0e0a] type 00 class 0x040300
May  7 22:49:19 stephen kernel: [    0.723638] pci 0000:04:00.1: reg 0x10: [mem 0xfc080000-0xfc083fff]
May  7 22:49:19 stephen cloud-init[1415]: The key's randomart image is:
May  7 22:49:19 stephen kernel: [    0.723708] pci 0000:04:00.1: enabling Extended Tags
May  7 22:49:19 stephen kernel: [    0.723860] pci 0000:03:00.0: ASPM: current common clock configuration is inconsistent, reconfiguring
May  7 22:49:19 stephen kernel: [    0.735200] pci 0000:03:00.0: PCI bridge to [bus 04]
May  7 22:49:19 stephen kernel: [    0.735206] pci 0000:03:00.0:   bridge window [io  0xf000-0xffff]
May  7 22:49:19 stephen kernel: [    0.735210] pci 0000:03:00.0:   bridge window [mem 0xfb000000-0xfc0fffff]
May  7 22:49:19 stephen cloud-init[1415]: +---[ECDSA 256]---+
May  7 22:49:19 stephen kernel: [    0.735216] pci 0000:03:00.0:   bridge window [mem 0xe0000000-0xe9ffffff 64bit pref]
May  7 22:49:19 stephen kernel: [    0.735292] pci 0000:05:00.0: [8086:0a54] type 00 class 0x010802
May  7 22:49:19 stephen kernel: [    0.735320] pci 0000:05:00.0: reg 0x10: [mem 0xfc310000-0xfc313fff 64bit]
May  7 22:49:19 stephen kernel: [    0.735377] pci 0000:05:00.0: reg 0x30: [mem 0xfc300000-0xfc30ffff pref]
May  7 22:49:19 stephen cloud-init[1415]: |    o.o .      +o|
May  7 22:49:19 stephen kernel: [    0.735387] pci 0000:05:00.0: enabling Extended Tags
May  7 22:49:19 stephen kernel: [    0.735635] pci 0000:03:04.0: PCI bridge to [bus 05]
May  7 22:49:19 stephen kernel: [    0.735644] pci 0000:03:04.0:   bridge window [mem 0xfc300000-0xfc3fffff]
May  7 22:49:19 stephen kernel: [    0.735690] pci 0000:03:08.0: PCI bridge to [bus 06]
May  7 22:49:19 stephen kernel: [    0.735784] pci 0000:07:00.0: [10ec:8168] type 00 class 0x020000
May  7 22:49:19 stephen cloud-init[1415]: | . + o +      o.=|
May  7 22:49:19 stephen kernel: [    0.735814] pci 0000:07:00.0: reg 0x10: [io  0xe000-0xe0ff]
May  7 22:49:19 stephen kernel: [    0.735855] pci 0000:07:00.0: reg 0x18: [mem 0xfc204000-0xfc204fff 64bit]
May  7 22:49:19 stephen kernel: [    0.735880] pci 0000:07:00.0: reg 0x20: [mem 0xfc200000-0xfc203fff 64bit]
May  7 22:49:19 stephen kernel: [    0.736043] pci 0000:07:00.0: supports D1 D2
May  7 22:49:19 stephen cloud-init[1415]: |  + + = . . . .O.|
May  7 22:49:19 stephen kernel: [    0.736044] pci 0000:07:00.0: PME# supported from D0 D1 D2 D3hot D3cold
May  7 22:49:19 stephen kernel: [    0.736218] pci 0000:03:09.0: PCI bridge to [bus 07]
May  7 22:49:19 stephen kernel: [    0.736224] pci 0000:03:09.0:   bridge window [io  0xe000-0xefff]
May  7 22:49:19 stephen kernel: [    0.736228] pci 0000:03:09.0:   bridge window [mem 0xfc200000-0xfc2fffff]
May  7 22:49:19 stephen kernel: [    0.736301] pci 0000:08:00.0: [1022:148a] type 00 class 0x130000
May  7 22:49:19 stephen kernel: [    0.736331] pci 0000:08:00.0: enabling Extended Tags
May  7 22:49:19 stephen cloud-init[1415]: | . + o + o   +o +|
May  7 22:49:19 stephen kernel: [    0.736433] pci 0000:00:07.1: PCI bridge to [bus 08]
May  7 22:49:19 stephen kernel: [    0.736492] pci 0000:09:00.0: [1022:1485] type 00 class 0x130000
May  7 22:49:19 stephen kernel: [    0.736525] pci 0000:09:00.0: enabling Extended Tags
May  7 22:49:19 stephen kernel: [    0.736634] pci 0000:09:00.1: [1022:1486] type 00 class 0x108000
May  7 22:49:19 stephen kernel: [    0.736651] pci 0000:09:00.1: reg 0x18: [mem 0xfc700000-0xfc7fffff]
May  7 22:49:19 stephen cloud-init[1415]: |  . o . S o +.o..|
May  7 22:49:19 stephen kernel: [    0.736662] pci 0000:09:00.1: reg 0x24: [mem 0xfc808000-0xfc809fff]
May  7 22:49:19 stephen kernel: [    0.736671] pci 0000:09:00.1: enabling Extended Tags
May  7 22:49:19 stephen kernel: [    0.736765] pci 0000:09:00.3: [1022:149c] type 00 class 0x0c0330
May  7 22:49:19 stephen kernel: [    0.736779] pci 0000:09:00.3: reg 0x10: [mem 0xfc600000-0xfc6fffff 64bit]
May  7 22:49:19 stephen kernel: [    0.736809] pci 0000:09:00.3: enabling Extended Tags
May  7 22:49:19 stephen cloud-init[1415]: |   .   + * E ...o|
May  7 22:49:19 stephen kernel: [    0.736854] pci 0000:09:00.3: PME# supported from D0 D3hot D3cold
May  7 22:49:19 stephen kernel: [    0.736917] pci 0000:09:00.4: [1022:1487] type 00 class 0x040300
May  7 22:49:19 stephen kernel: [    0.736927] pci 0000:09:00.4: reg 0x10: [mem 0xfc800000-0xfc807fff]
May  7 22:49:19 stephen kernel: [    0.736953] pci 0000:09:00.4: enabling Extended Tags
May  7 22:49:19 stephen kernel: [    0.736995] pci 0000:09:00.4: PME# supported from D0 D3hot D3cold
May  7 22:49:19 stephen kernel: [    0.737064] pci 0000:00:08.1: PCI bridge to [bus 09]
May  7 22:49:19 stephen cloud-init[1415]: |        o =     +|
May  7 22:49:19 stephen kernel: [    0.737068] pci 0000:00:08.1:   bridge window [mem 0xfc600000-0xfc8fffff]
May  7 22:49:19 stephen kernel: [    0.737360] ACPI: PCI Interrupt Link [LNKA] (IRQs 4 5 7 10 11 14 15) *0
May  7 22:49:19 stephen kernel: [    0.737398] ACPI: PCI Interrupt Link [LNKB] (IRQs 4 5 7 10 11 14 15) *0
May  7 22:49:19 stephen kernel: [    0.737431] ACPI: PCI Interrupt Link [LNKC] (IRQs 4 5 7 10 11 14 15) *0
May  7 22:49:19 stephen kernel: [    0.737471] ACPI: PCI Interrupt Link [LNKD] (IRQs 4 5 7 10 11 14 15) *0
May  7 22:49:19 stephen cloud-init[1415]: |      oo o     . |
May  7 22:49:19 stephen kernel: [    0.737506] ACPI: PCI Interrupt Link [LNKE] (IRQs 4 5 7 10 11 14 15) *0
May  7 22:49:19 stephen kernel: [    0.737536] ACPI: PCI Interrupt Link [LNKF] (IRQs 4 5 7 10 11 14 15) *0
May  7 22:49:19 stephen kernel: [    0.737566] ACPI: PCI Interrupt Link [LNKG] (IRQs 4 5 7 10 11 14 15) *0
May  7 22:49:19 stephen kernel: [    0.737595] ACPI: PCI Interrupt Link [LNKH] (IRQs 4 5 7 10 11 14 15) *0
May  7 22:49:19 stephen kernel: [    0.738172] iommu: Default domain type: Translated 
May  7 22:49:19 stephen kernel: [    0.738172] SCSI subsystem initialized
May  7 22:49:19 stephen cloud-init[1415]: |     oooo        |
May  7 22:49:19 stephen kernel: [    0.738172] libata version 3.00 loaded.
May  7 22:49:19 stephen kernel: [    0.739173] pci 0000:04:00.0: vgaarb: setting as boot VGA device
May  7 22:49:19 stephen kernel: [    0.739173] pci 0000:04:00.0: vgaarb: VGA device added: decodes=io+mem,owns=io+mem,locks=none
May  7 22:49:19 stephen kernel: [    0.739173] pci 0000:04:00.0: vgaarb: bridge control possible
May  7 22:49:19 stephen kernel: [    0.739173] vgaarb: loaded
May  7 22:49:19 stephen kernel: [    0.739181] ACPI: bus type USB registered
May  7 22:49:19 stephen cloud-init[1415]: +----[SHA256]-----+
May  7 22:49:19 stephen kernel: [    0.739187] usbcore: registered new interface driver usbfs
May  7 22:49:19 stephen cloud-init[1415]: Generating public/private ed25519 key pair.
May  7 22:49:19 stephen cloud-init[1415]: Your identification has been saved in /etc/ssh/ssh_host_ed25519_key
May  7 22:49:19 stephen cloud-init[1415]: Your public key has been saved in /etc/ssh/ssh_host_ed25519_key.pub
May  7 22:49:19 stephen cloud-init[1415]: The key fingerprint is:
May  7 22:49:19 stephen cloud-init[1415]: SHA256:3eKXt712LtM7sRdq7KDIeXJ6IlN/ZfWu3RpXClZqpgQ root@stephen
May  7 22:49:19 stephen cloud-init[1415]: The key's randomart image is:
May  7 22:49:19 stephen cloud-init[1415]: +--[ED25519 256]--+
May  7 22:49:19 stephen cloud-init[1415]: |                 |
May  7 22:49:19 stephen cloud-init[1415]: |                 |
May  7 22:49:19 stephen cloud-init[1415]: |        E     .  |
May  7 22:49:19 stephen cloud-init[1415]: |         o . o . |
May  7 22:49:19 stephen cloud-init[1415]: |        S + B . o|
May  7 22:49:19 stephen kernel: [    0.739191] usbcore: registered new interface driver hub
May  7 22:49:19 stephen kernel: [    0.739195] usbcore: registered new device driver usb
May  7 22:49:19 stephen kernel: [    0.739206] pps_core: LinuxPPS API ver. 1 registered
May  7 22:49:19 stephen cloud-init[1415]: |       . o * = +o|
May  7 22:49:19 stephen kernel: [    0.739207] pps_core: Software ver. 5.3.6 - Copyright 2005-2007 Rodolfo Giometti <giometti@linux.it>
May  7 22:49:19 stephen kernel: [    0.739209] PTP clock support registered
May  7 22:49:19 stephen kernel: [    0.739218] EDAC MC: Ver: 3.0.0
May  7 22:49:19 stephen kernel: [    0.739247] Registered efivars operations
May  7 22:49:19 stephen kernel: [    0.739247] NetLabel: Initializing
May  7 22:49:19 stephen cloud-init[1415]: |      . . o.* =o=|
May  7 22:49:19 stephen kernel: [    0.739247] NetLabel:  domain hash size = 128
May  7 22:49:19 stephen kernel: [    0.739247] NetLabel:  protocols = UNLABELED CIPSOv4 CALIPSO
May  7 22:49:19 stephen kernel: [    0.739247] NetLabel:  unlabeled traffic allowed by default
May  7 22:49:19 stephen kernel: [    0.739247] PCI: Using ACPI for IRQ routing
May  7 22:49:19 stephen kernel: [    0.743161] PCI: pci_cache_line_size set to 64 bytes
May  7 22:49:19 stephen kernel: [    0.743161] e820: reserve RAM buffer [mem 0x09d1f000-0x0bffffff]
May  7 22:49:19 stephen cloud-init[1415]: |     o.oo=.o.=oX*|
May  7 22:49:19 stephen kernel: [    0.743161] e820: reserve RAM buffer [mem 0x0a200000-0x0bffffff]
May  7 22:49:19 stephen kernel: [    0.743161] e820: reserve RAM buffer [mem 0x0b000000-0x0bffffff]
May  7 22:49:19 stephen kernel: [    0.743161] e820: reserve RAM buffer [mem 0x8acc7018-0x8bffffff]
May  7 22:49:19 stephen kernel: [    0.743161] e820: reserve RAM buffer [mem 0x8acd6018-0x8bffffff]
May  7 22:49:19 stephen kernel: [    0.743161] e820: reserve RAM buffer [mem 0xc5bb9000-0xc7ffffff]
May  7 22:49:19 stephen cloud-init[1415]: |      o=B.. o.=O@|
May  7 22:49:19 stephen kernel: [    0.743161] e820: reserve RAM buffer [mem 0xc8fd7000-0xcbffffff]
May  7 22:49:19 stephen kernel: [    0.743161] e820: reserve RAM buffer [mem 0xca2c6000-0xcbffffff]
May  7 22:49:19 stephen kernel: [    0.743161] e820: reserve RAM buffer [mem 0xcd000000-0xcfffffff]
May  7 22:49:19 stephen kernel: [    0.743161] e820: reserve RAM buffer [mem 0x102f300000-0x102fffffff]
May  7 22:49:19 stephen kernel: [    0.743177] hpet0: at MMIO 0xfed00000, IRQs 2, 8, 0
May  7 22:49:19 stephen kernel: [    0.743179] hpet0: 3 comparators, 32-bit 14.318180 MHz counter
May  7 22:49:19 stephen cloud-init[1415]: +----[SHA256]-----+
May  7 22:49:19 stephen kernel: [    0.744195] clocksource: Switched to clocksource tsc-early
May  7 22:49:19 stephen kernel: [    0.747645] VFS: Disk quotas dquot_6.6.0
May  7 22:49:19 stephen kernel: [    0.747654] VFS: Dquot-cache hash table entries: 512 (order 0, 4096 bytes)
May  7 22:49:19 stephen kernel: [    0.747708] AppArmor: AppArmor Filesystem Enabled
May  7 22:49:19 stephen kernel: [    0.747717] pnp: PnP ACPI init
May  7 22:49:19 stephen kernel: [    0.747769] system 00:00: [mem 0xf0000000-0xf7ffffff] has been reserved
May  7 22:49:19 stephen kernel: [    0.747773] system 00:00: Plug and Play ACPI device, IDs PNP0c01 (active)
May  7 22:49:19 stephen systemd[1]: Finished Initial cloud-init job (metadata service crawler).
May  7 22:49:19 stephen kernel: [    0.747806] system 00:01: [mem 0xfd200000-0xfd2fffff] has been reserved
May  7 22:49:19 stephen kernel: [    0.747809] system 00:01: Plug and Play ACPI device, IDs PNP0c02 (active)
May  7 22:49:19 stephen kernel: [    0.747831] pnp 00:02: Plug and Play ACPI device, IDs PNP0b00 (active)
May  7 22:49:19 stephen kernel: [    0.747915] system 00:03: [io  0x0290-0x029f] has been reserved
May  7 22:49:19 stephen kernel: [    0.747917] system 00:03: [io  0x0200-0x021f] has been reserved
May  7 22:49:19 stephen kernel: [    0.747919] system 00:03: Plug and Play ACPI device, IDs PNP0c02 (active)
May  7 22:49:19 stephen systemd[1]: Reached target Cloud-config availability.
May  7 22:49:19 stephen kernel: [    0.748089] pnp 00:04: [dma 0 disabled]
May  7 22:49:19 stephen kernel: [    0.748104] pnp 00:04: Plug and Play ACPI device, IDs PNP0501 (active)
May  7 22:49:19 stephen kernel: [    0.748259] system 00:05: [io  0x04d0-0x04d1] has been reserved
May  7 22:49:19 stephen systemd[1]: Reached target Network is Online.
May  7 22:49:19 stephen kernel: [    0.748261] system 00:05: [io  0x040b] has been reserved
May  7 22:49:19 stephen kernel: [    0.748262] system 00:05: [io  0x04d6] has been reserved
May  7 22:49:19 stephen kernel: [    0.748263] system 00:05: [io  0x0c00-0x0c01] has been reserved
May  7 22:49:19 stephen kernel: [    0.748264] system 00:05: [io  0x0c14] has been reserved
May  7 22:49:19 stephen kernel: [    0.748265] system 00:05: [io  0x0c50-0x0c51] has been reserved
May  7 22:49:19 stephen kernel: [    0.748266] system 00:05: [io  0x0c52] has been reserved
May  7 22:49:19 stephen systemd[1]: Reached target System Initialization.
May  7 22:49:19 stephen kernel: [    0.748267] system 00:05: [io  0x0c6c] has been reserved
May  7 22:49:19 stephen kernel: [    0.748268] system 00:05: [io  0x0c6f] has been reserved
May  7 22:49:19 stephen kernel: [    0.748269] system 00:05: [io  0x0cd8-0x0cdf] has been reserved
May  7 22:49:19 stephen kernel: [    0.748270] system 00:05: [io  0x0800-0x089f] has been reserved
May  7 22:49:19 stephen kernel: [    0.748271] system 00:05: [io  0x0b00-0x0b0f] has been reserved
May  7 22:49:19 stephen systemd[1]: Condition check resulted in Process error reports when automatic reporting is enabled (file watch) being skipped.
May  7 22:49:19 stephen kernel: [    0.748272] system 00:05: [io  0x0b20-0x0b3f] has been reserved
May  7 22:49:19 stephen kernel: [    0.748273] system 00:05: [io  0x0900-0x090f] has been reserved
May  7 22:49:19 stephen kernel: [    0.748274] system 00:05: [io  0x0910-0x091f] has been reserved
May  7 22:49:19 stephen kernel: [    0.748275] system 00:05: [mem 0xfec00000-0xfec00fff] could not be reserved
May  7 22:49:19 stephen kernel: [    0.748277] system 00:05: [mem 0xfec01000-0xfec01fff] could not be reserved
May  7 22:49:19 stephen systemd[1]: Started Daily apt download activities.
May  7 22:49:19 stephen kernel: [    0.748278] system 00:05: [mem 0xfedc0000-0xfedc0fff] has been reserved
May  7 22:49:19 stephen kernel: [    0.748279] system 00:05: [mem 0xfee00000-0xfee00fff] has been reserved
May  7 22:49:19 stephen kernel: [    0.748280] system 00:05: [mem 0xfed80000-0xfed8ffff] could not be reserved
May  7 22:49:19 stephen kernel: [    0.748281] system 00:05: [mem 0xfec10000-0xfec10fff] has been reserved
May  7 22:49:19 stephen kernel: [    0.748282] system 00:05: [mem 0xff000000-0xffffffff] has been reserved
May  7 22:49:19 stephen systemd[1]: Started Daily apt upgrade and clean activities.
May  7 22:49:19 stephen kernel: [    0.748284] system 00:05: Plug and Play ACPI device, IDs PNP0c02 (active)
May  7 22:49:19 stephen kernel: [    0.748652] pnp: PnP ACPI: found 6 devices
May  7 22:49:19 stephen kernel: [    0.753979] clocksource: acpi_pm: mask: 0xffffff max_cycles: 0xffffff, max_idle_ns: 2085701024 ns
May  7 22:49:19 stephen kernel: [    0.754020] NET: Registered protocol family 2
May  7 22:49:19 stephen kernel: [    0.754232] tcp_listen_portaddr_hash hash table entries: 32768 (order: 7, 524288 bytes, linear)
May  7 22:49:19 stephen systemd[1]: Started Periodic ext4 Online Metadata Check for All Filesystems.
May  7 22:49:19 stephen kernel: [    0.754527] TCP established hash table entries: 524288 (order: 10, 4194304 bytes, linear)
May  7 22:49:19 stephen kernel: [    0.754886] TCP bind hash table entries: 65536 (order: 8, 1048576 bytes, linear)
May  7 22:49:19 stephen kernel: [    0.754939] TCP: Hash tables configured (established 524288 bind 65536)
May  7 22:49:19 stephen kernel: [    0.755101] MPTCP token hash table entries: 65536 (order: 8, 1572864 bytes, linear)
May  7 22:49:19 stephen kernel: [    0.755205] UDP hash table entries: 32768 (order: 8, 1048576 bytes, linear)
May  7 22:49:19 stephen systemd[1]: Started Discard unused blocks once a week.
May  7 22:49:19 stephen kernel: [    0.755310] UDP-Lite hash table entries: 32768 (order: 8, 1048576 bytes, linear)
May  7 22:49:19 stephen kernel: [    0.755396] NET: Registered protocol family 1
May  7 22:49:19 stephen kernel: [    0.755399] NET: Registered protocol family 44
May  7 22:49:19 stephen kernel: [    0.755406] pci 0000:00:01.1: PCI bridge to [bus 01]
May  7 22:49:19 stephen kernel: [    0.755410] pci 0000:00:01.1:   bridge window [mem 0xfc900000-0xfc9fffff]
May  7 22:49:19 stephen systemd[1]: Started Refresh fwupd metadata regularly.
May  7 22:49:19 stephen kernel: [    0.755416] pci 0000:03:00.0: PCI bridge to [bus 04]
May  7 22:49:19 stephen kernel: [    0.755418] pci 0000:03:00.0:   bridge window [io  0xf000-0xffff]
May  7 22:49:19 stephen kernel: [    0.755423] pci 0000:03:00.0:   bridge window [mem 0xfb000000-0xfc0fffff]
May  7 22:49:19 stephen kernel: [    0.755426] pci 0000:03:00.0:   bridge window [mem 0xe0000000-0xe9ffffff 64bit pref]
May  7 22:49:19 stephen kernel: [    0.755432] pci 0000:03:04.0: PCI bridge to [bus 05]
May  7 22:49:19 stephen kernel: [    0.755436] pci 0000:03:04.0:   bridge window [mem 0xfc300000-0xfc3fffff]
May  7 22:49:19 stephen systemd[1]: Started Daily rotation of log files.
May  7 22:49:19 stephen kernel: [    0.755444] pci 0000:03:08.0: PCI bridge to [bus 06]
May  7 22:49:19 stephen kernel: [    0.755455] pci 0000:03:09.0: PCI bridge to [bus 07]
May  7 22:49:19 stephen kernel: [    0.755457] pci 0000:03:09.0:   bridge window [io  0xe000-0xefff]
May  7 22:49:19 stephen kernel: [    0.755462] pci 0000:03:09.0:   bridge window [mem 0xfc200000-0xfc2fffff]
May  7 22:49:19 stephen kernel: [    0.755469] pci 0000:02:00.2: PCI bridge to [bus 03-07]
May  7 22:49:19 stephen systemd[1]: Started Daily man-db regeneration.
May  7 22:49:19 stephen kernel: [    0.755471] pci 0000:02:00.2:   bridge window [io  0xe000-0xffff]
May  7 22:49:19 stephen kernel: [    0.755475] pci 0000:02:00.2:   bridge window [mem 0xfb000000-0xfc3fffff]
May  7 22:49:19 stephen kernel: [    0.755479] pci 0000:02:00.2:   bridge window [mem 0xe0000000-0xe9ffffff 64bit pref]
May  7 22:49:19 stephen kernel: [    0.755484] pci 0000:00:01.2: PCI bridge to [bus 02-07]
May  7 22:49:19 stephen kernel: [    0.755486] pci 0000:00:01.2:   bridge window [io  0xe000-0xffff]
May  7 22:49:19 stephen kernel: [    0.755488] pci 0000:00:01.2:   bridge window [mem 0xfb000000-0xfc4fffff]
May  7 22:49:19 stephen systemd[1]: Started Message of the Day.
May  7 22:49:19 stephen kernel: [    0.755491] pci 0000:00:01.2:   bridge window [mem 0xe0000000-0xe9ffffff 64bit pref]
May  7 22:49:19 stephen kernel: [    0.755494] pci 0000:00:07.1: PCI bridge to [bus 08]
May  7 22:49:19 stephen kernel: [    0.755501] pci 0000:00:08.1: PCI bridge to [bus 09]
May  7 22:49:19 stephen kernel: [    0.755503] pci 0000:00:08.1:   bridge window [mem 0xfc600000-0xfc8fffff]
May  7 22:49:19 stephen kernel: [    0.755508] pci_bus 0000:00: resource 4 [io  0x0000-0x03af window]
May  7 22:49:19 stephen kernel: [    0.755509] pci_bus 0000:00: resource 5 [io  0x03e0-0x0cf7 window]
May  7 22:49:19 stephen systemd[1]: Condition check resulted in Timer to automatically fetch and run repair assertions being skipped.
May  7 22:49:19 stephen kernel: [    0.755510] pci_bus 0000:00: resource 6 [io  0x03b0-0x03df window]
May  7 22:49:19 stephen kernel: [    0.755511] pci_bus 0000:00: resource 7 [io  0x0d00-0xffff window]
May  7 22:49:19 stephen kernel: [    0.755512] pci_bus 0000:00: resource 8 [mem 0x000a0000-0x000bffff window]
May  7 22:49:19 stephen kernel: [    0.755513] pci_bus 0000:00: resource 9 [mem 0x000c0000-0x000dffff window]
May  7 22:49:19 stephen kernel: [    0.755514] pci_bus 0000:00: resource 10 [mem 0xd0000000-0xfec2ffff window]
May  7 22:49:19 stephen systemd[1]: Started Daily Cleanup of Temporary Directories.
May  7 22:49:19 stephen kernel: [    0.755515] pci_bus 0000:00: resource 11 [mem 0xfee00000-0xffffffff window]
May  7 22:49:19 stephen kernel: [    0.755516] pci_bus 0000:01: resource 1 [mem 0xfc900000-0xfc9fffff]
May  7 22:49:19 stephen kernel: [    0.755517] pci_bus 0000:02: resource 0 [io  0xe000-0xffff]
May  7 22:49:19 stephen kernel: [    0.755518] pci_bus 0000:02: resource 1 [mem 0xfb000000-0xfc4fffff]
May  7 22:49:19 stephen kernel: [    0.755519] pci_bus 0000:02: resource 2 [mem 0xe0000000-0xe9ffffff 64bit pref]
May  7 22:49:19 stephen kernel: [    0.755520] pci_bus 0000:03: resource 0 [io  0xe000-0xffff]
May  7 22:49:19 stephen kernel: [    0.755521] pci_bus 0000:03: resource 1 [mem 0xfb000000-0xfc3fffff]
May  7 22:49:19 stephen systemd[1]: Started Download data for packages that failed at package install time.
May  7 22:49:19 stephen kernel: [    0.755522] pci_bus 0000:03: resource 2 [mem 0xe0000000-0xe9ffffff 64bit pref]
May  7 22:49:19 stephen kernel: [    0.755523] pci_bus 0000:04: resource 0 [io  0xf000-0xffff]
May  7 22:49:19 stephen systemd[1]: Started Check to see whether there is a new version of Ubuntu available.
May  7 22:49:19 stephen systemd[1]: Reached target Paths.
May  7 22:49:19 stephen systemd[1]: Reached target Timers.
May  7 22:49:19 stephen systemd[1]: Condition check resulted in Unix socket for apport crash forwarding being skipped.
May  7 22:49:19 stephen systemd[1]: Listening on Open-iSCSI iscsid Socket.
May  7 22:49:19 stephen systemd[1]: Starting Socket activation for snappy daemon.
May  7 22:49:19 stephen systemd[1]: Listening on UUID daemon activation socket.
May  7 22:49:19 stephen systemd[1]: Condition check resulted in Login to default iSCSI targets being skipped.
May  7 22:49:19 stephen systemd[1]: Reached target Remote File Systems (Pre).
May  7 22:49:19 stephen systemd[1]: Reached target Remote File Systems.
May  7 22:49:19 stephen systemd[1]: Finished Availability of block devices.
May  7 22:49:19 stephen systemd[1]: Listening on Socket activation for snappy daemon.
May  7 22:49:19 stephen systemd[1]: Reached target Sockets.
May  7 22:49:19 stephen systemd[1]: Reached target Basic System.
May  7 22:49:19 stephen systemd[1]: Listening on D-Bus System Message Bus Socket.
May  7 22:49:19 stephen systemd[1]: Starting Accounts Service...
May  7 22:49:19 stephen systemd[1]: Starting LSB: automatic crash report generation...
May  7 22:49:19 stephen kernel: [    0.755524] pci_bus 0000:04: resource 1 [mem 0xfb000000-0xfc0fffff]
May  7 22:49:19 stephen kernel: [    0.755525] pci_bus 0000:04: resource 2 [mem 0xe0000000-0xe9ffffff 64bit pref]
May  7 22:49:19 stephen kernel: [    0.755526] pci_bus 0000:05: resource 1 [mem 0xfc300000-0xfc3fffff]
May  7 22:49:19 stephen systemd[1]: Started Regular background program processing daemon.
May  7 22:49:19 stephen kernel: [    0.755527] pci_bus 0000:07: resource 0 [io  0xe000-0xefff]
May  7 22:49:19 stephen kernel: [    0.755528] pci_bus 0000:07: resource 1 [mem 0xfc200000-0xfc2fffff]
May  7 22:49:19 stephen kernel: [    0.755529] pci_bus 0000:09: resource 1 [mem 0xfc600000-0xfc8fffff]
May  7 22:49:19 stephen kernel: [    0.755687] pci 0000:04:00.0: Video device with shadowed ROM at [mem 0x000c0000-0x000dffff]
May  7 22:49:19 stephen kernel: [    0.755709] pci 0000:04:00.1: D0 power state depends on 0000:04:00.0
May  7 22:49:19 stephen systemd[1]: Started D-Bus System Message Bus.
May  7 22:49:19 stephen kernel: [    0.755796] PCI: CLS 64 bytes, default 64
May  7 22:49:19 stephen kernel: [    0.755821] Trying to unpack rootfs image as initramfs...
May  7 22:49:19 stephen kernel: [    0.857178] Freeing initrd memory: 99920K
May  7 22:49:19 stephen kernel: [    0.857247] pci 0000:00:00.2: AMD-Vi: IOMMU performance counters supported
May  7 22:49:19 stephen kernel: [    0.857294] pci 0000:00:01.0: Adding to iommu group 0
May  7 22:49:19 stephen cron[1435]: (CRON) INFO (pidfile fd = 3)
May  7 22:49:19 stephen kernel: [    0.857302] pci 0000:00:01.1: Adding to iommu group 1
May  7 22:49:19 stephen kernel: [    0.857309] pci 0000:00:01.2: Adding to iommu group 2
May  7 22:49:19 stephen kernel: [    0.857316] pci 0000:00:02.0: Adding to iommu group 3
May  7 22:49:19 stephen kernel: [    0.857322] pci 0000:00:03.0: Adding to iommu group 4
May  7 22:49:19 stephen kernel: [    0.857328] pci 0000:00:04.0: Adding to iommu group 5
May  7 22:49:19 stephen systemd[1]: Started Save initial kernel messages after boot.
May  7 22:49:19 stephen kernel: [    0.857335] pci 0000:00:05.0: Adding to iommu group 6
May  7 22:49:19 stephen kernel: [    0.857343] pci 0000:00:07.0: Adding to iommu group 7
May  7 22:49:19 stephen kernel: [    0.857349] pci 0000:00:07.1: Adding to iommu group 8
May  7 22:49:19 stephen kernel: [    0.857356] pci 0000:00:08.0: Adding to iommu group 9
May  7 22:49:19 stephen kernel: [    0.857362] pci 0000:00:08.1: Adding to iommu group 10
May  7 22:49:19 stephen systemd[1]: Starting Remove Stale Online ext4 Metadata Check Snapshots...
May  7 22:49:19 stephen kernel: [    0.857372] pci 0000:00:14.0: Adding to iommu group 11
May  7 22:49:19 stephen kernel: [    0.857377] pci 0000:00:14.3: Adding to iommu group 11
May  7 22:49:19 stephen kernel: [    0.857393] pci 0000:00:18.0: Adding to iommu group 12
May  7 22:49:19 stephen kernel: [    0.857398] pci 0000:00:18.1: Adding to iommu group 12
May  7 22:49:19 stephen kernel: [    0.857403] pci 0000:00:18.2: Adding to iommu group 12
May  7 22:49:19 stephen kernel: [    0.857408] pci 0000:00:18.3: Adding to iommu group 12
May  7 22:49:19 stephen kernel: [    0.857414] pci 0000:00:18.4: Adding to iommu group 12
May  7 22:49:19 stephen systemd[1]: Condition check resulted in getty on tty2-tty6 if dbus and logind are not available being skipped.
May  7 22:49:19 stephen kernel: [    0.857418] pci 0000:00:18.5: Adding to iommu group 12
May  7 22:49:19 stephen kernel: [    0.857423] pci 0000:00:18.6: Adding to iommu group 12
May  7 22:49:19 stephen kernel: [    0.857428] pci 0000:00:18.7: Adding to iommu group 12
May  7 22:49:19 stephen kernel: [    0.857434] pci 0000:01:00.0: Adding to iommu group 13
May  7 22:49:19 stephen kernel: [    0.857445] pci 0000:02:00.0: Adding to iommu group 14
May  7 22:49:19 stephen kernel: [    0.857452] pci 0000:02:00.1: Adding to iommu group 14
May  7 22:49:19 stephen systemd[1]: Starting Record successful boot for GRUB...
May  7 22:49:19 stephen kernel: [    0.857458] pci 0000:02:00.2: Adding to iommu group 14
May  7 22:49:19 stephen kernel: [    0.857461] pci 0000:03:00.0: Adding to iommu group 14
May  7 22:49:19 stephen kernel: [    0.857465] pci 0000:03:04.0: Adding to iommu group 14
May  7 22:49:19 stephen kernel: [    0.857468] pci 0000:03:08.0: Adding to iommu group 14
May  7 22:49:19 stephen kernel: [    0.857472] pci 0000:03:09.0: Adding to iommu group 14
May  7 22:49:19 stephen systemd[1]: Started irqbalance daemon.
May  7 22:49:19 stephen kernel: [    0.857475] pci 0000:04:00.0: Adding to iommu group 14
May  7 22:49:19 stephen kernel: [    0.857478] pci 0000:04:00.1: Adding to iommu group 14
May  7 22:49:19 stephen kernel: [    0.857481] pci 0000:05:00.0: Adding to iommu group 14
May  7 22:49:19 stephen kernel: [    0.857484] pci 0000:07:00.0: Adding to iommu group 14
May  7 22:49:19 stephen kernel: [    0.857491] pci 0000:08:00.0: Adding to iommu group 15
May  7 22:49:19 stephen systemd[1]: Starting Dispatcher daemon for systemd-networkd...
May  7 22:49:19 stephen kernel: [    0.857498] pci 0000:09:00.0: Adding to iommu group 16
May  7 22:49:19 stephen kernel: [    0.857511] pci 0000:09:00.1: Adding to iommu group 17
May  7 22:49:19 stephen kernel: [    0.857519] pci 0000:09:00.3: Adding to iommu group 18
May  7 22:49:19 stephen kernel: [    0.857526] pci 0000:09:00.4: Adding to iommu group 19
May  7 22:49:19 stephen kernel: [    0.860119] pci 0000:00:00.2: AMD-Vi: Found IOMMU cap 0x40
May  7 22:49:19 stephen cron[1435]: (CRON) INFO (Running @reboot jobs)
May  7 22:49:19 stephen kernel: [    0.860120] pci 0000:00:00.2: AMD-Vi: Extended features (0x58f77ef22294a5a):
May  7 22:49:19 stephen kernel: [    0.860122]  PPR NX GT IA PC GA_vAPIC
May  7 22:49:19 stephen kernel: [    0.860124] AMD-Vi: Interrupt remapping enabled
May  7 22:49:19 stephen kernel: [    0.860218] AMD-Vi: Lazy IO/TLB flushing enabled
May  7 22:49:19 stephen kernel: [    0.860590] amd_uncore: 4  amd_df counters detected
May  7 22:49:19 stephen kernel: [    0.860595] amd_uncore: 6  amd_l3 counters detected
May  7 22:49:19 stephen systemd[1]: Starting Pollinate to seed the pseudo random number generator...
May  7 22:49:19 stephen kernel: [    0.861091] LVT offset 0 assigned for vector 0x400
May  7 22:49:19 stephen kernel: [    0.861297] perf: AMD IBS detected (0x000003ff)
May  7 22:49:19 stephen kernel: [    0.861301] perf/amd_iommu: Detected AMD IOMMU #0 (2 banks, 4 counters/bank).
May  7 22:49:19 stephen kernel: [    0.861329] check: Scanning for low memory corruption every 60 seconds
May  7 22:49:19 stephen kernel: [    0.861704] Initialise system trusted keyrings
May  7 22:49:19 stephen systemd[1]: Condition check resulted in fast remote file copy program daemon being skipped.
May  7 22:49:19 stephen kernel: [    0.861711] Key type blacklist registered
May  7 22:49:19 stephen kernel: [    0.861735] workingset: timestamp_bits=36 max_order=24 bucket_order=0
May  7 22:49:19 stephen kernel: [    0.862165] zbud: loaded
May  7 22:49:19 stephen kernel: [    0.862302] squashfs: version 4.0 (2009/01/31) Phillip Lougher
May  7 22:49:19 stephen kernel: [    0.862372] fuse: init (API version 7.33)
May  7 22:49:19 stephen kernel: [    0.862466] integrity: Platform Keyring initialized
May  7 22:49:19 stephen systemd[1]: Starting System Logging Service...
May  7 22:49:19 stephen kernel: [    0.864719] Key type asymmetric registered
May  7 22:49:19 stephen kernel: [    0.864721] Asymmetric key parser 'x509' registered
May  7 22:49:19 stephen kernel: [    0.864727] Block layer SCSI generic (bsg) driver version 0.4 loaded (major 243)
May  7 22:49:19 stephen kernel: [    0.864757] io scheduler mq-deadline registered
May  7 22:49:19 stephen systemd[1]: Starting Secure Boot updates for DB and DBX...
May  7 22:49:19 stephen kernel: [    0.865479] pcieport 0000:00:01.1: AER: enabled with IRQ 26
May  7 22:49:19 stephen kernel: [    0.865616] pcieport 0000:00:01.2: AER: enabled with IRQ 27
May  7 22:49:19 stephen kernel: [    0.865801] pcieport 0000:00:07.1: AER: enabled with IRQ 29
May  7 22:49:19 stephen systemd[1]: Condition check resulted in Automatically repair incorrect owner/permissions on core devices being skipped.
May  7 22:49:19 stephen kernel: [    0.865899] pcieport 0000:00:08.1: AER: enabled with IRQ 30
May  7 22:49:19 stephen kernel: [    0.866505] shpchp: Standard Hot Plug PCI Controller Driver version: 0.4
May  7 22:49:19 stephen kernel: [    0.866534] efifb: probing for efifb
May  7 22:49:19 stephen systemd[1]: Condition check resulted in Wait for the Ubuntu Core chooser trigger being skipped.
May  7 22:49:19 stephen kernel: [    0.866543] efifb: framebuffer at 0xe0000000, using 8100k, total 8100k
May  7 22:49:19 stephen kernel: [    0.866544] efifb: mode is 1920x1080x32, linelength=7680, pages=1
May  7 22:49:19 stephen kernel: [    0.866545] efifb: scrolling: redraw
May  7 22:49:19 stephen kernel: [    0.866546] efifb: Truecolor: size=8:8:8:8, shift=24:16:8:0
May  7 22:49:19 stephen systemd[1]: Starting Snap Daemon...
May  7 22:49:19 stephen kernel: [    0.866594] Console: switching to colour frame buffer device 240x67
May  7 22:49:19 stephen kernel: [    0.877684] fb0: EFI VGA frame buffer device
May  7 22:49:19 stephen kernel: [    0.877795] input: Power Button as /devices/LNXSYSTM:00/LNXSYBUS:00/PNP0C0C:00/input/input0
May  7 22:49:19 stephen kernel: [    0.877862] ACPI: Power Button [PWRB]
May  7 22:49:19 stephen kernel: [    0.877896] input: Power Button as /devices/LNXSYSTM:00/LNXPWRBN:00/input/input1
May  7 22:49:19 stephen systemd[1]: Starting User Login Management...
May  7 22:49:19 stephen kernel: [    0.877958] ACPI: Power Button [PWRF]
May  7 22:49:19 stephen kernel: [    0.881531] smpboot: Estimated ratio of average max frequency by base frequency (times 1024): 1577
May  7 22:49:19 stephen kernel: [    0.881603] Monitor-Mwait will be used to enter C-1 state
May  7 22:49:19 stephen kernel: [    0.881607] ACPI: \_SB_.PLTF.C000: Found 2 idle states
May  7 22:49:19 stephen kernel: [    0.881706] ACPI: \_SB_.PLTF.C002: Found 2 idle states
May  7 22:49:19 stephen systemd[1]: Starting Permit User Sessions...
May  7 22:49:19 stephen kernel: [    0.881813] ACPI: \_SB_.PLTF.C004: Found 2 idle states
May  7 22:49:19 stephen kernel: [    0.881915] ACPI: \_SB_.PLTF.C006: Found 2 idle states
May  7 22:49:19 stephen kernel: [    0.882022] ACPI: \_SB_.PLTF.C008: Found 2 idle states
May  7 22:49:19 stephen kernel: [    0.882124] ACPI: \_SB_.PLTF.C00A: Found 2 idle states
May  7 22:49:19 stephen kernel: [    0.882222] ACPI: \_SB_.PLTF.C00C: Found 2 idle states
May  7 22:49:19 stephen systemd[1]: Starting Thermal Daemon Service...
May  7 22:49:19 stephen kernel: [    0.882301] ACPI: \_SB_.PLTF.C00E: Found 2 idle states
May  7 22:49:19 stephen kernel: [    0.882377] ACPI: \_SB_.PLTF.C010: Found 2 idle states
May  7 22:49:19 stephen kernel: [    0.882474] ACPI: \_SB_.PLTF.C012: Found 2 idle states
May  7 22:49:19 stephen kernel: [    0.882574] ACPI: \_SB_.PLTF.C014: Found 2 idle states
May  7 22:49:19 stephen kernel: [    0.882672] ACPI: \_SB_.PLTF.C016: Found 2 idle states
May  7 22:49:19 stephen kernel: [    0.882772] ACPI: \_SB_.PLTF.C018: Found 2 idle states
May  7 22:49:19 stephen kernel: [    0.882874] ACPI: \_SB_.PLTF.C01A: Found 2 idle states
May  7 22:49:19 stephen systemd[1]: Condition check resulted in Ubuntu Advantage reboot cmds being skipped.
May  7 22:49:19 stephen kernel: [    0.882976] ACPI: \_SB_.PLTF.C01C: Found 2 idle states
May  7 22:49:19 stephen kernel: [    0.883074] ACPI: \_SB_.PLTF.C01E: Found 2 idle states
May  7 22:49:19 stephen kernel: [    0.883141] ACPI: \_SB_.PLTF.C001: Found 2 idle states
May  7 22:49:19 stephen kernel: [    0.883233] ACPI: \_SB_.PLTF.C003: Found 2 idle states
May  7 22:49:19 stephen kernel: [    0.883319] ACPI: \_SB_.PLTF.C005: Found 2 idle states
May  7 22:49:19 stephen kernel: [    0.883407] ACPI: \_SB_.PLTF.C007: Found 2 idle states
May  7 22:49:19 stephen systemd[1]: Starting Disk Manager...
May  7 22:49:19 stephen kernel: [    0.883495] ACPI: \_SB_.PLTF.C009: Found 2 idle states
May  7 22:49:19 stephen kernel: [    0.883585] ACPI: \_SB_.PLTF.C00B: Found 2 idle states
May  7 22:49:19 stephen kernel: [    0.883678] ACPI: \_SB_.PLTF.C00D: Found 2 idle states
