-- Journal begins at Fri 2021-05-07 22:40:10 UTC, ends at Fri 2021-05-07 22:45:28 UTC. --
May 07 22:40:10 ubuntu-server kernel: Linux version 5.11.0-16-generic (buildd@lgw01-amd64-035) (gcc (Ubuntu 10.3.0-1ubuntu1) 10.3.0, GNU ld (GNU Binutils for Ubuntu) 2.36.1) #17-Ubuntu SMP Wed Apr 14 20:12:43 UTC 2021 (Ubuntu 5.11.0-16.17-generic 5.11.12)
May 07 22:40:10 ubuntu-server kernel: Command line: BOOT_IMAGE=/casper/vmlinuz ---
May 07 22:40:10 ubuntu-server kernel: KERNEL supported cpus:
May 07 22:40:10 ubuntu-server kernel:   Intel GenuineIntel
May 07 22:40:10 ubuntu-server kernel:   AMD AuthenticAMD
May 07 22:40:10 ubuntu-server kernel:   Hygon HygonGenuine
May 07 22:40:10 ubuntu-server kernel:   Centaur CentaurHauls
May 07 22:40:10 ubuntu-server kernel:   zhaoxin   Shanghai  
May 07 22:40:10 ubuntu-server kernel: x86/fpu: Supporting XSAVE feature 0x001: 'x87 floating point registers'
May 07 22:40:10 ubuntu-server kernel: x86/fpu: Supporting XSAVE feature 0x002: 'SSE registers'
May 07 22:40:10 ubuntu-server kernel: x86/fpu: Supporting XSAVE feature 0x004: 'AVX registers'
May 07 22:40:10 ubuntu-server kernel: x86/fpu: Supporting XSAVE feature 0x200: 'Protection Keys User registers'
May 07 22:40:10 ubuntu-server kernel: x86/fpu: xstate_offset[2]:  576, xstate_sizes[2]:  256
May 07 22:40:10 ubuntu-server kernel: x86/fpu: xstate_offset[9]:  832, xstate_sizes[9]:    8
May 07 22:40:10 ubuntu-server kernel: x86/fpu: Enabled xstate features 0x207, context size is 840 bytes, using 'compacted' format.
May 07 22:40:10 ubuntu-server kernel: BIOS-provided physical RAM map:
May 07 22:40:10 ubuntu-server kernel: BIOS-e820: [mem 0x0000000000000000-0x000000000009ffff] usable
May 07 22:40:10 ubuntu-server kernel: BIOS-e820: [mem 0x00000000000a0000-0x00000000000fffff] reserved
May 07 22:40:10 ubuntu-server kernel: BIOS-e820: [mem 0x0000000000100000-0x0000000009d1efff] usable
May 07 22:40:10 ubuntu-server kernel: BIOS-e820: [mem 0x0000000009d1f000-0x0000000009ffffff] reserved
May 07 22:40:10 ubuntu-server kernel: BIOS-e820: [mem 0x000000000a000000-0x000000000a1fffff] usable
May 07 22:40:10 ubuntu-server kernel: BIOS-e820: [mem 0x000000000a200000-0x000000000a20dfff] ACPI NVS
May 07 22:40:10 ubuntu-server kernel: BIOS-e820: [mem 0x000000000a20e000-0x000000000affffff] usable
May 07 22:40:10 ubuntu-server kernel: BIOS-e820: [mem 0x000000000b000000-0x000000000b01ffff] reserved
May 07 22:40:10 ubuntu-server kernel: BIOS-e820: [mem 0x000000000b020000-0x00000000ca2c5fff] usable
May 07 22:40:10 ubuntu-server kernel: BIOS-e820: [mem 0x00000000ca2c6000-0x00000000ca6bdfff] reserved
May 07 22:40:10 ubuntu-server kernel: BIOS-e820: [mem 0x00000000ca6be000-0x00000000ca816fff] ACPI data
May 07 22:40:10 ubuntu-server kernel: BIOS-e820: [mem 0x00000000ca817000-0x00000000caee4fff] ACPI NVS
May 07 22:40:10 ubuntu-server kernel: BIOS-e820: [mem 0x00000000caee5000-0x00000000cbbfefff] reserved
May 07 22:40:10 ubuntu-server kernel: BIOS-e820: [mem 0x00000000cbbff000-0x00000000ccffffff] usable
May 07 22:40:10 ubuntu-server kernel: BIOS-e820: [mem 0x00000000cd000000-0x00000000cfffffff] reserved
May 07 22:40:10 ubuntu-server kernel: BIOS-e820: [mem 0x00000000f0000000-0x00000000f7ffffff] reserved
May 07 22:40:10 ubuntu-server kernel: BIOS-e820: [mem 0x00000000fd200000-0x00000000fd2fffff] reserved
May 07 22:40:10 ubuntu-server kernel: BIOS-e820: [mem 0x00000000fd600000-0x00000000fd7fffff] reserved
May 07 22:40:10 ubuntu-server kernel: BIOS-e820: [mem 0x00000000fea00000-0x00000000fea0ffff] reserved
May 07 22:40:10 ubuntu-server kernel: BIOS-e820: [mem 0x00000000feb80000-0x00000000fec01fff] reserved
May 07 22:40:10 ubuntu-server kernel: BIOS-e820: [mem 0x00000000fec10000-0x00000000fec10fff] reserved
May 07 22:40:10 ubuntu-server kernel: BIOS-e820: [mem 0x00000000fec30000-0x00000000fec30fff] reserved
May 07 22:40:10 ubuntu-server kernel: BIOS-e820: [mem 0x00000000fed00000-0x00000000fed00fff] reserved
May 07 22:40:10 ubuntu-server kernel: BIOS-e820: [mem 0x00000000fed40000-0x00000000fed44fff] reserved
May 07 22:40:10 ubuntu-server kernel: BIOS-e820: [mem 0x00000000fed80000-0x00000000fed8ffff] reserved
May 07 22:40:10 ubuntu-server kernel: BIOS-e820: [mem 0x00000000fedc2000-0x00000000fedcffff] reserved
May 07 22:40:10 ubuntu-server kernel: BIOS-e820: [mem 0x00000000fedd4000-0x00000000fedd5fff] reserved
May 07 22:40:10 ubuntu-server kernel: BIOS-e820: [mem 0x00000000ff000000-0x00000000ffffffff] reserved
May 07 22:40:10 ubuntu-server kernel: BIOS-e820: [mem 0x0000000100000000-0x000000102f2fffff] usable
May 07 22:40:10 ubuntu-server kernel: BIOS-e820: [mem 0x000000102f300000-0x000000102fffffff] reserved
May 07 22:40:10 ubuntu-server kernel: NX (Execute Disable) protection: active
May 07 22:40:10 ubuntu-server kernel: e820: update [mem 0x8ac29018-0x8ac47e57] usable ==> usable
May 07 22:40:10 ubuntu-server kernel: e820: update [mem 0x8ac29018-0x8ac47e57] usable ==> usable
May 07 22:40:10 ubuntu-server kernel: e820: update [mem 0x8ac1a018-0x8ac28067] usable ==> usable
May 07 22:40:10 ubuntu-server kernel: e820: update [mem 0x8ac1a018-0x8ac28067] usable ==> usable
May 07 22:40:10 ubuntu-server kernel: extended physical RAM map:
May 07 22:40:10 ubuntu-server kernel: reserve setup_data: [mem 0x0000000000000000-0x000000000009ffff] usable
May 07 22:40:10 ubuntu-server kernel: reserve setup_data: [mem 0x00000000000a0000-0x00000000000fffff] reserved
May 07 22:40:10 ubuntu-server kernel: reserve setup_data: [mem 0x0000000000100000-0x0000000009d1efff] usable
May 07 22:40:10 ubuntu-server kernel: reserve setup_data: [mem 0x0000000009d1f000-0x0000000009ffffff] reserved
May 07 22:40:10 ubuntu-server kernel: reserve setup_data: [mem 0x000000000a000000-0x000000000a1fffff] usable
May 07 22:40:10 ubuntu-server kernel: reserve setup_data: [mem 0x000000000a200000-0x000000000a20dfff] ACPI NVS
May 07 22:40:10 ubuntu-server kernel: reserve setup_data: [mem 0x000000000a20e000-0x000000000affffff] usable
May 07 22:40:10 ubuntu-server kernel: reserve setup_data: [mem 0x000000000b000000-0x000000000b01ffff] reserved
May 07 22:40:10 ubuntu-server kernel: reserve setup_data: [mem 0x000000000b020000-0x000000008ac1a017] usable
May 07 22:40:10 ubuntu-server kernel: reserve setup_data: [mem 0x000000008ac1a018-0x000000008ac28067] usable
May 07 22:40:10 ubuntu-server kernel: reserve setup_data: [mem 0x000000008ac28068-0x000000008ac29017] usable
May 07 22:40:10 ubuntu-server kernel: reserve setup_data: [mem 0x000000008ac29018-0x000000008ac47e57] usable
May 07 22:40:10 ubuntu-server kernel: reserve setup_data: [mem 0x000000008ac47e58-0x00000000ca2c5fff] usable
May 07 22:40:10 ubuntu-server kernel: reserve setup_data: [mem 0x00000000ca2c6000-0x00000000ca6bdfff] reserved
May 07 22:40:10 ubuntu-server kernel: reserve setup_data: [mem 0x00000000ca6be000-0x00000000ca816fff] ACPI data
May 07 22:40:10 ubuntu-server kernel: reserve setup_data: [mem 0x00000000ca817000-0x00000000caee4fff] ACPI NVS
May 07 22:40:10 ubuntu-server kernel: reserve setup_data: [mem 0x00000000caee5000-0x00000000cbbfefff] reserved
May 07 22:40:10 ubuntu-server kernel: reserve setup_data: [mem 0x00000000cbbff000-0x00000000ccffffff] usable
May 07 22:40:10 ubuntu-server kernel: reserve setup_data: [mem 0x00000000cd000000-0x00000000cfffffff] reserved
May 07 22:40:10 ubuntu-server kernel: reserve setup_data: [mem 0x00000000f0000000-0x00000000f7ffffff] reserved
May 07 22:40:10 ubuntu-server kernel: reserve setup_data: [mem 0x00000000fd200000-0x00000000fd2fffff] reserved
May 07 22:40:10 ubuntu-server kernel: reserve setup_data: [mem 0x00000000fd600000-0x00000000fd7fffff] reserved
May 07 22:40:10 ubuntu-server kernel: reserve setup_data: [mem 0x00000000fea00000-0x00000000fea0ffff] reserved
May 07 22:40:10 ubuntu-server kernel: reserve setup_data: [mem 0x00000000feb80000-0x00000000fec01fff] reserved
May 07 22:40:10 ubuntu-server kernel: reserve setup_data: [mem 0x00000000fec10000-0x00000000fec10fff] reserved
May 07 22:40:10 ubuntu-server kernel: reserve setup_data: [mem 0x00000000fec30000-0x00000000fec30fff] reserved
May 07 22:40:10 ubuntu-server kernel: reserve setup_data: [mem 0x00000000fed00000-0x00000000fed00fff] reserved
May 07 22:40:10 ubuntu-server kernel: reserve setup_data: [mem 0x00000000fed40000-0x00000000fed44fff] reserved
May 07 22:40:10 ubuntu-server kernel: reserve setup_data: [mem 0x00000000fed80000-0x00000000fed8ffff] reserved
May 07 22:40:10 ubuntu-server kernel: reserve setup_data: [mem 0x00000000fedc2000-0x00000000fedcffff] reserved
May 07 22:40:10 ubuntu-server kernel: reserve setup_data: [mem 0x00000000fedd4000-0x00000000fedd5fff] reserved
May 07 22:40:10 ubuntu-server kernel: reserve setup_data: [mem 0x00000000ff000000-0x00000000ffffffff] reserved
May 07 22:40:10 ubuntu-server kernel: reserve setup_data: [mem 0x0000000100000000-0x000000102f2fffff] usable
May 07 22:40:10 ubuntu-server kernel: reserve setup_data: [mem 0x000000102f300000-0x000000102fffffff] reserved
May 07 22:40:10 ubuntu-server kernel: efi: EFI v2.70 by American Megatrends
May 07 22:40:10 ubuntu-server kernel: efi: ACPI=0xca816000 ACPI 2.0=0xca816014 SMBIOS=0xcba05000 SMBIOS 3.0=0xcba04000 MEMATTR=0xc56de018 ESRT=0xc8e4d898 RNG=0xcba37e98 
May 07 22:40:10 ubuntu-server kernel: efi: seeding entropy pool
May 07 22:40:10 ubuntu-server kernel: random: fast init done
May 07 22:40:10 ubuntu-server kernel: secureboot: Secure boot disabled
May 07 22:40:10 ubuntu-server kernel: SMBIOS 3.3.0 present.
May 07 22:40:10 ubuntu-server kernel: DMI: ASUS System Product Name/PRIME B550-PLUS, BIOS 2006 03/19/2021
May 07 22:40:10 ubuntu-server kernel: tsc: Fast TSC calibration using PIT
May 07 22:40:10 ubuntu-server kernel: tsc: Detected 3393.671 MHz processor
May 07 22:40:10 ubuntu-server kernel: e820: update [mem 0x00000000-0x00000fff] usable ==> reserved
May 07 22:40:10 ubuntu-server kernel: e820: remove [mem 0x000a0000-0x000fffff] usable
May 07 22:40:10 ubuntu-server kernel: last_pfn = 0x102f300 max_arch_pfn = 0x400000000
May 07 22:40:10 ubuntu-server kernel: MTRR default type: uncachable
May 07 22:40:10 ubuntu-server kernel: MTRR fixed ranges enabled:
May 07 22:40:10 ubuntu-server kernel:   00000-9FFFF write-back
May 07 22:40:10 ubuntu-server kernel:   A0000-BFFFF write-through
May 07 22:40:10 ubuntu-server kernel:   C0000-DFFFF uncachable
May 07 22:40:10 ubuntu-server kernel:   E0000-FFFFF write-protect
May 07 22:40:10 ubuntu-server kernel: MTRR variable ranges enabled:
May 07 22:40:10 ubuntu-server kernel:   0 base 000000000000 mask FFFF80000000 write-back
May 07 22:40:10 ubuntu-server kernel:   1 base 000080000000 mask FFFFC0000000 write-back
May 07 22:40:10 ubuntu-server kernel:   2 base 0000C0000000 mask FFFFF0000000 write-back
May 07 22:40:10 ubuntu-server kernel:   3 base 0000CB330000 mask FFFFFFFF0000 uncachable
May 07 22:40:10 ubuntu-server kernel:   4 disabled
May 07 22:40:10 ubuntu-server kernel:   5 disabled
May 07 22:40:10 ubuntu-server kernel:   6 disabled
May 07 22:40:10 ubuntu-server kernel:   7 disabled
May 07 22:40:10 ubuntu-server kernel: TOM2: 0000001030000000 aka 66304M
May 07 22:40:10 ubuntu-server kernel: x86/PAT: Configuration [0-7]: WB  WC  UC- UC  WB  WP  UC- WT  
May 07 22:40:10 ubuntu-server kernel: total RAM covered: 3327M
May 07 22:40:10 ubuntu-server kernel: Found optimal setting for mtrr clean up
May 07 22:40:10 ubuntu-server kernel:  gran_size: 64K         chunk_size: 128M         num_reg: 4          lose cover RAM: 0G
May 07 22:40:10 ubuntu-server kernel: e820: update [mem 0xcb330000-0xcb33ffff] usable ==> reserved
May 07 22:40:10 ubuntu-server kernel: e820: update [mem 0xd0000000-0xffffffff] usable ==> reserved
May 07 22:40:10 ubuntu-server kernel: last_pfn = 0xcd000 max_arch_pfn = 0x400000000
May 07 22:40:10 ubuntu-server kernel: ACPI: Early table checksum verification disabled
May 07 22:40:10 ubuntu-server kernel: ACPI: RSDP 0x00000000CA816014 000024 (v02 ALASKA)
May 07 22:40:10 ubuntu-server kernel: ACPI: XSDT 0x00000000CA815728 0000CC (v01 ALASKA A M I    01072009 AMI  01000013)
May 07 22:40:10 ubuntu-server kernel: ACPI: FACP 0x00000000CA806000 000114 (v06 ALASKA A M I    01072009 AMI  00010013)
May 07 22:40:10 ubuntu-server kernel: ACPI: DSDT 0x00000000CA7FA000 00B99A (v02 ALASKA A M I    01072009 INTL 20120913)
May 07 22:40:10 ubuntu-server kernel: ACPI: FACS 0x00000000CAECA000 000040
May 07 22:40:10 ubuntu-server kernel: ACPI: SSDT 0x00000000CA80C000 008C98 (v02 AMD    AmdTable 00000002 MSFT 04000000)
May 07 22:40:10 ubuntu-server kernel: ACPI: SSDT 0x00000000CA808000 003AAF (v01 AMD    AMD AOD  00000001 INTL 20120913)
May 07 22:40:10 ubuntu-server kernel: ACPI: SSDT 0x00000000CA807000 0003F1 (v02 ALASKA CPUSSDT  01072009 AMI  01072009)
May 07 22:40:10 ubuntu-server kernel: ACPI: FIDT 0x00000000CA7F9000 00009C (v01 ALASKA A M I    01072009 AMI  00010013)
May 07 22:40:10 ubuntu-server kernel: ACPI: FPDT 0x00000000CA703000 000044 (v01 ALASKA A M I    01072009 AMI  01000013)
May 07 22:40:10 ubuntu-server kernel: ACPI: MCFG 0x00000000CA7F7000 00003C (v01 ALASKA A M I    01072009 MSFT 00010013)
May 07 22:40:10 ubuntu-server kernel: ACPI: HPET 0x00000000CA7F6000 000038 (v01 ALASKA A M I    01072009 AMI  00000005)
May 07 22:40:10 ubuntu-server kernel: ACPI: IVRS 0x00000000CA7F4000 0000D0 (v02 AMD    AmdTable 00000001 AMD  00000001)
May 07 22:40:10 ubuntu-server kernel: ACPI: WPBT 0x00000000CA719000 00003C (v01 ALASKA A M I    00000001 ASUS 00000001)
May 07 22:40:10 ubuntu-server kernel: ACPI: PCCT 0x00000000CA718000 00006E (v02 AMD    AmdTable 00000001 AMD  00000001)
May 07 22:40:10 ubuntu-server kernel: ACPI: SSDT 0x00000000CA710000 007F29 (v02 AMD    AmdTable 00000001 AMD  00000001)
May 07 22:40:10 ubuntu-server kernel: ACPI: CRAT 0x00000000CA70E000 001698 (v01 AMD    AmdTable 00000001 AMD  00000001)
May 07 22:40:10 ubuntu-server kernel: ACPI: CDIT 0x00000000CA70D000 000029 (v01 AMD    AmdTable 00000001 AMD  00000001)
May 07 22:40:10 ubuntu-server kernel: ACPI: BGRT 0x00000000CA7F3000 000038 (v01 ALASKA A M I    01072009 AMI  00010013)
May 07 22:40:10 ubuntu-server kernel: ACPI: SSDT 0x00000000CA70C000 00052C (v01 AMD    ArticNOI 00000001 INTL 20120913)
May 07 22:40:10 ubuntu-server kernel: ACPI: SSDT 0x00000000CA708000 00381A (v01 AMD    ArticN   00000001 INTL 20120913)
May 07 22:40:10 ubuntu-server kernel: ACPI: WSMT 0x00000000CA707000 000028 (v01 ALASKA A M I    01072009 AMI  00010013)
May 07 22:40:10 ubuntu-server kernel: ACPI: APIC 0x00000000CA706000 00015E (v03 ALASKA A M I    01072009 AMI  00010013)
May 07 22:40:10 ubuntu-server kernel: ACPI: SSDT 0x00000000CA705000 00007D (v01 AMD    ArticDIS 00000001 INTL 20120913)
May 07 22:40:10 ubuntu-server kernel: ACPI: SSDT 0x00000000CA704000 0000BF (v01 AMD    AmdTable 00001000 INTL 20120913)
May 07 22:40:10 ubuntu-server kernel: ACPI: Reserving FACP table memory at [mem 0xca806000-0xca806113]
May 07 22:40:10 ubuntu-server kernel: ACPI: Reserving DSDT table memory at [mem 0xca7fa000-0xca805999]
May 07 22:40:10 ubuntu-server kernel: ACPI: Reserving FACS table memory at [mem 0xcaeca000-0xcaeca03f]
May 07 22:40:10 ubuntu-server kernel: ACPI: Reserving SSDT table memory at [mem 0xca80c000-0xca814c97]
May 07 22:40:10 ubuntu-server kernel: ACPI: Reserving SSDT table memory at [mem 0xca808000-0xca80baae]
May 07 22:40:10 ubuntu-server kernel: ACPI: Reserving SSDT table memory at [mem 0xca807000-0xca8073f0]
May 07 22:40:10 ubuntu-server kernel: ACPI: Reserving FIDT table memory at [mem 0xca7f9000-0xca7f909b]
May 07 22:40:10 ubuntu-server kernel: ACPI: Reserving FPDT table memory at [mem 0xca703000-0xca703043]
May 07 22:40:10 ubuntu-server kernel: ACPI: Reserving MCFG table memory at [mem 0xca7f7000-0xca7f703b]
May 07 22:40:10 ubuntu-server kernel: ACPI: Reserving HPET table memory at [mem 0xca7f6000-0xca7f6037]
May 07 22:40:10 ubuntu-server kernel: ACPI: Reserving IVRS table memory at [mem 0xca7f4000-0xca7f40cf]
May 07 22:40:10 ubuntu-server kernel: ACPI: Reserving WPBT table memory at [mem 0xca719000-0xca71903b]
May 07 22:40:10 ubuntu-server kernel: ACPI: Reserving PCCT table memory at [mem 0xca718000-0xca71806d]
May 07 22:40:10 ubuntu-server kernel: ACPI: Reserving SSDT table memory at [mem 0xca710000-0xca717f28]
May 07 22:40:10 ubuntu-server kernel: ACPI: Reserving CRAT table memory at [mem 0xca70e000-0xca70f697]
May 07 22:40:10 ubuntu-server kernel: ACPI: Reserving CDIT table memory at [mem 0xca70d000-0xca70d028]
May 07 22:40:10 ubuntu-server kernel: ACPI: Reserving BGRT table memory at [mem 0xca7f3000-0xca7f3037]
May 07 22:40:10 ubuntu-server kernel: ACPI: Reserving SSDT table memory at [mem 0xca70c000-0xca70c52b]
May 07 22:40:10 ubuntu-server kernel: ACPI: Reserving SSDT table memory at [mem 0xca708000-0xca70b819]
May 07 22:40:10 ubuntu-server kernel: ACPI: Reserving WSMT table memory at [mem 0xca707000-0xca707027]
May 07 22:40:10 ubuntu-server kernel: ACPI: Reserving APIC table memory at [mem 0xca706000-0xca70615d]
May 07 22:40:10 ubuntu-server kernel: ACPI: Reserving SSDT table memory at [mem 0xca705000-0xca70507c]
May 07 22:40:10 ubuntu-server kernel: ACPI: Reserving SSDT table memory at [mem 0xca704000-0xca7040be]
May 07 22:40:10 ubuntu-server kernel: esrt: Reserving ESRT space from 0x00000000c8e4d898 to 0x00000000c8e4d8d0.
May 07 22:40:10 ubuntu-server kernel: e820: update [mem 0xc8e4d000-0xc8e4dfff] usable ==> reserved
May 07 22:40:10 ubuntu-server kernel: check: Scanning 1 areas for low memory corruption
May 07 22:40:10 ubuntu-server kernel: Using GB pages for direct mapping
May 07 22:40:10 ubuntu-server kernel: secureboot: Secure boot disabled
May 07 22:40:10 ubuntu-server kernel: RAMDISK: [mem 0x36912000-0x3cc54fff]
May 07 22:40:10 ubuntu-server kernel: ACPI: Local APIC address 0xfee00000
May 07 22:40:10 ubuntu-server kernel: No NUMA configuration found
May 07 22:40:10 ubuntu-server kernel: Faking a node at [mem 0x0000000000000000-0x000000102f2fffff]
May 07 22:40:10 ubuntu-server kernel: NODE_DATA(0) allocated [mem 0x102f2d6000-0x102f2fffff]
May 07 22:40:10 ubuntu-server kernel: Zone ranges:
May 07 22:40:10 ubuntu-server kernel:   DMA      [mem 0x0000000000001000-0x0000000000ffffff]
May 07 22:40:10 ubuntu-server kernel:   DMA32    [mem 0x0000000001000000-0x00000000ffffffff]
May 07 22:40:10 ubuntu-server kernel:   Normal   [mem 0x0000000100000000-0x000000102f2fffff]
May 07 22:40:10 ubuntu-server kernel:   Device   empty
May 07 22:40:10 ubuntu-server kernel: Movable zone start for each node
May 07 22:40:10 ubuntu-server kernel: Early memory node ranges
May 07 22:40:10 ubuntu-server kernel:   node   0: [mem 0x0000000000001000-0x000000000009ffff]
May 07 22:40:10 ubuntu-server kernel:   node   0: [mem 0x0000000000100000-0x0000000009d1efff]
May 07 22:40:10 ubuntu-server kernel:   node   0: [mem 0x000000000a000000-0x000000000a1fffff]
May 07 22:40:10 ubuntu-server kernel:   node   0: [mem 0x000000000a20e000-0x000000000affffff]
May 07 22:40:10 ubuntu-server kernel:   node   0: [mem 0x000000000b020000-0x00000000ca2c5fff]
May 07 22:40:10 ubuntu-server kernel:   node   0: [mem 0x00000000cbbff000-0x00000000ccffffff]
May 07 22:40:10 ubuntu-server kernel:   node   0: [mem 0x0000000100000000-0x000000102f2fffff]
May 07 22:40:10 ubuntu-server kernel: Initmem setup node 0 [mem 0x0000000000001000-0x000000102f2fffff]
May 07 22:40:10 ubuntu-server kernel: On node 0 totalpages: 16754263
May 07 22:40:10 ubuntu-server kernel:   DMA zone: 64 pages used for memmap
May 07 22:40:10 ubuntu-server kernel:   DMA zone: 23 pages reserved
May 07 22:40:10 ubuntu-server kernel:   DMA zone: 3999 pages, LIFO batch:0
May 07 22:40:10 ubuntu-server kernel:   DMA zone: 28769 pages in unavailable ranges
May 07 22:40:10 ubuntu-server kernel:   DMA32 zone: 12943 pages used for memmap
May 07 22:40:10 ubuntu-server kernel:   DMA32 zone: 828344 pages, LIFO batch:63
May 07 22:40:10 ubuntu-server kernel:   DMA32 zone: 19528 pages in unavailable ranges
May 07 22:40:10 ubuntu-server kernel:   Normal zone: 248780 pages used for memmap
May 07 22:40:10 ubuntu-server kernel:   Normal zone: 15921920 pages, LIFO batch:63
May 07 22:40:10 ubuntu-server kernel:   Normal zone: 3328 pages in unavailable ranges
May 07 22:40:10 ubuntu-server kernel: ACPI: PM-Timer IO Port: 0x808
May 07 22:40:10 ubuntu-server kernel: ACPI: Local APIC address 0xfee00000
May 07 22:40:10 ubuntu-server kernel: ACPI: LAPIC_NMI (acpi_id[0xff] high edge lint[0x1])
May 07 22:40:10 ubuntu-server kernel: IOAPIC[0]: apic_id 33, version 33, address 0xfec00000, GSI 0-23
May 07 22:40:10 ubuntu-server kernel: IOAPIC[1]: apic_id 34, version 33, address 0xfec01000, GSI 24-55
May 07 22:40:10 ubuntu-server kernel: ACPI: INT_SRC_OVR (bus 0 bus_irq 0 global_irq 2 dfl dfl)
May 07 22:40:10 ubuntu-server kernel: ACPI: INT_SRC_OVR (bus 0 bus_irq 9 global_irq 9 low level)
May 07 22:40:10 ubuntu-server kernel: ACPI: IRQ0 used by override.
May 07 22:40:10 ubuntu-server kernel: ACPI: IRQ9 used by override.
May 07 22:40:10 ubuntu-server kernel: Using ACPI (MADT) for SMP configuration information
May 07 22:40:10 ubuntu-server kernel: ACPI: HPET id: 0x10228201 base: 0xfed00000
May 07 22:40:10 ubuntu-server kernel: e820: update [mem 0xc5aa4000-0xc5b97fff] usable ==> reserved
May 07 22:40:10 ubuntu-server kernel: smpboot: Allowing 32 CPUs, 0 hotplug CPUs
May 07 22:40:10 ubuntu-server kernel: PM: hibernation: Registered nosave memory: [mem 0x00000000-0x00000fff]
May 07 22:40:10 ubuntu-server kernel: PM: hibernation: Registered nosave memory: [mem 0x000a0000-0x000fffff]
May 07 22:40:10 ubuntu-server kernel: PM: hibernation: Registered nosave memory: [mem 0x09d1f000-0x09ffffff]
May 07 22:40:10 ubuntu-server kernel: PM: hibernation: Registered nosave memory: [mem 0x0a200000-0x0a20dfff]
May 07 22:40:10 ubuntu-server kernel: PM: hibernation: Registered nosave memory: [mem 0x0b000000-0x0b01ffff]
May 07 22:40:10 ubuntu-server kernel: PM: hibernation: Registered nosave memory: [mem 0x8ac1a000-0x8ac1afff]
May 07 22:40:10 ubuntu-server kernel: PM: hibernation: Registered nosave memory: [mem 0x8ac28000-0x8ac28fff]
May 07 22:40:10 ubuntu-server kernel: PM: hibernation: Registered nosave memory: [mem 0x8ac29000-0x8ac29fff]
May 07 22:40:10 ubuntu-server kernel: PM: hibernation: Registered nosave memory: [mem 0x8ac47000-0x8ac47fff]
May 07 22:40:10 ubuntu-server kernel: PM: hibernation: Registered nosave memory: [mem 0xc5aa4000-0xc5b97fff]
May 07 22:40:10 ubuntu-server kernel: PM: hibernation: Registered nosave memory: [mem 0xc8e4d000-0xc8e4dfff]
May 07 22:40:10 ubuntu-server kernel: PM: hibernation: Registered nosave memory: [mem 0xca2c6000-0xca6bdfff]
May 07 22:40:10 ubuntu-server kernel: PM: hibernation: Registered nosave memory: [mem 0xca6be000-0xca816fff]
May 07 22:40:10 ubuntu-server kernel: PM: hibernation: Registered nosave memory: [mem 0xca817000-0xcaee4fff]
May 07 22:40:10 ubuntu-server kernel: PM: hibernation: Registered nosave memory: [mem 0xcaee5000-0xcbbfefff]
May 07 22:40:10 ubuntu-server kernel: PM: hibernation: Registered nosave memory: [mem 0xcd000000-0xcfffffff]
May 07 22:40:10 ubuntu-server kernel: PM: hibernation: Registered nosave memory: [mem 0xd0000000-0xefffffff]
May 07 22:40:10 ubuntu-server kernel: PM: hibernation: Registered nosave memory: [mem 0xf0000000-0xf7ffffff]
May 07 22:40:10 ubuntu-server kernel: PM: hibernation: Registered nosave memory: [mem 0xf8000000-0xfd1fffff]
May 07 22:40:10 ubuntu-server kernel: PM: hibernation: Registered nosave memory: [mem 0xfd200000-0xfd2fffff]
May 07 22:40:10 ubuntu-server kernel: PM: hibernation: Registered nosave memory: [mem 0xfd300000-0xfd5fffff]
May 07 22:40:10 ubuntu-server kernel: PM: hibernation: Registered nosave memory: [mem 0xfd600000-0xfd7fffff]
May 07 22:40:10 ubuntu-server kernel: PM: hibernation: Registered nosave memory: [mem 0xfd800000-0xfe9fffff]
May 07 22:40:10 ubuntu-server kernel: PM: hibernation: Registered nosave memory: [mem 0xfea00000-0xfea0ffff]
May 07 22:40:10 ubuntu-server kernel: PM: hibernation: Registered nosave memory: [mem 0xfea10000-0xfeb7ffff]
May 07 22:40:10 ubuntu-server kernel: PM: hibernation: Registered nosave memory: [mem 0xfeb80000-0xfec01fff]
May 07 22:40:10 ubuntu-server kernel: PM: hibernation: Registered nosave memory: [mem 0xfec02000-0xfec0ffff]
May 07 22:40:10 ubuntu-server kernel: PM: hibernation: Registered nosave memory: [mem 0xfec10000-0xfec10fff]
May 07 22:40:10 ubuntu-server kernel: PM: hibernation: Registered nosave memory: [mem 0xfec11000-0xfec2ffff]
May 07 22:40:10 ubuntu-server kernel: PM: hibernation: Registered nosave memory: [mem 0xfec30000-0xfec30fff]
May 07 22:40:10 ubuntu-server kernel: PM: hibernation: Registered nosave memory: [mem 0xfec31000-0xfecfffff]
May 07 22:40:10 ubuntu-server kernel: PM: hibernation: Registered nosave memory: [mem 0xfed00000-0xfed00fff]
May 07 22:40:10 ubuntu-server kernel: PM: hibernation: Registered nosave memory: [mem 0xfed01000-0xfed3ffff]
May 07 22:40:10 ubuntu-server kernel: PM: hibernation: Registered nosave memory: [mem 0xfed40000-0xfed44fff]
May 07 22:40:10 ubuntu-server kernel: PM: hibernation: Registered nosave memory: [mem 0xfed45000-0xfed7ffff]
May 07 22:40:10 ubuntu-server kernel: PM: hibernation: Registered nosave memory: [mem 0xfed80000-0xfed8ffff]
May 07 22:40:10 ubuntu-server kernel: PM: hibernation: Registered nosave memory: [mem 0xfed90000-0xfedc1fff]
May 07 22:40:10 ubuntu-server kernel: PM: hibernation: Registered nosave memory: [mem 0xfedc2000-0xfedcffff]
May 07 22:40:10 ubuntu-server kernel: PM: hibernation: Registered nosave memory: [mem 0xfedd0000-0xfedd3fff]
May 07 22:40:10 ubuntu-server kernel: PM: hibernation: Registered nosave memory: [mem 0xfedd4000-0xfedd5fff]
May 07 22:40:10 ubuntu-server kernel: PM: hibernation: Registered nosave memory: [mem 0xfedd6000-0xfeffffff]
May 07 22:40:10 ubuntu-server kernel: PM: hibernation: Registered nosave memory: [mem 0xff000000-0xffffffff]
May 07 22:40:10 ubuntu-server kernel: [mem 0xd0000000-0xefffffff] available for PCI devices
May 07 22:40:10 ubuntu-server kernel: Booting paravirtualized kernel on bare hardware
May 07 22:40:10 ubuntu-server kernel: clocksource: refined-jiffies: mask: 0xffffffff max_cycles: 0xffffffff, max_idle_ns: 7645519600211568 ns
May 07 22:40:10 ubuntu-server kernel: setup_percpu: NR_CPUS:8192 nr_cpumask_bits:32 nr_cpu_ids:32 nr_node_ids:1
May 07 22:40:10 ubuntu-server kernel: percpu: Embedded 56 pages/cpu s192512 r8192 d28672 u262144
May 07 22:40:10 ubuntu-server kernel: pcpu-alloc: s192512 r8192 d28672 u262144 alloc=1*2097152
May 07 22:40:10 ubuntu-server kernel: pcpu-alloc: [0] 00 01 02 03 04 05 06 07 [0] 08 09 10 11 12 13 14 15 
May 07 22:40:10 ubuntu-server kernel: pcpu-alloc: [0] 16 17 18 19 20 21 22 23 [0] 24 25 26 27 28 29 30 31 
May 07 22:40:10 ubuntu-server kernel: Built 1 zonelists, mobility grouping on.  Total pages: 16492453
May 07 22:40:10 ubuntu-server kernel: Policy zone: Normal
May 07 22:40:10 ubuntu-server kernel: Kernel command line: BOOT_IMAGE=/casper/vmlinuz ---
May 07 22:40:10 ubuntu-server kernel: Dentry cache hash table entries: 8388608 (order: 14, 67108864 bytes, linear)
May 07 22:40:10 ubuntu-server kernel: Inode-cache hash table entries: 4194304 (order: 13, 33554432 bytes, linear)
May 07 22:40:10 ubuntu-server kernel: mem auto-init: stack:off, heap alloc:on, heap free:off
May 07 22:40:10 ubuntu-server kernel: Memory: 65594568K/67017052K available (16393K kernel code, 3476K rwdata, 10148K rodata, 2688K init, 5976K bss, 1422224K reserved, 0K cma-reserved)
May 07 22:40:10 ubuntu-server kernel: random: get_random_u64 called from kmem_cache_open+0x27/0x230 with crng_init=1
May 07 22:40:10 ubuntu-server kernel: SLUB: HWalign=64, Order=0-3, MinObjects=0, CPUs=32, Nodes=1
May 07 22:40:10 ubuntu-server kernel: ftrace: allocating 51209 entries in 201 pages
May 07 22:40:10 ubuntu-server kernel: ftrace: allocated 201 pages with 4 groups
May 07 22:40:10 ubuntu-server kernel: rcu: Hierarchical RCU implementation.
May 07 22:40:10 ubuntu-server kernel: rcu:         RCU restricting CPUs from NR_CPUS=8192 to nr_cpu_ids=32.
May 07 22:40:10 ubuntu-server kernel:         Rude variant of Tasks RCU enabled.
May 07 22:40:10 ubuntu-server kernel:         Tracing variant of Tasks RCU enabled.
May 07 22:40:10 ubuntu-server kernel: rcu: RCU calculated value of scheduler-enlistment delay is 25 jiffies.
May 07 22:40:10 ubuntu-server kernel: rcu: Adjusting geometry for rcu_fanout_leaf=16, nr_cpu_ids=32
May 07 22:40:10 ubuntu-server kernel: NR_IRQS: 524544, nr_irqs: 1224, preallocated irqs: 16
May 07 22:40:10 ubuntu-server kernel: random: crng done (trusting CPU's manufacturer)
May 07 22:40:10 ubuntu-server kernel: Console: colour dummy device 80x25
May 07 22:40:10 ubuntu-server kernel: printk: console [tty0] enabled
May 07 22:40:10 ubuntu-server kernel: ACPI: Core revision 20201113
May 07 22:40:10 ubuntu-server kernel: clocksource: hpet: mask: 0xffffffff max_cycles: 0xffffffff, max_idle_ns: 133484873504 ns
May 07 22:40:10 ubuntu-server kernel: APIC: Switch to symmetric I/O mode setup
May 07 22:40:10 ubuntu-server kernel: Switched APIC routing to physical flat.
May 07 22:40:10 ubuntu-server kernel: ..TIMER: vector=0x30 apic1=0 pin1=2 apic2=-1 pin2=-1
May 07 22:40:10 ubuntu-server kernel: clocksource: tsc-early: mask: 0xffffffffffffffff max_cycles: 0x30eaf3daaff, max_idle_ns: 440795306822 ns
May 07 22:40:10 ubuntu-server kernel: Calibrating delay loop (skipped), value calculated using timer frequency.. 6787.34 BogoMIPS (lpj=13574684)
May 07 22:40:10 ubuntu-server kernel: pid_max: default: 32768 minimum: 301
May 07 22:40:10 ubuntu-server kernel: LSM: Security Framework initializing
May 07 22:40:10 ubuntu-server kernel: Yama: becoming mindful.
May 07 22:40:10 ubuntu-server kernel: AppArmor: AppArmor initialized
May 07 22:40:10 ubuntu-server kernel: Mount-cache hash table entries: 131072 (order: 8, 1048576 bytes, linear)
May 07 22:40:10 ubuntu-server kernel: Mountpoint-cache hash table entries: 131072 (order: 8, 1048576 bytes, linear)
May 07 22:40:10 ubuntu-server kernel: x86/cpu: User Mode Instruction Prevention (UMIP) activated
May 07 22:40:10 ubuntu-server kernel: LVT offset 1 assigned for vector 0xf9
May 07 22:40:10 ubuntu-server kernel: LVT offset 2 assigned for vector 0xf4
May 07 22:40:10 ubuntu-server kernel: Last level iTLB entries: 4KB 512, 2MB 512, 4MB 256
May 07 22:40:10 ubuntu-server kernel: Last level dTLB entries: 4KB 2048, 2MB 2048, 4MB 1024, 1GB 0
May 07 22:40:10 ubuntu-server kernel: Spectre V1 : Mitigation: usercopy/swapgs barriers and __user pointer sanitization
May 07 22:40:10 ubuntu-server kernel: Spectre V2 : Mitigation: Full AMD retpoline
May 07 22:40:10 ubuntu-server kernel: Spectre V2 : Spectre v2 / SpectreRSB mitigation: Filling RSB on context switch
May 07 22:40:10 ubuntu-server kernel: Spectre V2 : Enabling Restricted Speculation for firmware calls
May 07 22:40:10 ubuntu-server kernel: Spectre V2 : mitigation: Enabling conditional Indirect Branch Prediction Barrier
May 07 22:40:10 ubuntu-server kernel: Spectre V2 : User space: Mitigation: STIBP always-on protection
May 07 22:40:10 ubuntu-server kernel: Speculative Store Bypass: Mitigation: Speculative Store Bypass disabled via prctl and seccomp
May 07 22:40:10 ubuntu-server kernel: Freeing SMP alternatives memory: 40K
May 07 22:40:10 ubuntu-server kernel: smpboot: CPU0: AMD Ryzen 9 5950X 16-Core Processor (family: 0x19, model: 0x21, stepping: 0x0)
May 07 22:40:10 ubuntu-server kernel: Performance Events: Fam17h+ core perfctr, AMD PMU driver.
May 07 22:40:10 ubuntu-server kernel: ... version:                0
May 07 22:40:10 ubuntu-server kernel: ... bit width:              48
May 07 22:40:10 ubuntu-server kernel: ... generic registers:      6
May 07 22:40:10 ubuntu-server kernel: ... value mask:             0000ffffffffffff
May 07 22:40:10 ubuntu-server kernel: ... max period:             00007fffffffffff
May 07 22:40:10 ubuntu-server kernel: ... fixed-purpose events:   0
May 07 22:40:10 ubuntu-server kernel: ... event mask:             000000000000003f
May 07 22:40:10 ubuntu-server kernel: rcu: Hierarchical SRCU implementation.
May 07 22:40:10 ubuntu-server kernel: NMI watchdog: Enabled. Permanently consumes one hw-PMU counter.
May 07 22:40:10 ubuntu-server kernel: smp: Bringing up secondary CPUs ...
May 07 22:40:10 ubuntu-server kernel: x86: Booting SMP configuration:
May 07 22:40:10 ubuntu-server kernel: .... node  #0, CPUs:        #1  #2  #3  #4  #5  #6  #7  #8  #9 #10 #11 #12 #13 #14 #15 #16
May 07 22:40:10 ubuntu-server kernel: Spectre V2 : Update user space SMT mitigation: STIBP always-on
May 07 22:40:10 ubuntu-server kernel:  #17 #18 #19 #20 #21 #22 #23 #24 #25 #26 #27 #28 #29 #30 #31
May 07 22:40:10 ubuntu-server kernel: smp: Brought up 1 node, 32 CPUs
May 07 22:40:10 ubuntu-server kernel: smpboot: Max logical packages: 1
May 07 22:40:10 ubuntu-server kernel: smpboot: Total of 32 processors activated (217194.94 BogoMIPS)
May 07 22:40:10 ubuntu-server kernel: devtmpfs: initialized
May 07 22:40:10 ubuntu-server kernel: x86/mm: Memory block size: 2048MB
May 07 22:40:10 ubuntu-server kernel: PM: Registering ACPI NVS region [mem 0x0a200000-0x0a20dfff] (57344 bytes)
May 07 22:40:10 ubuntu-server kernel: PM: Registering ACPI NVS region [mem 0xca817000-0xcaee4fff] (7135232 bytes)
May 07 22:40:10 ubuntu-server kernel: clocksource: jiffies: mask: 0xffffffff max_cycles: 0xffffffff, max_idle_ns: 7645041785100000 ns
May 07 22:40:10 ubuntu-server kernel: futex hash table entries: 8192 (order: 7, 524288 bytes, linear)
May 07 22:40:10 ubuntu-server kernel: pinctrl core: initialized pinctrl subsystem
May 07 22:40:10 ubuntu-server kernel: PM: RTC time: 22:39:37, date: 2021-05-07
May 07 22:40:10 ubuntu-server kernel: NET: Registered protocol family 16
May 07 22:40:10 ubuntu-server kernel: DMA: preallocated 4096 KiB GFP_KERNEL pool for atomic allocations
May 07 22:40:10 ubuntu-server kernel: DMA: preallocated 4096 KiB GFP_KERNEL|GFP_DMA pool for atomic allocations
May 07 22:40:10 ubuntu-server kernel: DMA: preallocated 4096 KiB GFP_KERNEL|GFP_DMA32 pool for atomic allocations
May 07 22:40:10 ubuntu-server kernel: audit: initializing netlink subsys (disabled)
May 07 22:40:10 ubuntu-server kernel: audit: type=2000 audit(1620427177.208:1): state=initialized audit_enabled=0 res=1
May 07 22:40:10 ubuntu-server kernel: thermal_sys: Registered thermal governor 'fair_share'
May 07 22:40:10 ubuntu-server kernel: thermal_sys: Registered thermal governor 'bang_bang'
May 07 22:40:10 ubuntu-server kernel: thermal_sys: Registered thermal governor 'step_wise'
May 07 22:40:10 ubuntu-server kernel: thermal_sys: Registered thermal governor 'user_space'
May 07 22:40:10 ubuntu-server kernel: thermal_sys: Registered thermal governor 'power_allocator'
May 07 22:40:10 ubuntu-server kernel: EISA bus registered
May 07 22:40:10 ubuntu-server kernel: cpuidle: using governor ladder
May 07 22:40:10 ubuntu-server kernel: cpuidle: using governor menu
May 07 22:40:10 ubuntu-server kernel: Detected 1 PCC Subspaces
May 07 22:40:10 ubuntu-server kernel: Registering PCC driver as Mailbox controller
May 07 22:40:10 ubuntu-server kernel: ACPI: bus type PCI registered
May 07 22:40:10 ubuntu-server kernel: acpiphp: ACPI Hot Plug PCI Controller Driver version: 0.5
May 07 22:40:10 ubuntu-server kernel: PCI: MMCONFIG for domain 0000 [bus 00-7f] at [mem 0xf0000000-0xf7ffffff] (base 0xf0000000)
May 07 22:40:10 ubuntu-server kernel: PCI: MMCONFIG at [mem 0xf0000000-0xf7ffffff] reserved in E820
May 07 22:40:10 ubuntu-server kernel: PCI: Using configuration type 1 for base access
May 07 22:40:10 ubuntu-server kernel: Kprobes globally optimized
May 07 22:40:10 ubuntu-server kernel: HugeTLB registered 1.00 GiB page size, pre-allocated 0 pages
May 07 22:40:10 ubuntu-server kernel: HugeTLB registered 2.00 MiB page size, pre-allocated 0 pages
May 07 22:40:10 ubuntu-server kernel: fbcon: Taking over console
May 07 22:40:10 ubuntu-server kernel: ACPI: Added _OSI(Module Device)
May 07 22:40:10 ubuntu-server kernel: ACPI: Added _OSI(Processor Device)
May 07 22:40:10 ubuntu-server kernel: ACPI: Added _OSI(3.0 _SCP Extensions)
May 07 22:40:10 ubuntu-server kernel: ACPI: Added _OSI(Processor Aggregator Device)
May 07 22:40:10 ubuntu-server kernel: ACPI: Added _OSI(Linux-Dell-Video)
May 07 22:40:10 ubuntu-server kernel: ACPI: Added _OSI(Linux-Lenovo-NV-HDMI-Audio)
May 07 22:40:10 ubuntu-server kernel: ACPI: Added _OSI(Linux-HPI-Hybrid-Graphics)
May 07 22:40:10 ubuntu-server kernel: ACPI: 9 ACPI AML tables successfully acquired and loaded
May 07 22:40:10 ubuntu-server kernel: ACPI: [Firmware Bug]: BIOS _OSI(Linux) query ignored
May 07 22:40:10 ubuntu-server kernel: ACPI: Interpreter enabled
May 07 22:40:10 ubuntu-server kernel: ACPI: (supports S0 S3 S4 S5)
May 07 22:40:10 ubuntu-server kernel: ACPI: Using IOAPIC for interrupt routing
May 07 22:40:10 ubuntu-server kernel: PCI: Using host bridge windows from ACPI; if necessary, use "pci=nocrs" and report a bug
May 07 22:40:10 ubuntu-server kernel: ACPI: Enabled 4 GPEs in block 00 to 1F
May 07 22:40:10 ubuntu-server kernel: ACPI: PCI Root Bridge [PCI0] (domain 0000 [bus 00-ff])
May 07 22:40:10 ubuntu-server kernel: acpi PNP0A08:00: _OSC: OS supports [ExtendedConfig ASPM ClockPM Segments MSI HPX-Type3]
May 07 22:40:10 ubuntu-server kernel: acpi PNP0A08:00: _OSC: platform does not support [PCIeHotplug SHPCHotplug PME LTR]
May 07 22:40:10 ubuntu-server kernel: acpi PNP0A08:00: _OSC: OS now controls [AER PCIeCapability]
May 07 22:40:10 ubuntu-server kernel: acpi PNP0A08:00: [Firmware Info]: MMCONFIG for domain 0000 [bus 00-7f] only partially covers this bridge
May 07 22:40:10 ubuntu-server kernel: PCI host bridge to bus 0000:00
May 07 22:40:10 ubuntu-server kernel: pci_bus 0000:00: root bus resource [io  0x0000-0x03af window]
May 07 22:40:10 ubuntu-server kernel: pci_bus 0000:00: root bus resource [io  0x03e0-0x0cf7 window]
May 07 22:40:10 ubuntu-server kernel: pci_bus 0000:00: root bus resource [io  0x03b0-0x03df window]
May 07 22:40:10 ubuntu-server kernel: pci_bus 0000:00: root bus resource [io  0x0d00-0xffff window]
May 07 22:40:10 ubuntu-server kernel: pci_bus 0000:00: root bus resource [mem 0x000a0000-0x000bffff window]
May 07 22:40:10 ubuntu-server kernel: pci_bus 0000:00: root bus resource [mem 0x000c0000-0x000dffff window]
May 07 22:40:10 ubuntu-server kernel: pci_bus 0000:00: root bus resource [mem 0xd0000000-0xfec2ffff window]
May 07 22:40:10 ubuntu-server kernel: pci_bus 0000:00: root bus resource [mem 0xfee00000-0xffffffff window]
May 07 22:40:10 ubuntu-server kernel: pci_bus 0000:00: root bus resource [bus 00-ff]
May 07 22:40:10 ubuntu-server kernel: pci 0000:00:00.0: [1022:1480] type 00 class 0x060000
May 07 22:40:10 ubuntu-server kernel: pci 0000:00:00.2: [1022:1481] type 00 class 0x080600
May 07 22:40:10 ubuntu-server kernel: pci 0000:00:01.0: [1022:1482] type 00 class 0x060000
May 07 22:40:10 ubuntu-server kernel: pci 0000:00:01.1: [1022:1483] type 01 class 0x060400
May 07 22:40:10 ubuntu-server kernel: pci 0000:00:01.1: PME# supported from D0 D3hot D3cold
May 07 22:40:10 ubuntu-server kernel: pci 0000:00:01.2: [1022:1483] type 01 class 0x060400
May 07 22:40:10 ubuntu-server kernel: pci 0000:00:01.2: enabling Extended Tags
May 07 22:40:10 ubuntu-server kernel: pci 0000:00:01.2: PME# supported from D0 D3hot D3cold
May 07 22:40:10 ubuntu-server kernel: pci 0000:00:02.0: [1022:1482] type 00 class 0x060000
May 07 22:40:10 ubuntu-server kernel: pci 0000:00:03.0: [1022:1482] type 00 class 0x060000
May 07 22:40:10 ubuntu-server kernel: pci 0000:00:04.0: [1022:1482] type 00 class 0x060000
May 07 22:40:10 ubuntu-server kernel: pci 0000:00:05.0: [1022:1482] type 00 class 0x060000
May 07 22:40:10 ubuntu-server kernel: pci 0000:00:07.0: [1022:1482] type 00 class 0x060000
May 07 22:40:10 ubuntu-server kernel: pci 0000:00:07.1: [1022:1484] type 01 class 0x060400
May 07 22:40:10 ubuntu-server kernel: pci 0000:00:07.1: enabling Extended Tags
May 07 22:40:10 ubuntu-server kernel: pci 0000:00:07.1: PME# supported from D0 D3hot D3cold
May 07 22:40:10 ubuntu-server kernel: pci 0000:00:08.0: [1022:1482] type 00 class 0x060000
May 07 22:40:10 ubuntu-server kernel: pci 0000:00:08.1: [1022:1484] type 01 class 0x060400
May 07 22:40:10 ubuntu-server kernel: pci 0000:00:08.1: enabling Extended Tags
May 07 22:40:10 ubuntu-server kernel: pci 0000:00:08.1: PME# supported from D0 D3hot D3cold
May 07 22:40:10 ubuntu-server kernel: pci 0000:00:14.0: [1022:790b] type 00 class 0x0c0500
May 07 22:40:10 ubuntu-server kernel: pci 0000:00:14.3: [1022:790e] type 00 class 0x060100
May 07 22:40:10 ubuntu-server kernel: pci 0000:00:18.0: [1022:1440] type 00 class 0x060000
May 07 22:40:10 ubuntu-server kernel: pci 0000:00:18.1: [1022:1441] type 00 class 0x060000
May 07 22:40:10 ubuntu-server kernel: pci 0000:00:18.2: [1022:1442] type 00 class 0x060000
May 07 22:40:10 ubuntu-server kernel: pci 0000:00:18.3: [1022:1443] type 00 class 0x060000
May 07 22:40:10 ubuntu-server kernel: pci 0000:00:18.4: [1022:1444] type 00 class 0x060000
May 07 22:40:10 ubuntu-server kernel: pci 0000:00:18.5: [1022:1445] type 00 class 0x060000
May 07 22:40:10 ubuntu-server kernel: pci 0000:00:18.6: [1022:1446] type 00 class 0x060000
May 07 22:40:10 ubuntu-server kernel: pci 0000:00:18.7: [1022:1447] type 00 class 0x060000
May 07 22:40:10 ubuntu-server kernel: pci 0000:01:00.0: [8086:0a54] type 00 class 0x010802
May 07 22:40:10 ubuntu-server kernel: pci 0000:01:00.0: reg 0x10: [mem 0xfc910000-0xfc913fff 64bit]
May 07 22:40:10 ubuntu-server kernel: pci 0000:01:00.0: reg 0x30: [mem 0xfc900000-0xfc90ffff pref]
May 07 22:40:10 ubuntu-server kernel: pci 0000:00:01.1: PCI bridge to [bus 01]
May 07 22:40:10 ubuntu-server kernel: pci 0000:00:01.1:   bridge window [mem 0xfc900000-0xfc9fffff]
May 07 22:40:10 ubuntu-server kernel: pci 0000:02:00.0: [1022:43ee] type 00 class 0x0c0330
May 07 22:40:10 ubuntu-server kernel: pci 0000:02:00.0: reg 0x10: [mem 0xfc4a0000-0xfc4a7fff 64bit]
May 07 22:40:10 ubuntu-server kernel: pci 0000:02:00.0: enabling Extended Tags
May 07 22:40:10 ubuntu-server kernel: pci 0000:02:00.0: PME# supported from D3hot D3cold
May 07 22:40:10 ubuntu-server kernel: pci 0000:02:00.1: [1022:43eb] type 00 class 0x010601
May 07 22:40:10 ubuntu-server kernel: pci 0000:02:00.1: reg 0x24: [mem 0xfc480000-0xfc49ffff]
May 07 22:40:10 ubuntu-server kernel: pci 0000:02:00.1: reg 0x30: [mem 0xfc400000-0xfc47ffff pref]
May 07 22:40:10 ubuntu-server kernel: pci 0000:02:00.1: enabling Extended Tags
May 07 22:40:10 ubuntu-server kernel: pci 0000:02:00.1: PME# supported from D3hot D3cold
May 07 22:40:10 ubuntu-server kernel: pci 0000:02:00.2: [1022:43e9] type 01 class 0x060400
May 07 22:40:10 ubuntu-server kernel: pci 0000:02:00.2: enabling Extended Tags
May 07 22:40:10 ubuntu-server kernel: pci 0000:02:00.2: PME# supported from D3hot D3cold
May 07 22:40:10 ubuntu-server kernel: pci 0000:00:01.2: PCI bridge to [bus 02-07]
May 07 22:40:10 ubuntu-server kernel: pci 0000:00:01.2:   bridge window [io  0xe000-0xffff]
May 07 22:40:10 ubuntu-server kernel: pci 0000:00:01.2:   bridge window [mem 0xfb000000-0xfc4fffff]
May 07 22:40:10 ubuntu-server kernel: pci 0000:00:01.2:   bridge window [mem 0xe0000000-0xe9ffffff 64bit pref]
May 07 22:40:10 ubuntu-server kernel: pci 0000:03:00.0: [1022:43ea] type 01 class 0x060400
May 07 22:40:10 ubuntu-server kernel: pci 0000:03:00.0: enabling Extended Tags
May 07 22:40:10 ubuntu-server kernel: pci 0000:03:00.0: PME# supported from D3hot D3cold
May 07 22:40:10 ubuntu-server kernel: pci 0000:03:04.0: [1022:43ea] type 01 class 0x060400
May 07 22:40:10 ubuntu-server kernel: pci 0000:03:04.0: enabling Extended Tags
May 07 22:40:10 ubuntu-server kernel: pci 0000:03:04.0: PME# supported from D3hot D3cold
May 07 22:40:10 ubuntu-server kernel: pci 0000:03:08.0: [1022:43ea] type 01 class 0x060400
May 07 22:40:10 ubuntu-server kernel: pci 0000:03:08.0: enabling Extended Tags
May 07 22:40:10 ubuntu-server kernel: pci 0000:03:08.0: PME# supported from D3hot D3cold
May 07 22:40:10 ubuntu-server kernel: pci 0000:03:09.0: [1022:43ea] type 01 class 0x060400
May 07 22:40:10 ubuntu-server kernel: pci 0000:03:09.0: enabling Extended Tags
May 07 22:40:10 ubuntu-server kernel: pci 0000:03:09.0: PME# supported from D3hot D3cold
May 07 22:40:10 ubuntu-server kernel: pci 0000:02:00.2: PCI bridge to [bus 03-07]
May 07 22:40:10 ubuntu-server kernel: pci 0000:02:00.2:   bridge window [io  0xe000-0xffff]
May 07 22:40:10 ubuntu-server kernel: pci 0000:02:00.2:   bridge window [mem 0xfb000000-0xfc3fffff]
May 07 22:40:10 ubuntu-server kernel: pci 0000:02:00.2:   bridge window [mem 0xe0000000-0xe9ffffff 64bit pref]
May 07 22:40:10 ubuntu-server kernel: pci 0000:04:00.0: [10de:1185] type 00 class 0x030000
May 07 22:40:10 ubuntu-server kernel: pci 0000:04:00.0: reg 0x10: [mem 0xfb000000-0xfbffffff]
May 07 22:40:10 ubuntu-server kernel: pci 0000:04:00.0: reg 0x14: [mem 0xe0000000-0xe7ffffff 64bit pref]
May 07 22:40:10 ubuntu-server kernel: pci 0000:04:00.0: reg 0x1c: [mem 0xe8000000-0xe9ffffff 64bit pref]
May 07 22:40:10 ubuntu-server kernel: pci 0000:04:00.0: reg 0x24: [io  0xf000-0xf07f]
May 07 22:40:10 ubuntu-server kernel: pci 0000:04:00.0: reg 0x30: [mem 0xfc000000-0xfc07ffff pref]
May 07 22:40:10 ubuntu-server kernel: pci 0000:04:00.0: enabling Extended Tags
May 07 22:40:10 ubuntu-server kernel: pci 0000:04:00.0: BAR 1: assigned to efifb
May 07 22:40:10 ubuntu-server kernel: pci 0000:04:00.0: 8.000 Gb/s available PCIe bandwidth, limited by 2.5 GT/s PCIe x4 link at 0000:03:00.0 (capable of 126.016 Gb/s with 8.0 GT/s PCIe x16 link)
May 07 22:40:10 ubuntu-server kernel: pci 0000:04:00.1: [10de:0e0a] type 00 class 0x040300
May 07 22:40:10 ubuntu-server kernel: pci 0000:04:00.1: reg 0x10: [mem 0xfc080000-0xfc083fff]
May 07 22:40:10 ubuntu-server kernel: pci 0000:04:00.1: enabling Extended Tags
May 07 22:40:10 ubuntu-server kernel: pci 0000:03:00.0: ASPM: current common clock configuration is inconsistent, reconfiguring
May 07 22:40:10 ubuntu-server kernel: pci 0000:03:00.0: PCI bridge to [bus 04]
May 07 22:40:10 ubuntu-server kernel: pci 0000:03:00.0:   bridge window [io  0xf000-0xffff]
May 07 22:40:10 ubuntu-server kernel: pci 0000:03:00.0:   bridge window [mem 0xfb000000-0xfc0fffff]
May 07 22:40:10 ubuntu-server kernel: pci 0000:03:00.0:   bridge window [mem 0xe0000000-0xe9ffffff 64bit pref]
May 07 22:40:10 ubuntu-server kernel: pci 0000:05:00.0: [8086:0a54] type 00 class 0x010802
May 07 22:40:10 ubuntu-server kernel: pci 0000:05:00.0: reg 0x10: [mem 0xfc310000-0xfc313fff 64bit]
May 07 22:40:10 ubuntu-server kernel: pci 0000:05:00.0: reg 0x30: [mem 0xfc300000-0xfc30ffff pref]
May 07 22:40:10 ubuntu-server kernel: pci 0000:05:00.0: enabling Extended Tags
May 07 22:40:10 ubuntu-server kernel: pci 0000:03:04.0: PCI bridge to [bus 05]
May 07 22:40:10 ubuntu-server kernel: pci 0000:03:04.0:   bridge window [mem 0xfc300000-0xfc3fffff]
May 07 22:40:10 ubuntu-server kernel: pci 0000:03:08.0: PCI bridge to [bus 06]
May 07 22:40:10 ubuntu-server kernel: pci 0000:07:00.0: [10ec:8168] type 00 class 0x020000
May 07 22:40:10 ubuntu-server kernel: pci 0000:07:00.0: reg 0x10: [io  0xe000-0xe0ff]
May 07 22:40:10 ubuntu-server kernel: pci 0000:07:00.0: reg 0x18: [mem 0xfc204000-0xfc204fff 64bit]
May 07 22:40:10 ubuntu-server kernel: pci 0000:07:00.0: reg 0x20: [mem 0xfc200000-0xfc203fff 64bit]
May 07 22:40:10 ubuntu-server kernel: pci 0000:07:00.0: supports D1 D2
May 07 22:40:10 ubuntu-server kernel: pci 0000:07:00.0: PME# supported from D0 D1 D2 D3hot D3cold
May 07 22:40:10 ubuntu-server kernel: pci 0000:03:09.0: PCI bridge to [bus 07]
May 07 22:40:10 ubuntu-server kernel: pci 0000:03:09.0:   bridge window [io  0xe000-0xefff]
May 07 22:40:10 ubuntu-server kernel: pci 0000:03:09.0:   bridge window [mem 0xfc200000-0xfc2fffff]
May 07 22:40:10 ubuntu-server kernel: pci 0000:08:00.0: [1022:148a] type 00 class 0x130000
May 07 22:40:10 ubuntu-server kernel: pci 0000:08:00.0: enabling Extended Tags
May 07 22:40:10 ubuntu-server kernel: pci 0000:00:07.1: PCI bridge to [bus 08]
May 07 22:40:10 ubuntu-server kernel: pci 0000:09:00.0: [1022:1485] type 00 class 0x130000
May 07 22:40:10 ubuntu-server kernel: pci 0000:09:00.0: enabling Extended Tags
May 07 22:40:10 ubuntu-server kernel: pci 0000:09:00.1: [1022:1486] type 00 class 0x108000
May 07 22:40:10 ubuntu-server kernel: pci 0000:09:00.1: reg 0x18: [mem 0xfc700000-0xfc7fffff]
May 07 22:40:10 ubuntu-server kernel: pci 0000:09:00.1: reg 0x24: [mem 0xfc808000-0xfc809fff]
May 07 22:40:10 ubuntu-server kernel: pci 0000:09:00.1: enabling Extended Tags
May 07 22:40:10 ubuntu-server kernel: pci 0000:09:00.3: [1022:149c] type 00 class 0x0c0330
May 07 22:40:10 ubuntu-server kernel: pci 0000:09:00.3: reg 0x10: [mem 0xfc600000-0xfc6fffff 64bit]
May 07 22:40:10 ubuntu-server kernel: pci 0000:09:00.3: enabling Extended Tags
May 07 22:40:10 ubuntu-server kernel: pci 0000:09:00.3: PME# supported from D0 D3hot D3cold
May 07 22:40:10 ubuntu-server kernel: pci 0000:09:00.4: [1022:1487] type 00 class 0x040300
May 07 22:40:10 ubuntu-server kernel: pci 0000:09:00.4: reg 0x10: [mem 0xfc800000-0xfc807fff]
May 07 22:40:10 ubuntu-server kernel: pci 0000:09:00.4: enabling Extended Tags
May 07 22:40:10 ubuntu-server kernel: pci 0000:09:00.4: PME# supported from D0 D3hot D3cold
May 07 22:40:10 ubuntu-server kernel: pci 0000:00:08.1: PCI bridge to [bus 09]
May 07 22:40:10 ubuntu-server kernel: pci 0000:00:08.1:   bridge window [mem 0xfc600000-0xfc8fffff]
May 07 22:40:10 ubuntu-server kernel: ACPI: PCI Interrupt Link [LNKA] (IRQs 4 5 7 10 11 14 15) *0
May 07 22:40:10 ubuntu-server kernel: ACPI: PCI Interrupt Link [LNKB] (IRQs 4 5 7 10 11 14 15) *0
May 07 22:40:10 ubuntu-server kernel: ACPI: PCI Interrupt Link [LNKC] (IRQs 4 5 7 10 11 14 15) *0
May 07 22:40:10 ubuntu-server kernel: ACPI: PCI Interrupt Link [LNKD] (IRQs 4 5 7 10 11 14 15) *0
May 07 22:40:10 ubuntu-server kernel: ACPI: PCI Interrupt Link [LNKE] (IRQs 4 5 7 10 11 14 15) *0
May 07 22:40:10 ubuntu-server kernel: ACPI: PCI Interrupt Link [LNKF] (IRQs 4 5 7 10 11 14 15) *0
May 07 22:40:10 ubuntu-server kernel: ACPI: PCI Interrupt Link [LNKG] (IRQs 4 5 7 10 11 14 15) *0
May 07 22:40:10 ubuntu-server kernel: ACPI: PCI Interrupt Link [LNKH] (IRQs 4 5 7 10 11 14 15) *0
May 07 22:40:10 ubuntu-server kernel: iommu: Default domain type: Translated 
May 07 22:40:10 ubuntu-server kernel: SCSI subsystem initialized
May 07 22:40:10 ubuntu-server kernel: libata version 3.00 loaded.
May 07 22:40:10 ubuntu-server kernel: pci 0000:04:00.0: vgaarb: setting as boot VGA device
May 07 22:40:10 ubuntu-server kernel: pci 0000:04:00.0: vgaarb: VGA device added: decodes=io+mem,owns=io+mem,locks=none
May 07 22:40:10 ubuntu-server kernel: pci 0000:04:00.0: vgaarb: bridge control possible
May 07 22:40:10 ubuntu-server kernel: vgaarb: loaded
May 07 22:40:10 ubuntu-server kernel: ACPI: bus type USB registered
May 07 22:40:10 ubuntu-server kernel: usbcore: registered new interface driver usbfs
May 07 22:40:10 ubuntu-server kernel: usbcore: registered new interface driver hub
May 07 22:40:10 ubuntu-server kernel: usbcore: registered new device driver usb
May 07 22:40:10 ubuntu-server kernel: pps_core: LinuxPPS API ver. 1 registered
May 07 22:40:10 ubuntu-server kernel: pps_core: Software ver. 5.3.6 - Copyright 2005-2007 Rodolfo Giometti <giometti@linux.it>
May 07 22:40:10 ubuntu-server kernel: PTP clock support registered
May 07 22:40:10 ubuntu-server kernel: EDAC MC: Ver: 3.0.0
May 07 22:40:10 ubuntu-server kernel: Registered efivars operations
May 07 22:40:10 ubuntu-server kernel: NetLabel: Initializing
May 07 22:40:10 ubuntu-server kernel: NetLabel:  domain hash size = 128
May 07 22:40:10 ubuntu-server kernel: NetLabel:  protocols = UNLABELED CIPSOv4 CALIPSO
May 07 22:40:10 ubuntu-server kernel: NetLabel:  unlabeled traffic allowed by default
May 07 22:40:10 ubuntu-server kernel: PCI: Using ACPI for IRQ routing
May 07 22:40:10 ubuntu-server kernel: PCI: pci_cache_line_size set to 64 bytes
May 07 22:40:10 ubuntu-server kernel: e820: reserve RAM buffer [mem 0x09d1f000-0x0bffffff]
May 07 22:40:10 ubuntu-server kernel: e820: reserve RAM buffer [mem 0x0a200000-0x0bffffff]
May 07 22:40:10 ubuntu-server kernel: e820: reserve RAM buffer [mem 0x0b000000-0x0bffffff]
May 07 22:40:10 ubuntu-server kernel: e820: reserve RAM buffer [mem 0x8ac1a018-0x8bffffff]
May 07 22:40:10 ubuntu-server kernel: e820: reserve RAM buffer [mem 0x8ac29018-0x8bffffff]
May 07 22:40:10 ubuntu-server kernel: e820: reserve RAM buffer [mem 0xc5aa4000-0xc7ffffff]
May 07 22:40:10 ubuntu-server kernel: e820: reserve RAM buffer [mem 0xc8e4d000-0xcbffffff]
May 07 22:40:10 ubuntu-server kernel: e820: reserve RAM buffer [mem 0xca2c6000-0xcbffffff]
May 07 22:40:10 ubuntu-server kernel: e820: reserve RAM buffer [mem 0xcd000000-0xcfffffff]
May 07 22:40:10 ubuntu-server kernel: e820: reserve RAM buffer [mem 0x102f300000-0x102fffffff]
May 07 22:40:10 ubuntu-server kernel: hpet0: at MMIO 0xfed00000, IRQs 2, 8, 0
May 07 22:40:10 ubuntu-server kernel: hpet0: 3 comparators, 32-bit 14.318180 MHz counter
May 07 22:40:10 ubuntu-server kernel: clocksource: Switched to clocksource tsc-early
May 07 22:40:10 ubuntu-server kernel: VFS: Disk quotas dquot_6.6.0
May 07 22:40:10 ubuntu-server kernel: VFS: Dquot-cache hash table entries: 512 (order 0, 4096 bytes)
May 07 22:40:10 ubuntu-server kernel: AppArmor: AppArmor Filesystem Enabled
May 07 22:40:10 ubuntu-server kernel: pnp: PnP ACPI init
May 07 22:40:10 ubuntu-server kernel: system 00:00: [mem 0xf0000000-0xf7ffffff] has been reserved
May 07 22:40:10 ubuntu-server kernel: system 00:00: Plug and Play ACPI device, IDs PNP0c01 (active)
May 07 22:40:10 ubuntu-server kernel: system 00:01: [mem 0xfd200000-0xfd2fffff] has been reserved
May 07 22:40:10 ubuntu-server kernel: system 00:01: Plug and Play ACPI device, IDs PNP0c02 (active)
May 07 22:40:10 ubuntu-server kernel: pnp 00:02: Plug and Play ACPI device, IDs PNP0b00 (active)
May 07 22:40:10 ubuntu-server kernel: system 00:03: [io  0x0290-0x029f] has been reserved
May 07 22:40:10 ubuntu-server kernel: system 00:03: [io  0x0200-0x021f] has been reserved
May 07 22:40:10 ubuntu-server kernel: system 00:03: Plug and Play ACPI device, IDs PNP0c02 (active)
May 07 22:40:10 ubuntu-server kernel: pnp 00:04: [dma 0 disabled]
May 07 22:40:10 ubuntu-server kernel: pnp 00:04: Plug and Play ACPI device, IDs PNP0501 (active)
May 07 22:40:10 ubuntu-server kernel: system 00:05: [io  0x04d0-0x04d1] has been reserved
May 07 22:40:10 ubuntu-server kernel: system 00:05: [io  0x040b] has been reserved
May 07 22:40:10 ubuntu-server kernel: system 00:05: [io  0x04d6] has been reserved
May 07 22:40:10 ubuntu-server kernel: system 00:05: [io  0x0c00-0x0c01] has been reserved
May 07 22:40:10 ubuntu-server kernel: system 00:05: [io  0x0c14] has been reserved
May 07 22:40:10 ubuntu-server kernel: system 00:05: [io  0x0c50-0x0c51] has been reserved
May 07 22:40:10 ubuntu-server kernel: system 00:05: [io  0x0c52] has been reserved
May 07 22:40:10 ubuntu-server kernel: system 00:05: [io  0x0c6c] has been reserved
May 07 22:40:10 ubuntu-server kernel: system 00:05: [io  0x0c6f] has been reserved
May 07 22:40:10 ubuntu-server kernel: system 00:05: [io  0x0cd8-0x0cdf] has been reserved
May 07 22:40:10 ubuntu-server kernel: system 00:05: [io  0x0800-0x089f] has been reserved
May 07 22:40:10 ubuntu-server kernel: system 00:05: [io  0x0b00-0x0b0f] has been reserved
May 07 22:40:10 ubuntu-server kernel: system 00:05: [io  0x0b20-0x0b3f] has been reserved
May 07 22:40:10 ubuntu-server kernel: system 00:05: [io  0x0900-0x090f] has been reserved
May 07 22:40:10 ubuntu-server kernel: system 00:05: [io  0x0910-0x091f] has been reserved
May 07 22:40:10 ubuntu-server kernel: system 00:05: [mem 0xfec00000-0xfec00fff] could not be reserved
May 07 22:40:10 ubuntu-server kernel: system 00:05: [mem 0xfec01000-0xfec01fff] could not be reserved
May 07 22:40:10 ubuntu-server kernel: system 00:05: [mem 0xfedc0000-0xfedc0fff] has been reserved
May 07 22:40:10 ubuntu-server kernel: system 00:05: [mem 0xfee00000-0xfee00fff] has been reserved
May 07 22:40:10 ubuntu-server kernel: system 00:05: [mem 0xfed80000-0xfed8ffff] could not be reserved
May 07 22:40:10 ubuntu-server kernel: system 00:05: [mem 0xfec10000-0xfec10fff] has been reserved
May 07 22:40:10 ubuntu-server kernel: system 00:05: [mem 0xff000000-0xffffffff] has been reserved
May 07 22:40:10 ubuntu-server kernel: system 00:05: Plug and Play ACPI device, IDs PNP0c02 (active)
May 07 22:40:10 ubuntu-server kernel: pnp: PnP ACPI: found 6 devices
May 07 22:40:10 ubuntu-server kernel: clocksource: acpi_pm: mask: 0xffffff max_cycles: 0xffffff, max_idle_ns: 2085701024 ns
May 07 22:40:10 ubuntu-server kernel: NET: Registered protocol family 2
May 07 22:40:10 ubuntu-server kernel: tcp_listen_portaddr_hash hash table entries: 32768 (order: 7, 524288 bytes, linear)
May 07 22:40:10 ubuntu-server kernel: TCP established hash table entries: 524288 (order: 10, 4194304 bytes, linear)
May 07 22:40:10 ubuntu-server kernel: TCP bind hash table entries: 65536 (order: 8, 1048576 bytes, linear)
May 07 22:40:10 ubuntu-server kernel: TCP: Hash tables configured (established 524288 bind 65536)
May 07 22:40:10 ubuntu-server kernel: MPTCP token hash table entries: 65536 (order: 8, 1572864 bytes, linear)
May 07 22:40:10 ubuntu-server kernel: UDP hash table entries: 32768 (order: 8, 1048576 bytes, linear)
May 07 22:40:10 ubuntu-server kernel: UDP-Lite hash table entries: 32768 (order: 8, 1048576 bytes, linear)
May 07 22:40:10 ubuntu-server kernel: NET: Registered protocol family 1
May 07 22:40:10 ubuntu-server kernel: NET: Registered protocol family 44
May 07 22:40:10 ubuntu-server kernel: pci 0000:00:01.1: PCI bridge to [bus 01]
May 07 22:40:10 ubuntu-server kernel: pci 0000:00:01.1:   bridge window [mem 0xfc900000-0xfc9fffff]
May 07 22:40:10 ubuntu-server kernel: pci 0000:03:00.0: PCI bridge to [bus 04]
May 07 22:40:10 ubuntu-server kernel: pci 0000:03:00.0:   bridge window [io  0xf000-0xffff]
May 07 22:40:10 ubuntu-server kernel: pci 0000:03:00.0:   bridge window [mem 0xfb000000-0xfc0fffff]
May 07 22:40:10 ubuntu-server kernel: pci 0000:03:00.0:   bridge window [mem 0xe0000000-0xe9ffffff 64bit pref]
May 07 22:40:10 ubuntu-server kernel: pci 0000:03:04.0: PCI bridge to [bus 05]
May 07 22:40:10 ubuntu-server kernel: pci 0000:03:04.0:   bridge window [mem 0xfc300000-0xfc3fffff]
May 07 22:40:10 ubuntu-server kernel: pci 0000:03:08.0: PCI bridge to [bus 06]
May 07 22:40:10 ubuntu-server kernel: pci 0000:03:09.0: PCI bridge to [bus 07]
May 07 22:40:10 ubuntu-server kernel: pci 0000:03:09.0:   bridge window [io  0xe000-0xefff]
May 07 22:40:10 ubuntu-server kernel: pci 0000:03:09.0:   bridge window [mem 0xfc200000-0xfc2fffff]
May 07 22:40:10 ubuntu-server kernel: pci 0000:02:00.2: PCI bridge to [bus 03-07]
May 07 22:40:10 ubuntu-server kernel: pci 0000:02:00.2:   bridge window [io  0xe000-0xffff]
May 07 22:40:10 ubuntu-server kernel: pci 0000:02:00.2:   bridge window [mem 0xfb000000-0xfc3fffff]
May 07 22:40:10 ubuntu-server kernel: pci 0000:02:00.2:   bridge window [mem 0xe0000000-0xe9ffffff 64bit pref]
May 07 22:40:10 ubuntu-server kernel: pci 0000:00:01.2: PCI bridge to [bus 02-07]
May 07 22:40:10 ubuntu-server kernel: pci 0000:00:01.2:   bridge window [io  0xe000-0xffff]
May 07 22:40:10 ubuntu-server kernel: pci 0000:00:01.2:   bridge window [mem 0xfb000000-0xfc4fffff]
May 07 22:40:10 ubuntu-server kernel: pci 0000:00:01.2:   bridge window [mem 0xe0000000-0xe9ffffff 64bit pref]
May 07 22:40:10 ubuntu-server kernel: pci 0000:00:07.1: PCI bridge to [bus 08]
May 07 22:40:10 ubuntu-server kernel: pci 0000:00:08.1: PCI bridge to [bus 09]
May 07 22:40:10 ubuntu-server kernel: pci 0000:00:08.1:   bridge window [mem 0xfc600000-0xfc8fffff]
May 07 22:40:10 ubuntu-server kernel: pci_bus 0000:00: resource 4 [io  0x0000-0x03af window]
May 07 22:40:10 ubuntu-server kernel: pci_bus 0000:00: resource 5 [io  0x03e0-0x0cf7 window]
May 07 22:40:10 ubuntu-server kernel: pci_bus 0000:00: resource 6 [io  0x03b0-0x03df window]
May 07 22:40:10 ubuntu-server kernel: pci_bus 0000:00: resource 7 [io  0x0d00-0xffff window]
May 07 22:40:10 ubuntu-server kernel: pci_bus 0000:00: resource 8 [mem 0x000a0000-0x000bffff window]
May 07 22:40:10 ubuntu-server kernel: pci_bus 0000:00: resource 9 [mem 0x000c0000-0x000dffff window]
May 07 22:40:10 ubuntu-server kernel: pci_bus 0000:00: resource 10 [mem 0xd0000000-0xfec2ffff window]
May 07 22:40:10 ubuntu-server kernel: pci_bus 0000:00: resource 11 [mem 0xfee00000-0xffffffff window]
May 07 22:40:10 ubuntu-server kernel: pci_bus 0000:01: resource 1 [mem 0xfc900000-0xfc9fffff]
May 07 22:40:10 ubuntu-server kernel: pci_bus 0000:02: resource 0 [io  0xe000-0xffff]
May 07 22:40:10 ubuntu-server kernel: pci_bus 0000:02: resource 1 [mem 0xfb000000-0xfc4fffff]
May 07 22:40:10 ubuntu-server kernel: pci_bus 0000:02: resource 2 [mem 0xe0000000-0xe9ffffff 64bit pref]
May 07 22:40:10 ubuntu-server kernel: pci_bus 0000:03: resource 0 [io  0xe000-0xffff]
May 07 22:40:10 ubuntu-server kernel: pci_bus 0000:03: resource 1 [mem 0xfb000000-0xfc3fffff]
May 07 22:40:10 ubuntu-server kernel: pci_bus 0000:03: resource 2 [mem 0xe0000000-0xe9ffffff 64bit pref]
May 07 22:40:10 ubuntu-server kernel: pci_bus 0000:04: resource 0 [io  0xf000-0xffff]
May 07 22:40:10 ubuntu-server kernel: pci_bus 0000:04: resource 1 [mem 0xfb000000-0xfc0fffff]
May 07 22:40:10 ubuntu-server kernel: pci_bus 0000:04: resource 2 [mem 0xe0000000-0xe9ffffff 64bit pref]
May 07 22:40:10 ubuntu-server kernel: pci_bus 0000:05: resource 1 [mem 0xfc300000-0xfc3fffff]
May 07 22:40:10 ubuntu-server kernel: pci_bus 0000:07: resource 0 [io  0xe000-0xefff]
May 07 22:40:10 ubuntu-server kernel: pci_bus 0000:07: resource 1 [mem 0xfc200000-0xfc2fffff]
May 07 22:40:10 ubuntu-server kernel: pci_bus 0000:09: resource 1 [mem 0xfc600000-0xfc8fffff]
May 07 22:40:10 ubuntu-server kernel: pci 0000:04:00.0: Video device with shadowed ROM at [mem 0x000c0000-0x000dffff]
May 07 22:40:10 ubuntu-server kernel: pci 0000:04:00.1: D0 power state depends on 0000:04:00.0
May 07 22:40:10 ubuntu-server kernel: PCI: CLS 64 bytes, default 64
May 07 22:40:10 ubuntu-server kernel: Trying to unpack rootfs image as initramfs...
May 07 22:40:10 ubuntu-server kernel: Freeing initrd memory: 101644K
May 07 22:40:10 ubuntu-server kernel: pci 0000:00:00.2: AMD-Vi: IOMMU performance counters supported
May 07 22:40:10 ubuntu-server kernel: pci 0000:00:01.0: Adding to iommu group 0
May 07 22:40:10 ubuntu-server kernel: pci 0000:00:01.1: Adding to iommu group 1
May 07 22:40:10 ubuntu-server kernel: pci 0000:00:01.2: Adding to iommu group 2
May 07 22:40:10 ubuntu-server kernel: pci 0000:00:02.0: Adding to iommu group 3
May 07 22:40:10 ubuntu-server kernel: pci 0000:00:03.0: Adding to iommu group 4
May 07 22:40:10 ubuntu-server kernel: pci 0000:00:04.0: Adding to iommu group 5
May 07 22:40:10 ubuntu-server kernel: pci 0000:00:05.0: Adding to iommu group 6
May 07 22:40:10 ubuntu-server kernel: pci 0000:00:07.0: Adding to iommu group 7
May 07 22:40:10 ubuntu-server kernel: pci 0000:00:07.1: Adding to iommu group 8
May 07 22:40:10 ubuntu-server kernel: pci 0000:00:08.0: Adding to iommu group 9
May 07 22:40:10 ubuntu-server kernel: pci 0000:00:08.1: Adding to iommu group 10
May 07 22:40:10 ubuntu-server kernel: pci 0000:00:14.0: Adding to iommu group 11
May 07 22:40:10 ubuntu-server kernel: pci 0000:00:14.3: Adding to iommu group 11
May 07 22:40:10 ubuntu-server kernel: pci 0000:00:18.0: Adding to iommu group 12
May 07 22:40:10 ubuntu-server kernel: pci 0000:00:18.1: Adding to iommu group 12
May 07 22:40:10 ubuntu-server kernel: pci 0000:00:18.2: Adding to iommu group 12
May 07 22:40:10 ubuntu-server kernel: pci 0000:00:18.3: Adding to iommu group 12
May 07 22:40:10 ubuntu-server kernel: pci 0000:00:18.4: Adding to iommu group 12
May 07 22:40:10 ubuntu-server kernel: pci 0000:00:18.5: Adding to iommu group 12
May 07 22:40:10 ubuntu-server kernel: pci 0000:00:18.6: Adding to iommu group 12
May 07 22:40:10 ubuntu-server kernel: pci 0000:00:18.7: Adding to iommu group 12
May 07 22:40:10 ubuntu-server kernel: pci 0000:01:00.0: Adding to iommu group 13
May 07 22:40:10 ubuntu-server kernel: pci 0000:02:00.0: Adding to iommu group 14
May 07 22:40:10 ubuntu-server kernel: pci 0000:02:00.1: Adding to iommu group 14
May 07 22:40:10 ubuntu-server kernel: pci 0000:02:00.2: Adding to iommu group 14
May 07 22:40:10 ubuntu-server kernel: pci 0000:03:00.0: Adding to iommu group 14
May 07 22:40:10 ubuntu-server kernel: pci 0000:03:04.0: Adding to iommu group 14
May 07 22:40:10 ubuntu-server kernel: pci 0000:03:08.0: Adding to iommu group 14
May 07 22:40:10 ubuntu-server kernel: pci 0000:03:09.0: Adding to iommu group 14
May 07 22:40:10 ubuntu-server kernel: pci 0000:04:00.0: Adding to iommu group 14
May 07 22:40:10 ubuntu-server kernel: pci 0000:04:00.1: Adding to iommu group 14
May 07 22:40:10 ubuntu-server kernel: pci 0000:05:00.0: Adding to iommu group 14
May 07 22:40:10 ubuntu-server kernel: pci 0000:07:00.0: Adding to iommu group 14
May 07 22:40:10 ubuntu-server kernel: pci 0000:08:00.0: Adding to iommu group 15
May 07 22:40:10 ubuntu-server kernel: pci 0000:09:00.0: Adding to iommu group 16
May 07 22:40:10 ubuntu-server kernel: pci 0000:09:00.1: Adding to iommu group 17
May 07 22:40:10 ubuntu-server kernel: pci 0000:09:00.3: Adding to iommu group 18
May 07 22:40:10 ubuntu-server kernel: pci 0000:09:00.4: Adding to iommu group 19
May 07 22:40:10 ubuntu-server kernel: pci 0000:00:00.2: AMD-Vi: Found IOMMU cap 0x40
May 07 22:40:10 ubuntu-server kernel: pci 0000:00:00.2: AMD-Vi: Extended features (0x58f77ef22294a5a):
May 07 22:40:10 ubuntu-server kernel:  PPR NX GT IA PC GA_vAPIC
May 07 22:40:10 ubuntu-server kernel: AMD-Vi: Interrupt remapping enabled
May 07 22:40:10 ubuntu-server kernel: AMD-Vi: Lazy IO/TLB flushing enabled
May 07 22:40:10 ubuntu-server kernel: amd_uncore: 4  amd_df counters detected
May 07 22:40:10 ubuntu-server kernel: amd_uncore: 6  amd_l3 counters detected
May 07 22:40:10 ubuntu-server kernel: LVT offset 0 assigned for vector 0x400
May 07 22:40:10 ubuntu-server kernel: perf: AMD IBS detected (0x000003ff)
May 07 22:40:10 ubuntu-server kernel: perf/amd_iommu: Detected AMD IOMMU #0 (2 banks, 4 counters/bank).
May 07 22:40:10 ubuntu-server kernel: check: Scanning for low memory corruption every 60 seconds
May 07 22:40:10 ubuntu-server kernel: Initialise system trusted keyrings
May 07 22:40:10 ubuntu-server kernel: Key type blacklist registered
May 07 22:40:10 ubuntu-server kernel: workingset: timestamp_bits=36 max_order=24 bucket_order=0
May 07 22:40:10 ubuntu-server kernel: zbud: loaded
May 07 22:40:10 ubuntu-server kernel: squashfs: version 4.0 (2009/01/31) Phillip Lougher
May 07 22:40:10 ubuntu-server kernel: fuse: init (API version 7.33)
May 07 22:40:10 ubuntu-server kernel: integrity: Platform Keyring initialized
May 07 22:40:10 ubuntu-server kernel: Key type asymmetric registered
May 07 22:40:10 ubuntu-server kernel: Asymmetric key parser 'x509' registered
May 07 22:40:10 ubuntu-server kernel: Block layer SCSI generic (bsg) driver version 0.4 loaded (major 243)
May 07 22:40:10 ubuntu-server kernel: io scheduler mq-deadline registered
May 07 22:40:10 ubuntu-server kernel: pcieport 0000:00:01.1: AER: enabled with IRQ 26
May 07 22:40:10 ubuntu-server kernel: pcieport 0000:00:01.2: AER: enabled with IRQ 27
May 07 22:40:10 ubuntu-server kernel: pcieport 0000:00:07.1: AER: enabled with IRQ 29
May 07 22:40:10 ubuntu-server kernel: pcieport 0000:00:08.1: AER: enabled with IRQ 30
May 07 22:40:10 ubuntu-server kernel: shpchp: Standard Hot Plug PCI Controller Driver version: 0.4
May 07 22:40:10 ubuntu-server kernel: efifb: probing for efifb
May 07 22:40:10 ubuntu-server kernel: efifb: framebuffer at 0xe0000000, using 3072k, total 3072k
May 07 22:40:10 ubuntu-server kernel: efifb: mode is 1024x768x32, linelength=4096, pages=1
May 07 22:40:10 ubuntu-server kernel: efifb: scrolling: redraw
May 07 22:40:10 ubuntu-server kernel: efifb: Truecolor: size=8:8:8:8, shift=24:16:8:0
May 07 22:40:10 ubuntu-server kernel: Console: switching to colour frame buffer device 128x48
May 07 22:40:10 ubuntu-server kernel: fb0: EFI VGA frame buffer device
May 07 22:40:10 ubuntu-server kernel: input: Power Button as /devices/LNXSYSTM:00/LNXSYBUS:00/PNP0C0C:00/input/input0
May 07 22:40:10 ubuntu-server kernel: ACPI: Power Button [PWRB]
May 07 22:40:10 ubuntu-server kernel: input: Power Button as /devices/LNXSYSTM:00/LNXPWRBN:00/input/input1
May 07 22:40:10 ubuntu-server kernel: ACPI: Power Button [PWRF]
May 07 22:40:10 ubuntu-server kernel: smpboot: Estimated ratio of average max frequency by base frequency (times 1024): 1577
May 07 22:40:10 ubuntu-server kernel: Monitor-Mwait will be used to enter C-1 state
May 07 22:40:10 ubuntu-server kernel: ACPI: \_SB_.PLTF.C000: Found 2 idle states
May 07 22:40:10 ubuntu-server kernel: ACPI: \_SB_.PLTF.C002: Found 2 idle states
May 07 22:40:10 ubuntu-server kernel: ACPI: \_SB_.PLTF.C004: Found 2 idle states
May 07 22:40:10 ubuntu-server kernel: ACPI: \_SB_.PLTF.C006: Found 2 idle states
May 07 22:40:10 ubuntu-server kernel: ACPI: \_SB_.PLTF.C008: Found 2 idle states
May 07 22:40:10 ubuntu-server kernel: ACPI: \_SB_.PLTF.C00A: Found 2 idle states
May 07 22:40:10 ubuntu-server kernel: ACPI: \_SB_.PLTF.C00C: Found 2 idle states
May 07 22:40:10 ubuntu-server kernel: ACPI: \_SB_.PLTF.C00E: Found 2 idle states
May 07 22:40:10 ubuntu-server kernel: ACPI: \_SB_.PLTF.C010: Found 2 idle states
May 07 22:40:10 ubuntu-server kernel: ACPI: \_SB_.PLTF.C012: Found 2 idle states
May 07 22:40:10 ubuntu-server kernel: ACPI: \_SB_.PLTF.C014: Found 2 idle states
May 07 22:40:10 ubuntu-server kernel: ACPI: \_SB_.PLTF.C016: Found 2 idle states
May 07 22:40:10 ubuntu-server kernel: ACPI: \_SB_.PLTF.C018: Found 2 idle states
May 07 22:40:10 ubuntu-server kernel: ACPI: \_SB_.PLTF.C01A: Found 2 idle states
May 07 22:40:10 ubuntu-server kernel: ACPI: \_SB_.PLTF.C01C: Found 2 idle states
May 07 22:40:10 ubuntu-server kernel: ACPI: \_SB_.PLTF.C01E: Found 2 idle states
May 07 22:40:10 ubuntu-server kernel: ACPI: \_SB_.PLTF.C001: Found 2 idle states
May 07 22:40:10 ubuntu-server kernel: ACPI: \_SB_.PLTF.C003: Found 2 idle states
May 07 22:40:10 ubuntu-server kernel: ACPI: \_SB_.PLTF.C005: Found 2 idle states
May 07 22:40:10 ubuntu-server kernel: ACPI: \_SB_.PLTF.C007: Found 2 idle states
May 07 22:40:10 ubuntu-server kernel: ACPI: \_SB_.PLTF.C009: Found 2 idle states
May 07 22:40:10 ubuntu-server kernel: ACPI: \_SB_.PLTF.C00B: Found 2 idle states
May 07 22:40:10 ubuntu-server kernel: ACPI: \_SB_.PLTF.C00D: Found 2 idle states
May 07 22:40:10 ubuntu-server kernel: ACPI: \_SB_.PLTF.C00F: Found 2 idle states
May 07 22:40:10 ubuntu-server kernel: ACPI: \_SB_.PLTF.C011: Found 2 idle states
May 07 22:40:10 ubuntu-server kernel: ACPI: \_SB_.PLTF.C013: Found 2 idle states
May 07 22:40:10 ubuntu-server kernel: ACPI: \_SB_.PLTF.C015: Found 2 idle states
May 07 22:40:10 ubuntu-server kernel: ACPI: \_SB_.PLTF.C017: Found 2 idle states
May 07 22:40:10 ubuntu-server kernel: ACPI: \_SB_.PLTF.C019: Found 2 idle states
May 07 22:40:10 ubuntu-server kernel: ACPI: \_SB_.PLTF.C01B: Found 2 idle states
May 07 22:40:10 ubuntu-server kernel: ACPI: \_SB_.PLTF.C01D: Found 2 idle states
May 07 22:40:10 ubuntu-server kernel: ACPI: \_SB_.PLTF.C01F: Found 2 idle states
May 07 22:40:10 ubuntu-server kernel: Serial: 8250/16550 driver, 32 ports, IRQ sharing enabled
May 07 22:40:10 ubuntu-server kernel: 00:04: ttyS0 at I/O 0x3f8 (irq = 4, base_baud = 115200) is a 16550A
May 07 22:40:10 ubuntu-server kernel: Linux agpgart interface v0.103
May 07 22:40:10 ubuntu-server kernel: loop: module loaded
May 07 22:40:10 ubuntu-server kernel: libphy: Fixed MDIO Bus: probed
May 07 22:40:10 ubuntu-server kernel: tun: Universal TUN/TAP device driver, 1.6
May 07 22:40:10 ubuntu-server kernel: PPP generic driver version 2.4.2
May 07 22:40:10 ubuntu-server kernel: VFIO - User Level meta-driver version: 0.3
May 07 22:40:10 ubuntu-server kernel: ehci_hcd: USB 2.0 'Enhanced' Host Controller (EHCI) Driver
May 07 22:40:10 ubuntu-server kernel: ehci-pci: EHCI PCI platform driver
May 07 22:40:10 ubuntu-server kernel: ehci-platform: EHCI generic platform driver
May 07 22:40:10 ubuntu-server kernel: ohci_hcd: USB 1.1 'Open' Host Controller (OHCI) Driver
May 07 22:40:10 ubuntu-server kernel: ohci-pci: OHCI PCI platform driver
May 07 22:40:10 ubuntu-server kernel: ohci-platform: OHCI generic platform driver
May 07 22:40:10 ubuntu-server kernel: uhci_hcd: USB Universal Host Controller Interface driver
May 07 22:40:10 ubuntu-server kernel: i8042: PNP: No PS/2 controller found.
May 07 22:40:10 ubuntu-server kernel: mousedev: PS/2 mouse device common for all mice
May 07 22:40:10 ubuntu-server kernel: rtc_cmos 00:02: RTC can wake from S4
May 07 22:40:10 ubuntu-server kernel: rtc_cmos 00:02: registered as rtc0
May 07 22:40:10 ubuntu-server kernel: rtc_cmos 00:02: setting system clock to 2021-05-07T22:39:38 UTC (1620427178)
May 07 22:40:10 ubuntu-server kernel: rtc_cmos 00:02: alarms up to one month, y3k, 114 bytes nvram, hpet irqs
May 07 22:40:10 ubuntu-server kernel: i2c /dev entries driver
May 07 22:40:10 ubuntu-server kernel: device-mapper: uevent: version 1.0.3
May 07 22:40:10 ubuntu-server kernel: device-mapper: ioctl: 4.43.0-ioctl (2020-10-01) initialised: dm-devel@redhat.com
May 07 22:40:10 ubuntu-server kernel: platform eisa.0: Probing EISA bus 0
May 07 22:40:10 ubuntu-server kernel: platform eisa.0: EISA: Cannot allocate resource for mainboard
May 07 22:40:10 ubuntu-server kernel: platform eisa.0: Cannot allocate resource for EISA slot 1
May 07 22:40:10 ubuntu-server kernel: platform eisa.0: Cannot allocate resource for EISA slot 2
May 07 22:40:10 ubuntu-server kernel: platform eisa.0: Cannot allocate resource for EISA slot 3
May 07 22:40:10 ubuntu-server kernel: platform eisa.0: Cannot allocate resource for EISA slot 4
May 07 22:40:10 ubuntu-server kernel: platform eisa.0: Cannot allocate resource for EISA slot 5
May 07 22:40:10 ubuntu-server kernel: platform eisa.0: Cannot allocate resource for EISA slot 6
May 07 22:40:10 ubuntu-server kernel: platform eisa.0: Cannot allocate resource for EISA slot 7
May 07 22:40:10 ubuntu-server kernel: platform eisa.0: Cannot allocate resource for EISA slot 8
May 07 22:40:10 ubuntu-server kernel: platform eisa.0: EISA: Detected 0 cards
May 07 22:40:10 ubuntu-server kernel: ledtrig-cpu: registered to indicate activity on CPUs
May 07 22:40:10 ubuntu-server kernel: EFI Variables Facility v0.08 2004-May-17
May 07 22:40:10 ubuntu-server kernel: drop_monitor: Initializing network drop monitor service
May 07 22:40:10 ubuntu-server kernel: NET: Registered protocol family 10
May 07 22:40:10 ubuntu-server kernel: Segment Routing with IPv6
May 07 22:40:10 ubuntu-server kernel: NET: Registered protocol family 17
May 07 22:40:10 ubuntu-server kernel: Key type dns_resolver registered
May 07 22:40:10 ubuntu-server kernel: microcode: CPU0: patch_level=0x0a201009
May 07 22:40:10 ubuntu-server kernel: microcode: CPU1: patch_level=0x0a201009
May 07 22:40:10 ubuntu-server kernel: microcode: CPU2: patch_level=0x0a201009
May 07 22:40:10 ubuntu-server kernel: microcode: CPU3: patch_level=0x0a201009
May 07 22:40:10 ubuntu-server kernel: microcode: CPU4: patch_level=0x0a201009
May 07 22:40:10 ubuntu-server kernel: microcode: CPU5: patch_level=0x0a201009
May 07 22:40:10 ubuntu-server kernel: microcode: CPU6: patch_level=0x0a201009
May 07 22:40:10 ubuntu-server kernel: microcode: CPU7: patch_level=0x0a201009
May 07 22:40:10 ubuntu-server kernel: microcode: CPU8: patch_level=0x0a201009
May 07 22:40:10 ubuntu-server kernel: microcode: CPU9: patch_level=0x0a201009
May 07 22:40:10 ubuntu-server kernel: microcode: CPU10: patch_level=0x0a201009
May 07 22:40:10 ubuntu-server kernel: microcode: CPU11: patch_level=0x0a201009
May 07 22:40:10 ubuntu-server kernel: microcode: CPU12: patch_level=0x0a201009
May 07 22:40:10 ubuntu-server kernel: microcode: CPU13: patch_level=0x0a201009
May 07 22:40:10 ubuntu-server kernel: microcode: CPU14: patch_level=0x0a201009
May 07 22:40:10 ubuntu-server kernel: microcode: CPU15: patch_level=0x0a201009
May 07 22:40:10 ubuntu-server kernel: microcode: CPU16: patch_level=0x0a201009
May 07 22:40:10 ubuntu-server kernel: microcode: CPU17: patch_level=0x0a201009
May 07 22:40:10 ubuntu-server kernel: microcode: CPU18: patch_level=0x0a201009
May 07 22:40:10 ubuntu-server kernel: microcode: CPU19: patch_level=0x0a201009
May 07 22:40:10 ubuntu-server kernel: microcode: CPU20: patch_level=0x0a201009
May 07 22:40:10 ubuntu-server kernel: microcode: CPU21: patch_level=0x0a201009
May 07 22:40:10 ubuntu-server kernel: microcode: CPU22: patch_level=0x0a201009
May 07 22:40:10 ubuntu-server kernel: microcode: CPU23: patch_level=0x0a201009
May 07 22:40:10 ubuntu-server kernel: microcode: CPU24: patch_level=0x0a201009
May 07 22:40:10 ubuntu-server kernel: microcode: CPU25: patch_level=0x0a201009
May 07 22:40:10 ubuntu-server kernel: microcode: CPU26: patch_level=0x0a201009
May 07 22:40:10 ubuntu-server kernel: microcode: CPU27: patch_level=0x0a201009
May 07 22:40:10 ubuntu-server kernel: microcode: CPU28: patch_level=0x0a201009
May 07 22:40:10 ubuntu-server kernel: microcode: CPU29: patch_level=0x0a201009
May 07 22:40:10 ubuntu-server kernel: microcode: CPU30: patch_level=0x0a201009
May 07 22:40:10 ubuntu-server kernel: microcode: CPU31: patch_level=0x0a201009
May 07 22:40:10 ubuntu-server kernel: microcode: Microcode Update Driver: v2.2.
May 07 22:40:10 ubuntu-server kernel: resctrl: L3 allocation detected
May 07 22:40:10 ubuntu-server kernel: resctrl: L3DATA allocation detected
May 07 22:40:10 ubuntu-server kernel: resctrl: L3CODE allocation detected
May 07 22:40:10 ubuntu-server kernel: resctrl: MB allocation detected
May 07 22:40:10 ubuntu-server kernel: resctrl: L3 monitoring detected
May 07 22:40:10 ubuntu-server kernel: IPI shorthand broadcast: enabled
May 07 22:40:10 ubuntu-server kernel: sched_clock: Marking stable (696392868, 312368550)->(1116568599, -107807181)
May 07 22:40:10 ubuntu-server kernel: registered taskstats version 1
May 07 22:40:10 ubuntu-server kernel: Loading compiled-in X.509 certificates
May 07 22:40:10 ubuntu-server kernel: Loaded X.509 cert 'Build time autogenerated kernel key: e84fcfc1cd7b8ac76be251a8773c0d32e939b279'
May 07 22:40:10 ubuntu-server kernel: Loaded X.509 cert 'Canonical Ltd. Live Patch Signing: 14df34d1a87cf37625abec039ef2bf521249b969'
May 07 22:40:10 ubuntu-server kernel: Loaded X.509 cert 'Canonical Ltd. Kernel Module Signing: 88f752e560a1e0737e31163a466ad7b70a850c19'
May 07 22:40:10 ubuntu-server kernel: zswap: loaded using pool lzo/zbud
May 07 22:40:10 ubuntu-server kernel: Key type ._fscrypt registered
May 07 22:40:10 ubuntu-server kernel: Key type .fscrypt registered
May 07 22:40:10 ubuntu-server kernel: Key type fscrypt-provisioning registered
May 07 22:40:10 ubuntu-server kernel: Key type encrypted registered
May 07 22:40:10 ubuntu-server kernel: AppArmor: AppArmor sha1 policy hashing enabled
May 07 22:40:10 ubuntu-server kernel: integrity: Loading X.509 certificate: UEFI:db
May 07 22:40:10 ubuntu-server kernel: integrity: Loaded X.509 cert 'ASUSTeK MotherBoard SW Key Certificate: da83b990422ebc8c441f8d8b039a65a2'
May 07 22:40:10 ubuntu-server kernel: integrity: Loading X.509 certificate: UEFI:db
May 07 22:40:10 ubuntu-server kernel: integrity: Loaded X.509 cert 'ASUSTeK Notebook SW Key Certificate: b8e581e4df77a5bb4282d5ccfc00c071'
May 07 22:40:10 ubuntu-server kernel: integrity: Loading X.509 certificate: UEFI:db
May 07 22:40:10 ubuntu-server kernel: integrity: Loaded X.509 cert 'Microsoft Corporation UEFI CA 2011: 13adbf4309bd82709c8cd54f316ed522988a1bd4'
May 07 22:40:10 ubuntu-server kernel: integrity: Loading X.509 certificate: UEFI:db
May 07 22:40:10 ubuntu-server kernel: integrity: Loaded X.509 cert 'Microsoft Windows Production PCA 2011: a92902398e16c49778cd90f99e4f9ae17c55af53'
May 07 22:40:10 ubuntu-server kernel: integrity: Loading X.509 certificate: UEFI:db
May 07 22:40:10 ubuntu-server kernel: integrity: Loaded X.509 cert 'Canonical Ltd. Master Certificate Authority: ad91990bc22ab1f517048c23b6655a268e345a63'
May 07 22:40:10 ubuntu-server kernel: integrity: Loading X.509 certificate: UEFI:MokListRT
May 07 22:40:10 ubuntu-server kernel: integrity: Loaded X.509 cert 'SomeOrg: shim: a01ee84e9b37ace407961cc468c5909447878469'
May 07 22:40:10 ubuntu-server kernel: integrity: Loading X.509 certificate: UEFI:MokListRT
May 07 22:40:10 ubuntu-server kernel: integrity: Loaded X.509 cert 'Canonical Ltd. Master Certificate Authority: ad91990bc22ab1f517048c23b6655a268e345a63'
May 07 22:40:10 ubuntu-server kernel: ima: No TPM chip found, activating TPM-bypass!
May 07 22:40:10 ubuntu-server kernel: ima: Allocated hash algorithm: sha1
May 07 22:40:10 ubuntu-server kernel: ima: No architecture policies found
May 07 22:40:10 ubuntu-server kernel: evm: Initialising EVM extended attributes:
May 07 22:40:10 ubuntu-server kernel: evm: security.selinux
May 07 22:40:10 ubuntu-server kernel: evm: security.SMACK64
May 07 22:40:10 ubuntu-server kernel: evm: security.SMACK64EXEC
May 07 22:40:10 ubuntu-server kernel: evm: security.SMACK64TRANSMUTE
May 07 22:40:10 ubuntu-server kernel: evm: security.SMACK64MMAP
May 07 22:40:10 ubuntu-server kernel: evm: security.apparmor
May 07 22:40:10 ubuntu-server kernel: evm: security.ima
May 07 22:40:10 ubuntu-server kernel: evm: security.capability
May 07 22:40:10 ubuntu-server kernel: evm: HMAC attrs: 0x1
May 07 22:40:10 ubuntu-server kernel: PM:   Magic number: 5:985:703
May 07 22:40:10 ubuntu-server kernel: RAS: Correctable Errors collector initialized.
May 07 22:40:10 ubuntu-server kernel: Freeing unused decrypted memory: 2036K
May 07 22:40:10 ubuntu-server kernel: Freeing unused kernel image (initmem) memory: 2688K
May 07 22:40:10 ubuntu-server kernel: Write protecting the kernel read-only data: 28672k
May 07 22:40:10 ubuntu-server kernel: Freeing unused kernel image (text/rodata gap) memory: 2036K
May 07 22:40:10 ubuntu-server kernel: Freeing unused kernel image (rodata/data gap) memory: 92K
May 07 22:40:10 ubuntu-server kernel: x86/mm: Checked W+X mappings: passed, no W+X pages found.
May 07 22:40:10 ubuntu-server kernel: Run /init as init process
May 07 22:40:10 ubuntu-server kernel:   with arguments:
May 07 22:40:10 ubuntu-server kernel:     /init
May 07 22:40:10 ubuntu-server kernel:     ---
May 07 22:40:10 ubuntu-server kernel:   with environment:
May 07 22:40:10 ubuntu-server kernel:     HOME=/
May 07 22:40:10 ubuntu-server kernel:     TERM=linux
May 07 22:40:10 ubuntu-server kernel:     BOOT_IMAGE=/casper/vmlinuz
May 07 22:40:10 ubuntu-server kernel: piix4_smbus 0000:00:14.0: SMBus Host Controller at 0xb00, revision 0
May 07 22:40:10 ubuntu-server kernel: acpi PNP0C14:01: duplicate WMI GUID 05901221-D566-11D1-B2F0-00A0C9062910 (first instance was on PNP0C14:00)
May 07 22:40:10 ubuntu-server kernel: piix4_smbus 0000:00:14.0: Using register 0x02 for SMBus port selection
May 07 22:40:10 ubuntu-server kernel: acpi PNP0C14:02: duplicate WMI GUID 05901221-D566-11D1-B2F0-00A0C9062910 (first instance was on PNP0C14:00)
May 07 22:40:10 ubuntu-server kernel: piix4_smbus 0000:00:14.0: Auxiliary SMBus Host Controller at 0xb20
May 07 22:40:10 ubuntu-server kernel: acpi PNP0C14:03: duplicate WMI GUID 05901221-D566-11D1-B2F0-00A0C9062910 (first instance was on PNP0C14:00)
May 07 22:40:10 ubuntu-server kernel: acpi PNP0C14:04: duplicate WMI GUID 05901221-D566-11D1-B2F0-00A0C9062910 (first instance was on PNP0C14:00)
May 07 22:40:10 ubuntu-server kernel: ahci 0000:02:00.1: version 3.0
May 07 22:40:10 ubuntu-server kernel: xhci_hcd 0000:02:00.0: xHCI Host Controller
May 07 22:40:10 ubuntu-server kernel: ahci 0000:02:00.1: SSS flag set, parallel bus scan disabled
May 07 22:40:10 ubuntu-server kernel: xhci_hcd 0000:02:00.0: new USB bus registered, assigned bus number 1
May 07 22:40:10 ubuntu-server kernel: ahci 0000:02:00.1: AHCI 0001.0301 32 slots 6 ports 6 Gbps 0x3f impl SATA mode
May 07 22:40:10 ubuntu-server kernel: ahci 0000:02:00.1: flags: 64bit ncq sntf stag pm led clo only pmp pio slum part sxs deso sadm sds apst 
May 07 22:40:10 ubuntu-server kernel: cryptd: max_cpu_qlen set to 1000
May 07 22:40:10 ubuntu-server kernel: scsi host0: ahci
May 07 22:40:10 ubuntu-server kernel: scsi host1: ahci
May 07 22:40:10 ubuntu-server kernel: nvme nvme0: pci function 0000:01:00.0
May 07 22:40:10 ubuntu-server kernel: nvme nvme1: pci function 0000:05:00.0
May 07 22:40:10 ubuntu-server kernel: scsi host2: ahci
May 07 22:40:10 ubuntu-server kernel: scsi host3: ahci
May 07 22:40:10 ubuntu-server kernel: AVX2 version of gcm_enc/dec engaged.
May 07 22:40:10 ubuntu-server kernel: scsi host4: ahci
May 07 22:40:10 ubuntu-server kernel: AES CTR mode by8 optimization enabled
May 07 22:40:10 ubuntu-server kernel: scsi host5: ahci
May 07 22:40:10 ubuntu-server kernel: ata1: SATA max UDMA/133 abar m131072@0xfc480000 port 0xfc480100 irq 39
May 07 22:40:10 ubuntu-server kernel: nvme nvme0: 32/0/0 default/read/poll queues
May 07 22:40:10 ubuntu-server kernel: ata2: SATA max UDMA/133 abar m131072@0xfc480000 port 0xfc480180 irq 39
May 07 22:40:10 ubuntu-server kernel: libphy: r8169: probed
May 07 22:40:10 ubuntu-server kernel: nvme nvme1: 32/0/0 default/read/poll queues
May 07 22:40:10 ubuntu-server kernel: ata3: SATA max UDMA/133 abar m131072@0xfc480000 port 0xfc480200 irq 39
May 07 22:40:10 ubuntu-server kernel: r8169 0000:07:00.0 eth0: RTL8168h/8111h, f0:2f:74:33:d7:c4, XID 541, IRQ 107
May 07 22:40:10 ubuntu-server kernel: ata4: SATA max UDMA/133 abar m131072@0xfc480000 port 0xfc480280 irq 39
May 07 22:40:10 ubuntu-server kernel: r8169 0000:07:00.0 eth0: jumbo features [frames: 9194 bytes, tx checksumming: ko]
May 07 22:40:10 ubuntu-server kernel: ata5: SATA max UDMA/133 abar m131072@0xfc480000 port 0xfc480300 irq 39
May 07 22:40:10 ubuntu-server kernel: ata6: SATA max UDMA/133 abar m131072@0xfc480000 port 0xfc480380 irq 39
May 07 22:40:10 ubuntu-server kernel: r8169 0000:07:00.0 enp7s0: renamed from eth0
May 07 22:40:10 ubuntu-server kernel: xhci_hcd 0000:02:00.0: hcc params 0x0200ef81 hci version 0x110 quirks 0x0000000000000410
May 07 22:40:10 ubuntu-server kernel: usb usb1: New USB device found, idVendor=1d6b, idProduct=0002, bcdDevice= 5.11
May 07 22:40:10 ubuntu-server kernel: usb usb1: New USB device strings: Mfr=3, Product=2, SerialNumber=1
May 07 22:40:10 ubuntu-server kernel: usb usb1: Product: xHCI Host Controller
May 07 22:40:10 ubuntu-server kernel: usb usb1: Manufacturer: Linux 5.11.0-16-generic xhci-hcd
May 07 22:40:10 ubuntu-server kernel: usb usb1: SerialNumber: 0000:02:00.0
May 07 22:40:10 ubuntu-server kernel: hub 1-0:1.0: USB hub found
May 07 22:40:10 ubuntu-server kernel: hub 1-0:1.0: 10 ports detected
May 07 22:40:10 ubuntu-server kernel: xhci_hcd 0000:02:00.0: xHCI Host Controller
May 07 22:40:10 ubuntu-server kernel: xhci_hcd 0000:02:00.0: new USB bus registered, assigned bus number 2
May 07 22:40:10 ubuntu-server kernel: xhci_hcd 0000:02:00.0: Host supports USB 3.1 Enhanced SuperSpeed
May 07 22:40:10 ubuntu-server kernel: usb usb2: We don't know the algorithms for LPM for this host, disabling LPM.
May 07 22:40:10 ubuntu-server kernel: usb usb2: New USB device found, idVendor=1d6b, idProduct=0003, bcdDevice= 5.11
May 07 22:40:10 ubuntu-server kernel: usb usb2: New USB device strings: Mfr=3, Product=2, SerialNumber=1
May 07 22:40:10 ubuntu-server kernel: usb usb2: Product: xHCI Host Controller
May 07 22:40:10 ubuntu-server kernel: usb usb2: Manufacturer: Linux 5.11.0-16-generic xhci-hcd
May 07 22:40:10 ubuntu-server kernel: usb usb2: SerialNumber: 0000:02:00.0
May 07 22:40:10 ubuntu-server kernel: hub 2-0:1.0: USB hub found
May 07 22:40:10 ubuntu-server kernel: hub 2-0:1.0: 4 ports detected
May 07 22:40:10 ubuntu-server kernel: checking generic (e0000000 300000) vs hw (fb000000 1000000)
May 07 22:40:10 ubuntu-server kernel: checking generic (e0000000 300000) vs hw (e0000000 8000000)
May 07 22:40:10 ubuntu-server kernel: fb0: switching to nouveaufb from EFI VGA
May 07 22:40:10 ubuntu-server kernel: xhci_hcd 0000:09:00.3: xHCI Host Controller
May 07 22:40:10 ubuntu-server kernel: xhci_hcd 0000:09:00.3: new USB bus registered, assigned bus number 3
May 07 22:40:10 ubuntu-server kernel: Console: switching to colour dummy device 80x25
May 07 22:40:10 ubuntu-server kernel: nouveau 0000:04:00.0: vgaarb: deactivate vga console
May 07 22:40:10 ubuntu-server kernel: nouveau 0000:04:00.0: NVIDIA GK104 (0e4050a2)
May 07 22:40:10 ubuntu-server kernel: xhci_hcd 0000:09:00.3: hcc params 0x0278ffe5 hci version 0x110 quirks 0x0000000000000410
May 07 22:40:10 ubuntu-server kernel: usb usb3: New USB device found, idVendor=1d6b, idProduct=0002, bcdDevice= 5.11
May 07 22:40:10 ubuntu-server kernel: usb usb3: New USB device strings: Mfr=3, Product=2, SerialNumber=1
May 07 22:40:10 ubuntu-server kernel: usb usb3: Product: xHCI Host Controller
May 07 22:40:10 ubuntu-server kernel: usb usb3: Manufacturer: Linux 5.11.0-16-generic xhci-hcd
May 07 22:40:10 ubuntu-server kernel: usb usb3: SerialNumber: 0000:09:00.3
May 07 22:40:10 ubuntu-server kernel: hub 3-0:1.0: USB hub found
May 07 22:40:10 ubuntu-server kernel: hub 3-0:1.0: 4 ports detected
May 07 22:40:10 ubuntu-server kernel: xhci_hcd 0000:09:00.3: xHCI Host Controller
May 07 22:40:10 ubuntu-server kernel: xhci_hcd 0000:09:00.3: new USB bus registered, assigned bus number 4
May 07 22:40:10 ubuntu-server kernel: xhci_hcd 0000:09:00.3: Host supports USB 3.1 Enhanced SuperSpeed
May 07 22:40:10 ubuntu-server kernel: usb usb4: We don't know the algorithms for LPM for this host, disabling LPM.
May 07 22:40:10 ubuntu-server kernel: usb usb4: New USB device found, idVendor=1d6b, idProduct=0003, bcdDevice= 5.11
May 07 22:40:10 ubuntu-server kernel: usb usb4: New USB device strings: Mfr=3, Product=2, SerialNumber=1
May 07 22:40:10 ubuntu-server kernel: usb usb4: Product: xHCI Host Controller
May 07 22:40:10 ubuntu-server kernel: usb usb4: Manufacturer: Linux 5.11.0-16-generic xhci-hcd
May 07 22:40:10 ubuntu-server kernel: usb usb4: SerialNumber: 0000:09:00.3
May 07 22:40:10 ubuntu-server kernel: hub 4-0:1.0: USB hub found
May 07 22:40:10 ubuntu-server kernel: hub 4-0:1.0: 4 ports detected
May 07 22:40:10 ubuntu-server kernel: nouveau 0000:04:00.0: bios: version 80.04.27.00.2e
May 07 22:40:10 ubuntu-server kernel: nouveau 0000:04:00.0: fb: 1536 MiB GDDR5
May 07 22:40:10 ubuntu-server kernel: [TTM] Zone  kernel: Available graphics memory: 32913676 KiB
May 07 22:40:10 ubuntu-server kernel: [TTM] Zone   dma32: Available graphics memory: 2097152 KiB
May 07 22:40:10 ubuntu-server kernel: nouveau 0000:04:00.0: DRM: VRAM: 1536 MiB
May 07 22:40:10 ubuntu-server kernel: nouveau 0000:04:00.0: DRM: GART: 1048576 MiB
May 07 22:40:10 ubuntu-server kernel: nouveau 0000:04:00.0: DRM: TMDS table version 2.0
May 07 22:40:10 ubuntu-server kernel: nouveau 0000:04:00.0: DRM: DCB version 4.0
May 07 22:40:10 ubuntu-server kernel: nouveau 0000:04:00.0: DRM: DCB outp 00: 02000f00 00000000
May 07 22:40:10 ubuntu-server kernel: nouveau 0000:04:00.0: DRM: DCB outp 01: 01000f02 00020030
May 07 22:40:10 ubuntu-server kernel: nouveau 0000:04:00.0: DRM: DCB outp 02: 08011f82 00020030
May 07 22:40:10 ubuntu-server kernel: nouveau 0000:04:00.0: DRM: DCB outp 03: 02822f62 0f420010
May 07 22:40:10 ubuntu-server kernel: nouveau 0000:04:00.0: DRM: DCB conn 00: 00001030
May 07 22:40:10 ubuntu-server kernel: nouveau 0000:04:00.0: DRM: DCB conn 01: 00020131
May 07 22:40:10 ubuntu-server kernel: nouveau 0000:04:00.0: DRM: DCB conn 02: 00002261
May 07 22:40:10 ubuntu-server kernel: nouveau 0000:04:00.0: DRM: DCB conn 04: 00000460
May 07 22:40:10 ubuntu-server kernel: nouveau 0000:04:00.0: DRM: MM: using COPY for buffer copies
May 07 22:40:10 ubuntu-server kernel: usb 1-3: new full-speed USB device number 2 using xhci_hcd
May 07 22:40:10 ubuntu-server kernel: nouveau 0000:04:00.0: DRM: allocated 1920x1080 fb: 0xa0000, bo 00000000715258ad
May 07 22:40:10 ubuntu-server kernel: fbcon: nouveaudrmfb (fb0) is primary device
May 07 22:40:10 ubuntu-server kernel: ata1: SATA link up 6.0 Gbps (SStatus 133 SControl 300)
May 07 22:40:10 ubuntu-server kernel: ata1.00: ATA-9: SanDisk SDSSDP128G, 3.2.0, max UDMA/133
May 07 22:40:10 ubuntu-server kernel: ata1.00: 246162672 sectors, multi 1: LBA48 NCQ (depth 32)
May 07 22:40:10 ubuntu-server kernel: ata1.00: configured for UDMA/133
May 07 22:40:10 ubuntu-server kernel: scsi 0:0:0:0: Direct-Access     ATA      SanDisk SDSSDP12 0    PQ: 0 ANSI: 5
May 07 22:40:10 ubuntu-server kernel: sd 0:0:0:0: Attached scsi generic sg0 type 0
May 07 22:40:10 ubuntu-server kernel: sd 0:0:0:0: [sda] 246162672 512-byte logical blocks: (126 GB/117 GiB)
May 07 22:40:10 ubuntu-server kernel: sd 0:0:0:0: [sda] Write Protect is off
May 07 22:40:10 ubuntu-server kernel: sd 0:0:0:0: [sda] Mode Sense: 00 3a 00 00
May 07 22:40:10 ubuntu-server kernel: sd 0:0:0:0: [sda] Write cache: enabled, read cache: enabled, doesn't support DPO or FUA
May 07 22:40:10 ubuntu-server kernel: usb 4-3: new SuperSpeed Gen 1 USB device number 2 using xhci_hcd
May 07 22:40:10 ubuntu-server kernel: usb 4-3: New USB device found, idVendor=090c, idProduct=1000, bcdDevice=11.00
May 07 22:40:10 ubuntu-server kernel: usb 4-3: New USB device strings: Mfr=1, Product=2, SerialNumber=0
May 07 22:40:10 ubuntu-server kernel: usb 4-3: Product: Flash Disk
May 07 22:40:10 ubuntu-server kernel: usb 4-3: Manufacturer: USB
May 07 22:40:10 ubuntu-server kernel: tsc: Refined TSC clocksource calibration: 3393.618 MHz
May 07 22:40:10 ubuntu-server kernel: clocksource: tsc: mask: 0xffffffffffffffff max_cycles: 0x30eac19cc8f, max_idle_ns: 440795211151 ns
May 07 22:40:10 ubuntu-server kernel: clocksource: Switched to clocksource tsc
May 07 22:40:10 ubuntu-server kernel: usb-storage 4-3:1.0: USB Mass Storage device detected
May 07 22:40:10 ubuntu-server kernel: usb-storage 4-3:1.0: Quirks match for vid 090c pid 1000: 400
May 07 22:40:10 ubuntu-server kernel: scsi host6: usb-storage 4-3:1.0
May 07 22:40:10 ubuntu-server kernel: usbcore: registered new interface driver usb-storage
May 07 22:40:10 ubuntu-server kernel: usbcore: registered new interface driver uas
May 07 22:40:10 ubuntu-server kernel: Console: switching to colour frame buffer device 240x67
May 07 22:40:10 ubuntu-server kernel:  sda: sda1 sda2
May 07 22:40:10 ubuntu-server kernel: sd 0:0:0:0: [sda] Attached SCSI disk
May 07 22:40:10 ubuntu-server kernel: nouveau 0000:04:00.0: [drm] fb0: nouveaudrmfb frame buffer device
May 07 22:40:10 ubuntu-server kernel: [drm] Initialized nouveau 1.3.1 20120801 for 0000:04:00.0 on minor 0
May 07 22:40:10 ubuntu-server kernel: usb 1-3: New USB device found, idVendor=413c, idProduct=8505, bcdDevice=11.19
May 07 22:40:10 ubuntu-server kernel: usb 1-3: New USB device strings: Mfr=1, Product=2, SerialNumber=0
May 07 22:40:10 ubuntu-server kernel: usb 1-3: Product: Dell Universal Receiver
May 07 22:40:10 ubuntu-server kernel: usb 1-3: Manufacturer: Dell
May 07 22:40:10 ubuntu-server kernel: usb 2-1: new SuperSpeed Gen 1 USB device number 2 using xhci_hcd
May 07 22:40:10 ubuntu-server kernel: usb 2-1: New USB device found, idVendor=1058, idProduct=25ed, bcdDevice=10.31
May 07 22:40:10 ubuntu-server kernel: usb 2-1: New USB device strings: Mfr=1, Product=2, SerialNumber=3
May 07 22:40:10 ubuntu-server kernel: usb 2-1: Product: My Book 25ED
May 07 22:40:10 ubuntu-server kernel: usb 2-1: Manufacturer: Western Digital
May 07 22:40:10 ubuntu-server kernel: usb 2-1: SerialNumber: 35504A5547445A46
May 07 22:40:10 ubuntu-server kernel: usb-storage 2-1:1.0: USB Mass Storage device detected
May 07 22:40:10 ubuntu-server kernel: scsi host7: usb-storage 2-1:1.0
May 07 22:40:10 ubuntu-server kernel: ata2: SATA link down (SStatus 0 SControl 300)
May 07 22:40:10 ubuntu-server kernel: usb 1-6: new full-speed USB device number 3 using xhci_hcd
May 07 22:40:10 ubuntu-server kernel: usb 1-6: config 1 has an invalid interface number: 2 but max is 1
May 07 22:40:10 ubuntu-server kernel: usb 1-6: config 1 has no interface number 1
May 07 22:40:10 ubuntu-server kernel: usb 1-6: New USB device found, idVendor=0b05, idProduct=1939, bcdDevice= 1.00
May 07 22:40:10 ubuntu-server kernel: usb 1-6: New USB device strings: Mfr=1, Product=2, SerialNumber=3
May 07 22:40:10 ubuntu-server kernel: usb 1-6: Product: AURA LED Controller
May 07 22:40:10 ubuntu-server kernel: usb 1-6: Manufacturer: AsusTek Computer Inc.
May 07 22:40:10 ubuntu-server kernel: usb 1-6: SerialNumber: 9876543210
May 07 22:40:10 ubuntu-server kernel: usb 2-2: new SuperSpeed Gen 1 USB device number 3 using xhci_hcd
May 07 22:40:10 ubuntu-server kernel: usb 2-2: New USB device found, idVendor=1058, idProduct=25ed, bcdDevice=10.31
May 07 22:40:10 ubuntu-server kernel: usb 2-2: New USB device strings: Mfr=1, Product=2, SerialNumber=3
May 07 22:40:10 ubuntu-server kernel: usb 2-2: Product: My Book 25ED
May 07 22:40:10 ubuntu-server kernel: usb 2-2: Manufacturer: Western Digital
May 07 22:40:10 ubuntu-server kernel: usb 2-2: SerialNumber: 35504A56414B3546
May 07 22:40:10 ubuntu-server kernel: usb-storage 2-2:1.0: USB Mass Storage device detected
May 07 22:40:10 ubuntu-server kernel: scsi host8: usb-storage 2-2:1.0
May 07 22:40:10 ubuntu-server kernel: ata3: SATA link up 6.0 Gbps (SStatus 133 SControl 300)
May 07 22:40:10 ubuntu-server kernel: ata3.00: ATA-9: SanDisk SSD PLUS 120GB, UE5100RL, max UDMA/133
May 07 22:40:10 ubuntu-server kernel: ata3.00: 234455040 sectors, multi 1: LBA48 NCQ (depth 32)
May 07 22:40:10 ubuntu-server kernel: ata3.00: configured for UDMA/133
May 07 22:40:10 ubuntu-server kernel: scsi 2:0:0:0: Direct-Access     ATA      SanDisk SSD PLUS 00RL PQ: 0 ANSI: 5
May 07 22:40:10 ubuntu-server kernel: sd 2:0:0:0: Attached scsi generic sg1 type 0
May 07 22:40:10 ubuntu-server kernel: sd 2:0:0:0: [sdb] 234455040 512-byte logical blocks: (120 GB/112 GiB)
May 07 22:40:10 ubuntu-server kernel: sd 2:0:0:0: [sdb] Write Protect is off
May 07 22:40:10 ubuntu-server kernel: sd 2:0:0:0: [sdb] Mode Sense: 00 3a 00 00
May 07 22:40:10 ubuntu-server kernel: sd 2:0:0:0: [sdb] Write cache: enabled, read cache: enabled, doesn't support DPO or FUA
May 07 22:40:10 ubuntu-server kernel:  sdb: sdb1 sdb2 sdb3
May 07 22:40:10 ubuntu-server kernel: sd 2:0:0:0: [sdb] Attached SCSI disk
May 07 22:40:10 ubuntu-server kernel: usb 1-7: new high-speed USB device number 4 using xhci_hcd
May 07 22:40:10 ubuntu-server kernel: usb 1-7: New USB device found, idVendor=05e3, idProduct=0610, bcdDevice=60.60
May 07 22:40:10 ubuntu-server kernel: usb 1-7: New USB device strings: Mfr=0, Product=1, SerialNumber=0
May 07 22:40:10 ubuntu-server kernel: usb 1-7: Product: USB2.0 Hub
May 07 22:40:10 ubuntu-server kernel: hub 1-7:1.0: USB hub found
May 07 22:40:10 ubuntu-server kernel: hub 1-7:1.0: 4 ports detected
May 07 22:40:10 ubuntu-server kernel: ata4: SATA link down (SStatus 0 SControl 300)
May 07 22:40:10 ubuntu-server kernel: usb 1-10: new high-speed USB device number 5 using xhci_hcd
May 07 22:40:10 ubuntu-server kernel: scsi 6:0:0:0: Direct-Access     USB      Flash Disk       1100 PQ: 0 ANSI: 6
May 07 22:40:10 ubuntu-server kernel: sd 6:0:0:0: Attached scsi generic sg2 type 0
May 07 22:40:10 ubuntu-server kernel: sd 6:0:0:0: [sdc] 62914560 512-byte logical blocks: (32.2 GB/30.0 GiB)
May 07 22:40:10 ubuntu-server kernel: sd 6:0:0:0: [sdc] Write Protect is off
May 07 22:40:10 ubuntu-server kernel: sd 6:0:0:0: [sdc] Mode Sense: 43 00 00 00
May 07 22:40:10 ubuntu-server kernel: sd 6:0:0:0: [sdc] Write cache: enabled, read cache: enabled, doesn't support DPO or FUA
May 07 22:40:10 ubuntu-server kernel: scsi 7:0:0:0: Direct-Access     WD       My Book 25ED     1031 PQ: 0 ANSI: 6
May 07 22:40:10 ubuntu-server kernel: scsi 7:0:0:1: Enclosure         WD       SES Device       1031 PQ: 0 ANSI: 6
May 07 22:40:10 ubuntu-server kernel: sd 7:0:0:0: Attached scsi generic sg3 type 0
